[trap] num=-28 (0xffffffffffffffe4) pc=0x140001654 args=[0x27ff9b8,0x8,0x1400e0090,0x27ff45f,0x27ff5a8,0x1400647cc,0x0,0x0]
[trap] num=-26 (0xffffffffffffffe6) pc=0x14000163c args=[0x203,0x8,0x1400e0090,0x27ff45f,0x27ff5a8,0x1400647cc,0x0,0x0]
[trap] num=372 (0x174) pc=0x140004b14 args=[0x0,0x8,0x1400e0090,0x27ff45f,0x27ff5a8,0x1400647cc,0x0,0x0]
[trap] num=2147483648 (0x80000000) pc=0x14008194c args=[0x1400b9ee0,0x8,0x1400e0090,0x2,0x27ff5a8,0x1400647cc,0x0,0x0]
[retrace warn] dyld __mac_syscall(Sandbox) synthesized as success/unsandboxed (not forwarded; host would fault)
[trap] num=38 (0x26) pc=0x1400815a0 args=[0x0,0x0,0x0,0x27ff658,0x0,0x1400647cc,0x0,0x0]
[trap] num=-14 (0xfffffffffffffff2) pc=0x1400015b8 args=[0x203,0x1400bc000,0x200f0,0x0,0x3,0x1400647cc,0x0,0x0]
[trap] num=483 (0x1e3) pc=0x140004e08 args=[0x0,0x27ff61c,0x4,0x0,0x3,0x1400647cc,0x0,0x0]
[trap] num=38 (0x26) pc=0x1400815a0 args=[0x0,0x0,0x0,0x27ff5d8,0x0,0x1400647cc,0x0,0x0]
[trap] num=-14 (0xfffffffffffffff2) pc=0x1400015b8 args=[0x203,0x1400bc000,0x200f0,0x0,0x1,0x1400bc0f0,0x20000,0x0]
[trap] num=-14 (0xfffffffffffffff2) pc=0x1400015b8 args=[0x203,0x1400bc000,0x200f0,0x0,0x3,0x1400bc0f0,0x20000,0x0]
[trap] num=-14 (0xfffffffffffffff2) pc=0x1400015b8 args=[0x203,0x1400bc000,0x200f0,0x0,0x1,0x3d,0x20000,0xec0]
[trap] num=294 (0x126) pc=0x1400062f8 args=[0x27ff980,0x27ff980,0x27ff970,0x27ff980,0x27ffa00,0x3d,0x20000,0xec0]
[trap] num=-14 (0xfffffffffffffff2) pc=0x1400015b8 args=[0x203,0x1400bc000,0x200f0,0x0,0x3,0x3d,0x20000,0xec0]
[trap] num=-15 (0xfffffffffffffff1) pc=0x1400015c4 args=[0x203,0x27fee00,0x20000,0x3fff,0x3c000001,0x3,0x0,0x0]
[trap] num=20 (0x14) pc=0x140004f48 args=[0x0,0x3,0x74380663dfc,0x2,0x1,0x27ff550,0x65,0x0]
[trap] num=-12 (0xfffffffffffffff4) pc=0x1400015a0 args=[0x203,0x1003c0000,0x20000,0x0,0x0,0x0,0x0,0x0]
[trap] num=-14 (0xfffffffffffffff2) pc=0x1400015b8 args=[0x203,0x1400bc000,0x200f0,0x0,0x1,0x0,0x0,0x0]
[trap] num=38 (0x26) pc=0x1400815a0 args=[0x0,0x0,0x0,0x27ff768,0x1,0x0,0x0,0x0]
[trap] num=483 (0x1e3) pc=0x140004e08 args=[0x0,0x27ff77c,0x4,0x27ff7e8,0x1,0x0,0x0,0x0]
[trap] num=-14 (0xfffffffffffffff2) pc=0x1400015b8 args=[0x203,0x1400bc000,0x200f0,0x0,0x3,0x0,0x0,0x0]
[trap] num=-15 (0xfffffffffffffff1) pc=0x1400015c4 args=[0x203,0x27fee00,0x20000,0x3fff,0x3c000001,0x3,0x0,0x0]
[trap] num=-12 (0xfffffffffffffff4) pc=0x1400015a0 args=[0x203,0x1003c0000,0x20000,0x0,0x0,0x0,0x0,0x0]
[trap] num=-14 (0xfffffffffffffff2) pc=0x1400015b8 args=[0x203,0x1400bc000,0x200f0,0x0,0x1,0x0,0x0,0x0]
[trap] num=336 (0x150) pc=0x14000600c args=[0xf,0x10c8e,0x0,0x0,0x1ec6f7f80,0x170,0x0,0x0]
[trap] num=-28 (0xffffffffffffffe4) pc=0x180115654 args=[0x1,0x0,0x0,0x0,0x0,0x0,0x0,0x0]
[trap] num=-26 (0xffffffffffffffe6) pc=0x18011563c args=[0x203,0x0,0x0,0x0,0x0,0x0,0x0,0x0]
[trap] num=372 (0x174) pc=0x180118b14 args=[0x0,0x0,0x0,0x0,0x0,0x0,0x0,0x0]
[trap] num=2147483648 (0x80000000) pc=0x18019594c args=[0x1ec6f9e60,0x0,0x0,0x2,0x0,0x0,0x0,0x0]
[retrace warn] dyld __mac_syscall(Sandbox) synthesized as success/unsandboxed (not forwarded; host would fault)
[trap] num=38 (0x26) pc=0x1801955a0 args=[0x0,0x0,0x0,0x27ff658,0x0,0x0,0x0,0x0]
[trap] num=-14 (0xfffffffffffffff2) pc=0x1801155b8 args=[0x203,0x1ec444000,0x24000,0x0,0x13,0x0,0x0,0x0]
[trap] num=483 (0x1e3) pc=0x180118e08 args=[0x0,0x27ff61c,0x4,0x0,0x13,0x0,0x0,0x0]
[trap] num=38 (0x26) pc=0x1801955a0 args=[0x0,0x0,0x0,0x27ff5d8,0x0,0x0,0x0,0x0]
[trap] num=-14 (0xfffffffffffffff2) pc=0x1801155b8 args=[0x203,0x1ec444000,0x24000,0x0,0x1,0x1ec444140,0x20000,0x0]
[trap] num=-14 (0xfffffffffffffff2) pc=0x1801155b8 args=[0x203,0x1ec444000,0x24000,0x0,0x13,0x1ec444140,0x20000,0x0]
[trap] num=-14 (0xfffffffffffffff2) pc=0x1801155b8 args=[0x203,0x1ec444000,0x24000,0x0,0x1,0x3d,0x20000,0xec0]
[trap] num=294 (0x126) pc=0x18011a2f8 args=[0x27ff980,0x27ff980,0x27ff970,0x27ff980,0x27ffa00,0x3d,0x20000,0xec0]
[trap] num=-19 (0xffffffffffffffed) pc=0x1801155e8 args=[0x203,0x203,0x0,0xffffffff,0x27ffa00,0x3d,0x20000,0xec0]
[trap] num=-14 (0xfffffffffffffff2) pc=0x1801155b8 args=[0x203,0x1ec444000,0x24000,0x0,0x3,0x3d,0x20000,0xec0]
[trap] num=-15 (0xfffffffffffffff1) pc=0x1801155c4 args=[0x203,0x27fee00,0x20000,0x3fff,0x3c000001,0x3,0x0,0x0]
[trap] num=20 (0x14) pc=0x180118f48 args=[0x0,0x3,0x7438067a5fc,0x2,0x1,0x27ff550,0x65,0x0]
[trap] num=-12 (0xfffffffffffffff4) pc=0x1801155a0 args=[0x203,0x1003c0000,0x20000,0x0,0x0,0x0,0x0,0x0]
[trap] num=-14 (0xfffffffffffffff2) pc=0x1801155b8 args=[0x203,0x1ec444000,0x24000,0x0,0x1,0x0,0x0,0x0]
[trap] num=73 (0x49) pc=0x18011823c args=[0x140000000,0xa8000,0x27ff6df,0x2,0x8,0x0,0x0,0x0]
[trap] num=73 (0x49) pc=0x18011823c args=[0x1400a8000,0x4000,0x27ff6df,0x2,0x8,0x0,0x0,0x0]
[trap] num=73 (0x49) pc=0x18011823c args=[0x1400ac000,0x8000,0x27ff6df,0x2,0x8,0x0,0x0,0x0]
[trap] num=73 (0x49) pc=0x18011823c args=[0x1400b4000,0x4000,0x27ff6df,0x2,0x8,0x0,0x0,0x0]
[trap] num=73 (0x49) pc=0x18011823c args=[0x1400bc000,0x24000,0x27ff6df,0x2,0x8,0x0,0x0,0x0]
[trap] num=73 (0x49) pc=0x18011823c args=[0x1400e0000,0x60000,0x27ff6df,0x2,0x8,0x0,0x0,0x0]
[trap] num=-14 (0xfffffffffffffff2) pc=0x1801155b8 args=[0x203,0x1ec444000,0x24000,0x0,0x3,0x0,0x0,0x0]
[trap] num=38 (0x26) pc=0x1801955a0 args=[0x0,0x0,0x0,0x27ff298,0x1,0x0,0x0,0x0]
[trap] num=5 (0x5) pc=0x180119f50 args=[0x27ffefd,0x0,0x0,0x0,0x1,0x0,0x0,0x0]
[trap] num=92 (0x5c) pc=0x1801180d8 args=[0x3,0x32,0x27fee98,0x0,0x1,0x0,0x0,0x0]
[trap] num=6 (0x6) pc=0x180116750 args=[0x3,0x32,0x27fee98,0x0,0x1,0x0,0x0,0x0]
[trap] num=483 (0x1e3) pc=0x180118e08 args=[0x0,0x27ff2ac,0x4,0xfffffffffffffff0,0x67,0x4d,0x0,0x120]
[trap] num=381 (0x17d) pc=0x180119ecc args=[0x1801b7eb4,0x2,0x27ff1d0,0xa,0x73,0x69,0x0,0x120]
[m47] num=381 args=[0x1801b7eb4,0x2,0x27ff1d0] policy="Sandbox" op="syscall-unix" ret=0xe err=true writes=0
[trap] num=483 (0x1e3) pc=0x180118e08 args=[0x0,0x27ff2bc,0x4,0xfffffffffffffff0,0x67,0x41,0x0,0xf20]
[trap] num=202 (0xca) pc=0x18011a37c args=[0x27ff270,0x2,0x27ff238,0x27ff230,0x1801ab70b,0x20,0x0,0xf20]
[trap] num=202 (0xca) pc=0x18011a37c args=[0x27ff238,0x3,0x27ff2cc,0x27ff2c0,0x0,0x0,0x0,0xf20]
[trap] num=381 (0x17d) pc=0x180119ecc args=[0x1801b4bf1,0x5a,0x27ff250,0x2,0x8,0x72,0x0,0xf20]
[m47] amfi policy_resident="AMFI\0"
[probe] AMFI dyld policy in=0x0 r=0 out=0x1df out_ptr=0x27ff248
[trap] num=202 (0xca) pc=0x18011a37c args=[0x27fe4c0,0x2,0x27fe488,0x27fe480,0x1801b698e,0xd,0x1ec444f10,0xf20]
[trap] num=202 (0xca) pc=0x18011a37c args=[0x27fe488,0x2,0x27fe538,0x27fe530,0x0,0x0,0x1ec444f10,0xf20]
[trap] num=5 (0x5) pc=0x180119f50 args=[0x1801aaaf1,0x20100000,0x0,0xfffffffffffffff0,0x0,0x72,0x0,0x80]
[trap] num=463 (0x1cf) pc=0x180119f7c args=[0x3,0x1801b4c4b,0x100000,0x0,0x0,0x72,0x0,0x80]
[trap] num=41 (0x29) pc=0x18011a484 args=[0x4,0x1801b625c,0x100000,0x0,0x0,0x72,0x0,0x80]
[trap] num=470 (0x1d6) pc=0x18011a5e4 args=[0x4,0x27fe011,0x27fdf80,0x0,0x27fe080,0x72,0x0,0x80]
[trap] num=463 (0x1cf) pc=0x180119f7c args=[0x4,0x27fe011,0x100000,0x0,0x27fe080,0x72,0x0,0x80]
[trap] num=92 (0x5c) pc=0x1801180d8 args=[0x6,0x32,0x27fe010,0x0,0x27fe080,0x72,0x0,0x80]
[trap] num=41 (0x29) pc=0x18011a484 args=[0x6,0x1801b6e25,0x27feea0,0x0,0x27fe080,0x72,0x0,0x80]
[trap] num=41 (0x29) pc=0x18011a484 args=[0x5,0x1801b6e25,0x27feea0,0x0,0x27fe080,0x72,0x0,0x80]
[trap] num=6 (0x6) pc=0x180116750 args=[0x3,0x1801b6cb4,0x27feea0,0x0,0x27fe080,0x72,0x0,0x80]
[trap] num=6 (0x6) pc=0x180116750 args=[0x5,0x1801b6cf2,0x27feea0,0x0,0x27fe080,0x72,0x0,0x80]
[trap] num=6 (0x6) pc=0x180116750 args=[0x4,0x1801b6d1f,0x27feea0,0x0,0x27fe080,0x72,0x0,0x80]
[trap] num=6 (0x6) pc=0x180116750 args=[0x6,0x1801b6d4a,0x27feea0,0x0,0x27fe080,0x72,0x0,0x80]
[trap] num=381 (0x17d) pc=0x180119ecc args=[0x1801b7eb4,0x2,0x27fed20,0xa,0x73,0x69,0x0,0x80]
[m47] num=381 args=[0x1801b7eb4,0x2,0x27fed20] policy="Sandbox" op="syscall-unix" ret=0xe err=true writes=0
[trap] num=294 (0x126) pc=0x18011a2f8 args=[0x27fed68,0x27fee38,0x27fee38,0x27fee64,0x73,0x69,0x0,0x80]
[trap] num=-14 (0xfffffffffffffff2) pc=0x1801155b8 args=[0x203,0x1ec444000,0x24000,0x0,0x3,0x0,0x0,0x5c0]
[trap] num=427 (0x1ab) pc=0x18011a5b8 args=[0x27feed0,0x400,0x27fee54,0x748e8,0x3,0x0,0x0,0x5c0]
[trap] num=92 (0x5c) pc=0x1801180d8 args=[0x8,0x32,0x27feed0,0x1ec445272,0xfffffffe163b9c70,0x20,0x0,0x5c0]
[trap] num=6 (0x6) pc=0x180116750 args=[0x8,0x1801b6a74,0x4,0x180115e30,0x1,0x20,0x0,0x5c0]
[trap] num=6 (0x6) pc=0x180116750 args=[0x7,0x1801b6a98,0x4,0x180115e30,0x1,0x20,0x0,0x5c0]
[trap] num=338 (0x152) pc=0x180116c48 args=[0x1ec445210,0x27fe9f0,0x1ec445210,0x27feae8,0x27feb10,0x27feaf0,0x0,0x27feb18]
[trap] num=5 (0x5) pc=0x180119f50 args=[0x1ec445210,0x0,0x0,0x27feae8,0x27feb10,0x27feaf0,0x0,0x27feb18]
[trap] num=197 (0xc5) pc=0x180119190 args=[0x0,0x388830,0x1,0x40002,0x3,0x0,0x0,0x27feb18]
[trap] num=92 (0x5c) pc=0x1801180d8 args=[0x3,0x32,0x27feb18,0x40002,0x3,0x0,0x0,0x27feb18]
[trap] num=73 (0x49) pc=0x18011823c args=[0xa00000000,0x388830,0x388830,0x0,0x27feaf0,0x27feb18,0x3,0x27feb18]
[trap] num=6 (0x6) pc=0x180116750 args=[0x3,0x388830,0x388830,0x0,0x27feaf0,0x27feb18,0x3,0x27feb18]
[trap] num=338 (0x152) pc=0x180116c48 args=[0x1ec445210,0x27fef70,0x27ff030,0x0,0x27feaf0,0x27feb18,0x3,0x27feb18]
[trap] num=338 (0x152) pc=0x180116c48 args=[0x1000006b8,0x27fde70,0x27fdf70,0x27fdf58,0x1000006c2,0x1801ac864,0x73,0x900]
[M28 BANDSHRINK] syscall 338 band past ipa 0x1000006b8 len 65536 shrunk 64 -> 0 by an overlapping window of the same call
[trap] num=-10 (0xfffffffffffffff6) pc=0x180115588 args=[0x203,0x27fde30,0x4000,0x3c000001,0x1000006c2,0x1801ac864,0x73,0x900]
[trap] num=338 (0x152) pc=0x180116c48 args=[0x27fe460,0x27fddf0,0x27fdef0,0x27fded8,0x27fe48e,0x1801ac864,0x0,0x7c0]
[trap] num=-12 (0xfffffffffffffff4) pc=0x1801155a0 args=[0x203,0xa0038c000,0x4000,0x1a0500,0x0,0x0,0x0,0x140]
[trap] num=338 (0x152) pc=0x180116c48 args=[0x100000720,0x27fde70,0x27fdf70,0x27fdf58,0x75,0x41,0x27fe6b8,0x7c0]
[trap] num=-10 (0xfffffffffffffff6) pc=0x180115588 args=[0x203,0x27fde30,0x4000,0x3c000001,0x75,0x41,0x27fe6b8,0x7c0]
[trap] num=338 (0x152) pc=0x180116c48 args=[0x27fe490,0x27fde20,0x27fdf20,0x27fdf08,0x27fe4a4,0x1ec4452e4,0x0,0x7c0]
[trap] num=-12 (0xfffffffffffffff4) pc=0x1801155a0 args=[0x203,0xa00390000,0x4000,0x1a0500,0x0,0x0,0x0,0xbc0]
[trap] num=338 (0x152) pc=0x180116c48 args=[0x100000750,0x27fde70,0x27fdf70,0x27fdf58,0x75,0x41,0x27fe6b8,0x7c0]
[trap] num=-10 (0xfffffffffffffff6) pc=0x180115588 args=[0x203,0x27fde30,0x4000,0x3c000001,0x75,0x41,0x27fe6b8,0x7c0]
[trap] num=338 (0x152) pc=0x180116c48 args=[0x27fe490,0x27fde20,0x27fdf20,0x27fdf08,0x27fe4a4,0x1ec4452e4,0x0,0x7c0]
[trap] num=-12 (0xfffffffffffffff4) pc=0x1801155a0 args=[0x203,0xa00394000,0x4000,0x1a0500,0x0,0x0,0x0,0xbc0]
[trap] num=338 (0x152) pc=0x180116c48 args=[0x100000788,0x27fde70,0x27fdf70,0x27fdf58,0x100000792,0x1801ac864,0x27fe6b8,0x900]
[M28 BANDSHRINK] syscall 338 band past ipa 0x100000788 len 65536 shrunk 64 -> 0 by an overlapping window of the same call
[trap] num=-10 (0xfffffffffffffff6) pc=0x180115588 args=[0x203,0x27fde30,0x4000,0x3c000001,0x100000792,0x1801ac864,0x27fe6b8,0x900]
[trap] num=338 (0x152) pc=0x180116c48 args=[0x27fe490,0x27fde20,0x27fdf20,0x27fdf08,0x27fe4be,0x1801ac864,0x0,0x7c0]
[trap] num=-12 (0xfffffffffffffff4) pc=0x1801155a0 args=[0x203,0xa00398000,0x4000,0x1a0500,0x0,0x0,0x0,0xbc0]
[trap] num=338 (0x152) pc=0x180116c48 args=[0x1000007c0,0x27fde70,0x27fdf70,0x27fdf58,0x1000007ca,0x1801ac864,0x6e,0x7c0]
[M28 BANDSHRINK] syscall 338 band past ipa 0x1000007c0 len 65536 shrunk 64 -> 0 by an overlapping window of the same call
[trap] num=-10 (0xfffffffffffffff6) pc=0x180115588 args=[0x203,0x27fde30,0x4000,0x3c000001,0x1000007ca,0x1801ac864,0x6e,0x7c0]
[trap] num=338 (0x152) pc=0x180116c48 args=[0x27fe460,0x27fddf0,0x27fdef0,0x27fded8,0x27fe48e,0x1801ac864,0x0,0x7c0]
[trap] num=-12 (0xfffffffffffffff4) pc=0x1801155a0 args=[0x203,0xa0039c000,0x4000,0x1a0500,0x0,0x0,0x0,0xbc0]
[trap] num=5 (0x5) pc=0x180119f50 args=[0x1ec447838,0x0,0x0,0x0,0x0,0x27fcb98,0x1,0x27fcaf8]
[trap] num=381 (0x17d) pc=0x180119ecc args=[0x1801b7eb4,0x2,0x27fbdf0,0xa,0x73,0x69,0x1,0x27fcaf8]
[m47] num=381 args=[0x1801b7eb4,0x2,0x27fbdf0] policy="Sandbox" op="syscall-unix" ret=0xe err=true writes=0
[trap] num=550 (0x226) pc=0x180119ef8 args=[0x27fb500,0x2,0x27fb550,0x858,0x1778,0x18,0x0,0x27fcb98]
[trap] num=6 (0x6) pc=0x180116750 args=[0x3,0x3,0x27fb5a2,0x3,0x1,0x18,0x0,0x27fcb98]
[trap] num=74 (0x4a) pc=0x180119f24 args=[0x1002ec000,0x10000,0x1,0x1,0x8,0x18,0x0,0x27fcb98]
[trap] num=-14 (0xfffffffffffffff2) pc=0x1801155b8 args=[0x203,0x1e5908000,0x2324000,0x0,0x13,0x13,0x4,0x4000]
[trap] num=-14 (0xfffffffffffffff2) pc=0x1801155b8 args=[0x203,0x1edc84000,0x7b90000,0x0,0x13,0x13,0x5,0x6380000]
[trap] num=-14 (0xfffffffffffffff2) pc=0x1801155b8 args=[0x203,0x28f64c000,0x2c2c000,0x0,0x13,0x13,0x4,0x4000]
[trap] num=-14 (0xfffffffffffffff2) pc=0x1801155b8 args=[0x203,0x29a1cc000,0x5678000,0x0,0x13,0x13,0x5,0x8b84000]
[trap] num=-14 (0xfffffffffffffff2) pc=0x1801155b8 args=[0x203,0x2d0bac000,0x2a4000,0x0,0x13,0x13,0x4,0x4000]
[trap] num=-14 (0xfffffffffffffff2) pc=0x1801155b8 args=[0x203,0x2d361c000,0xac8000,0x0,0x13,0x13,0x5,0xa74000]
[trap] num=-14 (0xfffffffffffffff2) pc=0x1801155b8 args=[0x203,0x1e5908000,0x2324000,0x0,0x1,0x1,0x4,0x4000]
[trap] num=-14 (0xfffffffffffffff2) pc=0x1801155b8 args=[0x203,0x1edc84000,0x7b90000,0x0,0x1,0x1,0x5,0x6380000]
[trap] num=-14 (0xfffffffffffffff2) pc=0x1801155b8 args=[0x203,0x28f64c000,0x2c2c000,0x0,0x1,0x1,0x4,0x4000]
[trap] num=-14 (0xfffffffffffffff2) pc=0x1801155b8 args=[0x203,0x29a1cc000,0x5678000,0x0,0x1,0x1,0x5,0x8b84000]
[trap] num=-14 (0xfffffffffffffff2) pc=0x1801155b8 args=[0x203,0x2d0bac000,0x2a4000,0x0,0x1,0x1,0x4,0x4000]
[trap] num=-14 (0xfffffffffffffff2) pc=0x1801155b8 args=[0x203,0x2d361c000,0xac8000,0x0,0x1,0x1,0x5,0xa74000]
[trap] num=-15 (0xfffffffffffffff1) pc=0x1801155c4 args=[0x203,0x27f7f30,0x20000,0x3fff,0x3c000001,0x3,0x0,0x0]
[trap] num=347 (0x15b) pc=0x18011a6ec args=[0x0,0x0,0x2,0x2,0x1,0x27f7ac0,0xa0,0x0]
[trap] num=-15 (0xfffffffffffffff1) pc=0x1801155c4 args=[0x203,0x27f7550,0x20000,0x3fff,0x3c000001,0x3,0x0,0x0]
[trap] num=347 (0x15b) pc=0x18011a6ec args=[0x1003e0060,0xb1d8,0x2,0x2,0x1,0x1003e0000,0x20000,0x0]
[M28 BANDSHRINK] syscall 347 band past ipa 0x1003e0000 len 65536 shrunk 64 -> 0 by an overlapping window of the same call
[trap] num=220 (0xdc) pc=0x180116e90 args=[0x1003e00b8,0x27f7a38,0x27f7b80,0x40,0x0,0x0,0x20000,0x0]
[trap] num=-12 (0xfffffffffffffff4) pc=0x1801155a0 args=[0x203,0x1003e0000,0x20000,0x87,0x2,0x1000038,0xffffffffffffffff,0x0]
[trap] num=-12 (0xfffffffffffffff4) pc=0x1801155a0 args=[0x203,0x1003c0000,0x20000,0x0,0x0,0x0,0x0,0x0]
[trap] num=5 (0x5) pc=0x180119f50 args=[0x1801ab41a,0x2,0x0,0xa,0x0,0x0,0x0,0x0]
[trap] num=54 (0x36) pc=0x180116724 args=[0x3,0x80086804,0x27f4c08,0xa,0x0,0x0,0x0,0x0]
[trap] num=6 (0x6) pc=0x180116750 args=[0x3,0xffffffffffffffff,0x27f4c08,0xa,0x0,0x0,0x0,0x0]
[trap] num=294 (0x126) pc=0x18011a2f8 args=[0xffffffffffffffff,0x1f070030,0x0,0x0,0x0,0x0,0x0,0x0]
[trap] num=-14 (0xfffffffffffffff2) pc=0x1801155b8 args=[0x203,0x1ec444000,0x24000,0x0,0x1,0x0,0x0,0x0]
[trap] num=-28 (0xffffffffffffffe4) pc=0x1804adb5c args=[0x0,0x1804e2db8,0x27ffe48,0x1ec445388,0x1ec445388,0x0,0x0,0x0]
[trap] num=-26 (0xffffffffffffffe6) pc=0x1804adb44 args=[0x203,0x1804e2db8,0x27ffe48,0x1ec445388,0x1ec445388,0x0,0x0,0x0]
[trap] num=33 (0x21) pc=0x1804ae668 args=[0x1804e2dda,0x0,0x27ffe48,0x1ec445388,0x1ec445388,0x0,0x0,0x0]
[trap] num=-15 (0xfffffffffffffff1) pc=0x1804adacc args=[0x203,0x27fb6d8,0x8000,0x0,0x49000001,0x3,0x0,0x0]
[trap] num=-29 (0xffffffffffffffe3) pc=0x1804adb68 args=[0x1eec6fd98,0x27ffe40,0x27ffe48,0x1ec445388,0x49000001,0x3,0x0,0x0]
[trap] num=-24 (0xffffffffffffffe8) pc=0x1804adb2c args=[0x203,0x27fb580,0x0,0x27fb59c,0x49000001,0x3,0x0,0x0]
[trap] num=-47 (0xffffffffffffffd1) pc=0x1804adc34 args=[0x27fb5c0,0x200000003,0x2800001513,0x150300000c03,0xc800000000,0x150300000000,0x140,0x0]
[mach_msg2] msgh_id=200 dest=0xc03 reply=0x1503 options=0x200000003 bits=0x1513 send_size=40 rcv_size=320
  send+000: 13 15 00 00 28 00 00 00 03 0c 00 00 03 15 00 00
  send+010: 00 00 00 00 c8 00 00 00 00 00 00 00 01 00 00 00
  send+020: 05 00 00 00 08 00 00 00
[retrace] forwarding mach_msg2 host_info (msgh_id 200) to host (decided allowlist)
[mach_msg2] host ret=0x0 err=false
  reply@0x27fb5c0+000: 00 12 00 00 48 00 00 00 00 00 00 00 03 15 00 00
  reply@0x27fb5c0+010: 00 00 00 00 2c 01 00 00 00 00 00 00 01 00 00 00
  reply@0x27fb5c0+020: 00 00 00 00 08 00 00 00 50 00 00 00 50 00 00 00
  reply@0x27fb5c0+030: 40 00 00 00 1f 00 00 00 00 00 00 00 00 00 00 00
  reply@0x27fb5c0+040: 00 00 00 00 4f 00 00 00 00 00 00 00 08 00 00 00
  reply@0x27fb5c0+050: 00 00 00 00 00 00 00 00 00 00 00 00 00 00 00 00
  reply@0x27fb5c0+060: 00 00 00 00 00 00 00 00 00 00 00 00 00 00 00 00
  reply@0x27fb5c0+070: 00 00 00 00 00 00 00 00 00 00 00 00 00 00 00 00
  reply@0x27fb5c0+080: 00 00 00 00 00 00 00 00 00 00 00 00 00 00 00 00
  reply@0x27fb5c0+090: 00 00 00 00 00 00 00 00 00 00 00 00 00 00 00 00
  reply@0x27fb5c0+0a0: 00 00 00 00 00 00 00 00 00 00 00 00 00 00 00 00
  reply@0x27fb5c0+0b0: 00 00 00 00 00 00 00 00 00 00 00 00 00 00 00 00
  reply@0x27fb5c0+0c0: 00 00 00 00 00 00 00 00 00 00 00 00 00 00 00 00
  reply@0x27fb5c0+0d0: 00 00 00 00 00 00 00 00 00 00 00 00 00 00 00 00
  reply@0x27fb5c0+0e0: 00 00 00 00 00 00 00 00 00 00 00 00 00 00 00 00
  reply@0x27fb5c0+0f0: 00 00 00 00 00 00 00 00 00 00 00 00 00 00 00 00
[trap] num=-18 (0xffffffffffffffee) pc=0x1804adae4 args=[0x203,0xc03,0x0,0x27fb7b0,0xc800000000,0x150300000000,0x4f00000000,0x0]
[trap] num=202 (0xca) pc=0x1804af460 args=[0x27fb7b8,0x2,0x27fb788,0x27fb750,0x0,0x0,0x4f00000000,0x0]
[trap] num=-27 (0xffffffffffffffe5) pc=0x1804adb50 args=[0x2ff20,0x0,0x0,0x1804f8a01,0x0,0x0,0x4f00000000,0x0]
[trap] num=-24 (0xffffffffffffffe8) pc=0x1804adb2c args=[0x203,0x27fb700,0x0,0x27fb71c,0x0,0x0,0x4f00000000,0x0]
[trap] num=366 (0x16e) pc=0x1804b3d2c args=[0x1804ecc14,0x1804ecc08,0x4000,0x27fb750,0x38,0xa0,0x4f00000000,0x0]
[trap] num=-29 (0xffffffffffffffe3) pc=0x1804adb68 args=[0x10030,0x103,0x1804f8cd8,0x103,0x38,0xa0,0x4f00000000,0x0]
[trap] num=-47 (0xffffffffffffffd1) pc=0x1804adc34 args=[0x27fb790,0x200000003,0x2400001513,0x160300000c03,0xce00000000,0x160300000000,0x30,0x0]
[mach_msg2] msgh_id=206 dest=0xc03 reply=0x1603 options=0x200000003 bits=0x1513 send_size=36 rcv_size=48
  send+000: 13 15 00 00 24 00 00 00 03 0c 00 00 03 16 00 00
  send+010: 00 00 00 00 ce 00 00 00 00 00 00 00 01 00 00 00
  send+020: 00 00 00 00
[retrace] forwarding mach_msg2 host_get_clock_service (msgh_id 206) to host (decided allowlist)
[mach_msg2] host ret=0x0 err=false
  reply@0x27fb790+000: 00 12 00 80 28 00 00 00 00 00 00 00 03 16 00 00
  reply@0x27fb790+010: 00 00 00 00 32 01 00 00 01 00 00 00 03 09 00 00
  reply@0x27fb790+020: 00 00 00 00 00 00 11 00 00 00 00 00 08 00 00 00
  reply@0x27fb790+030: b8 fd c6 ee 01 00 00 00 03 0c 00 00 00 00 00 00
  reply@0x27fb790+040: f0 b7 7f 02 00 00 00 00 14 e8 39 80 01 00 00 00
  reply@0x27fb790+050: b8 fd c6 ee 01 00 00 00 48 fe 7f 02 00 00 00 00
  reply@0x27fb790+060: 10 b8 7f 02 00 00 00 00 a0 e6 39 80 01 00 00 00
  reply@0x27fb790+070: 88 53 44 ec 01 00 00 00 48 fe 7f 02 00 00 00 00
  reply@0x27fb790+080: 80 b8 7f 02 00 00 00 00 04 13 34 90 01 00 00 00
  reply@0x27fb790+090: 48 02 34 90 01 00 00 00 a0 00 00 00 00 00 00 00
  reply@0x27fb790+0a0: 06 00 00 00 00 00 00 00 18 01 34 90 01 00 00 00
  reply@0x27fb790+0b0: c0 1b 34 90 01 00 00 00 10 53 44 ec 01 00 00 00
  reply@0x27fb790+0c0: 5c 12 34 90 01 00 00 00 a0 b8 7f 02 00 00 00 00
  reply@0x27fb790+0d0: c0 1b 34 90 01 00 00 00 10 53 44 ec 01 00 00 00
  reply@0x27fb790+0e0: 5c 12 34 90 01 00 00 00 a8 bd 7f 02 00 00 00 00
  reply@0x27fb790+0f0: 30 b9 7f 02 00 00 00 00 30 0e 16 80 01 00 00 00
[trap] num=-47 (0xffffffffffffffd1) pc=0x1804adc34 args=[0x27fb790,0x200000003,0x2800001513,0x160300000203,0xd5a00000000,0x160300000000,0x30,0x0]
[mach_msg2] msgh_id=3418 dest=0x203 reply=0x1603 options=0x200000003 bits=0x1513 send_size=40 rcv_size=48
  send+000: 13 15 00 00 28 00 00 00 03 02 00 00 03 16 00 00
  send+010: 00 00 00 00 5a 0d 00 00 00 00 00 00 01 00 00 00
  send+020: 00 00 00 00 00 00 00 00
[retrace] forwarding mach_msg2 semaphore_create (msgh_id 3418) to host (decided allowlist)
[mach_msg2] host ret=0x0 err=false
  reply@0x27fb790+000: 00 12 00 80 28 00 00 00 00 00 00 00 03 16 00 00
  reply@0x27fb790+010: 00 00 00 00 be 0d 00 00 01 00 00 00 03 19 00 00
  reply@0x27fb790+020: 00 00 00 00 00 00 11 00 00 00 00 00 08 00 00 00
  reply@0x27fb790+030: d8 5d 70 ec 01 00 00 00 03 0c 00 00 00 00 00 00
  reply@0x27fb790+040: f0 b7 7f 02 00 00 00 00 38 e8 39 80 01 00 00 00
  reply@0x27fb790+050: b8 fd c6 ee 01 00 00 00 48 fe 7f 02 00 00 00 00
  reply@0x27fb790+060: 10 b8 7f 02 00 00 00 00 a0 e6 39 80 01 00 00 00
  reply@0x27fb790+070: 88 53 44 ec 01 00 00 00 48 fe 7f 02 00 00 00 00
  reply@0x27fb790+080: 80 b8 7f 02 00 00 00 00 04 13 34 90 01 00 00 00
  reply@0x27fb790+090: 48 02 34 90 01 00 00 00 a0 00 00 00 00 00 00 00
  reply@0x27fb790+0a0: 06 00 00 00 00 00 00 00 18 01 34 90 01 00 00 00
  reply@0x27fb790+0b0: c0 1b 34 90 01 00 00 00 10 53 44 ec 01 00 00 00
  reply@0x27fb790+0c0: 5c 12 34 90 01 00 00 00 a0 b8 7f 02 00 00 00 00
  reply@0x27fb790+0d0: c0 1b 34 90 01 00 00 00 10 53 44 ec 01 00 00 00
  reply@0x27fb790+0e0: 5c 12 34 90 01 00 00 00 a8 bd 7f 02 00 00 00 00
  reply@0x27fb790+0f0: 30 b9 7f 02 00 00 00 00 30 0e 16 80 01 00 00 00
[trap] num=-18 (0xffffffffffffffee) pc=0x1804adae4 args=[0x203,0xc03,0x2800001513,0x160300000203,0xd5a00000000,0x160300000000,0x30,0x0]
[trap] num=20 (0x14) pc=0x1804ae198 args=[0x0,0x0,0xfffffffffffffff0,0x27fb670,0x27fb300,0x64,0x0,0xc80]
[trap] num=266 (0x10a) pc=0x1804af558 args=[0x18037ff36,0x0,0x18ce3a000,0x103,0x27fb300,0x64,0x0,0xc80]
[trap] num=339 (0x153) pc=0x1804bc288 args=[0x3,0x27fb100,0x18ce3a000,0x103,0x27fb300,0x64,0x0,0xc80]
[trap] num=197 (0xc5) pc=0x1804aea18 args=[0x0,0x8000,0x1,0x40001,0x3,0x0,0x0,0xc80]
[trap] num=6 (0x6) pc=0x1804ae8f0 args=[0x3,0x8000,0x1,0x40001,0x3,0x0,0x0,0xc80]
[trap] num=169 (0xa9) pc=0x1804af8dc args=[0x10c8e,0x0,0x27fb25c,0x4,0x3,0x0,0x0,0xc80]
[trap] num=500 (0x1f4) pc=0x1804ae144 args=[0x1ec6fd858,0x10,0x4,0x1804f8a0c,0x75,0x61,0x38,0x830]
[trap] num=54 (0x36) pc=0x1804b2338 args=[0x2,0x4004667a,0x27fb1cc,0x103,0x75,0x61,0x38,0x830]
[trap] num=54 (0x36) pc=0x1804b2338 args=[0x2,0x40487413,0x27fb1d0,0x103,0x75,0x61,0x38,0x830]
[trap] num=116 (0x74) pc=0x1804b1b60 args=[0x27faf40,0x0,0x0,0xfffffc088,0x67,0x6d,0x38,0x420]
[trap] num=500 (0x1f4) pc=0x1804ae144 args=[0x27fb078,0x20,0x27fb078,0x1c725a0a,0x180267bdc,0x6d,0x38,0x420]
[trap] num=116 (0x74) pc=0x1804b1b60 args=[0x27faf60,0x0,0x0,0xfffffc088,0x180267bdc,0x6d,0x38,0x420]
[trap] num=116 (0x74) pc=0x1804b1b60 args=[0x27faf80,0x0,0x0,0xfffffc088,0x1ec6fcf70,0x1ec6fcfa8,0x1000,0x20]
[trap] num=116 (0x74) pc=0x1804b1b60 args=[0x27faf80,0x0,0x0,0xfffffc088,0x27faf00,0x1802361b0,0x1a3b381a2d9518c9,0x27fafa0]
[trap] num=116 (0x74) pc=0x1804b1b60 args=[0x27faf80,0x0,0x0,0xfffffc088,0x27faf00,0x1802361b0,0xe1a92bc7a76c7164,0x27fafa0]
[trap] num=116 (0x74) pc=0x1804b1b60 args=[0x27faf80,0x0,0x0,0xfffffc088,0x27faf00,0x1802361b0,0xc63c1d0856d500db,0x27fafa0]
[trap] num=116 (0x74) pc=0x1804b1b60 args=[0x27faf80,0x0,0x0,0xfffffc088,0x27faf00,0x1802361b0,0x7889141adbc1bd4d,0x27fafa0]
[trap] num=116 (0x74) pc=0x1804b1b60 args=[0x27faf80,0x0,0x0,0xfffffc088,0x27faf00,0x1802361b0,0xf08dc8e33c4d8175,0x27fafa0]
[trap] num=116 (0x74) pc=0x1804b1b60 args=[0x27faf80,0x0,0x0,0xfffffc088,0x27faf00,0x1802361b0,0x50943bdc4e39f181,0x27fafa0]
[trap] num=-47 (0xffffffffffffffd1) pc=0x1804adc34 args=[0x27fb118,0x200000003,0x6480001513,0x160300000203,0x12cb00000000,0x160300000001,0x34,0x0]
[mach_msg2] msgh_id=4811 dest=0x203 reply=0x1603 options=0x200000003 bits=0x80001513 send_size=100 rcv_size=52
  send+000: 13 15 00 80 64 00 00 00 03 02 00 00 03 16 00 00
  send+010: 00 00 00 00 cb 12 00 00 01 00 00 00 00 00 00 00
  send+020: 00 00 00 00 00 00 13 00 00 00 00 00 01 00 00 00
  send+030: 00 00 00 00 00 00 00 00 00 40 40 00 00 00 00 00
  send+040: 00 00 00 00 00 00 00 00 01 00 00 01 00 00 00 00
  send+050: 00 00 00 00 00 00 00 00 00 00 00 00 00 00 00 00
  send+060: 01 00 00 00
[trap] num=-12 (0xfffffffffffffff4) pc=0x1804adaa8 args=[0x203,0xa006a8000,0x100000,0x160300000203,0x12cb00000000,0x160300000001,0x34,0x0]
[trap] num=116 (0x74) pc=0x1804b1b60 args=[0x27fac60,0x0,0x0,0xfffffc088,0x12cb00000000,0x160300000001,0x34,0x0]
[trap] num=-15 (0xfffffffffffffff1) pc=0x1804adacc args=[0x203,0x27fad28,0x408000,0x0,0x1000001,0x3,0x0,0x0]
[trap] num=74 (0x4a) pc=0x1804b1b04 args=[0x4c000,0x4000,0x0,0x40000000,0x0,0x3,0x0,0x0]
[trap] num=74 (0x4a) pc=0x1804b1b04 args=[0x450000,0x4000,0x0,0x40000000,0x0,0x3,0x0,0x0]
[trap] num=-15 (0xfffffffffffffff1) pc=0x1804adacc args=[0x203,0x27fada8,0x400000,0x0,0x7004000,0x3,0x0,0x0]
[trap] num=-89 (0xffffffffffffffa7) pc=0x1804add00 args=[0x1ec705d78,0x180327210,0x0,0x1804f8a08,0x7004000,0x3,0x0,0x0]
[trap] num=-15 (0xfffffffffffffff1) pc=0x1804adacc args=[0x203,0x27fad98,0x3e000,0x0,0x1000001,0x3,0x0,0x0]
[trap] num=-47 (0xffffffffffffffd1) pc=0x1804adc34 args=[0x27facf0,0x200000003,0x2800001513,0x160300000203,0x12d600000000,0x160300000000,0x3c,0x0]
[mach_msg2] msgh_id=4822 dest=0x203 reply=0x1603 options=0x200000003 bits=0x1513 send_size=40 rcv_size=60
  send+000: 13 15 00 00 28 00 00 00 03 02 00 00 03 16 00 00
  send+010: 00 00 00 00 d6 12 00 00 00 00 00 00 01 00 00 00
  send+020: f8 03 00 00 f8 03 40 00
[trap] num=-10 (0xfffffffffffffff6) pc=0x1804ada90 args=[0x203,0x27fa6e8,0x4000,0x1,0x180327599,0x27fada0,0x3c,0x0]
[trap] num=336 (0x150) pc=0x1804af110 args=[0x2,0x10c8e,0x11,0x0,0x27fa6c8,0x38,0x180327461,0xa007ac028]
[trap] num=97 (0x61) pc=0x1804b1fa0 args=[0x1,0x2,0x0,0x103,0x27fa6c8,0x38,0x0,0xa007ac028]
[trap] num=92 (0x5c) pc=0x1804ae8c4 args=[0x3,0x2,0x1,0x103,0x27fa6c8,0x38,0x0,0xa007ac028]
[trap] num=98 (0x62) pc=0x1804b2364 args=[0x3,0x27f9cf6,0x6a,0x27f9d08,0x27fa6c8,0x38,0x676f6c7379732f,0xa007ac028]
[trap] num=133 (0x85) pc=0x1804b2390 args=[0x3,0x27f9e00,0xfa,0x0,0x0,0x0,0x0,0xa007ac028]
[trap] num=-12 (0xfffffffffffffff4) pc=0x1804adaa8 args=[0x203,0xa007ac000,0x4000,0x0,0x0,0x0,0x0,0xa007ac028]
[trap] num=-47 (0xffffffffffffffd1) pc=0x1804adc34 args=[0x27fac88,0x200000003,0x6480001513,0x160300000203,0x12cb00000000,0x160300000001,0x34,0x0]
[mach_msg2] msgh_id=4811 dest=0x203 reply=0x1603 options=0x200000003 bits=0x80001513 send_size=100 rcv_size=52
  send+000: 13 15 00 80 64 00 00 00 03 02 00 00 03 16 00 00
  send+010: 00 00 00 00 cb 12 00 00 01 00 00 00 00 00 00 00
  send+020: 00 00 00 00 00 00 13 00 00 00 00 00 01 00 00 00
  send+030: 00 00 00 00 04 00 00 00 00 00 00 00 06 00 00 00
  send+040: 00 00 00 00 00 00 00 00 00 00 00 00 00 00 00 00
  send+050: 00 00 00 00 00 00 00 00 00 00 00 00 00 00 00 00
  send+060: 01 00 00 00
[trap] num=116 (0x74) pc=0x1804b1b60 args=[0x27fab70,0x0,0x0,0xfffffc088,0x0,0x700,0xa006d3378,0x0]
[trap] num=-15 (0xfffffffffffffff1) pc=0x1804adacc args=[0x203,0x27fb1c8,0x4000,0x0,0x1000001,0x3,0x0,0x0]
[trap] num=74 (0x4a) pc=0x1804b1b04 args=[0xa006e8000,0x4000,0x1,0xa006e8008,0x1000001,0x3,0x0,0x0]
[trap] num=-14 (0xfffffffffffffff2) pc=0x1801155b8 args=[0x203,0x1ec444000,0x24000,0x0,0x3,0x3,0x0,0x0]
[trap] num=-14 (0xfffffffffffffff2) pc=0x1801155b8 args=[0x203,0x1ec444000,0x24000,0x0,0x1,0x3,0x0,0x0]
[trap] num=327 (0x147) pc=0x1804ad92c args=[0x10c8e,0x3,0x103,0x103,0x1,0x3,0x0,0x0]
[trap] num=-47 (0xffffffffffffffd1) pc=0x1804adc34 args=[0x27fb2cc,0x200000003,0x7400001513,0x160300000203,0x1f4000000000,0x160300000000,0x2c,0x0]
[mach_msg2] msgh_id=8000 dest=0x203 reply=0x1603 options=0x200000003 bits=0x1513 send_size=116 rcv_size=44
  send+000: 13 15 00 00 74 00 00 00 03 02 00 00 03 16 00 00
  send+010: 00 00 00 00 40 1f 00 00 00 00 00 00 01 00 00 00
  send+020: 05 00 00 00 88 5c 09 80 01 00 00 00 78 00 78 00
  send+030: 00 00 00 00 20 58 09 80 01 00 00 00 5c 00 5c 00
  send+040: 00 00 00 00 38 5a 09 80 01 00 00 00 5c 00 5c 00
  send+050: 00 00 00 00 00 59 09 80 01 00 00 00 78 00 78 00
  send+060: 00 00 00 00 b8 5a 09 80 01 00 00 00 78 00 78 00
  send+070: 00 00 00 00
[trap] num=-47 (0xffffffffffffffd1) pc=0x1804adc34 args=[0x27fb6d0,0x200000003,0x1800001513,0x160300000203,0x1f4100000000,0x160300000000,0x2c,0x0]
[mach_msg2] msgh_id=8001 dest=0x203 reply=0x1603 options=0x200000003 bits=0x1513 send_size=24 rcv_size=44
  send+000: 13 15 00 00 18 00 00 00 03 02 00 00 03 16 00 00
  send+010: 00 00 00 00 41 1f 00 00
[trap] num=-14 (0xfffffffffffffff2) pc=0x1801155b8 args=[0x203,0x1ec444000,0x24000,0x0,0x3,0x53,0x2c,0x0]
[trap] num=-15 (0xfffffffffffffff1) pc=0x1804adacc args=[0x203,0x27f5008,0x8000,0x0,0x1000001,0x3,0x0,0x0]
[trap] num=-15 (0xfffffffffffffff1) pc=0x1804adacc args=[0x203,0x27f5068,0x8000,0x0,0xb004000,0x3,0x0,0x0]
[trap] num=116 (0x74) pc=0x1804b1b60 args=[0x27f4f50,0x0,0x0,0xfffffc088,0x8,0x41,0x0,0xb40]
[trap] num=116 (0x74) pc=0x1804b1b60 args=[0x27f4ea0,0x0,0x0,0xfffffc088,0x8,0x41,0xaee7180c3ef31cb3,0xb40]
[trap] num=116 (0x74) pc=0x1804b1b60 args=[0x27f4ea0,0x0,0x0,0xfffffc088,0x8,0x41,0xefb0885a7b2ca288,0xb40]
[trap] num=116 (0x74) pc=0x1804b1b60 args=[0x27f4ea0,0x0,0x0,0xfffffc088,0x8,0x41,0xad1b2d7b71289c49,0xb40]
[trap] num=116 (0x74) pc=0x1804b1b60 args=[0x27f4ea0,0x0,0x0,0xfffffc088,0x8,0x41,0xd3c51c2cf71fd111,0xb40]
[trap] num=116 (0x74) pc=0x1804b1b60 args=[0x27f4ea0,0x0,0x0,0xfffffc088,0x8,0x41,0x7f31f80cb6d4cff9,0xb40]
[trap] num=116 (0x74) pc=0x1804b1b60 args=[0x27f4ea0,0x0,0x0,0xfffffc088,0x8,0x41,0x6189c05571d98940,0xb40]
[trap] num=116 (0x74) pc=0x1804b1b60 args=[0x27f4ea0,0x0,0x0,0xfffffc088,0x8,0x41,0x6990f268f0ca8839,0xb40]
[trap] num=-15 (0xfffffffffffffff1) pc=0x1804adacc args=[0x203,0x27f4df8,0x400000,0x0,0x2004000,0x3,0x0,0x0]
[trap] num=-15 (0xfffffffffffffff1) pc=0x1804adacc args=[0x203,0x27f4d48,0x80000,0x3fff,0x1000001,0x3,0x0,0x0]
[trap] num=-14 (0xfffffffffffffff2) pc=0x1801155b8 args=[0x203,0x1ec444000,0x24000,0x0,0x1,0x0,0xffffffffbfc007ff,0xfffff0003ffff800]
[trap] num=202 (0xca) pc=0x1804af460 args=[0x27fb6c0,0x2,0x27fb688,0x27fb680,0x180205f3c,0x15,0xffffffffbfc007ff,0xfffff0003ffff800]
[trap] num=202 (0xca) pc=0x1804af460 args=[0x27fb688,0x2,0x27fb740,0x27fb730,0x0,0x0,0xffffffffbfc007ff,0xfffff0003ffff800]
[trap] num=202 (0xca) pc=0x1804af460 args=[0x27fb6c0,0x2,0x27fb688,0x27fb680,0x180205f9b,0x16,0xffffffffbfc007ff,0xfffff0003ffff800]
[trap] num=202 (0xca) pc=0x1804af460 args=[0x27fb688,0x2,0x27fb740,0x27fb730,0x0,0x0,0xffffffffbfc007ff,0xfffff0003ffff800]
[trap] num=202 (0xca) pc=0x1804af460 args=[0x27fb6c0,0x2,0x27fb688,0x27fb680,0x180205f3c,0x15,0xffffffffbfc007ff,0xfffff0003ffff800]
[trap] num=202 (0xca) pc=0x1804af460 args=[0x27fb688,0x2,0x27fb740,0x27fb730,0x0,0x0,0xffffffffbfc007ff,0xfffff0003ffff800]
[trap] num=-47 (0xffffffffffffffd1) pc=0x1804adc34 args=[0x27fb760,0x200000003,0x2400001513,0x160300000203,0xd5100000000,0x160300000000,0x30,0x0]
[mach_msg2] msgh_id=3409 dest=0x203 reply=0x1603 options=0x200000003 bits=0x1513 send_size=36 rcv_size=48
  send+000: 13 15 00 00 24 00 00 00 03 02 00 00 03 16 00 00
  send+010: 00 00 00 00 51 0d 00 00 00 00 00 00 01 00 00 00
  send+020: 04 00 00 00
[trap] num=-19 (0xffffffffffffffed) pc=0x1804adaf0 args=[0x203,0x1803,0x0,0x1,0xd5100000000,0x160300000000,0x30,0x0]
[trap] num=-19 (0xffffffffffffffed) pc=0x1804adaf0 args=[0x203,0x1803,0x0,0x1,0xd5100000000,0x160300000000,0x30,0x0]
[trap] num=-19 (0xffffffffffffffed) pc=0x1804adaf0 args=[0x203,0x1803,0x0,0x1,0x0,0x160300000000,0x30,0x0]
[trap] num=-15 (0xfffffffffffffff1) pc=0x1804adacc args=[0x203,0x27f9c18,0x400000,0x0,0x2004000,0x3,0x0,0x0]
[trap] num=-14 (0xfffffffffffffff2) pc=0x1801155b8 args=[0x203,0x1ec444000,0x24000,0x0,0x3,0x27fb58f,0xffffffffbfc007ff,0xa0]
[trap] num=-14 (0xfffffffffffffff2) pc=0x1801155b8 args=[0x203,0x1ec444000,0x24000,0x0,0x1,0x27fb58f,0xffffffffbfc007ff,0xa0]
[trap] num=5 (0x5) pc=0x180119f50 args=[0x63a00,0x0,0x0,0x63a00,0x0,0x27fb58f,0x0,0xa0]
[trap] num=92 (0x5c) pc=0x1801180d8 args=[0x4,0x32,0x27fb058,0x63a00,0x0,0x27fb58f,0x0,0xa0]
[trap] num=6 (0x6) pc=0x180116750 args=[0x4,0x32,0x27fb058,0x63a00,0x0,0x27fb58f,0x0,0xa0]
[trap] num=220 (0xdc) pc=0x1804ae63c args=[0x63a00,0x27fb080,0x27fb09c,0x40c,0x0,0x27fb58f,0x0,0xa0]
[trap] num=33 (0x21) pc=0x1804ae668 args=[0x63a80,0x4,0x63910,0x639a0,0x0,0x56,0x0,0x470]
[M28 BANDSHRINK] syscall 33 band past ipa 0x63910 len 65536 shrunk 64 -> 0 by an overlapping window of the same call
[M28 BANDSHRINK] syscall 33 band past ipa 0x639a0 len 65536 shrunk 64 -> 0 by an overlapping window of the same call
[trap] num=5 (0x5) pc=0x1804ae694 args=[0x63a80,0x0,0x0,0x639a0,0x0,0x56,0x0,0x470]
[M28 BANDSHRINK] syscall 5 band past ipa 0x639a0 len 65536 shrunk 64 -> 0 by an overlapping window of the same call
[trap] num=339 (0x153) pc=0x1804bc288 args=[0x4,0x63910,0x0,0x639a0,0x0,0x56,0x0,0x470]
[M28 BANDSHRINK] syscall 339 band past ipa 0x63910 len 65536 shrunk 64 -> 0 by an overlapping window of the same call
[trap] num=483 (0x1e3) pc=0x1804ae6f0 args=[0x0,0x27fb2ac,0x4,0x639a0,0x0,0x56,0x0,0x470]
[trap] num=228 (0xe4) pc=0x1804b1694 args=[0x4,0x27fb370,0x27fb2d0,0x28,0x0,0x56,0x0,0x470]
[trap] num=381 (0x17d) pc=0x1804af730 args=[0x18df1ac55,0x2,0x27fb2d0,0x28,0x0,0x56,0x0,0x470]
[m47] num=381 args=[0x18df1ac55,0x2,0x27fb2d0] policy="Sandbox" op="file-write-data" ret=0x16 err=true writes=0
[trap] num=92 (0x5c) pc=0x1804ae8c4 args=[0x4,0x32,0x27fafc8,0x27fb388,0x27fb040,0x56,0x0,0x470]
[trap] num=6 (0x6) pc=0x1804ae8f0 args=[0x4,0x27faffb,0x0,0x63af3,0x0,0x56,0x0,0x470]
[trap] num=5 (0x5) pc=0x1804ae694 args=[0x63b00,0x0,0x0,0x63b3d,0x18020b535,0x27fb490,0x74,0x470]
[M28 BANDSHRINK] syscall 5 band past ipa 0x63b00 len 65536 shrunk 64 -> 0 by an overlapping window of the same call
[trap] num=336 (0x150) pc=0x1804af110 args=[0x2,0x10c8e,0xd,0x1,0x27fb700,0x40,0x74,0x470]
[trap] num=-24 (0xffffffffffffffe8) pc=0x1804adb2c args=[0x203,0x27fb7c0,0x71b75ace,0x27fb7bc,0x0,0x5,0x0,0x0]
[trap] num=-47 (0xffffffffffffffd1) pc=0x1804adc34 args=[0x27fb758,0x200000003,0x3480001513,0x160300000203,0xd5200000000,0x160300000001,0x2c,0x0]
[mach_msg2] msgh_id=3410 dest=0x203 reply=0x1603 options=0x200000003 bits=0x80001513 send_size=52 rcv_size=44
  send+000: 13 15 00 80 34 00 00 00 03 02 00 00 03 16 00 00
  send+010: 00 00 00 00 52 0d 00 00 01 00 00 00 03 17 00 00
  send+020: 00 00 00 00 00 00 13 00 00 00 00 00 01 00 00 00
  send+030: 0a 00 00 00
[trap] num=-47 (0xffffffffffffffd1) pc=0x1804adc34 args=[0x27fb4d8,0x200000003,0x2800001513,0x160300000203,0xd4d00000000,0x160300000000,0x1a8,0x0]
[mach_msg2] msgh_id=3405 dest=0x203 reply=0x1603 options=0x200000003 bits=0x1513 send_size=40 rcv_size=424
  send+000: 13 15 00 00 28 00 00 00 03 02 00 00 03 16 00 00
  send+010: 00 00 00 00 4d 0d 00 00 00 00 00 00 01 00 00 00
  send+020: 0f 00 00 00 08 00 00 00
[retrace] forwarding mach_msg2 task_info (msgh_id 3405) to host (decided allowlist)
[mach_msg2] host ret=0x0 err=false
  reply@0x27fb4d8+000: 00 12 00 00 48 00 00 00 00 00 00 00 03 16 00 00
  reply@0x27fb4d8+010: 00 00 00 00 b1 0d 00 00 00 00 00 00 01 00 00 00
  reply@0x27fb4d8+020: 00 00 00 00 08 00 00 00 f5 01 00 00 f5 01 00 00
  reply@0x27fb4d8+030: 14 00 00 00 f5 01 00 00 14 00 00 00 8e 0c 01 00
  reply@0x27fb4d8+040: b9 86 01 00 8a ec 48 00 00 00 00 00 08 00 00 00
  reply@0x27fb4d8+050: 00 00 00 00 00 00 00 00 00 00 00 00 00 00 00 00
  reply@0x27fb4d8+060: 00 00 00 00 00 00 00 00 00 00 00 00 00 00 00 00
  reply@0x27fb4d8+070: 00 00 00 00 00 00 00 00 00 00 00 00 00 00 00 00
  reply@0x27fb4d8+080: 00 00 00 00 00 00 00 00 00 00 00 00 00 00 00 00
  reply@0x27fb4d8+090: 00 00 00 00 00 00 00 00 00 00 00 00 00 00 00 00
  reply@0x27fb4d8+0a0: 00 00 00 00 00 00 00 00 00 00 00 00 00 00 00 00
  reply@0x27fb4d8+0b0: 00 00 00 00 00 00 00 00 00 00 00 00 00 00 00 00
  reply@0x27fb4d8+0c0: 00 00 00 00 00 00 00 00 00 00 00 00 00 00 00 00
  reply@0x27fb4d8+0d0: 00 00 00 00 00 00 00 00 00 00 00 00 00 00 00 00
  reply@0x27fb4d8+0e0: 00 00 00 00 00 00 00 00 00 00 00 00 00 00 00 00
  reply@0x27fb4d8+0f0: 00 00 00 00 00 00 00 00 00 00 00 00 00 00 00 00
[trap] num=170 (0xaa) pc=0x1804ae5d0 args=[0x10c8e,0x10,0x27fb2f0,0x408,0x10478,0x160300000000,0x48ec8a000186b9,0x0]
[trap] num=202 (0xca) pc=0x1804af460 args=[0x27fb6f0,0x2,0x27fb6b8,0x27fb6b0,0x1844cfba7,0x15,0x72,0x400]
[trap] num=202 (0xca) pc=0x1804af460 args=[0x27fb6b8,0x2,0x27fb748,0x27fb740,0x0,0x0,0x72,0x400]
[trap] num=-14 (0xfffffffffffffff2) pc=0x1801155b8 args=[0x203,0x1ec444000,0x24000,0x0,0x3,0x0,0x0,0x0]
[trap] num=-15 (0xfffffffffffffff1) pc=0x1801155c4 args=[0x203,0x27fb3a0,0x20000,0x3fff,0x3c000001,0x3,0x0,0x0]
[trap] num=-12 (0xfffffffffffffff4) pc=0x1801155a0 args=[0x203,0x1003c0000,0x20000,0x103,0xffffffff13f7dfd0,0x10,0x63,0x0]
[trap] num=-14 (0xfffffffffffffff2) pc=0x1801155b8 args=[0x203,0x1ec444000,0x24000,0x0,0x1,0x0,0x0,0x0]
[trap] num=-14 (0xfffffffffffffff2) pc=0x1801155b8 args=[0x203,0x1ec444000,0x24000,0x0,0x3,0x0,0x0,0x0]
[trap] num=-14 (0xfffffffffffffff2) pc=0x1801155b8 args=[0x203,0x1ec444000,0x24000,0x0,0x1,0x0,0x0,0x0]
[trap] num=-14 (0xfffffffffffffff2) pc=0x1801155b8 args=[0x203,0x1ec444000,0x24000,0x0,0x3,0x0,0x0,0x0]
[trap] num=-14 (0xfffffffffffffff2) pc=0x1801155b8 args=[0x203,0x1ec444000,0x24000,0x0,0x1,0x0,0x0,0x0]
[trap] num=-14 (0xfffffffffffffff2) pc=0x1801155b8 args=[0x203,0x1ec444000,0x24000,0x0,0x3,0x0,0x0,0x0]
[trap] num=-14 (0xfffffffffffffff2) pc=0x1801155b8 args=[0x203,0x1ec444000,0x24000,0x0,0x1,0x0,0x0,0x0]
[trap] num=-14 (0xfffffffffffffff2) pc=0x1801155b8 args=[0x203,0x1ec444000,0x24000,0x0,0x3,0x0,0x0,0x0]
[trap] num=-14 (0xfffffffffffffff2) pc=0x1801155b8 args=[0x203,0x1ec444000,0x24000,0x0,0x1,0x0,0x0,0x0]
[trap] num=-14 (0xfffffffffffffff2) pc=0x1801155b8 args=[0x203,0x1ec444000,0x24000,0x0,0x3,0x0,0x0,0x0]
[trap] num=25 (0x19) pc=0x1804af050 args=[0x1edd8d978,0x180533098,0x180533098,0x103,0x1ec445388,0x0,0x0,0x0]
[trap] num=24 (0x18) pc=0x1804af858 args=[0x1f5,0x180533098,0x180533098,0x103,0x1ec445388,0x0,0x0,0x0]
[trap] num=202 (0xca) pc=0x1804af460 args=[0x27fa560,0x4,0x27fa570,0x27fa558,0x0,0x0,0x0,0x0]
[trap] num=286 (0x11e) pc=0x1804af884 args=[0x27fa810,0x27fa814,0x1805331c8,0x27fa558,0x0,0x0,0x0,0x0]
[trap] num=25 (0x19) pc=0x1804af050 args=[0xffffffffffffffff,0xffffffffffffffff,0x1805331c8,0x27fa558,0x0,0x0,0x0,0x0]
[trap] num=43 (0x2b) pc=0x1804af8b0 args=[0x1f5,0xffffffffffffffff,0x1805331c8,0x27fa558,0x0,0x0,0x0,0x0]
[trap] num=169 (0xa9) pc=0x1804af8dc args=[0x10c8e,0x10,0x27f9d90,0x408,0x408,0x0,0x0,0x3f0]
[trap] num=169 (0xa9) pc=0x1804af8dc args=[0x10c8e,0x10,0x27f9eb0,0x408,0x408,0x73,0x72,0x400]
[trap] num=-19 (0xffffffffffffffed) pc=0x1804adaf0 args=[0x203,0x1803,0x0,0x1,0x0,0x58,0x65,0x400]
[trap] num=-50 (0xffffffffffffffce) pc=0x1804adc58 args=[0x1ec6fbd20,0x103,0x103,0x0,0x6,0x0,0x73,0x400]
[trap] num=-29 (0xffffffffffffffe3) pc=0x1804adb68 args=[0x0,0x18035aad8,0x18035aad8,0x66268,0x0,0x13,0x0,0x400]
[trap] num=-47 (0xffffffffffffffd1) pc=0x1804adc34 args=[0x27f9e90,0x200000003,0x2800001513,0x160300000c03,0x19c00000000,0x160300000000,0x30,0x0]
[mach_msg2] msgh_id=412 dest=0xc03 reply=0x1603 options=0x200000003 bits=0x1513 send_size=40 rcv_size=48
  send+000: 13 15 00 00 28 00 00 00 03 0c 00 00 03 16 00 00
  send+010: 00 00 00 00 9c 01 00 00 00 00 00 00 01 00 00 00
  send+020: ff ff ff ff 01 00 00 00
[retrace] forwarding mach_msg2 host_get_special_port (msgh_id 412) to host (decided allowlist)
[mach_msg2] host ret=0x0 err=false
  reply@0x27f9e90+000: 00 12 00 00 24 00 00 00 00 00 00 00 03 16 00 00
  reply@0x27f9e90+010: 00 00 00 00 00 02 00 00 00 00 00 00 01 00 00 00
  reply@0x27f9e90+020: 04 00 00 00 00 00 00 00 08 00 00 00 00 00 00 00
  reply@0x27f9e90+030: 80 18 06 00 00 00 00 00 03 0c 00 00 00 00 00 00
  reply@0x27f9e90+040: 00 9f 7f 02 00 00 00 00 08 ab 35 80 01 00 00 00
  reply@0x27f9e90+050: 03 18 00 00 00 00 00 00 60 3f 06 00 00 00 00 00
  reply@0x27f9e90+060: 80 18 06 00 00 00 00 00 f0 fa 6f ec 01 00 00 00
  reply@0x27f9e90+070: 10 9f 7f 02 00 00 00 00 b0 04 35 80 01 00 00 00
  reply@0x27f9e90+080: 30 9f 7f 02 00 00 00 00 30 96 33 80 01 00 00 00
  reply@0x27f9e90+090: 80 18 06 00 00 00 00 00 28 f9 6f ec 01 00 00 00
  reply@0x27f9e90+0a0: 40 9f 7f 02 00 00 00 00 cc aa 35 80 01 00 00 00
  reply@0x27f9e90+0b0: 60 9f 7f 02 00 00 00 00 34 c5 35 80 01 00 00 00
  reply@0x27f9e90+0c0: 2e 00 00 00 00 00 00 00 6e 0a 2f a6 00 00 00 00
  reply@0x27f9e90+0d0: 70 9f 7f 02 00 00 00 00 b0 04 35 80 01 00 00 00
  reply@0x27f9e90+0e0: 90 9f 7f 02 00 00 00 00 30 96 33 80 01 00 00 00
  reply@0x27f9e90+0f0: 80 18 06 00 00 00 00 00 68 62 06 00 00 00 00 00
[trap] num=-70 (0xffffffffffffffba) pc=0x1804adcc4 args=[0xc03,0x180373fb0,0x10,0x27f9f5c,0x19c00000000,0x160300000000,0x30,0x0]
[trap] num=-47 (0xffffffffffffffd1) pc=0x1804adc34 args=[0x66268,0x403114207,0xf880131513,0x200300001803,0x400000cf00001e03,0x200300000001,0xf8,0x0]
[mach_msg2] msgh_id=1073742031 dest=0x1803 reply=0x2003 options=0x403114207 bits=0x80131513 send_size=248 rcv_size=248
  send+000: 13 15 13 80 f8 00 00 00 03 18 00 00 03 20 00 00
  send+010: 03 1e 00 00 cf 00 00 40 01 00 00 00 03 18 00 00
  send+020: 00 00 00 00 00 00 13 00 43 50 58 40 05 00 00 00
  send+030: 00 f0 00 00 c0 00 00 00 07 00 00 00 68 61 6e 64
  send+040: 6c 65 00 00 00 40 00 00 00 00 00 00 00 00 00 00
  send+050: 69 6e 73 74 61 6e 63 65 00 00 00 00 00 a0 00 00
  send+060: 00 00 00 00 00 00 00 00 00 00 00 00 00 00 00 00
  send+070: 66 6c 61 67 73 00 00 00 00 40 00 00 08 00 00 00
  send+080: 00 00 00 00 6e 61 6d 65 00 00 00 00 00 90 00 00
  send+090: 25 00 00 00 63 6f 6d 2e 61 70 70 6c 65 2e 73 79
  send+0a0: 73 74 65 6d 2e 6e 6f 74 69 66 69 63 61 74 69 6f
  send+0b0: 6e 5f 63 65 6e 74 65 72 00 00 00 00 74 79 70 65
  send+0c0: 00 00 00 00 00 40 00 00 07 00 00 00 00 00 00 00
  send+0d0: 74 61 72 67 65 74 70 69 64 00 00 00 00 30 00 00
  send+0e0: 00 00 00 00 00 00 00 00 64 6f 6d 61 69 6e 2d 70
  send+0f0: 6f 72 74 00 00 d0 00 00
[retrace] refusing mach_msg2 message-queue send (msgh_id 0x400000cf dest 0x1803 send_size 248): the box hosts no message-queue receivers
[trap] num=-18 (0xffffffffffffffee) pc=0x1804adae4 args=[0x203,0x1803,0x1801c8220,0x66090,0x66100,0x200300000001,0xf8,0x0]
[M28 BANDSHRINK] syscall -18 band past ipa 0x66090 len 65536 shrunk 64 -> 0 by an overlapping window of the same call
[trap] num=327 (0x147) pc=0x1804ad92c args=[0x0,0x103,0x103,0x103,0x0,0x0,0x0,0x0]
[trap] num=327 (0x147) pc=0x1804ad92c args=[0x0,0x103,0x103,0x103,0x2,0x63,0x0,0x0]
[trap] num=327 (0x147) pc=0x1804ad92c args=[0x0,0x0,0x0,0x103,0x2,0x63,0x0,0x0]
[trap] num=25 (0x19) pc=0x1804af050 args=[0x1ec7182a0,0x0,0x1f5,0x2,0x66000,0x0,0x65,0x400]
[trap] num=194 (0xc2) pc=0x1804b00c8 args=[0x1008,0x27fa648,0x1804edb6c,0x2,0x66000,0x0,0x65,0x400]
[trap] num=398 (0x18e) pc=0x1804ae948 args=[0x18052cc13,0x0,0x0,0x2,0x66000,0x0,0x65,0x400]
[trap] num=339 (0x153) pc=0x1804bc288 args=[0x4,0x27fa650,0x120a8,0x1ec7035c0,0x27fa7c8,0x27fa7c0,0x65,0x400]
[trap] num=339 (0x153) pc=0x1804bc288 args=[0x4,0x27f9540,0x27f9604,0x1ec7035c0,0x27fa7c8,0x27fa7c0,0x65,0x400]
[trap] num=396 (0x18c) pc=0x1804afcac args=[0x4,0x66080,0x1000,0x100,0x0,0x27fa7c0,0x65,0x400]
[trap] num=396 (0x18c) pc=0x1804afcac args=[0x4,0x66080,0x1000,0x27f96e5,0x66000,0x0,0x65,0xfffff0003ffff800]
[M28 BANDSHRINK] syscall 396 band past ipa 0x66000 len 65536 shrunk 64 -> 0 by an overlapping window of the same call
[trap] num=396 (0x18c) pc=0x1804afcac args=[0x4,0x66080,0x1000,0x27f96da,0x70101c080,0x0,0x61,0xfffff0003ffff800]
[trap] num=396 (0x18c) pc=0x1804afcac args=[0x4,0x66080,0x1000,0xa,0x701018080,0x0,0x0,0xfffff0003ffff800]
[trap] num=399 (0x18f) pc=0x1804af584 args=[0x4,0x0,0x1804edb6c,0xa,0x701018080,0x0,0x0,0xfffff0003ffff800]
[trap] num=169 (0xa9) pc=0x1804af8dc args=[0x10c8e,0x0,0x27fb5a4,0x4,0x701001e80,0x0,0xffffffffbfc007ff,0xfffff0003ffff800]
[trap] num=327 (0x147) pc=0x1804ad92c args=[0x0,0x1edd85ee8,0x180503ca0,0x1f5,0x2,0x0,0x0,0xfffff0003ffff800]
[trap] num=25 (0x19) pc=0x1804af050 args=[0x1ec7182a0,0x0,0x1f5,0x2,0x66280,0x0,0x65,0x400]
[trap] num=194 (0xc2) pc=0x1804b00c8 args=[0x1008,0x27fa618,0x1804edb6c,0x2,0x66280,0x0,0x65,0x400]
[trap] num=398 (0x18e) pc=0x1804ae948 args=[0x18052cc13,0x0,0x0,0x2,0x66280,0x0,0x65,0x400]
[trap] num=339 (0x153) pc=0x1804bc288 args=[0x4,0x27fa620,0x120a8,0x1ec7035c0,0x27fa798,0x27fa790,0x65,0x400]
[trap] num=339 (0x153) pc=0x1804bc288 args=[0x4,0x27f9510,0x27f95d4,0x1ec7035c0,0x27fa798,0x27fa790,0x65,0x400]
[trap] num=396 (0x18c) pc=0x1804afcac args=[0x4,0x700c08000,0x1000,0x1,0x0,0x1,0x0,0x0]
[trap] num=396 (0x18c) pc=0x1804afcac args=[0x4,0x700c08000,0x1000,0x27f96b5,0x70101c080,0x0,0x65,0xfffff0003ffff800]
[trap] num=396 (0x18c) pc=0x1804afcac args=[0x4,0x700c08000,0x1000,0x27f96aa,0x70101c080,0x0,0x61,0xfffff0003ffff800]
[trap] num=396 (0x18c) pc=0x1804afcac args=[0x4,0x700c08000,0x1000,0xa,0x701018080,0x0,0x0,0xfffff0003ffff800]
[trap] num=399 (0x18f) pc=0x1804af584 args=[0x4,0x0,0x1804edb6c,0xa,0x701018080,0x0,0x0,0xfffff0003ffff800]
[trap] num=327 (0x147) pc=0x1804ad92c args=[0x0,0x100,0x193c16a30,0x27ffe48,0x1ec445388,0x0,0x0,0x0]
[trap] num=169 (0xa9) pc=0x1804af8dc args=[0x10c8e,0x0,0x27fb4c8,0x4,0x1ec445388,0x0,0x0,0x0]
[trap] num=327 (0x147) pc=0x1804ad92c args=[0x1,0x194057bf0,0xf,0x1804f8a01,0x1ec445388,0x0,0x0,0x0]
[trap] num=169 (0xa9) pc=0x1804af8dc args=[0x10c8e,0x0,0x27fb4cc,0x4,0x1ec445388,0x0,0x0,0x0]
[trap] num=54 (0x36) pc=0x1804b2338 args=[0x1,0x4004667a,0x27fb44c,0x4,0x1ec445388,0x0,0x0,0x0]
[trap] num=54 (0x36) pc=0x1804b2338 args=[0x1,0x40487413,0x27fb450,0x4,0x1ec445388,0x0,0x0,0x0]
[trap] num=54 (0x36) pc=0x1804b2338 args=[0x1,0x4004667a,0x27fb44c,0x4,0x1ec445388,0x0,0x0,0x0]
[trap] num=54 (0x36) pc=0x1804b2338 args=[0x1,0x40487413,0x27fb450,0x4,0x1ec445388,0x0,0x0,0x0]
[trap] num=116 (0x74) pc=0x1804b1b60 args=[0x27fb320,0x0,0x0,0xfffffc088,0x1ec445388,0x0,0x0,0x0]
[trap] num=116 (0x74) pc=0x1804b1b60 args=[0x27fb320,0x0,0x0,0xfffffc088,0x1ec445388,0x0,0x43579abce130e884,0x0]
[trap] num=483 (0x1e3) pc=0x1804ae6f0 args=[0x0,0x27fb57c,0x4,0x27ffe48,0x1ec445388,0x0,0x0,0x0]
[trap] num=-15 (0xfffffffffffffff1) pc=0x1801155c4 args=[0x203,0x27fb420,0x20000,0x3fff,0x3c000001,0x3,0x0,0x0]
[trap] num=-12 (0xfffffffffffffff4) pc=0x1801155a0 args=[0x203,0x1003c0000,0x20000,0x103,0xffffffff13f7dfd0,0x10,0x63,0x0]
[trap] num=-14 (0xfffffffffffffff2) pc=0x1801155b8 args=[0x203,0x1ec444000,0x24000,0x0,0x1,0x10,0x63,0x0]
[trap] num=116 (0x74) pc=0x1804b1b60 args=[0x27ff6f0,0x0,0x0,0xfffffc088,0x1,0x10,0x63,0x0]
[trap] num=5 (0x5) pc=0x1804ae694 args=[0x1002878e6,0x2,0x0,0xfffffc088,0x1,0x10,0x63,0x0]
[trap] num=6 (0x6) pc=0x1804ae8f0 args=[0x4,0x2,0x0,0xfffffc088,0x1,0x10,0x63,0x0]
[trap] num=48 (0x30) pc=0x1804b13d8 args=[0x2,0x27ff75c,0x0,0xfffffc088,0x1,0x10,0x63,0x0]
[trap] num=46 (0x2e) pc=0x1804b4478 args=[0xd,0x27ff6e8,0x27ff710,0xfffffc088,0x1,0x10,0x63,0x0]
[trap] num=33 (0x21) pc=0x1804ae668 args=[0x6bc20,0x4,0x0,0x6bc67,0x10027b3f7,0x27ff580,0x6769666e6f637469,0xfffff0003ffff800]
[M28 BANDSHRINK] syscall 33 band past ipa 0x6bc20 len 65536 shrunk 64 -> 0 by an overlapping window of the same call
[trap] num=194 (0xc2) pc=0x1804b00c8 args=[0x1008,0x27ff408,0x1804edb6c,0x7,0x0,0x27ff580,0x6769666e6f637469,0xfffff0003ffff800]
[trap] num=398 (0x18e) pc=0x1804ae948 args=[0x6bc20,0x0,0x0,0x7,0x0,0x27ff580,0x6769666e6f637469,0xfffff0003ffff800]
[trap] num=339 (0x153) pc=0x1804bc288 args=[0x4,0x27ff4d0,0x120a8,0x7,0x0,0x27ff580,0x6769666e6f637469,0xfffff0003ffff800]
[trap] num=339 (0x153) pc=0x1804bc288 args=[0x4,0x27ff270,0x27ff334,0x6c8bf,0xfffffffffffff368,0x8,0x7,0x0]
[trap] num=396 (0x18c) pc=0x1804afcac args=[0x4,0x700c08000,0x1000,0xa006f80a8,0x0,0x27ff2c7,0x3ff800,0xfffff0007ffff800]
[trap] num=396 (0x18c) pc=0x1804afcac args=[0x4,0x700c08000,0x1000,0xfffffffffffffff2,0x69,0x63,0x3ff800,0x370]
[trap] num=399 (0x18f) pc=0x1804af584 args=[0x4,0x0,0x1804edb6c,0xa0,0x6c200,0x63,0x3ff800,0x370]
[trap] num=33 (0x21) pc=0x1804ae668 args=[0x66400,0x4,0x1,0x103,0x6c200,0x63,0x3ff800,0x370]
[M28 BANDSHRINK] syscall 33 band past ipa 0x66400 len 65536 shrunk 64 -> 0 by an overlapping window of the same call
[trap] num=398 (0x18e) pc=0x1804ae948 args=[0x1803fd5e6,0x1000000,0x0,0x96,0x0,0x63,0x3ff800,0x370]
[trap] num=339 (0x153) pc=0x1804bc288 args=[0x4,0x27ff510,0x0,0x96,0x0,0x63,0x3ff800,0x370]
[trap] num=406 (0x196) pc=0x1804b2174 args=[0x4,0x32,0x27ff080,0x27ff440,0x27ff100,0x63,0x3ff800,0x370]
[trap] num=399 (0x18f) pc=0x1804af584 args=[0x4,0x32,0x27ff080,0x27ff440,0x27ff100,0x63,0x3ff800,0x370]
[trap] num=338 (0x152) pc=0x1804b988c args=[0x27ff080,0x27ff480,0x27ff080,0x27ff440,0x27ff100,0x63,0x3ff800,0x370]
[trap] num=12 (0xc) pc=0x1804af75c args=[0x27fff3e,0x10027a22e,0x0,0x16,0x43,0x2d,0x3ff800,0x370]
[trap] num=398 (0x18e) pc=0x1804ae948 args=[0x1803fd5e6,0x1000000,0x0,0x67,0x0,0x2d,0x0,0x790]
[trap] num=339 (0x153) pc=0x1804bc288 args=[0x4,0x27ff090,0x0,0x67,0x0,0x2d,0x0,0x790]
[trap] num=406 (0x196) pc=0x1804b2174 args=[0x4,0x32,0x27fec00,0x27fefc0,0x27fec80,0x2d,0x0,0x790]
[trap] num=399 (0x18f) pc=0x1804af584 args=[0x4,0x32,0x27fec00,0x27fefc0,0x27fec80,0x2d,0x0,0x790]
[trap] num=338 (0x152) pc=0x1804b988c args=[0x27fec00,0x27ff000,0x27fec00,0x27fefc0,0x27fec80,0x2d,0x0,0x790]
[trap] num=398 (0x18e) pc=0x1804ae948 args=[0x1803fd5e6,0x1000000,0x0,0xa,0x6c000,0x10,0x0,0x790]
[trap] num=339 (0x153) pc=0x1804bc288 args=[0x4,0x27ff090,0x0,0xa,0x6c000,0x10,0x0,0x790]
[trap] num=406 (0x196) pc=0x1804b2174 args=[0x4,0x32,0x27fec00,0x27fefc0,0x27fec80,0x10,0x0,0x790]
[trap] num=399 (0x18f) pc=0x1804af584 args=[0x4,0x32,0x27fec00,0x27fefc0,0x27fec80,0x10,0x0,0x790]
[trap] num=338 (0x152) pc=0x1804b988c args=[0x27fec00,0x27ff000,0x27fec00,0x27fefc0,0x27fec80,0x10,0x0,0x790]
[trap] num=338 (0x152) pc=0x1804b988c args=[0x6c170,0x27ff160,0x103,0x103,0xfffffffffffffec0,0x10,0x0,0x790]
[trap] num=338 (0x152) pc=0x1804b988c args=[0x6c210,0x27ff140,0x0,0x6c29c,0x6c1c0,0x10,0x74,0x790]
[M28 BANDSHRINK] syscall 338 band past ipa 0x6c210 len 65536 shrunk 64 -> 0 by an overlapping window of the same call
[M28 BANDSHRINK] syscall 338 band past ipa 0x6c1c0 len 65536 shrunk 64 -> 0 by an overlapping window of the same call
[trap] num=340 (0x154) pc=0x1804b9860 args=[0x6c3b0,0x27ff010,0x0,0x6c441,0x6c380,0x10,0x44,0x790]
[M28 BANDSHRINK] syscall 340 band past ipa 0x6c3b0 len 65536 shrunk 64 -> 0 by an overlapping window of the same call
[M28 BANDSHRINK] syscall 340 band past ipa 0x6c380 len 65536 shrunk 64 -> 0 by an overlapping window of the same call
[trap] num=5 (0x5) pc=0x1804ae694 args=[0x6c3b0,0x0,0x0,0x6c441,0x6c380,0x10,0x44,0x790]
[M28 BANDSHRINK] syscall 5 band past ipa 0x6c3b0 len 65536 shrunk 64 -> 0 by an overlapping window of the same call
[M28 BANDSHRINK] syscall 5 band past ipa 0x6c380 len 65536 shrunk 64 -> 0 by an overlapping window of the same call
[trap] num=3 (0x3) pc=0x1804ae91c args=[0x4,0x27ff0c8,0xff,0x6c441,0x6c380,0x10,0x44,0x790]
[M28 BANDSHRINK] syscall 3 band past ipa 0x6c380 len 65536 shrunk 64 -> 0 by an overlapping window of the same call
[trap] num=3 (0x3) pc=0x1804ae91c args=[0x4,0x27ff0dd,0xea,0x6c441,0x6c380,0x10,0x44,0x790]
[M28 BANDSHRINK] syscall 3 band past ipa 0x6c380 len 65536 shrunk 64 -> 0 by an overlapping window of the same call
[trap] num=6 (0x6) pc=0x1804ae8f0 args=[0x4,0x27ff0dd,0xea,0x6c441,0x6c380,0x10,0x44,0x790]
[M28 BANDSHRINK] syscall 6 band past ipa 0x6c380 len 65536 shrunk 64 -> 0 by an overlapping window of the same call
[trap] num=340 (0x154) pc=0x1804b9860 args=[0x6c4b0,0x27feee0,0x0,0x6c546,0xfffffffffffffd60,0x10,0x72,0x790]
[M28 BANDSHRINK] syscall 340 band past ipa 0x6c4b0 len 65536 shrunk 64 -> 0 by an overlapping window of the same call
[trap] num=33 (0x21) pc=0x1804ae668 args=[0x6c3b0,0x1,0x0,0x6c444,0x6c500,0x10,0x737463656a626f2f,0x790]
[M28 BANDSHRINK] syscall 33 band past ipa 0x6c3b0 len 65536 shrunk 64 -> 0 by an overlapping window of the same call
[M28 BANDSHRINK] syscall 33 band past ipa 0x6c444 len 65536 shrunk 64 -> 0 by an overlapping window of the same call
[trap] num=33 (0x21) pc=0x1804ae668 args=[0x6c3b0,0x1,0x0,0x6c441,0x6c500,0x10,0x73,0x790]
[M28 BANDSHRINK] syscall 33 band past ipa 0x6c3b0 len 65536 shrunk 64 -> 0 by an overlapping window of the same call
[M28 BANDSHRINK] syscall 33 band past ipa 0x6c441 len 65536 shrunk 64 -> 0 by an overlapping window of the same call
[trap] num=340 (0x154) pc=0x1804b9860 args=[0x6c210,0x27ff148,0x103,0x103,0xfffffff8ff46a690,0x20,0xffffffffbfc007ff,0xfffff0003ffff800]
[trap] num=25 (0x19) pc=0x1804af050 args=[0x0,0x27ff148,0x103,0x103,0xfffffff8ff46a690,0x20,0xffffffffbfc007ff,0xfffff0003ffff800]
[trap] num=340 (0x154) pc=0x1804b9860 args=[0x700c01b80,0x27ff148,0x103,0x103,0xfffffff8ff46a690,0x20,0xffffffffbfc007ff,0xfffff0003ffff800]
[trap] num=25 (0x19) pc=0x1804af050 args=[0x0,0x27ff148,0x103,0x103,0xfffffff8ff46a690,0x20,0xffffffffbfc007ff,0xfffff0003ffff800]
[trap] num=340 (0x154) pc=0x1804b9860 args=[0x6c170,0x27ff130,0x0,0x6c17e,0x1002adcb8,0x27ff1d0,0x72,0xfffff0003ffff800]
[M28 BANDSHRINK] syscall 340 band past ipa 0x6c170 len 65536 shrunk 64 -> 0 by an overlapping window of the same call
[trap] num=194 (0xc2) pc=0x1804b00c8 args=[0x1008,0x27ff048,0x1804edb6c,0x0,0x0,0x0,0x67,0xfffff0003ffff800]
[trap] num=398 (0x18e) pc=0x1804ae948 args=[0x700c04040,0x0,0x0,0x0,0x0,0x0,0x67,0xfffff0003ffff800]
[trap] num=339 (0x153) pc=0x1804bc288 args=[0x4,0x27ff110,0x120a8,0x0,0x0,0x0,0x67,0xfffff0003ffff800]
[trap] num=339 (0x153) pc=0x1804bc288 args=[0x4,0x27feeb0,0x27fef74,0x701024053,0x701024030,0x0,0x67,0xfffff0003ffff800]
[M28 BANDSHRINK] syscall 339 band past ipa 0x701024030 len 65536 shrunk 64 -> 0 by an overlapping window of the same call
[trap] num=396 (0x18c) pc=0x1804afcac args=[0x4,0x700c08000,0x1000,0xa006f80a8,0x0,0x27fef07,0x3ff800,0xfffff0007ffff800]
[trap] num=396 (0x18c) pc=0x1804afcac args=[0x4,0x700c08000,0x1000,0xfffffffffffffff5,0x70,0x77,0x3ff800,0x3f0]
[trap] num=399 (0x18f) pc=0x1804af584 args=[0x4,0x0,0x1804edb6c,0xa0,0x6ce80,0x77,0x3ff800,0x3f0]
[trap] num=398 (0x18e) pc=0x1804ae948 args=[0x1803fd5e6,0x1000000,0x0,0xfffff0007fc00000,0x0,0x0,0x0,0xfffff0003ffff800]
[trap] num=339 (0x153) pc=0x1804bc288 args=[0x4,0x27feeb0,0x0,0xfffff0007fc00000,0x0,0x0,0x0,0xfffff0003ffff800]
[trap] num=406 (0x196) pc=0x1804b2174 args=[0x4,0x32,0x27fea20,0x27fede0,0x27fea80,0x0,0x0,0xfffff0003ffff800]
[trap] num=399 (0x18f) pc=0x1804af584 args=[0x4,0x32,0x27fea20,0x27fede0,0x27fea80,0x0,0x0,0xfffff0003ffff800]
[trap] num=338 (0x152) pc=0x1804b988c args=[0x27fea20,0x27fee20,0x27fea20,0x27fede0,0x27fea80,0x0,0x0,0xfffff0003ffff800]
[trap] num=398 (0x18e) pc=0x1804ae948 args=[0x1803fd5e6,0x1000000,0x0,0xa,0x6c380,0x10,0x0,0xfffff0003ffff800]
[trap] num=339 (0x153) pc=0x1804bc288 args=[0x4,0x27feeb0,0x0,0xa,0x6c380,0x10,0x0,0xfffff0003ffff800]
[trap] num=406 (0x196) pc=0x1804b2174 args=[0x4,0x32,0x27fea20,0x27fede0,0x27fea80,0x10,0x0,0xfffff0003ffff800]
[trap] num=399 (0x18f) pc=0x1804af584 args=[0x4,0x32,0x27fea20,0x27fede0,0x27fea80,0x10,0x0,0xfffff0003ffff800]
[trap] num=338 (0x152) pc=0x1804b988c args=[0x27fea20,0x27fee20,0x27fea20,0x27fede0,0x27fea80,0x10,0x0,0xfffff0003ffff800]
[trap] num=338 (0x152) pc=0x1804b988c args=[0x100283d67,0x27ff130,0x27ff270,0x103,0x0,0x0,0x2e,0x290]
[trap] num=340 (0x154) pc=0x1804b9860 args=[0x6c320,0x27ff0f0,0x0,0x6c32e,0x1002adcb8,0x27ff190,0x72,0x290]
[M28 BANDSHRINK] syscall 340 band past ipa 0x6c320 len 65536 shrunk 64 -> 0 by an overlapping window of the same call
[trap] num=340 (0x154) pc=0x1804b9860 args=[0x700c04040,0x27ff150,0x0,0x700c04046,0x5,0x10,0x73,0xfffff0003ffff800]
[M28 BANDSHRINK] syscall 340 band past ipa 0x700c04040 len 65536 shrunk 64 -> 0 by an overlapping window of the same call
[trap] num=340 (0x154) pc=0x1804b9860 args=[0x700c04040,0x27ff150,0x0,0x700c04052,0x0,0x10,0x6d,0xfffff0003ffff800]
[M28 BANDSHRINK] syscall 340 band past ipa 0x700c04040 len 65536 shrunk 64 -> 0 by an overlapping window of the same call
[trap] num=340 (0x154) pc=0x1804b9860 args=[0x701010b00,0x27ff150,0x0,0x701010b1c,0x701010b00,0x0,0x73,0xfffff0003ffff800]
[M28 BANDSHRINK] syscall 340 band past ipa 0x701010b00 len 65536 shrunk 64 -> 0 by an overlapping window of the same call
[M28 BANDSHRINK] syscall 340 band past ipa 0x701010b00 len 65536 shrunk 64 -> 0 by an overlapping window of the same call
[trap] num=340 (0x154) pc=0x1804b9860 args=[0x701010b00,0x27ff150,0x0,0x701010b23,0x0,0x0,0x62,0xfffff0003ffff800]
[M28 BANDSHRINK] syscall 340 band past ipa 0x701010b00 len 65536 shrunk 64 -> 0 by an overlapping window of the same call
[trap] num=340 (0x154) pc=0x1804b9860 args=[0x701010b00,0x27ff150,0x0,0x701010b2b,0x0,0x0,0x65,0xfffff0003ffff800]
[M28 BANDSHRINK] syscall 340 band past ipa 0x701010b00 len 65536 shrunk 64 -> 0 by an overlapping window of the same call
[trap] num=340 (0x154) pc=0x1804b9860 args=[0x701010b00,0x27ff150,0x0,0x701010b33,0x0,0x0,0x65,0xfffff0003ffff800]
[M28 BANDSHRINK] syscall 340 band past ipa 0x701010b00 len 65536 shrunk 64 -> 0 by an overlapping window of the same call
[trap] num=340 (0x154) pc=0x1804b9860 args=[0x6c540,0x27ff150,0x0,0x6c57d,0x701010b80,0x20,0x73,0xfffff0003ffff800]
[M28 BANDSHRINK] syscall 340 band past ipa 0x6c540 len 65536 shrunk 64 -> 0 by an overlapping window of the same call
[trap] num=340 (0x154) pc=0x1804b9860 args=[0x6c540,0x27ff150,0x0,0x6c58a,0x0,0x20,0x65,0xfffff0003ffff800]
[M28 BANDSHRINK] syscall 340 band past ipa 0x6c540 len 65536 shrunk 64 -> 0 by an overlapping window of the same call
[trap] num=33 (0x21) pc=0x1804ae668 args=[0x6bc20,0x4,0x0,0x103,0x1002ade74,0x27ff2b0,0x656572746b726f77,0xfffff0003ffff800]
[trap] num=194 (0xc2) pc=0x1804b00c8 args=[0x1008,0x27ff0d8,0x1804edb6c,0x7,0x0,0x27ff2b0,0x656572746b726f77,0xfffff0003ffff800]
[trap] num=398 (0x18e) pc=0x1804ae948 args=[0x6bc20,0x0,0x0,0x7,0x0,0x27ff2b0,0x656572746b726f77,0xfffff0003ffff800]
[trap] num=339 (0x153) pc=0x1804bc288 args=[0x4,0x27ff1a0,0x120a8,0x7,0x0,0x27ff2b0,0x656572746b726f77,0xfffff0003ffff800]
[trap] num=339 (0x153) pc=0x1804bc288 args=[0x4,0x27fef40,0x27ff004,0xff,0x6c8ef,0x6bc57,0x7,0x0]
[M28 BANDSHRINK] syscall 339 band past ipa 0x6bc57 len 65536 shrunk 64 -> 0 by an overlapping window of the same call
[trap] num=396 (0x18c) pc=0x1804afcac args=[0x4,0x700c08000,0x1000,0xa006af1c0,0x700c08000,0x0,0xffffffffbfc007ff,0xfffff0003ffff800]
[trap] num=396 (0x18c) pc=0x1804afcac args=[0x4,0x700c08000,0x1000,0xfffffffffffffff2,0x69,0x63,0xffffffffbfc007ff,0x370]
[trap] num=399 (0x18f) pc=0x1804af584 args=[0x4,0x0,0x1804edb6c,0xa0,0x6ce80,0x63,0xffffffffbfc007ff,0x370]
[trap] num=33 (0x21) pc=0x1804ae668 args=[0x6be40,0x4,0x0,0x103,0x6ce80,0x63,0xffffffffbfc007ff,0x370]
[M28 BANDSHRINK] syscall 33 band past ipa 0x6be40 len 65536 shrunk 64 -> 0 by an overlapping window of the same call
[trap] num=33 (0x21) pc=0x1804ae668 args=[0x6bca0,0x4,0x0,0x103,0x6ce80,0x63,0xffffffffbfc007ff,0x370]
[M28 BANDSHRINK] syscall 33 band past ipa 0x6bca0 len 65536 shrunk 64 -> 0 by an overlapping window of the same call
[trap] num=194 (0xc2) pc=0x1804b00c8 args=[0x1008,0x27ff0d8,0x1804edb6c,0x3,0x0,0x63,0xffffffffbfc007ff,0x370]
[trap] num=398 (0x18e) pc=0x1804ae948 args=[0x6bca0,0x0,0x0,0x3,0x0,0x63,0xffffffffbfc007ff,0x370]
[trap] num=339 (0x153) pc=0x1804bc288 args=[0x4,0x27ff1a0,0x120a8,0x3,0x0,0x63,0xffffffffbfc007ff,0x370]
[trap] num=339 (0x153) pc=0x1804bc288 args=[0x4,0x27fef40,0x27ff004,0x0,0x67,0x67,0xffffffffbfc007ff,0xfffff0003ffff800]
[trap] num=396 (0x18c) pc=0x1804afcac args=[0x4,0x700c08000,0x1000,0xa006af1c0,0x700c08000,0x0,0xffffffffbfc007ff,0xfffff0003ffff800]
[trap] num=396 (0x18c) pc=0x1804afcac args=[0x4,0x700c08000,0x1000,0xfffffffffffffff0,0x63,0x69,0xffffffffbfc007ff,0x370]
[trap] num=399 (0x18f) pc=0x1804af584 args=[0x4,0x0,0x1804edb6c,0xa,0x63,0x69,0xffffffffbfc007ff,0x370]
[trap] num=398 (0x18e) pc=0x1804ae948 args=[0x1803fd5e6,0x1000000,0x0,0xb,0x0,0x69,0xffffffffbfc007ff,0x370]
[trap] num=339 (0x153) pc=0x1804bc288 args=[0x4,0x27ff1b0,0x0,0xb,0x0,0x69,0xffffffffbfc007ff,0x370]
[trap] num=406 (0x196) pc=0x1804b2174 args=[0x4,0x32,0x27fed20,0x27ff0e0,0x27fed80,0x69,0xffffffffbfc007ff,0x370]
[trap] num=399 (0x18f) pc=0x1804af584 args=[0x4,0x32,0x27fed20,0x27ff0e0,0x27fed80,0x69,0xffffffffbfc007ff,0x370]
[trap] num=338 (0x152) pc=0x1804b988c args=[0x27fed20,0x27ff120,0x27fed20,0x27ff0e0,0x27fed80,0x69,0xffffffffbfc007ff,0x370]
[trap] num=398 (0x18e) pc=0x1804ae948 args=[0x1803fd5e6,0x1000000,0x0,0x15,0x6c240,0x20,0xffffffffbfc007ff,0x370]
[trap] num=339 (0x153) pc=0x1804bc288 args=[0x4,0x27ff1b0,0x0,0x15,0x6c240,0x20,0xffffffffbfc007ff,0x370]
[trap] num=406 (0x196) pc=0x1804b2174 args=[0x4,0x32,0x27fed20,0x27ff0e0,0x27fed80,0x20,0xffffffffbfc007ff,0x370]
[trap] num=399 (0x18f) pc=0x1804af584 args=[0x4,0x32,0x27fed20,0x27ff0e0,0x27fed80,0x20,0xffffffffbfc007ff,0x370]
[trap] num=338 (0x152) pc=0x1804b988c args=[0x27fed20,0x27ff120,0x27fed20,0x27ff0e0,0x27fed80,0x20,0xffffffffbfc007ff,0x370]
[trap] num=12 (0xc) pc=0x1804af75c args=[0x6c3b0,0x6c980,0x7,0x1804f8a10,0x2792420,0x20,0xffffffffbfc007ff,0x370]
[M28 BANDSHRINK] syscall 12 band past ipa 0x6c3b0 len 65536 shrunk 64 -> 0 by an overlapping window of the same call
[trap] num=33 (0x21) pc=0x1804ae668 args=[0x6bc20,0x4,0x0,0x103,0x1002ade74,0x27fe3f0,0x656572746b726f77,0x370]
[trap] num=194 (0xc2) pc=0x1804b00c8 args=[0x1008,0x27fe218,0x1804edb6c,0x7,0x0,0x27fe3f0,0x656572746b726f77,0x370]
[trap] num=398 (0x18e) pc=0x1804ae948 args=[0x6bc20,0x0,0x0,0x7,0x0,0x27fe3f0,0x656572746b726f77,0x370]
[trap] num=339 (0x153) pc=0x1804bc288 args=[0x4,0x27fe2e0,0x120a8,0x7,0x0,0x27fe3f0,0x656572746b726f77,0x370]
[trap] num=339 (0x153) pc=0x1804bc288 args=[0x4,0x27fe080,0x27fe144,0xff,0x6c8ef,0x6bc57,0xffffffffbfc007ff,0xfffff0003ffff800]
[M28 BANDSHRINK] syscall 339 band past ipa 0x6bc57 len 65536 shrunk 64 -> 0 by an overlapping window of the same call
[trap] num=396 (0x18c) pc=0x1804afcac args=[0x4,0x700c08000,0x1000,0xa006af1c0,0x700c08000,0x0,0xffffffffbfc007ff,0xfffff0003ffff800]
[trap] num=396 (0x18c) pc=0x1804afcac args=[0x4,0x700c08000,0x1000,0xfffffffffffffff2,0x69,0x63,0x0,0x370]
[trap] num=399 (0x18f) pc=0x1804af584 args=[0x4,0x0,0x1804edb6c,0xfffff0007fc00000,0x69,0x63,0x0,0x370]
[trap] num=33 (0x21) pc=0x1804ae668 args=[0x6be40,0x4,0x0,0x103,0x69,0x63,0x0,0x370]
[trap] num=33 (0x21) pc=0x1804ae668 args=[0x6c1c0,0x4,0x0,0x103,0x69,0x63,0x0,0x370]
[trap] num=194 (0xc2) pc=0x1804b00c8 args=[0x1008,0x27fe218,0x1804edb6c,0x3,0x0,0x63,0x0,0x370]
[trap] num=398 (0x18e) pc=0x1804ae948 args=[0x6c1c0,0x0,0x0,0x3,0x0,0x63,0x0,0x370]
[trap] num=339 (0x153) pc=0x1804bc288 args=[0x4,0x27fe2e0,0x120a8,0x3,0x0,0x63,0x0,0x370]
[trap] num=339 (0x153) pc=0x1804bc288 args=[0x4,0x27fe080,0x27fe144,0x0,0x67,0x67,0xffffffffbfc007ff,0xfffff0003ffff800]
[trap] num=396 (0x18c) pc=0x1804afcac args=[0x4,0x700c08000,0x1000,0xa006af1c0,0x700c08000,0x0,0xffffffffbfc007ff,0xfffff0003ffff800]
[trap] num=396 (0x18c) pc=0x1804afcac args=[0x4,0x700c08000,0x1000,0xfffffffffffffff0,0x63,0x69,0x0,0x370]
[trap] num=399 (0x18f) pc=0x1804af584 args=[0x4,0x0,0x1804edb6c,0xfffff0007fc00000,0x63,0x69,0x0,0x370]
[trap] num=58 (0x3a) pc=0x1804b015c args=[0x700c04020,0x701014000,0x20,0xa006f4150,0x0,0x27fe3a7,0x3ff800,0xfffff0007ffff800]
[trap] num=398 (0x18e) pc=0x1804ae948 args=[0x1803fd5e6,0x1000000,0x0,0x0,0x0,0x27fe3a7,0x6b,0xfffff0007ffff800]
[trap] num=339 (0x153) pc=0x1804bc288 args=[0x4,0x27fe080,0x0,0x0,0x0,0x27fe3a7,0x6b,0xfffff0007ffff800]
[trap] num=406 (0x196) pc=0x1804b2174 args=[0x4,0x32,0x27fdbf0,0x27fdfb0,0x27fdc40,0x27fe3a7,0x6b,0xfffff0007ffff800]
[trap] num=399 (0x18f) pc=0x1804af584 args=[0x4,0x32,0x27fdbf0,0x27fdfb0,0x27fdc40,0x27fe3a7,0x6b,0xfffff0007ffff800]
[trap] num=338 (0x152) pc=0x1804b988c args=[0x27fdbf0,0x27fdff0,0x27fdbf0,0x27fdfb0,0x27fdc40,0x27fe3a7,0x6b,0xfffff0007ffff800]
[trap] num=398 (0x18e) pc=0x1804ae948 args=[0x1803fd5e6,0x1000000,0x0,0xa,0x6da00,0x20,0x6b,0xfffff0007ffff800]
[trap] num=339 (0x153) pc=0x1804bc288 args=[0x4,0x27fe080,0x0,0xa,0x6da00,0x20,0x6b,0xfffff0007ffff800]
[trap] num=406 (0x196) pc=0x1804b2174 args=[0x4,0x32,0x27fdbf0,0x27fdfb0,0x27fdc40,0x20,0x6b,0xfffff0007ffff800]
[trap] num=399 (0x18f) pc=0x1804af584 args=[0x4,0x32,0x27fdbf0,0x27fdfb0,0x27fdc40,0x20,0x6b,0xfffff0007ffff800]
[trap] num=338 (0x152) pc=0x1804b988c args=[0x27fdbf0,0x27fdff0,0x27fdbf0,0x27fdfb0,0x27fdc40,0x20,0x6b,0xfffff0007ffff800]
[trap] num=5 (0x5) pc=0x1804ae694 args=[0x6dc00,0x1000a02,0x1b6,0x6dc97,0x6da80,0x20,0x6b,0xfffff0007ffff800]
[M28 BANDSHRINK] syscall 5 band past ipa 0x6dc00 len 65536 shrunk 64 -> 0 by an overlapping window of the same call
[M28 BANDSHRINK] syscall 5 band past ipa 0x6da80 len 65536 shrunk 64 -> 0 by an overlapping window of the same call
[trap] num=46 (0x2e) pc=0x1804b4478 args=[0x2,0x27fe368,0x27fe390,0x1c,0x0,0x20,0x6b,0xfffff0007ffff800]
[trap] num=46 (0x2e) pc=0x1804b4478 args=[0x1,0x27fe368,0x27fe390,0x10,0x0,0x20,0x6b,0xfffff0007ffff800]
[trap] num=46 (0x2e) pc=0x1804b4478 args=[0xf,0x27fe368,0x27fe390,0x4,0x0,0x20,0x6b,0xfffff0007ffff800]
[trap] num=46 (0x2e) pc=0x1804b4478 args=[0x3,0x27fe368,0x27fe390,0x0,0x0,0x20,0x6b,0xfffff0007ffff800]
[trap] num=46 (0x2e) pc=0x1804b4478 args=[0xd,0x27fe388,0x27fe3b0,0x0,0x0,0x20,0x6b,0xfffff0007ffff800]
[trap] num=5 (0x5) pc=0x1804ae694 args=[0x6bde0,0x0,0x0,0x1002cf1e9,0x100320cc8,0x10027b987,0x27fe3b0,0xfffff0003ffff800]
[trap] num=339 (0x153) pc=0x1804bc288 args=[0x5,0x27fd900,0x0,0x1002cf1e9,0x100320cc8,0x10027b987,0x27fe3b0,0xfffff0003ffff800]
[trap] num=197 (0xc5) pc=0x1804aea18 args=[0x0,0x89,0x1,0x40002,0x5,0x0,0x27fe3b0,0xfffff0003ffff800]
[trap] num=6 (0x6) pc=0x1804ae8f0 args=[0x5,0x89,0x1,0x40002,0x5,0x0,0x27fe3b0,0xfffff0003ffff800]
[trap] num=73 (0x49) pc=0x1804b1728 args=[0xa007b0000,0x89,0x1002f5210,0x1002b4c3d,0x100320cc8,0x0,0x27fd800,0xfffff0003ffff800]
[trap] num=33 (0x21) pc=0x1804ae668 args=[0x700c04080,0x4,0x0,0x1,0x0,0x6f,0x65,0xfffff0003ffff800]
[trap] num=5 (0x5) pc=0x1804ae694 args=[0x700c04080,0x0,0x0,0x6e090,0x0,0x0,0x0,0xfffff0003ffff800]
[trap] num=339 (0x153) pc=0x1804bc288 args=[0x5,0x27fe458,0x0,0x6e090,0x0,0x0,0x0,0xfffff0003ffff800]
[trap] num=3 (0x3) pc=0x1804ae91c args=[0x5,0x6ec90,0xf0,0x0,0x0,0x0,0x0,0xfffff0003ffff800]
[trap] num=6 (0x6) pc=0x1804ae8f0 args=[0x5,0x6ec90,0xf0,0x0,0x0,0x0,0x0,0xfffff0003ffff800]
[trap] num=398 (0x18e) pc=0x1804ae948 args=[0x100283073,0x1100000,0x0,0x0,0x0,0x0,0xffffffffbfc007ff,0xfffff0003ffff800]
[trap] num=346 (0x15a) pc=0x1804b9980 args=[0x5,0x27fd9f0,0x0,0x0,0x0,0x0,0xffffffffbfc007ff,0xfffff0003ffff800]
[trap] num=327 (0x147) pc=0x1804ad92c args=[0x1ec7f8110,0x0,0xfffffffffffffff8,0x1ec7f83f8,0x1ec7f8180,0x0,0xffffffffbfc007ff,0xfffff0003ffff800]
[trap] num=-14 (0xfffffffffffffff2) pc=0x1801155b8 args=[0x203,0x1ec444000,0x24000,0x0,0x3,0x27fceff,0x0,0x100]
[trap] num=338 (0x152) pc=0x180116c48 args=[0x1ec7f8468,0x27fbd30,0x27fbe30,0x27fbe18,0x1ec7f8472,0x1801ac864,0x27fc578,0x700]
[trap] num=-10 (0xfffffffffffffff6) pc=0x180115588 args=[0x203,0x27fbcf0,0x4000,0x3c000001,0x1ec7f8472,0x1801ac864,0x27fc578,0x700]
[trap] num=338 (0x152) pc=0x180116c48 args=[0x27fc350,0x27fbce0,0x27fbde0,0x27fbdc8,0x27fc37e,0x1801ac864,0x0,0x210]
[trap] num=-12 (0xfffffffffffffff4) pc=0x1801155a0 args=[0x203,0xa007b4000,0x4000,0x1a0500,0x0,0x0,0x0,0xbc0]
[trap] num=-15 (0xfffffffffffffff1) pc=0x1801155c4 args=[0x203,0x27fb980,0x20000,0x3fff,0x3c000001,0x3,0x0,0x0]
[trap] num=-12 (0xfffffffffffffff4) pc=0x1801155a0 args=[0x203,0x1003c0000,0x20000,0x103,0x0,0x0,0x0,0x0]
[trap] num=-14 (0xfffffffffffffff2) pc=0x1801155b8 args=[0x203,0x1ec444000,0x24000,0x0,0x1,0x0,0x0,0x0]
[trap] num=5 (0x5) pc=0x1804ae694 args=[0x27fc3d8,0x1000000,0x0,0x27fc3fa,0x190380f65,0x27fc3c0,0x62,0xfffff0003ffff800]
[trap] num=339 (0x153) pc=0x1804bc288 args=[0x6,0x27fc300,0x0,0x27fc3fa,0x190380f65,0x27fc3c0,0x62,0xfffff0003ffff800]
[trap] num=197 (0xc5) pc=0x1804aea18 args=[0x0,0x7810,0x1,0x40002,0x6,0x0,0x62,0xfffff0003ffff800]
[trap] num=6 (0x6) pc=0x1804ae8f0 args=[0x6,0x7810,0x1,0x40002,0x6,0x0,0x62,0xfffff0003ffff800]
[trap] num=73 (0x49) pc=0x1804b1728 args=[0xa007b8000,0x7810,0xed2,0x7,0x0,0x0,0x0,0xf20]
[trap] num=5 (0x5) pc=0x1804ae694 args=[0x27fc3d8,0x1000000,0x0,0x27fc3f8,0x190380f65,0x27fc3c0,0x62,0xf20]
[trap] num=339 (0x153) pc=0x1804bc288 args=[0x6,0x27fc300,0x0,0x27fc3f8,0x190380f65,0x27fc3c0,0x62,0xf20]
[trap] num=197 (0xc5) pc=0x1804aea18 args=[0x0,0x3590,0x1,0x40002,0x6,0x0,0x62,0xf20]
[trap] num=6 (0x6) pc=0x1804ae8f0 args=[0x6,0x3590,0x1,0x40002,0x6,0x0,0x62,0xf20]
[trap] num=73 (0x49) pc=0x1804b1728 args=[0xa007c0000,0x3590,0xed2,0x7,0x0,0x27fc820,0x62,0xf20]
[trap] num=5 (0x5) pc=0x1804ae694 args=[0x27fc8c4,0x1000000,0x0,0x27fc8eb,0x190380d90,0x27fc880,0x62,0xf20]
[trap] num=339 (0x153) pc=0x1804bc288 args=[0x6,0x27fc7c0,0x0,0x27fc8eb,0x190380d90,0x27fc880,0x62,0xf20]
[trap] num=197 (0xc5) pc=0x1804aea18 args=[0x0,0x170,0x1,0x40002,0x6,0x0,0x62,0xf20]
[trap] num=6 (0x6) pc=0x1804ae8f0 args=[0x6,0x170,0x1,0x40002,0x6,0x0,0x62,0xf20]
[trap] num=73 (0x49) pc=0x1804b1728 args=[0xa007c4000,0x170,0xed2,0x2,0x0,0x305f656d616e7363,0x0,0xfffff0003ffff800]
[trap] num=5 (0x5) pc=0x1804ae694 args=[0x27fc3d8,0x1000000,0x0,0x27fc3fa,0x190380f65,0x27fc3c0,0x62,0xfffff0003ffff800]
[trap] num=339 (0x153) pc=0x1804bc288 args=[0x6,0x27fc300,0x0,0x27fc3fa,0x190380f65,0x27fc3c0,0x62,0xfffff0003ffff800]
[trap] num=197 (0xc5) pc=0x1804aea18 args=[0x0,0x7810,0x1,0x40002,0x6,0x0,0x62,0xfffff0003ffff800]
[trap] num=6 (0x6) pc=0x1804ae8f0 args=[0x6,0x7810,0x1,0x40002,0x6,0x0,0x62,0xfffff0003ffff800]
[trap] num=73 (0x49) pc=0x1804b1728 args=[0xa007c8000,0x7810,0xed2,0x2,0x0,0x0,0x0,0xf20]
[trap] num=5 (0x5) pc=0x1804ae694 args=[0x27fc3d8,0x1000000,0x0,0x27fc3f8,0x190380f65,0x27fc3c0,0x62,0xf20]
[trap] num=339 (0x153) pc=0x1804bc288 args=[0x6,0x27fc300,0x0,0x27fc3f8,0x190380f65,0x27fc3c0,0x62,0xf20]
[trap] num=197 (0xc5) pc=0x1804aea18 args=[0x0,0x3590,0x1,0x40002,0x6,0x0,0x62,0xf20]
[trap] num=6 (0x6) pc=0x1804ae8f0 args=[0x6,0x3590,0x1,0x40002,0x6,0x0,0x62,0xf20]
[trap] num=73 (0x49) pc=0x1804b1728 args=[0xa007d0000,0x3590,0xed2,0x2,0x0,0x27fc820,0x62,0xf20]
[trap] num=5 (0x5) pc=0x1804ae694 args=[0x27fc8c4,0x1000000,0x0,0x27fc8e7,0x190380d90,0x27fc880,0x62,0xf20]
[trap] num=339 (0x153) pc=0x1804bc288 args=[0x6,0x27fc7c0,0x0,0x27fc8e7,0x190380d90,0x27fc880,0x62,0xf20]
[trap] num=197 (0xc5) pc=0x1804aea18 args=[0x0,0x170,0x1,0x40002,0x6,0x0,0x62,0xf20]
[trap] num=6 (0x6) pc=0x1804ae8f0 args=[0x6,0x170,0x1,0x40002,0x6,0x0,0x62,0xf20]
[trap] num=73 (0x49) pc=0x1804b1728 args=[0xa007d4000,0x170,0xed2,0x2,0x0,0x305f656d616e7363,0x0,0xfffff0003ffff800]
[trap] num=-14 (0xfffffffffffffff2) pc=0x1801155b8 args=[0x203,0x1ec444000,0x24000,0x0,0x3,0x27fce0f,0x0,0xf90]
[trap] num=338 (0x152) pc=0x180116c48 args=[0x1ec7f8468,0x27fbc40,0x27fbd40,0x27fbd28,0x1ec7f8472,0x1801ac864,0x27fc488,0x700]
[trap] num=-10 (0xfffffffffffffff6) pc=0x180115588 args=[0x203,0x27fbc00,0x4000,0x3c000001,0x1ec7f8472,0x1801ac864,0x27fc488,0x700]
[trap] num=338 (0x152) pc=0x180116c48 args=[0x27fc260,0x27fbbf0,0x27fbcf0,0x27fbcd8,0x27fc28e,0x1801ac864,0x0,0x210]
[trap] num=-12 (0xfffffffffffffff4) pc=0x1801155a0 args=[0x203,0xa007d8000,0x4000,0x1a0500,0x0,0x0,0x0,0xbc0]
[trap] num=-15 (0xfffffffffffffff1) pc=0x1801155c4 args=[0x203,0x27fb890,0x20000,0x3fff,0x3c000001,0x3,0x0,0x0]
[trap] num=-12 (0xfffffffffffffff4) pc=0x1801155a0 args=[0x203,0x1003c0000,0x20000,0x103,0x0,0x0,0x0,0x0]
[trap] num=-14 (0xfffffffffffffff2) pc=0x1801155b8 args=[0x203,0x1ec444000,0x24000,0x0,0x1,0x0,0x0,0x0]
[trap] num=-14 (0xfffffffffffffff2) pc=0x1801155b8 args=[0x203,0x1ec444000,0x24000,0x0,0x3,0x27fce0f,0x0,0xf90]
[trap] num=338 (0x152) pc=0x180116c48 args=[0x1ec7f8468,0x27fbc40,0x27fbd40,0x27fbd28,0x1ec7f8472,0x1801ac864,0x27fc488,0x700]
[trap] num=-10 (0xfffffffffffffff6) pc=0x180115588 args=[0x203,0x27fbc00,0x4000,0x3c000001,0x1ec7f8472,0x1801ac864,0x27fc488,0x700]
[trap] num=338 (0x152) pc=0x180116c48 args=[0x27fc260,0x27fbbf0,0x27fbcf0,0x27fbcd8,0x27fc28e,0x1801ac864,0x0,0x210]
[trap] num=-12 (0xfffffffffffffff4) pc=0x1801155a0 args=[0x203,0xa007dc000,0x4000,0x1a0500,0x0,0x0,0x0,0xbc0]
[trap] num=-15 (0xfffffffffffffff1) pc=0x1801155c4 args=[0x203,0x27fb890,0x20000,0x3fff,0x3c000001,0x3,0x0,0x0]
[trap] num=-12 (0xfffffffffffffff4) pc=0x1801155a0 args=[0x203,0x1003c0000,0x20000,0x103,0x0,0x0,0x0,0x0]
[trap] num=-14 (0xfffffffffffffff2) pc=0x1801155b8 args=[0x203,0x1ec444000,0x24000,0x0,0x1,0x0,0x0,0x0]
[trap] num=338 (0x152) pc=0x1804b988c args=[0x27fafe8,0x27faf50,0x0,0x27fb00b,0x190380d90,0x27faf40,0x72,0x0]
[trap] num=5 (0x5) pc=0x1804ae694 args=[0x27faf88,0x1000000,0x0,0x27fafb1,0x190380f65,0x27faf70,0x62,0x100]
[trap] num=5 (0x5) pc=0x1804ae694 args=[0x190380d69,0x1000000,0x0,0x27fafb1,0x190380f65,0x27faf70,0x62,0x100]
[trap] num=5 (0x5) pc=0x1804ae694 args=[0x27faf88,0x1000000,0x0,0x27fafb1,0x190380f65,0x27faf70,0x62,0x100]
[trap] num=5 (0x5) pc=0x1804ae694 args=[0x190380d69,0x1000000,0x0,0x27fafb1,0x190380f65,0x27faf70,0x62,0x100]
[trap] num=-14 (0xfffffffffffffff2) pc=0x1801155b8 args=[0x203,0x1ec444000,0x24000,0x0,0x3,0x27facbf,0x0,0xfffff0007ffff800]
[trap] num=338 (0x152) pc=0x180116c48 args=[0x1ec7f8468,0x27f9af0,0x27f9bf0,0x27f9bd8,0x1ec7f8472,0x1801ac864,0x27fa338,0x700]
[trap] num=-10 (0xfffffffffffffff6) pc=0x180115588 args=[0x203,0x27f9ab0,0x4000,0x3c000001,0x1ec7f8472,0x1801ac864,0x27fa338,0x700]
[trap] num=338 (0x152) pc=0x180116c48 args=[0x27fa110,0x27f9aa0,0x27f9ba0,0x27f9b88,0x27fa13e,0x1801ac864,0x0,0x210]
[trap] num=-12 (0xfffffffffffffff4) pc=0x1801155a0 args=[0x203,0xa007e0000,0x4000,0x1a0500,0x0,0x0,0x0,0xbc0]
[trap] num=-15 (0xfffffffffffffff1) pc=0x1801155c4 args=[0x203,0x27f9740,0x20000,0x3fff,0x3c000001,0x3,0x0,0x0]
[trap] num=-12 (0xfffffffffffffff4) pc=0x1801155a0 args=[0x203,0x1003c0000,0x20000,0x103,0x0,0x0,0x0,0x0]
[trap] num=-14 (0xfffffffffffffff2) pc=0x1801155b8 args=[0x203,0x1ec444000,0x24000,0x0,0x1,0x0,0x0,0x0]
[trap] num=344 (0x158) pc=0x1804af9c4 args=[0x5,0x70210,0x2000,0x6f368,0x6f3c0,0x100,0x0,0x200]
[M28 BANDSHRINK] syscall 344 band past ipa 0x6f368 len 65536 shrunk 64 -> 0 by an overlapping window of the same call
[M28 BANDSHRINK] syscall 344 band past ipa 0x6f3c0 len 65536 shrunk 64 -> 0 by an overlapping window of the same call
[trap] num=202 (0xca) pc=0x1804af460 args=[0x27fe160,0x2,0x27fe154,0x27fe158,0x0,0x0,0x0,0x0]
[trap] num=5 (0x5) pc=0x1804ae694 args=[0x700c040c0,0x100,0x0,0x701030000,0x6bad0,0x1,0x0,0xfffff0003ffff800]
[trap] num=399 (0x18f) pc=0x1804af584 args=[0x5,0xf2d,0xf2d,0xa,0x6f340,0x0,0x27ff230,0x0]
[trap] num=116 (0x74) pc=0x1804b1b60 args=[0x27fd820,0x0,0x0,0xfffffc088,0x0,0x1002d5018,0x0,0x100279f56]
[trap] num=340 (0x154) pc=0x1804b9860 args=[0x6ed84,0x27fe4c0,0x0,0x1e,0x6f200,0x61,0x0,0xfc0]
[M28 BANDSHRINK] syscall 340 band past ipa 0x6ed84 len 65536 shrunk 64 -> 0 by an overlapping window of the same call
[trap] num=-15 (0xfffffffffffffff1) pc=0x1804adacc args=[0x203,0x27fe1a8,0x400000,0x0,0x2004000,0x3,0x0,0x0]
[trap] num=5 (0x5) pc=0x1804ae694 args=[0x6ed84,0x0,0x0,0x27fe4c0,0x1,0x1,0x74,0x0]
[trap] num=5 (0x5) pc=0x1804ae694 args=[0x6f750,0x0,0x0,0x6f79b,0x10027b3f7,0x27fdfa0,0x73,0xfffff0003ffff800]
[M28 BANDSHRINK] syscall 5 band past ipa 0x6f750 len 65536 shrunk 64 -> 0 by an overlapping window of the same call
[trap] num=406 (0x196) pc=0x1804b2174 args=[0x6,0x3,0x0,0x6f79b,0x10027b3f7,0x27fdfa0,0x73,0xfffff0003ffff800]
[trap] num=194 (0xc2) pc=0x1804b00c8 args=[0x1008,0x27fde18,0x1804edb6c,0x6f79b,0x10027b3f7,0x27fdfa0,0x73,0xfffff0003ffff800]
[trap] num=339 (0x153) pc=0x1804bc288 args=[0x6,0x27fdf00,0x1804edb6c,0x6f79b,0x10027b3f7,0x27fdfa0,0x73,0xfffff0003ffff800]
[trap] num=339 (0x153) pc=0x1804bc288 args=[0x6,0x27fdd00,0x27fddc4,0x1ec7035c0,0x7010242a0,0x0,0xffffffffbfc007ff,0xfffff0003ffff800]
[trap] num=396 (0x18c) pc=0x1804afcac args=[0x6,0x700c08000,0x1000,0xa006af1c0,0x700c08000,0x0,0xffffffffbfc007ff,0xfffff0003ffff800]
[trap] num=396 (0x18c) pc=0x1804afcac args=[0x6,0x700c08000,0x1000,0x1ec7035c0,0x66,0x66,0x74,0xfffff0003ffff800]
[trap] num=399 (0x18f) pc=0x1804af584 args=[0x6,0x0,0x1804edb6c,0x1ec7035c0,0x66,0x66,0x74,0xfffff0003ffff800]
[trap] num=5 (0x5) pc=0x1804ae694 args=[0x6f870,0x0,0x0,0x6f883,0x0,0x66,0x0,0xfffff0003ffff800]
[M28 BANDSHRINK] syscall 5 band past ipa 0x6f870 len 65536 shrunk 64 -> 0 by an overlapping window of the same call
[trap] num=5 (0x5) pc=0x1804ae694 args=[0x1002b1a90,0x100,0x0,0x3,0x0,0x66,0x0,0xfffff0003ffff800]
[trap] num=5 (0x5) pc=0x1804ae694 args=[0x700c04040,0x0,0x0,0x2d,0x0,0x6f,0x73,0xfffff0003ffff800]
[trap] num=3 (0x3) pc=0x1804ae91c args=[0x5,0x6f9a0,0x6,0x1c,0x0,0x0,0xffffffffbfc007ff,0xfffff0003ffff800]
[trap] num=5 (0x5) pc=0x1804ae694 args=[0x6f8a0,0x0,0x0,0x6f8bc,0x1002ca5de,0x27fdd00,0x736574616e726574,0x8ac4d5d]
[M28 BANDSHRINK] syscall 5 band past ipa 0x6f8a0 len 65536 shrunk 64 -> 0 by an overlapping window of the same call
[trap] num=5 (0x5) pc=0x1804ae694 args=[0x6f8a0,0x1000000,0x0,0x1,0x1002c7006,0x27fdbb0,0x78,0x8ac4d5d]
[trap] num=5 (0x5) pc=0x1804ae694 args=[0x6f8f0,0x1000000,0x0,0x6f92b,0x1002c7026,0x27fdbb0,0x6e,0x8ac4d5d]
[M28 BANDSHRINK] syscall 5 band past ipa 0x6f8f0 len 65536 shrunk 64 -> 0 by an overlapping window of the same call
[trap] num=398 (0x18e) pc=0x1804ae948 args=[0x700c040e0,0x1100000,0x0,0x0,0x0,0x0,0x6b,0xfffff0003ffff800]
[trap] num=346 (0x15a) pc=0x1804b9980 args=[0x6,0x27fd410,0x0,0x0,0x0,0x0,0x6b,0xfffff0003ffff800]
[trap] num=344 (0x158) pc=0x1804af9c4 args=[0x6,0x700c20000,0x2000,0x702a8,0x70300,0x1,0x0,0x0]
[M28 BANDSHRINK] syscall 344 band past ipa 0x702a8 len 65536 shrunk 64 -> 0 by an overlapping window of the same call
[trap] num=399 (0x18f) pc=0x1804af584 args=[0x6,0x0,0x1021,0x8a,0x70280,0x1,0x0,0x0]
[trap] num=33 (0x21) pc=0x1804ae668 args=[0x701010b80,0x0,0x60,0xfffff0007fc00000,0x701010b80,0x0,0x0,0xfffff0003ffff800]
[trap] num=116 (0x74) pc=0x1804b1b60 args=[0x27fc2e0,0x0,0x0,0xfffffc088,0x58,0x58,0x58,0xfffff0003ffff800]
[trap] num=5 (0x5) pc=0x1804ae694 args=[0x701010c00,0xa02,0x124,0x1ec6fd540,0x58,0x58,0xebb7c9871d85728b,0xfffff0003ffff800]
[trap] num=136 (0x88) pc=0x1804af788 args=[0x701010c00,0x1ff,0x0,0x701010c0f,0x58,0x58,0x35,0xfffff0003ffff800]
[M28 BANDSHRINK] syscall 136 band past ipa 0x701010c00 len 65536 shrunk 64 -> 0 by an overlapping window of the same call
[trap] num=116 (0x74) pc=0x1804b1b60 args=[0x27fc2e0,0x0,0x0,0xfffffc088,0x58,0x58,0x58,0xfffff0003ffff800]
[trap] num=5 (0x5) pc=0x1804ae694 args=[0x701010c00,0xa02,0x124,0x1ec6fd548,0x58,0x58,0xb4c4cf4bba821b3d,0xfffff0003ffff800]
[trap] num=-15 (0xfffffffffffffff1) pc=0x1804adacc args=[0x203,0x27fc318,0x400000,0x3fffff,0x2000001,0x3,0x0,0x0]
[trap] num=4 (0x4) pc=0x1804b1834 args=[0x6,0x27fd008,0x15,0x27fc6d1,0x27,0x3,0xa,0x8]
[trap] num=75 (0x4b) pc=0x1804b09b0 args=[0x700900000,0x10000,0x7,0x0,0x0,0x3,0xa,0x8]
[m47] num=75 args=[0x700900000,0x10000,0x7] policy="" op="" ret=0x0 err=false writes=0
[trap] num=75 (0x4b) pc=0x1804b09b0 args=[0xa007cc000,0x10000,0x7,0x0,0x0,0x0,0x0,0x8]
[m47] num=75 args=[0xa007cc000,0x10000,0x7] policy="" op="" ret=0x0 err=false writes=0
[trap] num=75 (0x4b) pc=0x1804b09b0 args=[0xa007bc000,0x10000,0x7,0x0,0x0,0x0,0x0,0x8]
[m47] num=75 args=[0xa007bc000,0x10000,0x7] policy="" op="" ret=0x0 err=false writes=0
[trap] num=75 (0x4b) pc=0x1804b09b0 args=[0xa007ac000,0x10000,0x7,0x0,0x0,0x0,0x0,0x8]
[m47] num=75 args=[0xa007ac000,0x10000,0x7] policy="" op="" ret=0x0 err=false writes=0
[trap] num=6 (0x6) pc=0x1804ae8f0 args=[0x6,0x6,0x701010c00,0xa55786dc,0x0,0x133a6b65,0xc7e94946,0x8ac4d5d]
[trap] num=9 (0x9) pc=0x1804b26f0 args=[0x701010c00,0x701010bc0,0x1,0xa55786dc,0x0,0x133a6b65,0xc7e94946,0x8ac4d5d]
[M28 BANDSHRINK] syscall 9 band past ipa 0x701010bc0 len 65536 shrunk 64 -> 0 by an overlapping window of the same call
[trap] num=10 (0xa) pc=0x1804b1cac args=[0x701010c00,0x701010bc0,0x1,0xa55786dc,0x0,0x133a6b65,0xc7e94946,0x8ac4d5d]
[M28 BANDSHRINK] syscall 10 band past ipa 0x701010bc0 len 65536 shrunk 64 -> 0 by an overlapping window of the same call
[trap] num=6 (0x6) pc=0x1804ae8f0 args=[0x5,0xf9a,0xf9a,0x1,0x0,0x133a6b65,0xc7e94946,0x8ac4d5d]
[trap] num=116 (0x74) pc=0x1804b1b60 args=[0x27fe170,0x0,0x0,0xfffffc088,0x100320cc8,0x10027b987,0x27fe3d0,0x8ac4d5d]
[trap] num=4 (0x4) pc=0x1804b1834 args=[0x4,0x700900000,0xaa,0x7012e,0x0,0x13ff2186,0xa,0x71f3ea5]
[trap] num=4 (0x4) pc=0x1804b1834 args=[0x4,0x700900000,0x14,0x6bb84,0x0,0x762febca,0x2b,0xf3ef1a3b]
[trap] num=75 (0x4b) pc=0x1804b09b0 args=[0x700900000,0x20000,0x7,0x0,0x0,0x762febca,0x2b,0xf3ef1a3b]
[m47] num=75 args=[0x700900000,0x20000,0x7] policy="" op="" ret=0x0 err=false writes=0
[trap] num=6 (0x6) pc=0x1804ae8f0 args=[0x4,0x0,0x100d,0xa0,0x70140,0x0,0x0,0xf3ef1a3b]
[trap] num=338 (0x152) pc=0x1804b988c args=[0x6dc00,0x27fe2c8,0x100d,0xa0,0x70140,0x0,0x0,0xf3ef1a3b]
[M28 BANDSHRINK] syscall 338 band past ipa 0x6dc00 len 65536 shrunk 64 -> 0 by an overlapping window of the same call
[trap] num=128 (0x80) pc=0x1804b188c args=[0x6dc00,0x700d0,0xffffffffffffffe7,0x0,0x0,0x0,0x27fe3d0,0xf3ef1a3b]
[M28 BANDSHRINK] syscall 128 band past ipa 0x6dc00 len 65536 shrunk 64 -> 0 by an overlapping window of the same call
[trap] num=33 (0x21) pc=0x1804ae668 args=[0x701010c40,0x1,0xc1d,0x4,0x0,0x6f,0x65,0xfffff0003ffff800]
[trap] num=339 (0x153) pc=0x1804bc288 args=[0x1,0x27ff468,0x120a8,0xfffff0007fc00000,0x701008a80,0x10,0x65,0xfffff0003ffff800]
[trap] num=399 (0x18f) pc=0x1804af584 args=[0x1,0x0,0x1804edb6c,0xfffff0007fc00000,0x701008a80,0x10,0x65,0xfffff0003ffff800]
[trap] num=1 (0x1) pc=0x1804b5584 args=[0x0,0x1,0x120a8,0x1ec701508,0x1803a78bc,0x10,0x65,0xfffff0003ffff800]
[retrace] fall-throughs: 5
