[trap] num=-28 (0xffffffffffffffe4) pc=0x140001654 args=[0x27ff918,0x8,0x1400e0090,0x27ff3bf,0x27ff508,0x1400647cc,0x0,0x0]
[trap] num=-26 (0xffffffffffffffe6) pc=0x14000163c args=[0x203,0x8,0x1400e0090,0x27ff3bf,0x27ff508,0x1400647cc,0x0,0x0]
[trap] num=372 (0x174) pc=0x140004b14 args=[0x0,0x8,0x1400e0090,0x27ff3bf,0x27ff508,0x1400647cc,0x0,0x0]
[trap] num=2147483648 (0x80000000) pc=0x14008194c args=[0x1400b9ee0,0x8,0x1400e0090,0x2,0x27ff508,0x1400647cc,0x0,0x0]
[retrace warn] dyld __mac_syscall(Sandbox) synthesized as success/unsandboxed (not forwarded; host would fault)
[trap] num=38 (0x26) pc=0x1400815a0 args=[0x0,0x0,0x0,0x27ff5b8,0x0,0x1400647cc,0x0,0x0]
[trap] num=-14 (0xfffffffffffffff2) pc=0x1400015b8 args=[0x203,0x1400bc000,0x200f0,0x0,0x3,0x1400647cc,0x0,0x0]
[trap] num=483 (0x1e3) pc=0x140004e08 args=[0x0,0x27ff57c,0x4,0x0,0x3,0x1400647cc,0x0,0x0]
[trap] num=38 (0x26) pc=0x1400815a0 args=[0x0,0x0,0x0,0x27ff538,0x0,0x1400647cc,0x0,0x0]
[trap] num=-14 (0xfffffffffffffff2) pc=0x1400015b8 args=[0x203,0x1400bc000,0x200f0,0x0,0x1,0x1400bc0f0,0x20000,0x0]
[trap] num=-14 (0xfffffffffffffff2) pc=0x1400015b8 args=[0x203,0x1400bc000,0x200f0,0x0,0x3,0x1400bc0f0,0x20000,0x0]
[trap] num=-14 (0xfffffffffffffff2) pc=0x1400015b8 args=[0x203,0x1400bc000,0x200f0,0x0,0x1,0x6b,0x20000,0xec0]
[trap] num=294 (0x126) pc=0x1400062f8 args=[0x27ff8e0,0x27ff8e0,0x27ff8d0,0x27ff8e0,0x27ff940,0x6b,0x20000,0xec0]
[trap] num=-14 (0xfffffffffffffff2) pc=0x1400015b8 args=[0x203,0x1400bc000,0x200f0,0x0,0x3,0x6b,0x20000,0xec0]
[trap] num=-15 (0xfffffffffffffff1) pc=0x1400015c4 args=[0x203,0x27fed60,0x20000,0x3fff,0x3c000001,0x3,0x0,0x0]
[trap] num=20 (0x14) pc=0x140004f48 args=[0x0,0x3,0x74380663dfc,0x2,0x1,0x27ff4b0,0x65,0x0]
[trap] num=-12 (0xfffffffffffffff4) pc=0x1400015a0 args=[0x203,0x1003c0000,0x20000,0x0,0x0,0x0,0x0,0x0]
[trap] num=-14 (0xfffffffffffffff2) pc=0x1400015b8 args=[0x203,0x1400bc000,0x200f0,0x0,0x1,0x0,0x0,0x0]
[trap] num=38 (0x26) pc=0x1400815a0 args=[0x0,0x0,0x0,0x27ff6c8,0x1,0x0,0x0,0x0]
[trap] num=483 (0x1e3) pc=0x140004e08 args=[0x0,0x27ff6dc,0x4,0x27ff748,0x1,0x0,0x0,0x0]
[trap] num=-14 (0xfffffffffffffff2) pc=0x1400015b8 args=[0x203,0x1400bc000,0x200f0,0x0,0x3,0x0,0x0,0x0]
[trap] num=-15 (0xfffffffffffffff1) pc=0x1400015c4 args=[0x203,0x27fed60,0x20000,0x3fff,0x3c000001,0x3,0x0,0x0]
[trap] num=-12 (0xfffffffffffffff4) pc=0x1400015a0 args=[0x203,0x1003c0000,0x20000,0x0,0x0,0x0,0x0,0x0]
[trap] num=-14 (0xfffffffffffffff2) pc=0x1400015b8 args=[0x203,0x1400bc000,0x200f0,0x0,0x1,0x0,0x0,0x0]
[trap] num=336 (0x150) pc=0x14000600c args=[0xf,0x1140c,0x0,0x0,0x1ec6f7f80,0x170,0x0,0x0]
[trap] num=-28 (0xffffffffffffffe4) pc=0x180115654 args=[0x1,0x0,0x0,0x0,0x0,0x0,0x0,0x0]
[trap] num=-26 (0xffffffffffffffe6) pc=0x18011563c args=[0x203,0x0,0x0,0x0,0x0,0x0,0x0,0x0]
[trap] num=372 (0x174) pc=0x180118b14 args=[0x0,0x0,0x0,0x0,0x0,0x0,0x0,0x0]
[trap] num=2147483648 (0x80000000) pc=0x18019594c args=[0x1ec6f9e60,0x0,0x0,0x2,0x0,0x0,0x0,0x0]
[retrace warn] dyld __mac_syscall(Sandbox) synthesized as success/unsandboxed (not forwarded; host would fault)
[trap] num=38 (0x26) pc=0x1801955a0 args=[0x0,0x0,0x0,0x27ff5b8,0x0,0x0,0x0,0x0]
[trap] num=-14 (0xfffffffffffffff2) pc=0x1801155b8 args=[0x203,0x1ec444000,0x24000,0x0,0x13,0x0,0x0,0x0]
[trap] num=483 (0x1e3) pc=0x180118e08 args=[0x0,0x27ff57c,0x4,0x0,0x13,0x0,0x0,0x0]
[trap] num=38 (0x26) pc=0x1801955a0 args=[0x0,0x0,0x0,0x27ff538,0x0,0x0,0x0,0x0]
[trap] num=-14 (0xfffffffffffffff2) pc=0x1801155b8 args=[0x203,0x1ec444000,0x24000,0x0,0x1,0x1ec444140,0x20000,0x0]
[trap] num=-14 (0xfffffffffffffff2) pc=0x1801155b8 args=[0x203,0x1ec444000,0x24000,0x0,0x13,0x1ec444140,0x20000,0x0]
[trap] num=-14 (0xfffffffffffffff2) pc=0x1801155b8 args=[0x203,0x1ec444000,0x24000,0x0,0x1,0x6b,0x20000,0xec0]
[trap] num=294 (0x126) pc=0x18011a2f8 args=[0x27ff8e0,0x27ff8e0,0x27ff8d0,0x27ff8e0,0x27ff940,0x6b,0x20000,0xec0]
[trap] num=-19 (0xffffffffffffffed) pc=0x1801155e8 args=[0x203,0x203,0x0,0xffffffff,0x27ff940,0x6b,0x20000,0xec0]
[trap] num=-14 (0xfffffffffffffff2) pc=0x1801155b8 args=[0x203,0x1ec444000,0x24000,0x0,0x3,0x6b,0x20000,0xec0]
[trap] num=-15 (0xfffffffffffffff1) pc=0x1801155c4 args=[0x203,0x27fed60,0x20000,0x3fff,0x3c000001,0x3,0x0,0x0]
[trap] num=20 (0x14) pc=0x180118f48 args=[0x0,0x3,0x7438067a5fc,0x2,0x1,0x27ff4b0,0x65,0x0]
[trap] num=-12 (0xfffffffffffffff4) pc=0x1801155a0 args=[0x203,0x1003c0000,0x20000,0x0,0x0,0x0,0x0,0x0]
[trap] num=-14 (0xfffffffffffffff2) pc=0x1801155b8 args=[0x203,0x1ec444000,0x24000,0x0,0x1,0x0,0x0,0x0]
[trap] num=73 (0x49) pc=0x18011823c args=[0x140000000,0xa8000,0x27ff63f,0x2,0x8,0x0,0x0,0x0]
[trap] num=73 (0x49) pc=0x18011823c args=[0x1400a8000,0x4000,0x27ff63f,0x2,0x8,0x0,0x0,0x0]
[trap] num=73 (0x49) pc=0x18011823c args=[0x1400ac000,0x8000,0x27ff63f,0x2,0x8,0x0,0x0,0x0]
[trap] num=73 (0x49) pc=0x18011823c args=[0x1400b4000,0x4000,0x27ff63f,0x2,0x8,0x0,0x0,0x0]
[trap] num=73 (0x49) pc=0x18011823c args=[0x1400bc000,0x24000,0x27ff63f,0x2,0x8,0x0,0x0,0x0]
[trap] num=73 (0x49) pc=0x18011823c args=[0x1400e0000,0x60000,0x27ff63f,0x2,0x8,0x0,0x0,0x0]
[trap] num=-14 (0xfffffffffffffff2) pc=0x1801155b8 args=[0x203,0x1ec444000,0x24000,0x0,0x3,0x0,0x0,0x0]
[trap] num=38 (0x26) pc=0x1801955a0 args=[0x0,0x0,0x0,0x27ff1f8,0x1,0x0,0x0,0x0]
[trap] num=5 (0x5) pc=0x180119f50 args=[0x27ffe97,0x0,0x0,0x0,0x1,0x0,0x0,0x0]
[trap] num=92 (0x5c) pc=0x1801180d8 args=[0x3,0x32,0x27fedf8,0x0,0x1,0x0,0x0,0x0]
[trap] num=6 (0x6) pc=0x180116750 args=[0x3,0x32,0x27fedf8,0x0,0x1,0x0,0x0,0x0]
[trap] num=483 (0x1e3) pc=0x180118e08 args=[0x0,0x27ff20c,0x4,0x1a,0x67,0x4d,0x0,0x0]
[trap] num=381 (0x17d) pc=0x180119ecc args=[0x1801b7eb4,0x2,0x27ff130,0xa,0x73,0x69,0x0,0x0]
[m47] num=381 args=[0x1801b7eb4,0x2,0x27ff130] policy="Sandbox" op="syscall-unix" ret=0xe err=true writes=0
[trap] num=483 (0x1e3) pc=0x180118e08 args=[0x0,0x27ff21c,0x4,0x26,0x67,0x41,0x0,0x90]
[trap] num=202 (0xca) pc=0x18011a37c args=[0x27ff1d0,0x2,0x27ff198,0x27ff190,0x1801ab70b,0x20,0x0,0x90]
[trap] num=202 (0xca) pc=0x18011a37c args=[0x27ff198,0x3,0x27ff22c,0x27ff220,0x0,0x0,0x0,0x90]
[trap] num=381 (0x17d) pc=0x180119ecc args=[0x1801b4bf1,0x5a,0x27ff1b0,0x2,0x8,0x72,0x0,0x90]
[m47] amfi policy_resident="AMFI\0"
[probe] AMFI dyld policy in=0x0 r=0 out=0x1df out_ptr=0x27ff1a8
[trap] num=202 (0xca) pc=0x18011a37c args=[0x27fe420,0x2,0x27fe3e8,0x27fe3e0,0x1801b698e,0xd,0x1ec444f10,0x90]
[trap] num=202 (0xca) pc=0x18011a37c args=[0x27fe3e8,0x2,0x27fe498,0x27fe490,0x0,0x0,0x1ec444f10,0x90]
[trap] num=5 (0x5) pc=0x180119f50 args=[0x1801aaaf1,0x20100000,0x0,0xfffffffffffffff0,0x0,0x72,0x0,0x80]
[trap] num=463 (0x1cf) pc=0x180119f7c args=[0x3,0x1801b4c4b,0x100000,0x0,0x0,0x72,0x0,0x80]
[trap] num=41 (0x29) pc=0x18011a484 args=[0x4,0x1801b625c,0x100000,0x0,0x0,0x72,0x0,0x80]
[trap] num=470 (0x1d6) pc=0x18011a5e4 args=[0x4,0x27fdf71,0x27fdee0,0x0,0x27fdfc0,0x72,0x0,0x80]
[trap] num=463 (0x1cf) pc=0x180119f7c args=[0x4,0x27fdf71,0x100000,0x0,0x27fdfc0,0x72,0x0,0x80]
[trap] num=92 (0x5c) pc=0x1801180d8 args=[0x6,0x32,0x27fdf70,0x0,0x27fdfc0,0x72,0x0,0x80]
[trap] num=41 (0x29) pc=0x18011a484 args=[0x6,0x1801b6e25,0x27fee00,0x0,0x27fdfc0,0x72,0x0,0x80]
[trap] num=41 (0x29) pc=0x18011a484 args=[0x5,0x1801b6e25,0x27fee00,0x0,0x27fdfc0,0x72,0x0,0x80]
[trap] num=6 (0x6) pc=0x180116750 args=[0x3,0x1801b6cb4,0x27fee00,0x0,0x27fdfc0,0x72,0x0,0x80]
[trap] num=6 (0x6) pc=0x180116750 args=[0x5,0x1801b6cf2,0x27fee00,0x0,0x27fdfc0,0x72,0x0,0x80]
[trap] num=6 (0x6) pc=0x180116750 args=[0x4,0x1801b6d1f,0x27fee00,0x0,0x27fdfc0,0x72,0x0,0x80]
[trap] num=6 (0x6) pc=0x180116750 args=[0x6,0x1801b6d4a,0x27fee00,0x0,0x27fdfc0,0x72,0x0,0x80]
[trap] num=381 (0x17d) pc=0x180119ecc args=[0x1801b7eb4,0x2,0x27fec80,0xa,0x73,0x69,0x0,0x80]
[m47] num=381 args=[0x1801b7eb4,0x2,0x27fec80] policy="Sandbox" op="syscall-unix" ret=0xe err=true writes=0
[trap] num=294 (0x126) pc=0x18011a2f8 args=[0x27fecc8,0x27fed98,0x27fed98,0x27fedc4,0x73,0x69,0x0,0x80]
[trap] num=-14 (0xfffffffffffffff2) pc=0x1801155b8 args=[0x203,0x1ec444000,0x24000,0x0,0x3,0x0,0x0,0x5c0]
[trap] num=427 (0x1ab) pc=0x18011a5b8 args=[0x27fee30,0x400,0x27fedb4,0x748e8,0x3,0x0,0x0,0x5c0]
[trap] num=92 (0x5c) pc=0x1801180d8 args=[0x8,0x32,0x27fee30,0x1ec445272,0xfffffffe163b9bd0,0x20,0x0,0x5c0]
[trap] num=6 (0x6) pc=0x180116750 args=[0x8,0x1801b6a74,0x4,0x180115e30,0x1,0x20,0x0,0x5c0]
[trap] num=6 (0x6) pc=0x180116750 args=[0x7,0x1801b6a98,0x4,0x180115e30,0x1,0x20,0x0,0x5c0]
[trap] num=338 (0x152) pc=0x180116c48 args=[0x1ec445210,0x27fe950,0x1ec445210,0x27fea48,0x27fea70,0x27fea50,0x0,0x27fea78]
[trap] num=5 (0x5) pc=0x180119f50 args=[0x1ec445210,0x0,0x0,0x27fea48,0x27fea70,0x27fea50,0x0,0x27fea78]
[trap] num=197 (0xc5) pc=0x180119190 args=[0x0,0x388830,0x1,0x40002,0x3,0x0,0x0,0x27fea78]
[trap] num=92 (0x5c) pc=0x1801180d8 args=[0x3,0x32,0x27fea78,0x40002,0x3,0x0,0x0,0x27fea78]
[trap] num=73 (0x49) pc=0x18011823c args=[0xa00000000,0x388830,0x388830,0x0,0x27fea50,0x27fea78,0x3,0x27fea78]
[trap] num=6 (0x6) pc=0x180116750 args=[0x3,0x388830,0x388830,0x0,0x27fea50,0x27fea78,0x3,0x27fea78]
[trap] num=338 (0x152) pc=0x180116c48 args=[0x1ec445210,0x27feed0,0x27fef90,0x0,0x27fea50,0x27fea78,0x3,0x27fea78]
[trap] num=338 (0x152) pc=0x180116c48 args=[0x1000006b8,0x27fddd0,0x27fded0,0x27fdeb8,0x1000006c2,0x1801ac864,0x73,0x900]
[M28 BANDSHRINK] syscall 338 band past ipa 0x1000006b8 len 65536 shrunk 64 -> 0 by an overlapping window of the same call
[trap] num=-10 (0xfffffffffffffff6) pc=0x180115588 args=[0x203,0x27fdd90,0x4000,0x3c000001,0x1000006c2,0x1801ac864,0x73,0x900]
[trap] num=338 (0x152) pc=0x180116c48 args=[0x27fe3c0,0x27fdd50,0x27fde50,0x27fde38,0x27fe3ee,0x1801ac864,0x0,0x7c0]
[trap] num=-12 (0xfffffffffffffff4) pc=0x1801155a0 args=[0x203,0xa0038c000,0x4000,0x1a0500,0x0,0x0,0x0,0x140]
[trap] num=338 (0x152) pc=0x180116c48 args=[0x100000720,0x27fddd0,0x27fded0,0x27fdeb8,0x75,0x41,0x27fe618,0x7c0]
[trap] num=-10 (0xfffffffffffffff6) pc=0x180115588 args=[0x203,0x27fdd90,0x4000,0x3c000001,0x75,0x41,0x27fe618,0x7c0]
[trap] num=338 (0x152) pc=0x180116c48 args=[0x27fe3f0,0x27fdd80,0x27fde80,0x27fde68,0x27fe404,0x1ec4452e4,0x0,0x7c0]
[trap] num=-12 (0xfffffffffffffff4) pc=0x1801155a0 args=[0x203,0xa00390000,0x4000,0x1a0500,0x0,0x0,0x0,0xbc0]
[trap] num=338 (0x152) pc=0x180116c48 args=[0x100000750,0x27fddd0,0x27fded0,0x27fdeb8,0x75,0x41,0x27fe618,0x7c0]
[trap] num=-10 (0xfffffffffffffff6) pc=0x180115588 args=[0x203,0x27fdd90,0x4000,0x3c000001,0x75,0x41,0x27fe618,0x7c0]
[trap] num=338 (0x152) pc=0x180116c48 args=[0x27fe3f0,0x27fdd80,0x27fde80,0x27fde68,0x27fe404,0x1ec4452e4,0x0,0x7c0]
[trap] num=-12 (0xfffffffffffffff4) pc=0x1801155a0 args=[0x203,0xa00394000,0x4000,0x1a0500,0x0,0x0,0x0,0xbc0]
[trap] num=338 (0x152) pc=0x180116c48 args=[0x100000788,0x27fddd0,0x27fded0,0x27fdeb8,0x100000792,0x1801ac864,0x27fe618,0x900]
[M28 BANDSHRINK] syscall 338 band past ipa 0x100000788 len 65536 shrunk 64 -> 0 by an overlapping window of the same call
[trap] num=-10 (0xfffffffffffffff6) pc=0x180115588 args=[0x203,0x27fdd90,0x4000,0x3c000001,0x100000792,0x1801ac864,0x27fe618,0x900]
[trap] num=338 (0x152) pc=0x180116c48 args=[0x27fe3f0,0x27fdd80,0x27fde80,0x27fde68,0x27fe41e,0x1801ac864,0x0,0x7c0]
[trap] num=-12 (0xfffffffffffffff4) pc=0x1801155a0 args=[0x203,0xa00398000,0x4000,0x1a0500,0x0,0x0,0x0,0xbc0]
[trap] num=338 (0x152) pc=0x180116c48 args=[0x1000007c0,0x27fddd0,0x27fded0,0x27fdeb8,0x1000007ca,0x1801ac864,0x6e,0x7c0]
[M28 BANDSHRINK] syscall 338 band past ipa 0x1000007c0 len 65536 shrunk 64 -> 0 by an overlapping window of the same call
[trap] num=-10 (0xfffffffffffffff6) pc=0x180115588 args=[0x203,0x27fdd90,0x4000,0x3c000001,0x1000007ca,0x1801ac864,0x6e,0x7c0]
[trap] num=338 (0x152) pc=0x180116c48 args=[0x27fe3c0,0x27fdd50,0x27fde50,0x27fde38,0x27fe3ee,0x1801ac864,0x0,0x7c0]
[trap] num=-12 (0xfffffffffffffff4) pc=0x1801155a0 args=[0x203,0xa0039c000,0x4000,0x1a0500,0x0,0x0,0x0,0xbc0]
[trap] num=5 (0x5) pc=0x180119f50 args=[0x1ec447838,0x0,0x0,0x0,0x0,0x27fcaf8,0x1,0x27fca58]
[trap] num=381 (0x17d) pc=0x180119ecc args=[0x1801b7eb4,0x2,0x27fbd50,0xa,0x73,0x69,0x1,0x27fca58]
[m47] num=381 args=[0x1801b7eb4,0x2,0x27fbd50] policy="Sandbox" op="syscall-unix" ret=0xe err=true writes=0
[trap] num=550 (0x226) pc=0x180119ef8 args=[0x27fb460,0x2,0x27fb4b0,0x858,0x1778,0x18,0x0,0x27fcaf8]
[trap] num=6 (0x6) pc=0x180116750 args=[0x3,0x3,0x27fb502,0x3,0x1,0x18,0x0,0x27fcaf8]
[trap] num=74 (0x4a) pc=0x180119f24 args=[0x1002ec000,0x10000,0x1,0x1,0x8,0x18,0x0,0x27fcaf8]
[trap] num=-14 (0xfffffffffffffff2) pc=0x1801155b8 args=[0x203,0x1e5908000,0x2324000,0x0,0x13,0x13,0x4,0x4000]
[trap] num=-14 (0xfffffffffffffff2) pc=0x1801155b8 args=[0x203,0x1edc84000,0x7b90000,0x0,0x13,0x13,0x5,0x6380000]
[trap] num=-14 (0xfffffffffffffff2) pc=0x1801155b8 args=[0x203,0x28f64c000,0x2c2c000,0x0,0x13,0x13,0x4,0x4000]
[trap] num=-14 (0xfffffffffffffff2) pc=0x1801155b8 args=[0x203,0x29a1cc000,0x5678000,0x0,0x13,0x13,0x5,0x8b84000]
[trap] num=-14 (0xfffffffffffffff2) pc=0x1801155b8 args=[0x203,0x2d0bac000,0x2a4000,0x0,0x13,0x13,0x4,0x4000]
[trap] num=-14 (0xfffffffffffffff2) pc=0x1801155b8 args=[0x203,0x2d361c000,0xac8000,0x0,0x13,0x13,0x5,0xa74000]
[trap] num=-14 (0xfffffffffffffff2) pc=0x1801155b8 args=[0x203,0x1e5908000,0x2324000,0x0,0x1,0x1,0x4,0x4000]
[trap] num=-14 (0xfffffffffffffff2) pc=0x1801155b8 args=[0x203,0x1edc84000,0x7b90000,0x0,0x1,0x1,0x5,0x6380000]
[trap] num=-14 (0xfffffffffffffff2) pc=0x1801155b8 args=[0x203,0x28f64c000,0x2c2c000,0x0,0x1,0x1,0x4,0x4000]
[trap] num=-14 (0xfffffffffffffff2) pc=0x1801155b8 args=[0x203,0x29a1cc000,0x5678000,0x0,0x1,0x1,0x5,0x8b84000]
[trap] num=-14 (0xfffffffffffffff2) pc=0x1801155b8 args=[0x203,0x2d0bac000,0x2a4000,0x0,0x1,0x1,0x4,0x4000]
[trap] num=-14 (0xfffffffffffffff2) pc=0x1801155b8 args=[0x203,0x2d361c000,0xac8000,0x0,0x1,0x1,0x5,0xa74000]
[trap] num=-15 (0xfffffffffffffff1) pc=0x1801155c4 args=[0x203,0x27f7e90,0x20000,0x3fff,0x3c000001,0x3,0x0,0x0]
[trap] num=347 (0x15b) pc=0x18011a6ec args=[0x0,0x0,0x2,0x2,0x1,0x27f7a20,0xa0,0x0]
[trap] num=-15 (0xfffffffffffffff1) pc=0x1801155c4 args=[0x203,0x27f74b0,0x20000,0x3fff,0x3c000001,0x3,0x0,0x0]
[trap] num=347 (0x15b) pc=0x18011a6ec args=[0x1003e0060,0xb1d8,0x2,0x2,0x1,0x1003e0000,0x20000,0x0]
[M28 BANDSHRINK] syscall 347 band past ipa 0x1003e0000 len 65536 shrunk 64 -> 0 by an overlapping window of the same call
[trap] num=220 (0xdc) pc=0x180116e90 args=[0x1003e00b8,0x27f7998,0x27f7ae0,0x40,0x0,0x0,0x20000,0x0]
[trap] num=-12 (0xfffffffffffffff4) pc=0x1801155a0 args=[0x203,0x1003e0000,0x20000,0x87,0x2,0x1000038,0xffffffffffffffff,0x0]
[trap] num=-12 (0xfffffffffffffff4) pc=0x1801155a0 args=[0x203,0x1003c0000,0x20000,0x0,0x0,0x0,0x0,0x0]
[trap] num=5 (0x5) pc=0x180119f50 args=[0x1801ab41a,0x2,0x0,0xa,0x0,0x0,0x0,0x0]
[trap] num=54 (0x36) pc=0x180116724 args=[0x3,0x80086804,0x27f4b68,0xa,0x0,0x0,0x0,0x0]
[trap] num=6 (0x6) pc=0x180116750 args=[0x3,0xffffffffffffffff,0x27f4b68,0xa,0x0,0x0,0x0,0x0]
[trap] num=294 (0x126) pc=0x18011a2f8 args=[0xffffffffffffffff,0x1f070030,0x0,0x0,0x0,0x0,0x0,0x0]
[trap] num=-14 (0xfffffffffffffff2) pc=0x1801155b8 args=[0x203,0x1ec444000,0x24000,0x0,0x1,0x0,0x0,0x0]
[trap] num=-28 (0xffffffffffffffe4) pc=0x1804adb5c args=[0x0,0x1804e2db8,0x27ffde8,0x1ec445388,0x1ec445388,0x0,0x0,0x0]
[trap] num=-26 (0xffffffffffffffe6) pc=0x1804adb44 args=[0x203,0x1804e2db8,0x27ffde8,0x1ec445388,0x1ec445388,0x0,0x0,0x0]
[trap] num=33 (0x21) pc=0x1804ae668 args=[0x1804e2dda,0x0,0x27ffde8,0x1ec445388,0x1ec445388,0x0,0x0,0x0]
[trap] num=-15 (0xfffffffffffffff1) pc=0x1804adacc args=[0x203,0x27fb638,0x8000,0x0,0x49000001,0x3,0x0,0x0]
[trap] num=-29 (0xffffffffffffffe3) pc=0x1804adb68 args=[0x1eec6fd98,0x27ffde0,0x27ffde8,0x1ec445388,0x49000001,0x3,0x0,0x0]
[trap] num=-24 (0xffffffffffffffe8) pc=0x1804adb2c args=[0x203,0x27fb4e0,0x0,0x27fb4fc,0x49000001,0x3,0x0,0x0]
[trap] num=-47 (0xffffffffffffffd1) pc=0x1804adc34 args=[0x27fb520,0x200000003,0x2800001513,0x140300001c03,0xc800000000,0x140300000000,0x140,0x0]
[mach_msg2] msgh_id=200 dest=0x1c03 reply=0x1403 options=0x200000003 bits=0x1513 send_size=40 rcv_size=320
  send+000: 13 15 00 00 28 00 00 00 03 1c 00 00 03 14 00 00
  send+010: 00 00 00 00 c8 00 00 00 00 00 00 00 01 00 00 00
  send+020: 05 00 00 00 08 00 00 00
[retrace] forwarding mach_msg2 host_info (msgh_id 200) to host (decided allowlist)
[mach_msg2] host ret=0x0 err=false
  reply@0x27fb520+000: 00 12 00 00 48 00 00 00 00 00 00 00 03 14 00 00
  reply@0x27fb520+010: 00 00 00 00 2c 01 00 00 00 00 00 00 01 00 00 00
  reply@0x27fb520+020: 00 00 00 00 08 00 00 00 50 00 00 00 50 00 00 00
  reply@0x27fb520+030: 40 00 00 00 1f 00 00 00 00 00 00 00 00 00 00 00
  reply@0x27fb520+040: 00 00 00 00 4f 00 00 00 00 00 00 00 08 00 00 00
  reply@0x27fb520+050: 00 00 00 00 00 00 00 00 00 00 00 00 00 00 00 00
  reply@0x27fb520+060: 00 00 00 00 00 00 00 00 00 00 00 00 00 00 00 00
  reply@0x27fb520+070: 00 00 00 00 00 00 00 00 00 00 00 00 00 00 00 00
  reply@0x27fb520+080: 00 00 00 00 00 00 00 00 00 00 00 00 00 00 00 00
  reply@0x27fb520+090: 00 00 00 00 00 00 00 00 00 00 00 00 00 00 00 00
  reply@0x27fb520+0a0: 00 00 00 00 00 00 00 00 00 00 00 00 00 00 00 00
  reply@0x27fb520+0b0: 00 00 00 00 00 00 00 00 00 00 00 00 00 00 00 00
  reply@0x27fb520+0c0: 00 00 00 00 00 00 00 00 00 00 00 00 00 00 00 00
  reply@0x27fb520+0d0: 00 00 00 00 00 00 00 00 00 00 00 00 00 00 00 00
  reply@0x27fb520+0e0: 00 00 00 00 00 00 00 00 00 00 00 00 00 00 00 00
  reply@0x27fb520+0f0: 00 00 00 00 00 00 00 00 00 00 00 00 00 00 00 00
[trap] num=-18 (0xffffffffffffffee) pc=0x1804adae4 args=[0x203,0x1c03,0x0,0x27fb710,0xc800000000,0x140300000000,0x4f00000000,0x0]
[trap] num=202 (0xca) pc=0x1804af460 args=[0x27fb718,0x2,0x27fb6e8,0x27fb6b0,0x0,0x0,0x4f00000000,0x0]
[trap] num=-27 (0xffffffffffffffe5) pc=0x1804adb50 args=[0x2ff20,0x0,0xa,0x1804f8a07,0x0,0x0,0x4f00000000,0x0]
[trap] num=-24 (0xffffffffffffffe8) pc=0x1804adb2c args=[0x203,0x27fb660,0x0,0x27fb67c,0x0,0x0,0x4f00000000,0x0]
[trap] num=366 (0x16e) pc=0x1804b3d2c args=[0x1804ecc14,0x1804ecc08,0x4000,0x27fb6b0,0x38,0xa0,0x4f00000000,0x0]
[trap] num=-29 (0xffffffffffffffe3) pc=0x1804adb68 args=[0x10030,0x103,0x1804f8cd8,0x103,0x38,0xa0,0x4f00000000,0x0]
[trap] num=-47 (0xffffffffffffffd1) pc=0x1804adc34 args=[0x27fb6f0,0x200000003,0x2400001513,0x100300001c03,0xce00000000,0x100300000000,0x30,0x0]
[mach_msg2] msgh_id=206 dest=0x1c03 reply=0x1003 options=0x200000003 bits=0x1513 send_size=36 rcv_size=48
  send+000: 13 15 00 00 24 00 00 00 03 1c 00 00 03 10 00 00
  send+010: 00 00 00 00 ce 00 00 00 00 00 00 00 01 00 00 00
  send+020: 00 00 00 00
[retrace] forwarding mach_msg2 host_get_clock_service (msgh_id 206) to host (decided allowlist)
[mach_msg2] host ret=0x0 err=false
  reply@0x27fb6f0+000: 00 12 00 80 28 00 00 00 00 00 00 00 03 10 00 00
  reply@0x27fb6f0+010: 00 00 00 00 32 01 00 00 01 00 00 00 03 1f 00 00
  reply@0x27fb6f0+020: 00 00 00 00 00 00 11 00 00 00 00 00 08 00 00 00
  reply@0x27fb6f0+030: b8 fd c6 ee 01 00 00 00 03 1c 00 00 00 00 00 00
  reply@0x27fb6f0+040: 50 b7 7f 02 00 00 00 00 14 e8 39 80 01 00 00 00
  reply@0x27fb6f0+050: b8 fd c6 ee 01 00 00 00 e8 fd 7f 02 00 00 00 00
  reply@0x27fb6f0+060: 70 b7 7f 02 00 00 00 00 a0 e6 39 80 01 00 00 00
  reply@0x27fb6f0+070: 88 53 44 ec 01 00 00 00 e8 fd 7f 02 00 00 00 00
  reply@0x27fb6f0+080: e0 b7 7f 02 00 00 00 00 04 13 34 90 01 00 00 00
  reply@0x27fb6f0+090: 48 02 34 90 01 00 00 00 a0 00 00 00 00 00 00 00
  reply@0x27fb6f0+0a0: 06 00 00 00 00 00 00 00 18 01 34 90 01 00 00 00
  reply@0x27fb6f0+0b0: c0 1b 34 90 01 00 00 00 10 53 44 ec 01 00 00 00
  reply@0x27fb6f0+0c0: 5c 12 34 90 01 00 00 00 00 b8 7f 02 00 00 00 00
  reply@0x27fb6f0+0d0: c0 1b 34 90 01 00 00 00 10 53 44 ec 01 00 00 00
  reply@0x27fb6f0+0e0: 5c 12 34 90 01 00 00 00 08 bd 7f 02 00 00 00 00
  reply@0x27fb6f0+0f0: 90 b8 7f 02 00 00 00 00 30 0e 16 80 01 00 00 00
[trap] num=-47 (0xffffffffffffffd1) pc=0x1804adc34 args=[0x27fb6f0,0x200000003,0x2800001513,0x100300000203,0xd5a00000000,0x100300000000,0x30,0x0]
[mach_msg2] msgh_id=3418 dest=0x203 reply=0x1003 options=0x200000003 bits=0x1513 send_size=40 rcv_size=48
  send+000: 13 15 00 00 28 00 00 00 03 02 00 00 03 10 00 00
  send+010: 00 00 00 00 5a 0d 00 00 00 00 00 00 01 00 00 00
  send+020: 00 00 00 00 00 00 00 00
[retrace] forwarding mach_msg2 semaphore_create (msgh_id 3418) to host (decided allowlist)
[mach_msg2] host ret=0x0 err=false
  reply@0x27fb6f0+000: 00 12 00 80 28 00 00 00 00 00 00 00 03 10 00 00
  reply@0x27fb6f0+010: 00 00 00 00 be 0d 00 00 01 00 00 00 03 11 00 00
  reply@0x27fb6f0+020: 00 00 00 00 00 00 11 00 00 00 00 00 08 00 00 00
  reply@0x27fb6f0+030: d8 5d 70 ec 01 00 00 00 03 1c 00 00 00 00 00 00
  reply@0x27fb6f0+040: 50 b7 7f 02 00 00 00 00 38 e8 39 80 01 00 00 00
  reply@0x27fb6f0+050: b8 fd c6 ee 01 00 00 00 e8 fd 7f 02 00 00 00 00
  reply@0x27fb6f0+060: 70 b7 7f 02 00 00 00 00 a0 e6 39 80 01 00 00 00
  reply@0x27fb6f0+070: 88 53 44 ec 01 00 00 00 e8 fd 7f 02 00 00 00 00
  reply@0x27fb6f0+080: e0 b7 7f 02 00 00 00 00 04 13 34 90 01 00 00 00
  reply@0x27fb6f0+090: 48 02 34 90 01 00 00 00 a0 00 00 00 00 00 00 00
  reply@0x27fb6f0+0a0: 06 00 00 00 00 00 00 00 18 01 34 90 01 00 00 00
  reply@0x27fb6f0+0b0: c0 1b 34 90 01 00 00 00 10 53 44 ec 01 00 00 00
  reply@0x27fb6f0+0c0: 5c 12 34 90 01 00 00 00 00 b8 7f 02 00 00 00 00
  reply@0x27fb6f0+0d0: c0 1b 34 90 01 00 00 00 10 53 44 ec 01 00 00 00
  reply@0x27fb6f0+0e0: 5c 12 34 90 01 00 00 00 08 bd 7f 02 00 00 00 00
  reply@0x27fb6f0+0f0: 90 b8 7f 02 00 00 00 00 30 0e 16 80 01 00 00 00
[trap] num=-18 (0xffffffffffffffee) pc=0x1804adae4 args=[0x203,0x1c03,0x2800001513,0x100300000203,0xd5a00000000,0x100300000000,0x30,0x0]
[trap] num=20 (0x14) pc=0x1804ae198 args=[0x0,0x0,0xffffffffffffffd0,0x27fb5d0,0x27fb280,0x6b,0x0,0xc80]
[trap] num=266 (0x10a) pc=0x1804af558 args=[0x18037ff36,0x0,0x18ce3a000,0x103,0x27fb280,0x6b,0x0,0xc80]
[trap] num=339 (0x153) pc=0x1804bc288 args=[0x3,0x27fb060,0x18ce3a000,0x103,0x27fb280,0x6b,0x0,0xc80]
[trap] num=197 (0xc5) pc=0x1804aea18 args=[0x0,0x8000,0x1,0x40001,0x3,0x0,0x0,0xc80]
[trap] num=6 (0x6) pc=0x1804ae8f0 args=[0x3,0x8000,0x1,0x40001,0x3,0x0,0x0,0xc80]
[trap] num=169 (0xa9) pc=0x1804af8dc args=[0x1140c,0x0,0x27fb1bc,0x4,0x3,0x0,0x0,0xc80]
[trap] num=500 (0x1f4) pc=0x1804ae144 args=[0x1ec6fd858,0x10,0x4,0x1804f8a0c,0x5f,0x5f,0x38,0x830]
[trap] num=54 (0x36) pc=0x1804b2338 args=[0x2,0x4004667a,0x27fb12c,0x103,0x5f,0x5f,0x38,0x830]
[trap] num=54 (0x36) pc=0x1804b2338 args=[0x2,0x40487413,0x27fb130,0x103,0x5f,0x5f,0x38,0x830]
[trap] num=116 (0x74) pc=0x1804b1b60 args=[0x27faea0,0x0,0x0,0xfffffc088,0x67,0x6d,0x38,0x830]
[trap] num=500 (0x1f4) pc=0x1804ae144 args=[0x27fafd8,0x20,0x27fafd8,0x1c725a0a,0x180267bdc,0x6d,0x38,0x830]
[trap] num=116 (0x74) pc=0x1804b1b60 args=[0x27faec0,0x0,0x0,0xfffffc088,0x180267bdc,0x6d,0x38,0x830]
[trap] num=116 (0x74) pc=0x1804b1b60 args=[0x27faee0,0x0,0x0,0xfffffc088,0x1ec6fcf70,0x1ec6fcfa8,0x1000,0x20]
[trap] num=116 (0x74) pc=0x1804b1b60 args=[0x27faee0,0x0,0x0,0xfffffc088,0x27fae40,0x1802361b0,0xe624f06e0bce81ae,0x27faf00]
[trap] num=-47 (0xffffffffffffffd1) pc=0x1804adc34 args=[0x27fb078,0x200000003,0x6480001513,0x100300000203,0x12cb00000000,0x100300000001,0x34,0x0]
[mach_msg2] msgh_id=4811 dest=0x203 reply=0x1003 options=0x200000003 bits=0x80001513 send_size=100 rcv_size=52
  send+000: 13 15 00 80 64 00 00 00 03 02 00 00 03 10 00 00
  send+010: 00 00 00 00 cb 12 00 00 01 00 00 00 00 00 00 00
  send+020: 00 00 00 00 00 00 13 00 00 00 00 00 01 00 00 00
  send+030: 00 00 00 00 00 00 00 00 00 80 4b 00 00 00 00 00
  send+040: 00 00 00 00 00 00 00 00 01 00 00 01 00 00 00 00
  send+050: 00 00 00 00 00 00 00 00 00 00 00 00 00 00 00 00
  send+060: 01 00 00 00
[trap] num=-12 (0xfffffffffffffff4) pc=0x1804adaa8 args=[0x203,0xa003c8000,0x100000,0x100300000203,0x12cb00000000,0x100300000001,0x34,0x0]
[trap] num=116 (0x74) pc=0x1804b1b60 args=[0x27fabc0,0x0,0x0,0xfffffc088,0x12cb00000000,0x100300000001,0x34,0x0]
[trap] num=-15 (0xfffffffffffffff1) pc=0x1804adacc args=[0x203,0x27fac88,0x408000,0x0,0x1000001,0x3,0x0,0x0]
[trap] num=74 (0x4a) pc=0x1804b1b04 args=[0x4c000,0x4000,0x0,0x40000000,0x0,0x3,0x0,0x0]
[trap] num=74 (0x4a) pc=0x1804b1b04 args=[0x450000,0x4000,0x0,0x40000000,0x0,0x3,0x0,0x0]
[trap] num=-15 (0xfffffffffffffff1) pc=0x1804adacc args=[0x203,0x27fad08,0x400000,0x0,0x7004000,0x3,0x0,0x0]
[trap] num=-89 (0xffffffffffffffa7) pc=0x1804add00 args=[0x1ec705d78,0x180327210,0x0,0x1804f8a08,0x7004000,0x3,0x0,0x0]
[trap] num=-15 (0xfffffffffffffff1) pc=0x1804adacc args=[0x203,0x27facf8,0x3e000,0x0,0x1000001,0x3,0x0,0x0]
[trap] num=-47 (0xffffffffffffffd1) pc=0x1804adc34 args=[0x27fac50,0x200000003,0x2800001513,0x100300000203,0x12d600000000,0x100300000000,0x3c,0x0]
[mach_msg2] msgh_id=4822 dest=0x203 reply=0x1003 options=0x200000003 bits=0x1513 send_size=40 rcv_size=60
  send+000: 13 15 00 00 28 00 00 00 03 02 00 00 03 10 00 00
  send+010: 00 00 00 00 d6 12 00 00 00 00 00 00 01 00 00 00
  send+020: f8 03 00 00 f8 03 40 00
[trap] num=-10 (0xfffffffffffffff6) pc=0x1804ada90 args=[0x203,0x27fa648,0x4000,0x1,0x180327599,0x27fad00,0x3c,0x0]
[trap] num=336 (0x150) pc=0x1804af110 args=[0x2,0x1140c,0x11,0x0,0x27fa628,0x38,0x180327461,0xa00860028]
[trap] num=97 (0x61) pc=0x1804b1fa0 args=[0x1,0x2,0x0,0x103,0x27fa628,0x38,0x0,0xa00860028]
[trap] num=92 (0x5c) pc=0x1804ae8c4 args=[0x3,0x2,0x1,0x103,0x27fa628,0x38,0x0,0xa00860028]
[trap] num=98 (0x62) pc=0x1804b2364 args=[0x3,0x27f9c56,0x6a,0x27f9c68,0x27fa628,0x38,0x676f6c7379732f,0xa00860028]
[trap] num=133 (0x85) pc=0x1804b2390 args=[0x3,0x27f9d60,0xfa,0x0,0x0,0x0,0x0,0xa00860028]
[trap] num=-12 (0xfffffffffffffff4) pc=0x1804adaa8 args=[0x203,0xa00860000,0x4000,0x0,0x0,0x0,0x0,0xa00860028]
[trap] num=-47 (0xffffffffffffffd1) pc=0x1804adc34 args=[0x27fabe8,0x200000003,0x6480001513,0x100300000203,0x12cb00000000,0x100300000001,0x34,0x0]
[mach_msg2] msgh_id=4811 dest=0x203 reply=0x1003 options=0x200000003 bits=0x80001513 send_size=100 rcv_size=52
  send+000: 13 15 00 80 64 00 00 00 03 02 00 00 03 10 00 00
  send+010: 00 00 00 00 cb 12 00 00 01 00 00 00 00 00 00 00
  send+020: 00 00 00 00 00 00 13 00 00 00 00 00 01 00 00 00
  send+030: 00 00 00 00 04 00 00 00 00 00 00 00 06 00 00 00
  send+040: 00 00 00 00 00 00 00 00 00 00 00 00 00 00 00 00
  send+050: 00 00 00 00 00 00 00 00 00 00 00 00 00 00 00 00
  send+060: 01 00 00 00
[trap] num=116 (0x74) pc=0x1804b1b60 args=[0x27faad0,0x0,0x0,0xfffffc088,0x0,0x700,0xa003f3378,0x0]
[trap] num=-15 (0xfffffffffffffff1) pc=0x1804adacc args=[0x203,0x27fb128,0x4000,0x0,0x1000001,0x3,0x0,0x0]
[trap] num=74 (0x4a) pc=0x1804b1b04 args=[0xa00408000,0x4000,0x1,0xa00408008,0x1000001,0x3,0x0,0x0]
[trap] num=-14 (0xfffffffffffffff2) pc=0x1801155b8 args=[0x203,0x1ec444000,0x24000,0x0,0x3,0x3,0x0,0x0]
[trap] num=-14 (0xfffffffffffffff2) pc=0x1801155b8 args=[0x203,0x1ec444000,0x24000,0x0,0x1,0x3,0x0,0x0]
[trap] num=327 (0x147) pc=0x1804ad92c args=[0x1140c,0x3,0x103,0x103,0x1,0x3,0x0,0x0]
[trap] num=-47 (0xffffffffffffffd1) pc=0x1804adc34 args=[0x27fb22c,0x200000003,0x7400001513,0x100300000203,0x1f4000000000,0x100300000000,0x2c,0x0]
[mach_msg2] msgh_id=8000 dest=0x203 reply=0x1003 options=0x200000003 bits=0x1513 send_size=116 rcv_size=44
  send+000: 13 15 00 00 74 00 00 00 03 02 00 00 03 10 00 00
  send+010: 00 00 00 00 40 1f 00 00 00 00 00 00 01 00 00 00
  send+020: 05 00 00 00 88 5c 09 80 01 00 00 00 78 00 78 00
  send+030: 00 00 00 00 20 58 09 80 01 00 00 00 5c 00 5c 00
  send+040: 00 00 00 00 38 5a 09 80 01 00 00 00 5c 00 5c 00
  send+050: 00 00 00 00 00 59 09 80 01 00 00 00 78 00 78 00
  send+060: 00 00 00 00 b8 5a 09 80 01 00 00 00 78 00 78 00
  send+070: 00 00 00 00
[trap] num=-47 (0xffffffffffffffd1) pc=0x1804adc34 args=[0x27fb630,0x200000003,0x1800001513,0x100300000203,0x1f4100000000,0x100300000000,0x2c,0x0]
[mach_msg2] msgh_id=8001 dest=0x203 reply=0x1003 options=0x200000003 bits=0x1513 send_size=24 rcv_size=44
  send+000: 13 15 00 00 18 00 00 00 03 02 00 00 03 10 00 00
  send+010: 00 00 00 00 41 1f 00 00
[trap] num=-14 (0xfffffffffffffff2) pc=0x1801155b8 args=[0x203,0x1ec444000,0x24000,0x0,0x3,0x53,0x2c,0x0]
[trap] num=-15 (0xfffffffffffffff1) pc=0x1804adacc args=[0x203,0x27f4f68,0x8000,0x0,0x1000001,0x3,0x0,0x0]
[trap] num=-15 (0xfffffffffffffff1) pc=0x1804adacc args=[0x203,0x27f4fc8,0x8000,0x0,0xb004000,0x3,0x0,0x0]
[trap] num=116 (0x74) pc=0x1804b1b60 args=[0x27f4eb0,0x0,0x0,0xfffffc088,0x8,0x41,0x0,0xb40]
[trap] num=116 (0x74) pc=0x1804b1b60 args=[0x27f4e00,0x0,0x0,0xfffffc088,0x8,0x41,0x438eeda3dea2dff3,0xb40]
[trap] num=116 (0x74) pc=0x1804b1b60 args=[0x27f4e00,0x0,0x0,0xfffffc088,0x8,0x41,0x36efe7714344f592,0xb40]
[trap] num=116 (0x74) pc=0x1804b1b60 args=[0x27f4e00,0x0,0x0,0xfffffc088,0x8,0x41,0x28500b681cf879d6,0xb40]
[trap] num=116 (0x74) pc=0x1804b1b60 args=[0x27f4e00,0x0,0x0,0xfffffc088,0x8,0x41,0xafb129fd21b5d67b,0xb40]
[trap] num=116 (0x74) pc=0x1804b1b60 args=[0x27f4e00,0x0,0x0,0xfffffc088,0x8,0x41,0xc2c779c5d333b2a6,0xb40]
[trap] num=116 (0x74) pc=0x1804b1b60 args=[0x27f4e00,0x0,0x0,0xfffffc088,0x8,0x41,0xcf3e8ca0205f32f5,0xb40]
[trap] num=116 (0x74) pc=0x1804b1b60 args=[0x27f4e00,0x0,0x0,0xfffffc088,0x8,0x41,0x381b3fda10ac9cd1,0xb40]
[trap] num=116 (0x74) pc=0x1804b1b60 args=[0x27f4e00,0x0,0x0,0xfffffc088,0x8,0x41,0x70bf452aa5bba914,0xb40]
[trap] num=116 (0x74) pc=0x1804b1b60 args=[0x27f4e00,0x0,0x0,0xfffffc088,0x8,0x41,0x40b4f339d0b21ba8,0xb40]
[trap] num=116 (0x74) pc=0x1804b1b60 args=[0x27f4e00,0x0,0x0,0xfffffc088,0x8,0x41,0x5c508cf6090658d6,0xb40]
[trap] num=116 (0x74) pc=0x1804b1b60 args=[0x27f4e00,0x0,0x0,0xfffffc088,0x8,0x41,0xc4f46d91ad9a65c9,0xb40]
[trap] num=116 (0x74) pc=0x1804b1b60 args=[0x27f4e00,0x0,0x0,0xfffffc088,0x8,0x41,0xbf1ffb51b782772d,0xb40]
[trap] num=-15 (0xfffffffffffffff1) pc=0x1804adacc args=[0x203,0x27f4d58,0x400000,0x0,0x2004000,0x3,0x0,0x0]
[trap] num=-15 (0xfffffffffffffff1) pc=0x1804adacc args=[0x203,0x27f4ca8,0x80000,0x3fff,0x1000001,0x3,0x0,0x0]
[trap] num=-14 (0xfffffffffffffff2) pc=0x1801155b8 args=[0x203,0x1ec444000,0x24000,0x0,0x1,0x0,0xffffffffbfc007ff,0xfffff0003ffff800]
[trap] num=202 (0xca) pc=0x1804af460 args=[0x27fb620,0x2,0x27fb5e8,0x27fb5e0,0x180205f3c,0x15,0xffffffffbfc007ff,0xfffff0003ffff800]
[trap] num=202 (0xca) pc=0x1804af460 args=[0x27fb5e8,0x2,0x27fb6a0,0x27fb690,0x0,0x0,0xffffffffbfc007ff,0xfffff0003ffff800]
[trap] num=202 (0xca) pc=0x1804af460 args=[0x27fb620,0x2,0x27fb5e8,0x27fb5e0,0x180205f9b,0x16,0xffffffffbfc007ff,0xfffff0003ffff800]
[trap] num=202 (0xca) pc=0x1804af460 args=[0x27fb5e8,0x2,0x27fb6a0,0x27fb690,0x0,0x0,0xffffffffbfc007ff,0xfffff0003ffff800]
[trap] num=202 (0xca) pc=0x1804af460 args=[0x27fb620,0x2,0x27fb5e8,0x27fb5e0,0x180205f3c,0x15,0xffffffffbfc007ff,0xfffff0003ffff800]
[trap] num=202 (0xca) pc=0x1804af460 args=[0x27fb5e8,0x2,0x27fb6a0,0x27fb690,0x0,0x0,0xffffffffbfc007ff,0xfffff0003ffff800]
[trap] num=-47 (0xffffffffffffffd1) pc=0x1804adc34 args=[0x27fb6c0,0x200000003,0x2400001513,0x100300000203,0xd5100000000,0x100300000000,0x30,0x0]
[mach_msg2] msgh_id=3409 dest=0x203 reply=0x1003 options=0x200000003 bits=0x1513 send_size=36 rcv_size=48
  send+000: 13 15 00 00 24 00 00 00 03 02 00 00 03 10 00 00
  send+010: 00 00 00 00 51 0d 00 00 00 00 00 00 01 00 00 00
  send+020: 04 00 00 00
[trap] num=-19 (0xffffffffffffffed) pc=0x1804adaf0 args=[0x203,0x1303,0x0,0x1,0xd5100000000,0x100300000000,0x30,0x0]
[trap] num=-19 (0xffffffffffffffed) pc=0x1804adaf0 args=[0x203,0x1303,0x0,0x1,0xd5100000000,0x100300000000,0x30,0x0]
[trap] num=-19 (0xffffffffffffffed) pc=0x1804adaf0 args=[0x203,0x1303,0x0,0x1,0x0,0x100300000000,0x30,0x0]
[trap] num=-15 (0xfffffffffffffff1) pc=0x1804adacc args=[0x203,0x27f9b78,0x400000,0x0,0x2004000,0x3,0x0,0x0]
[trap] num=-14 (0xfffffffffffffff2) pc=0x1801155b8 args=[0x203,0x1ec444000,0x24000,0x0,0x3,0x27fb4ef,0xffffffffbfc007ff,0xa0]
[trap] num=-14 (0xfffffffffffffff2) pc=0x1801155b8 args=[0x203,0x1ec444000,0x24000,0x0,0x1,0x27fb4ef,0xffffffffbfc007ff,0xa0]
[trap] num=5 (0x5) pc=0x180119f50 args=[0x639c0,0x0,0x0,0x639c0,0x0,0x27fb4ef,0x0,0xa0]
[trap] num=92 (0x5c) pc=0x1801180d8 args=[0x4,0x32,0x27fafb8,0x639c0,0x0,0x27fb4ef,0x0,0xa0]
[trap] num=6 (0x6) pc=0x180116750 args=[0x4,0x32,0x27fafb8,0x639c0,0x0,0x27fb4ef,0x0,0xa0]
[trap] num=220 (0xdc) pc=0x1804ae63c args=[0x639c0,0x27fafe0,0x27faffc,0x40c,0x0,0x27fb4ef,0x0,0xa0]
[trap] num=33 (0x21) pc=0x1804ae668 args=[0x63a40,0x4,0x638d0,0x63960,0x0,0x56,0x0,0x470]
[M28 BANDSHRINK] syscall 33 band past ipa 0x638d0 len 65536 shrunk 64 -> 0 by an overlapping window of the same call
[M28 BANDSHRINK] syscall 33 band past ipa 0x63960 len 65536 shrunk 64 -> 0 by an overlapping window of the same call
[trap] num=5 (0x5) pc=0x1804ae694 args=[0x63a40,0x0,0x0,0x63960,0x0,0x56,0x0,0x470]
[M28 BANDSHRINK] syscall 5 band past ipa 0x63960 len 65536 shrunk 64 -> 0 by an overlapping window of the same call
[trap] num=339 (0x153) pc=0x1804bc288 args=[0x4,0x638d0,0x0,0x63960,0x0,0x56,0x0,0x470]
[M28 BANDSHRINK] syscall 339 band past ipa 0x638d0 len 65536 shrunk 64 -> 0 by an overlapping window of the same call
[trap] num=483 (0x1e3) pc=0x1804ae6f0 args=[0x0,0x27fb20c,0x4,0x63960,0x0,0x56,0x0,0x470]
[trap] num=228 (0xe4) pc=0x1804b1694 args=[0x4,0x27fb2d0,0x27fb230,0x28,0x0,0x56,0x0,0x470]
[trap] num=381 (0x17d) pc=0x1804af730 args=[0x18df1ac55,0x2,0x27fb230,0x28,0x0,0x56,0x0,0x470]
[m47] num=381 args=[0x18df1ac55,0x2,0x27fb230] policy="Sandbox" op="file-write-data" ret=0x16 err=true writes=0
[trap] num=92 (0x5c) pc=0x1804ae8c4 args=[0x4,0x32,0x27faf28,0x27fb2e8,0x27faf80,0x56,0x0,0x470]
[trap] num=6 (0x6) pc=0x1804ae8f0 args=[0x4,0x27faf5b,0x0,0x63ab3,0x0,0x56,0x0,0x470]
[trap] num=5 (0x5) pc=0x1804ae694 args=[0x63ac0,0x0,0x0,0x63afd,0x18020b535,0x27fb3f0,0x74,0x470]
[M28 BANDSHRINK] syscall 5 band past ipa 0x63ac0 len 65536 shrunk 64 -> 0 by an overlapping window of the same call
[trap] num=336 (0x150) pc=0x1804af110 args=[0x2,0x1140c,0xd,0x1,0x27fb660,0x40,0x74,0x470]
[trap] num=-24 (0xffffffffffffffe8) pc=0x1804adb2c args=[0x203,0x27fb720,0x71b75ace,0x27fb71c,0x0,0x5,0x0,0x0]
[trap] num=-47 (0xffffffffffffffd1) pc=0x1804adc34 args=[0x27fb6b8,0x200000003,0x3480001513,0x100300000203,0xd5200000000,0x100300000001,0x2c,0x0]
[mach_msg2] msgh_id=3410 dest=0x203 reply=0x1003 options=0x200000003 bits=0x80001513 send_size=52 rcv_size=44
  send+000: 13 15 00 80 34 00 00 00 03 02 00 00 03 10 00 00
  send+010: 00 00 00 00 52 0d 00 00 01 00 00 00 03 12 00 00
  send+020: 00 00 00 00 00 00 13 00 00 00 00 00 01 00 00 00
  send+030: 0a 00 00 00
[trap] num=-47 (0xffffffffffffffd1) pc=0x1804adc34 args=[0x27fb438,0x200000003,0x2800001513,0x100300000203,0xd4d00000000,0x100300000000,0x1a8,0x0]
[mach_msg2] msgh_id=3405 dest=0x203 reply=0x1003 options=0x200000003 bits=0x1513 send_size=40 rcv_size=424
  send+000: 13 15 00 00 28 00 00 00 03 02 00 00 03 10 00 00
  send+010: 00 00 00 00 4d 0d 00 00 00 00 00 00 01 00 00 00
  send+020: 0f 00 00 00 08 00 00 00
[retrace] forwarding mach_msg2 task_info (msgh_id 3405) to host (decided allowlist)
[mach_msg2] host ret=0x0 err=false
  reply@0x27fb438+000: 00 12 00 00 48 00 00 00 00 00 00 00 03 10 00 00
  reply@0x27fb438+010: 00 00 00 00 b1 0d 00 00 00 00 00 00 01 00 00 00
  reply@0x27fb438+020: 00 00 00 00 08 00 00 00 f5 01 00 00 f5 01 00 00
  reply@0x27fb438+030: 14 00 00 00 f5 01 00 00 14 00 00 00 0c 14 01 00
  reply@0x27fb438+040: b9 86 01 00 9f fb 48 00 00 00 00 00 08 00 00 00
  reply@0x27fb438+050: 00 00 00 00 00 00 00 00 00 00 00 00 00 00 00 00
  reply@0x27fb438+060: 00 00 00 00 00 00 00 00 00 00 00 00 00 00 00 00
  reply@0x27fb438+070: 00 00 00 00 00 00 00 00 00 00 00 00 00 00 00 00
  reply@0x27fb438+080: 00 00 00 00 00 00 00 00 00 00 00 00 00 00 00 00
  reply@0x27fb438+090: 00 00 00 00 00 00 00 00 00 00 00 00 00 00 00 00
  reply@0x27fb438+0a0: 00 00 00 00 00 00 00 00 00 00 00 00 00 00 00 00
  reply@0x27fb438+0b0: 00 00 00 00 00 00 00 00 00 00 00 00 00 00 00 00
  reply@0x27fb438+0c0: 00 00 00 00 00 00 00 00 00 00 00 00 00 00 00 00
  reply@0x27fb438+0d0: 00 00 00 00 00 00 00 00 00 00 00 00 00 00 00 00
  reply@0x27fb438+0e0: 00 00 00 00 00 00 00 00 00 00 00 00 00 00 00 00
  reply@0x27fb438+0f0: 00 00 00 00 00 00 00 00 00 00 00 00 00 00 00 00
[trap] num=170 (0xaa) pc=0x1804ae5d0 args=[0x1140c,0x10,0x27fb250,0x408,0x10478,0x100300000000,0x48fb9f000186b9,0x0]
[trap] num=202 (0xca) pc=0x1804af460 args=[0x27fb650,0x2,0x27fb618,0x27fb610,0x1844cfba7,0x15,0x72,0x400]
[trap] num=202 (0xca) pc=0x1804af460 args=[0x27fb618,0x2,0x27fb6a8,0x27fb6a0,0x0,0x0,0x72,0x400]
[trap] num=-14 (0xfffffffffffffff2) pc=0x1801155b8 args=[0x203,0x1ec444000,0x24000,0x0,0x3,0x0,0x0,0x0]
[trap] num=-15 (0xfffffffffffffff1) pc=0x1801155c4 args=[0x203,0x27fb300,0x20000,0x3fff,0x3c000001,0x3,0x0,0x0]
[trap] num=-12 (0xfffffffffffffff4) pc=0x1801155a0 args=[0x203,0x1003c0000,0x20000,0x103,0xffffffff13f7dfd0,0x10,0x63,0x0]
[trap] num=-14 (0xfffffffffffffff2) pc=0x1801155b8 args=[0x203,0x1ec444000,0x24000,0x0,0x1,0x0,0x0,0x0]
[trap] num=-14 (0xfffffffffffffff2) pc=0x1801155b8 args=[0x203,0x1ec444000,0x24000,0x0,0x3,0x0,0x0,0x0]
[trap] num=-14 (0xfffffffffffffff2) pc=0x1801155b8 args=[0x203,0x1ec444000,0x24000,0x0,0x1,0x0,0x0,0x0]
[trap] num=-14 (0xfffffffffffffff2) pc=0x1801155b8 args=[0x203,0x1ec444000,0x24000,0x0,0x3,0x0,0x0,0x0]
[trap] num=-14 (0xfffffffffffffff2) pc=0x1801155b8 args=[0x203,0x1ec444000,0x24000,0x0,0x1,0x0,0x0,0x0]
[trap] num=-14 (0xfffffffffffffff2) pc=0x1801155b8 args=[0x203,0x1ec444000,0x24000,0x0,0x3,0x0,0x0,0x0]
[trap] num=-14 (0xfffffffffffffff2) pc=0x1801155b8 args=[0x203,0x1ec444000,0x24000,0x0,0x1,0x0,0x0,0x0]
[trap] num=-14 (0xfffffffffffffff2) pc=0x1801155b8 args=[0x203,0x1ec444000,0x24000,0x0,0x3,0x0,0x0,0x0]
[trap] num=-14 (0xfffffffffffffff2) pc=0x1801155b8 args=[0x203,0x1ec444000,0x24000,0x0,0x1,0x0,0x0,0x0]
[trap] num=-14 (0xfffffffffffffff2) pc=0x1801155b8 args=[0x203,0x1ec444000,0x24000,0x0,0x3,0x0,0x0,0x0]
[trap] num=25 (0x19) pc=0x1804af050 args=[0x1edd8d978,0x180533098,0x180533098,0x103,0x1ec445388,0x0,0x0,0x0]
[trap] num=24 (0x18) pc=0x1804af858 args=[0x1f5,0x180533098,0x180533098,0x103,0x1ec445388,0x0,0x0,0x0]
[trap] num=202 (0xca) pc=0x1804af460 args=[0x27fa4c0,0x4,0x27fa4d0,0x27fa4b8,0x0,0x0,0x0,0x0]
[trap] num=286 (0x11e) pc=0x1804af884 args=[0x27fa770,0x27fa774,0x1805331c8,0x27fa4b8,0x0,0x0,0x0,0x0]
[trap] num=25 (0x19) pc=0x1804af050 args=[0xffffffffffffffff,0xffffffffffffffff,0x1805331c8,0x27fa4b8,0x0,0x0,0x0,0x0]
[trap] num=43 (0x2b) pc=0x1804af8b0 args=[0x1f5,0xffffffffffffffff,0x1805331c8,0x27fa4b8,0x0,0x0,0x0,0x0]
[trap] num=169 (0xa9) pc=0x1804af8dc args=[0x1140c,0x10,0x27f9cf0,0x408,0x408,0x0,0x0,0x3f0]
[trap] num=169 (0xa9) pc=0x1804af8dc args=[0x1140c,0x10,0x27f9e10,0x408,0x408,0x73,0x72,0x400]
[trap] num=-19 (0xffffffffffffffed) pc=0x1804adaf0 args=[0x203,0x1303,0x0,0x1,0x0,0x58,0x65,0x400]
[trap] num=-50 (0xffffffffffffffce) pc=0x1804adc58 args=[0x1ec6fbd20,0x103,0x103,0x0,0x6,0x0,0x73,0x400]
[trap] num=-29 (0xffffffffffffffe3) pc=0x1804adb68 args=[0x0,0x18035aad8,0x18035aad8,0x66228,0x0,0x13,0x0,0x400]
[trap] num=-47 (0xffffffffffffffd1) pc=0x1804adc34 args=[0x27f9df0,0x200000003,0x2800001513,0x100300001c03,0x19c00000000,0x100300000000,0x30,0x0]
[mach_msg2] msgh_id=412 dest=0x1c03 reply=0x1003 options=0x200000003 bits=0x1513 send_size=40 rcv_size=48
  send+000: 13 15 00 00 28 00 00 00 03 1c 00 00 03 10 00 00
  send+010: 00 00 00 00 9c 01 00 00 00 00 00 00 01 00 00 00
  send+020: ff ff ff ff 01 00 00 00
[retrace] forwarding mach_msg2 host_get_special_port (msgh_id 412) to host (decided allowlist)
[mach_msg2] host ret=0x0 err=false
  reply@0x27f9df0+000: 00 12 00 00 24 00 00 00 00 00 00 00 03 10 00 00
  reply@0x27f9df0+010: 00 00 00 00 00 02 00 00 00 00 00 00 01 00 00 00
  reply@0x27f9df0+020: 04 00 00 00 00 00 00 00 08 00 00 00 00 00 00 00
  reply@0x27f9df0+030: 40 18 06 00 00 00 00 00 03 1c 00 00 00 00 00 00
  reply@0x27f9df0+040: 60 9e 7f 02 00 00 00 00 08 ab 35 80 01 00 00 00
  reply@0x27f9df0+050: 03 13 00 00 00 00 00 00 60 5e 06 00 00 00 00 00
  reply@0x27f9df0+060: 40 18 06 00 00 00 00 00 f0 fa 6f ec 01 00 00 00
  reply@0x27f9df0+070: 70 9e 7f 02 00 00 00 00 b0 04 35 80 01 00 00 00
  reply@0x27f9df0+080: 90 9e 7f 02 00 00 00 00 30 96 33 80 01 00 00 00
  reply@0x27f9df0+090: 40 18 06 00 00 00 00 00 28 f9 6f ec 01 00 00 00
  reply@0x27f9df0+0a0: a0 9e 7f 02 00 00 00 00 cc aa 35 80 01 00 00 00
  reply@0x27f9df0+0b0: c0 9e 7f 02 00 00 00 00 34 c5 35 80 01 00 00 00
  reply@0x27f9df0+0c0: 2e 00 00 00 00 00 00 00 6e 0a 2f a6 00 00 00 00
  reply@0x27f9df0+0d0: d0 9e 7f 02 00 00 00 00 b0 04 35 80 01 00 00 00
  reply@0x27f9df0+0e0: f0 9e 7f 02 00 00 00 00 30 96 33 80 01 00 00 00
  reply@0x27f9df0+0f0: 40 18 06 00 00 00 00 00 28 62 06 00 00 00 00 00
[trap] num=-70 (0xffffffffffffffba) pc=0x1804adcc4 args=[0x1c03,0x180373fb0,0x10,0x27f9ebc,0x19c00000000,0x100300000000,0x30,0x0]
[trap] num=-47 (0xffffffffffffffd1) pc=0x1804adc34 args=[0x66228,0x403114207,0xf880131513,0x200300001303,0x400000cf00001b03,0x200300000001,0xf8,0x0]
[mach_msg2] msgh_id=1073742031 dest=0x1303 reply=0x2003 options=0x403114207 bits=0x80131513 send_size=248 rcv_size=248
  send+000: 13 15 13 80 f8 00 00 00 03 13 00 00 03 20 00 00
  send+010: 03 1b 00 00 cf 00 00 40 01 00 00 00 03 13 00 00
  send+020: 00 00 00 00 00 00 13 00 43 50 58 40 05 00 00 00
  send+030: 00 f0 00 00 c0 00 00 00 07 00 00 00 68 61 6e 64
  send+040: 6c 65 00 00 00 40 00 00 00 00 00 00 00 00 00 00
  send+050: 69 6e 73 74 61 6e 63 65 00 00 00 00 00 a0 00 00
  send+060: 00 00 00 00 00 00 00 00 00 00 00 00 00 00 00 00
  send+070: 66 6c 61 67 73 00 00 00 00 40 00 00 08 00 00 00
  send+080: 00 00 00 00 6e 61 6d 65 00 00 00 00 00 90 00 00
  send+090: 25 00 00 00 63 6f 6d 2e 61 70 70 6c 65 2e 73 79
  send+0a0: 73 74 65 6d 2e 6e 6f 74 69 66 69 63 61 74 69 6f
  send+0b0: 6e 5f 63 65 6e 74 65 72 00 00 00 00 74 79 70 65
  send+0c0: 00 00 00 00 00 40 00 00 07 00 00 00 00 00 00 00
  send+0d0: 74 61 72 67 65 74 70 69 64 00 00 00 00 30 00 00
  send+0e0: 00 00 00 00 00 00 00 00 64 6f 6d 61 69 6e 2d 70
  send+0f0: 6f 72 74 00 00 d0 00 00
[retrace] refusing mach_msg2 message-queue send (msgh_id 0x400000cf dest 0x1303 send_size 248): the box hosts no message-queue receivers
[trap] num=-18 (0xffffffffffffffee) pc=0x1804adae4 args=[0x203,0x1303,0x1801c8220,0x66050,0x660c0,0x200300000001,0xf8,0x0]
[M28 BANDSHRINK] syscall -18 band past ipa 0x66050 len 65536 shrunk 64 -> 0 by an overlapping window of the same call
[trap] num=327 (0x147) pc=0x1804ad92c args=[0x0,0x103,0x103,0x103,0x0,0x0,0x0,0x0]
[trap] num=327 (0x147) pc=0x1804ad92c args=[0x0,0x103,0x103,0x103,0x2,0x63,0x0,0x0]
[trap] num=327 (0x147) pc=0x1804ad92c args=[0x0,0x0,0x0,0x103,0x2,0x63,0x0,0x0]
[trap] num=25 (0x19) pc=0x1804af050 args=[0x1ec7182a0,0x0,0x1f5,0x2,0x65f40,0x0,0x65,0x400]
[trap] num=194 (0xc2) pc=0x1804b00c8 args=[0x1008,0x27fa5a8,0x1804edb6c,0x2,0x65f40,0x0,0x65,0x400]
[trap] num=398 (0x18e) pc=0x1804ae948 args=[0x18052cc13,0x0,0x0,0x2,0x65f40,0x0,0x65,0x400]
[trap] num=339 (0x153) pc=0x1804bc288 args=[0x4,0x27fa5b0,0x120a8,0x1ec7035c0,0x27fa728,0x27fa720,0x65,0x400]
[trap] num=339 (0x153) pc=0x1804bc288 args=[0x4,0x27f94a0,0x27f9564,0x1ec7035c0,0x27fa728,0x27fa720,0x65,0x400]
[trap] num=396 (0x18c) pc=0x1804afcac args=[0x4,0x66020,0x1000,0x100,0x0,0x27fa720,0x65,0x400]
[trap] num=396 (0x18c) pc=0x1804afcac args=[0x4,0x66020,0x1000,0x27f9645,0x700c14080,0x0,0x65,0xfffff0003ffff800]
[trap] num=396 (0x18c) pc=0x1804afcac args=[0x4,0x66020,0x1000,0x27f963a,0x700c14080,0x0,0x61,0xfffff0003ffff800]
[trap] num=396 (0x18c) pc=0x1804afcac args=[0x4,0x66020,0x1000,0xfffff0007fc00000,0x700c0c340,0x0,0x0,0xfffff0003ffff800]
[trap] num=399 (0x18f) pc=0x1804af584 args=[0x4,0x0,0x1804edb6c,0xfffff0007fc00000,0x700c0c340,0x0,0x0,0xfffff0003ffff800]
[trap] num=169 (0xa9) pc=0x1804af8dc args=[0x1140c,0x0,0x27fb504,0x4,0x701001ee0,0x0,0xffffffffbfc007ff,0xfffff0003ffff800]
[trap] num=327 (0x147) pc=0x1804ad92c args=[0x0,0x1edd85ee8,0x180503ca0,0x1f5,0x2,0x0,0x0,0xfffff0003ffff800]
[trap] num=25 (0x19) pc=0x1804af050 args=[0x1ec7182a0,0x0,0x1f5,0x2,0x66200,0x0,0x65,0x400]
[trap] num=194 (0xc2) pc=0x1804b00c8 args=[0x1008,0x27fa578,0x1804edb6c,0x2,0x66200,0x0,0x65,0x400]
[trap] num=398 (0x18e) pc=0x1804ae948 args=[0x18052cc13,0x0,0x0,0x2,0x66200,0x0,0x65,0x400]
[trap] num=339 (0x153) pc=0x1804bc288 args=[0x4,0x27fa580,0x120a8,0x1ec7035c0,0x27fa6f8,0x27fa6f0,0x65,0x400]
[trap] num=339 (0x153) pc=0x1804bc288 args=[0x4,0x27f9470,0x27f9534,0x1ec7035c0,0x27fa6f8,0x27fa6f0,0x65,0x400]
[trap] num=396 (0x18c) pc=0x1804afcac args=[0x4,0x700c1c000,0x1000,0x1,0x0,0x1,0x0,0x0]
[trap] num=396 (0x18c) pc=0x1804afcac args=[0x4,0x700c1c000,0x1000,0x27f9615,0x700c14080,0x0,0x65,0xfffff0003ffff800]
[M28 BANDSHRINK] syscall 396 band past ipa 0x700c14080 len 65536 shrunk 64 -> 0 by an overlapping window of the same call
[trap] num=396 (0x18c) pc=0x1804afcac args=[0x4,0x700c1c000,0x1000,0x27f960a,0x700c14080,0x0,0x61,0xfffff0003ffff800]
[M28 BANDSHRINK] syscall 396 band past ipa 0x700c14080 len 65536 shrunk 64 -> 0 by an overlapping window of the same call
[trap] num=396 (0x18c) pc=0x1804afcac args=[0x4,0x700c1c000,0x1000,0xfffff0007fc00000,0x700c0c340,0x0,0x0,0xfffff0003ffff800]
[M28 BANDSHRINK] syscall 396 band past ipa 0x700c0c340 len 65536 shrunk 64 -> 0 by an overlapping window of the same call
[trap] num=399 (0x18f) pc=0x1804af584 args=[0x4,0x0,0x1804edb6c,0xfffff0007fc00000,0x700c0c340,0x0,0x0,0xfffff0003ffff800]
[trap] num=327 (0x147) pc=0x1804ad92c args=[0x0,0x100,0x193c16a30,0x27ffde8,0x1ec445388,0x0,0x0,0x0]
[trap] num=169 (0xa9) pc=0x1804af8dc args=[0x1140c,0x0,0x27fb428,0x4,0x1ec445388,0x0,0x0,0x0]
[trap] num=327 (0x147) pc=0x1804ad92c args=[0x1,0x194057bf0,0xf,0x1804f8a01,0x1ec445388,0x0,0x0,0x0]
[trap] num=169 (0xa9) pc=0x1804af8dc args=[0x1140c,0x0,0x27fb42c,0x4,0x1ec445388,0x0,0x0,0x0]
[trap] num=54 (0x36) pc=0x1804b2338 args=[0x1,0x4004667a,0x27fb3ac,0x4,0x1ec445388,0x0,0x0,0x0]
[trap] num=54 (0x36) pc=0x1804b2338 args=[0x1,0x40487413,0x27fb3b0,0x4,0x1ec445388,0x0,0x0,0x0]
[trap] num=54 (0x36) pc=0x1804b2338 args=[0x1,0x4004667a,0x27fb3ac,0x4,0x1ec445388,0x0,0x0,0x0]
[trap] num=54 (0x36) pc=0x1804b2338 args=[0x1,0x40487413,0x27fb3b0,0x4,0x1ec445388,0x0,0x0,0x0]
[trap] num=116 (0x74) pc=0x1804b1b60 args=[0x27fb280,0x0,0x0,0xfffffc088,0x1ec445388,0x0,0x0,0x0]
[trap] num=116 (0x74) pc=0x1804b1b60 args=[0x27fb280,0x0,0x0,0xfffffc088,0x1ec445388,0x0,0xc0c137d8655256da,0x0]
[trap] num=483 (0x1e3) pc=0x1804ae6f0 args=[0x0,0x27fb4dc,0x4,0x27ffde8,0x1ec445388,0x0,0x0,0x0]
[trap] num=-15 (0xfffffffffffffff1) pc=0x1801155c4 args=[0x203,0x27fb380,0x20000,0x3fff,0x3c000001,0x3,0x0,0x0]
[trap] num=-12 (0xfffffffffffffff4) pc=0x1801155a0 args=[0x203,0x1003c0000,0x20000,0x103,0xffffffff13f7dfd0,0x10,0x63,0x0]
[trap] num=-14 (0xfffffffffffffff2) pc=0x1801155b8 args=[0x203,0x1ec444000,0x24000,0x0,0x1,0x10,0x63,0x0]
[trap] num=116 (0x74) pc=0x1804b1b60 args=[0x27ff650,0x0,0x0,0xfffffc088,0x1,0x10,0x63,0x0]
[trap] num=5 (0x5) pc=0x1804ae694 args=[0x1002878e6,0x2,0x0,0xfffffc088,0x1,0x10,0x63,0x0]
[trap] num=6 (0x6) pc=0x1804ae8f0 args=[0x4,0x2,0x0,0xfffffc088,0x1,0x10,0x63,0x0]
[trap] num=48 (0x30) pc=0x1804b13d8 args=[0x2,0x27ff6bc,0x0,0xfffffc088,0x1,0x10,0x63,0x0]
[trap] num=46 (0x2e) pc=0x1804b4478 args=[0xd,0x27ff648,0x27ff670,0xfffffc088,0x1,0x10,0x63,0x0]
[trap] num=33 (0x21) pc=0x1804ae668 args=[0x6bbf0,0x4,0x0,0x6bc37,0x10027b3f7,0x27ff4e0,0x6769666e6f637469,0xfffff0003ffff800]
[M28 BANDSHRINK] syscall 33 band past ipa 0x6bbf0 len 65536 shrunk 64 -> 0 by an overlapping window of the same call
[trap] num=194 (0xc2) pc=0x1804b00c8 args=[0x1008,0x27ff368,0x1804edb6c,0x7,0x0,0x27ff4e0,0x6769666e6f637469,0xfffff0003ffff800]
[trap] num=398 (0x18e) pc=0x1804ae948 args=[0x6bbf0,0x0,0x0,0x7,0x0,0x27ff4e0,0x6769666e6f637469,0xfffff0003ffff800]
[trap] num=339 (0x153) pc=0x1804bc288 args=[0x4,0x27ff430,0x120a8,0x7,0x0,0x27ff4e0,0x6769666e6f637469,0xfffff0003ffff800]
[trap] num=339 (0x153) pc=0x1804bc288 args=[0x4,0x27ff1d0,0x27ff294,0x6c88f,0xfffffffffffff368,0x18,0x7,0x0]
[trap] num=396 (0x18c) pc=0x1804afcac args=[0x4,0x700c1c000,0x1000,0xa004181c0,0x0,0x27ff227,0x3ff800,0xfffff0007ffff800]
[trap] num=396 (0x18c) pc=0x1804afcac args=[0x4,0x700c1c000,0x1000,0xfffffffffffffff2,0x69,0x63,0x3ff800,0x370]
[trap] num=399 (0x18f) pc=0x1804af584 args=[0x4,0x0,0x1804edb6c,0xa0,0x6c1c0,0x63,0x3ff800,0x370]
[trap] num=33 (0x21) pc=0x1804ae668 args=[0x674c0,0x4,0x1,0x103,0x6c1c0,0x63,0x3ff800,0x370]
[M28 BANDSHRINK] syscall 33 band past ipa 0x674c0 len 65536 shrunk 64 -> 0 by an overlapping window of the same call
[trap] num=398 (0x18e) pc=0x1804ae948 args=[0x1803fd5e6,0x1000000,0x0,0x96,0x0,0x63,0x3ff800,0x370]
[trap] num=339 (0x153) pc=0x1804bc288 args=[0x4,0x27ff470,0x0,0x96,0x0,0x63,0x3ff800,0x370]
[trap] num=406 (0x196) pc=0x1804b2174 args=[0x4,0x32,0x27fefe0,0x27ff3a0,0x27ff040,0x63,0x3ff800,0x370]
[trap] num=399 (0x18f) pc=0x1804af584 args=[0x4,0x32,0x27fefe0,0x27ff3a0,0x27ff040,0x63,0x3ff800,0x370]
[trap] num=338 (0x152) pc=0x1804b988c args=[0x27fefe0,0x27ff3e0,0x27fefe0,0x27ff3a0,0x27ff040,0x63,0x3ff800,0x370]
[trap] num=12 (0xc) pc=0x1804af75c args=[0x27fff3c,0x10027a22e,0x0,0x16,0x43,0x2d,0x3ff800,0x370]
[trap] num=398 (0x18e) pc=0x1804ae948 args=[0x1803fd5e6,0x1000000,0x0,0x5d,0x0,0x0,0x0,0x460]
[trap] num=339 (0x153) pc=0x1804bc288 args=[0x4,0x27feff0,0x0,0x5d,0x0,0x0,0x0,0x460]
[trap] num=406 (0x196) pc=0x1804b2174 args=[0x4,0x32,0x27feb60,0x27fef20,0x27febc0,0x0,0x0,0x460]
[trap] num=399 (0x18f) pc=0x1804af584 args=[0x4,0x32,0x27feb60,0x27fef20,0x27febc0,0x0,0x0,0x460]
[trap] num=338 (0x152) pc=0x1804b988c args=[0x27feb60,0x27fef60,0x27feb60,0x27fef20,0x27febc0,0x0,0x0,0x460]
[trap] num=398 (0x18e) pc=0x1804ae948 args=[0x1803fd5e6,0x1000000,0x0,0xa,0x6c080,0x20,0x0,0x460]
[trap] num=339 (0x153) pc=0x1804bc288 args=[0x4,0x27feff0,0x0,0xa,0x6c080,0x20,0x0,0x460]
[trap] num=406 (0x196) pc=0x1804b2174 args=[0x4,0x32,0x27feb60,0x27fef20,0x27febc0,0x20,0x0,0x460]
[trap] num=399 (0x18f) pc=0x1804af584 args=[0x4,0x32,0x27feb60,0x27fef20,0x27febc0,0x20,0x0,0x460]
[trap] num=338 (0x152) pc=0x1804b988c args=[0x27feb60,0x27fef60,0x27feb60,0x27fef20,0x27febc0,0x20,0x0,0x460]
[trap] num=338 (0x152) pc=0x1804b988c args=[0x6c1e0,0x27ff0c0,0x103,0x103,0xfffffffffffffec0,0x20,0x0,0x460]
[trap] num=338 (0x152) pc=0x1804b988c args=[0x6c280,0x27ff0a0,0x0,0x6c30e,0x6c240,0x20,0x74,0x460]
[M28 BANDSHRINK] syscall 338 band past ipa 0x6c280 len 65536 shrunk 64 -> 0 by an overlapping window of the same call
[M28 BANDSHRINK] syscall 338 band past ipa 0x6c240 len 65536 shrunk 64 -> 0 by an overlapping window of the same call
[trap] num=340 (0x154) pc=0x1804b9860 args=[0x6c420,0x27fef70,0x0,0x6c4b3,0x6c400,0x20,0x44,0x460]
[M28 BANDSHRINK] syscall 340 band past ipa 0x6c420 len 65536 shrunk 64 -> 0 by an overlapping window of the same call
[M28 BANDSHRINK] syscall 340 band past ipa 0x6c400 len 65536 shrunk 64 -> 0 by an overlapping window of the same call
[trap] num=5 (0x5) pc=0x1804ae694 args=[0x6c420,0x0,0x0,0x6c4b3,0x6c400,0x20,0x44,0x460]
[M28 BANDSHRINK] syscall 5 band past ipa 0x6c420 len 65536 shrunk 64 -> 0 by an overlapping window of the same call
[M28 BANDSHRINK] syscall 5 band past ipa 0x6c400 len 65536 shrunk 64 -> 0 by an overlapping window of the same call
[trap] num=3 (0x3) pc=0x1804ae91c args=[0x4,0x27ff028,0xff,0x6c4b3,0x6c400,0x20,0x44,0x460]
[M28 BANDSHRINK] syscall 3 band past ipa 0x6c400 len 65536 shrunk 64 -> 0 by an overlapping window of the same call
[trap] num=3 (0x3) pc=0x1804ae91c args=[0x4,0x27ff03d,0xea,0x6c4b3,0x6c400,0x20,0x44,0x460]
[M28 BANDSHRINK] syscall 3 band past ipa 0x6c400 len 65536 shrunk 64 -> 0 by an overlapping window of the same call
[trap] num=6 (0x6) pc=0x1804ae8f0 args=[0x4,0x27ff03d,0xea,0x6c4b3,0x6c400,0x20,0x44,0x460]
[M28 BANDSHRINK] syscall 6 band past ipa 0x6c400 len 65536 shrunk 64 -> 0 by an overlapping window of the same call
[trap] num=340 (0x154) pc=0x1804b9860 args=[0x6c520,0x27fee40,0x0,0x6c5b8,0xfffffffffffffd60,0x20,0x72,0xfffff0003ffff800]
[M28 BANDSHRINK] syscall 340 band past ipa 0x6c520 len 65536 shrunk 64 -> 0 by an overlapping window of the same call
[trap] num=33 (0x21) pc=0x1804ae668 args=[0x6c420,0x1,0x0,0x6c4b6,0x6c580,0x20,0x737463656a626f2f,0xfffff0003ffff800]
[M28 BANDSHRINK] syscall 33 band past ipa 0x6c420 len 65536 shrunk 64 -> 0 by an overlapping window of the same call
[M28 BANDSHRINK] syscall 33 band past ipa 0x6c4b6 len 65536 shrunk 64 -> 0 by an overlapping window of the same call
[trap] num=33 (0x21) pc=0x1804ae668 args=[0x6c420,0x1,0x0,0x6c4b3,0x6c580,0x20,0x73,0xfffff0003ffff800]
[M28 BANDSHRINK] syscall 33 band past ipa 0x6c420 len 65536 shrunk 64 -> 0 by an overlapping window of the same call
[M28 BANDSHRINK] syscall 33 band past ipa 0x6c4b3 len 65536 shrunk 64 -> 0 by an overlapping window of the same call
[trap] num=340 (0x154) pc=0x1804b9860 args=[0x6c280,0x27ff0a8,0x103,0x103,0xffffffffffffff00,0x20,0x73,0xfffff0003ffff800]
[trap] num=25 (0x19) pc=0x1804af050 args=[0x0,0x27ff0a8,0x103,0x103,0xffffffffffffff00,0x20,0x73,0xfffff0003ffff800]
[trap] num=340 (0x154) pc=0x1804b9860 args=[0x6c380,0x27ff0a8,0x103,0x103,0xffffffffffffff00,0x20,0x73,0xfffff0003ffff800]
[trap] num=25 (0x19) pc=0x1804af050 args=[0x0,0x27ff0a8,0x103,0x103,0xffffffffffffff00,0x20,0x73,0xfffff0003ffff800]
[trap] num=340 (0x154) pc=0x1804b9860 args=[0x700c140a0,0x27ff090,0x0,0x700c140ae,0x1002adcb8,0x27ff130,0x72,0xfffff0003ffff800]
[M28 BANDSHRINK] syscall 340 band past ipa 0x700c140a0 len 65536 shrunk 64 -> 0 by an overlapping window of the same call
[trap] num=194 (0xc2) pc=0x1804b00c8 args=[0x1008,0x27fefa8,0x1804edb6c,0x0,0x0,0x0,0x67,0xfffff0003ffff800]
[trap] num=398 (0x18e) pc=0x1804ae948 args=[0x701002c60,0x0,0x0,0x0,0x0,0x0,0x67,0xfffff0003ffff800]
[trap] num=339 (0x153) pc=0x1804bc288 args=[0x4,0x27ff070,0x120a8,0x0,0x0,0x0,0x67,0xfffff0003ffff800]
[trap] num=339 (0x153) pc=0x1804bc288 args=[0x4,0x27fee10,0x27feed4,0x6be23,0x0,0x27ff250,0x67,0x0]
[trap] num=396 (0x18c) pc=0x1804afcac args=[0x4,0x700c1c000,0x1000,0xa004181c0,0x0,0x27fee67,0x3ff800,0xfffff0007ffff800]
[trap] num=396 (0x18c) pc=0x1804afcac args=[0x4,0x700c1c000,0x1000,0xfffffffffffffff5,0x70,0x77,0x3ff800,0x3f0]
[trap] num=399 (0x18f) pc=0x1804af584 args=[0x4,0x0,0x1804edb6c,0xa0,0x6ce40,0x77,0x3ff800,0x3f0]
[trap] num=398 (0x18e) pc=0x1804ae948 args=[0x1803fd5e6,0x1000000,0x0,0xfffff0007fc00000,0x0,0x0,0x0,0xfffff0003ffff800]
[trap] num=339 (0x153) pc=0x1804bc288 args=[0x4,0x27fee10,0x0,0xfffff0007fc00000,0x0,0x0,0x0,0xfffff0003ffff800]
[trap] num=406 (0x196) pc=0x1804b2174 args=[0x4,0x32,0x27fe980,0x27fed40,0x27fea00,0x0,0x0,0xfffff0003ffff800]
[trap] num=399 (0x18f) pc=0x1804af584 args=[0x4,0x32,0x27fe980,0x27fed40,0x27fea00,0x0,0x0,0xfffff0003ffff800]
[trap] num=338 (0x152) pc=0x1804b988c args=[0x27fe980,0x27fed80,0x27fe980,0x27fed40,0x27fea00,0x0,0x0,0xfffff0003ffff800]
[trap] num=398 (0x18e) pc=0x1804ae948 args=[0x1803fd5e6,0x1000000,0x0,0xa,0x6c400,0x20,0x0,0xfffff0003ffff800]
[trap] num=339 (0x153) pc=0x1804bc288 args=[0x4,0x27fee10,0x0,0xa,0x6c400,0x20,0x0,0xfffff0003ffff800]
[trap] num=406 (0x196) pc=0x1804b2174 args=[0x4,0x32,0x27fe980,0x27fed40,0x27fea00,0x20,0x0,0xfffff0003ffff800]
[trap] num=399 (0x18f) pc=0x1804af584 args=[0x4,0x32,0x27fe980,0x27fed40,0x27fea00,0x20,0x0,0xfffff0003ffff800]
[trap] num=338 (0x152) pc=0x1804b988c args=[0x27fe980,0x27fed80,0x27fe980,0x27fed40,0x27fea00,0x20,0x0,0xfffff0003ffff800]
[trap] num=338 (0x152) pc=0x1804b988c args=[0x100283d67,0x27ff090,0x27ff1d0,0x103,0x0,0x0,0x2e,0x290]
[trap] num=340 (0x154) pc=0x1804b9860 args=[0x700c140a0,0x27ff050,0x0,0x700c140ae,0x1002adcb8,0x27ff0f0,0x72,0xfffff0003ffff800]
[M28 BANDSHRINK] syscall 340 band past ipa 0x700c140a0 len 65536 shrunk 64 -> 0 by an overlapping window of the same call
[trap] num=340 (0x154) pc=0x1804b9860 args=[0x701002c60,0x27ff0b0,0x0,0x701002c66,0x5,0x10,0x73,0xfffff0003ffff800]
[M28 BANDSHRINK] syscall 340 band past ipa 0x701002c60 len 65536 shrunk 64 -> 0 by an overlapping window of the same call
[trap] num=340 (0x154) pc=0x1804b9860 args=[0x701002c60,0x27ff0b0,0x0,0x701002c72,0x0,0x10,0x6d,0xfffff0003ffff800]
[M28 BANDSHRINK] syscall 340 band past ipa 0x701002c60 len 65536 shrunk 64 -> 0 by an overlapping window of the same call
[trap] num=340 (0x154) pc=0x1804b9860 args=[0x700c0cb40,0x27ff0b0,0x0,0x700c0cb5c,0x700c0cb40,0x0,0x73,0xfffff0003ffff800]
[M28 BANDSHRINK] syscall 340 band past ipa 0x700c0cb40 len 65536 shrunk 64 -> 0 by an overlapping window of the same call
[M28 BANDSHRINK] syscall 340 band past ipa 0x700c0cb40 len 65536 shrunk 64 -> 0 by an overlapping window of the same call
[trap] num=340 (0x154) pc=0x1804b9860 args=[0x700c0cb40,0x27ff0b0,0x0,0x700c0cb63,0x0,0x0,0x62,0xfffff0003ffff800]
[M28 BANDSHRINK] syscall 340 band past ipa 0x700c0cb40 len 65536 shrunk 64 -> 0 by an overlapping window of the same call
[trap] num=340 (0x154) pc=0x1804b9860 args=[0x700c0cb40,0x27ff0b0,0x0,0x700c0cb6b,0x0,0x0,0x65,0xfffff0003ffff800]
[M28 BANDSHRINK] syscall 340 band past ipa 0x700c0cb40 len 65536 shrunk 64 -> 0 by an overlapping window of the same call
[trap] num=340 (0x154) pc=0x1804b9860 args=[0x700c0cb40,0x27ff0b0,0x0,0x700c0cb73,0x0,0x0,0x65,0xfffff0003ffff800]
[M28 BANDSHRINK] syscall 340 band past ipa 0x700c0cb40 len 65536 shrunk 64 -> 0 by an overlapping window of the same call
[trap] num=340 (0x154) pc=0x1804b9860 args=[0x6c1e0,0x27ff0b0,0x0,0x6c21d,0x700c0cbc0,0x20,0x73,0xfffff0003ffff800]
[M28 BANDSHRINK] syscall 340 band past ipa 0x6c1e0 len 65536 shrunk 64 -> 0 by an overlapping window of the same call
[trap] num=340 (0x154) pc=0x1804b9860 args=[0x6c1e0,0x27ff0b0,0x0,0x6c22a,0x0,0x20,0x65,0xfffff0003ffff800]
[M28 BANDSHRINK] syscall 340 band past ipa 0x6c1e0 len 65536 shrunk 64 -> 0 by an overlapping window of the same call
[trap] num=33 (0x21) pc=0x1804ae668 args=[0x6bbf0,0x4,0x0,0x103,0x1002ade74,0x27ff210,0x656572746b726f77,0xfffff0003ffff800]
[trap] num=194 (0xc2) pc=0x1804b00c8 args=[0x1008,0x27ff038,0x1804edb6c,0x7,0x0,0x27ff210,0x656572746b726f77,0xfffff0003ffff800]
[trap] num=398 (0x18e) pc=0x1804ae948 args=[0x6bbf0,0x0,0x0,0x7,0x0,0x27ff210,0x656572746b726f77,0xfffff0003ffff800]
[trap] num=339 (0x153) pc=0x1804bc288 args=[0x4,0x27ff100,0x120a8,0x7,0x0,0x27ff210,0x656572746b726f77,0xfffff0003ffff800]
[trap] num=339 (0x153) pc=0x1804bc288 args=[0x4,0x27feea0,0x27fef64,0xff,0x6c8bf,0x6bc27,0x7,0x0]
[M28 BANDSHRINK] syscall 339 band past ipa 0x6bc27 len 65536 shrunk 64 -> 0 by an overlapping window of the same call
[trap] num=396 (0x18c) pc=0x1804afcac args=[0x4,0x700c1c000,0x1000,0xa003cf1a0,0x700c1c000,0x0,0xffffffffbfc007ff,0xfffff0003ffff800]
[trap] num=396 (0x18c) pc=0x1804afcac args=[0x4,0x700c1c000,0x1000,0xfffffffffffffff2,0x69,0x63,0xffffffffbfc007ff,0x370]
[trap] num=399 (0x18f) pc=0x1804af584 args=[0x4,0x0,0x1804edb6c,0xa0,0x6ce40,0x63,0xffffffffbfc007ff,0x370]
[trap] num=33 (0x21) pc=0x1804ae668 args=[0x6bd50,0x4,0x0,0x103,0x6ce40,0x63,0xffffffffbfc007ff,0x370]
[M28 BANDSHRINK] syscall 33 band past ipa 0x6bd50 len 65536 shrunk 64 -> 0 by an overlapping window of the same call
[trap] num=33 (0x21) pc=0x1804ae668 args=[0x700c14190,0x4,0x0,0x103,0x6ce40,0x63,0xffffffffbfc007ff,0x370]
[trap] num=194 (0xc2) pc=0x1804b00c8 args=[0x1008,0x27ff038,0x1804edb6c,0x3,0x0,0x63,0xffffffffbfc007ff,0x370]
[trap] num=398 (0x18e) pc=0x1804ae948 args=[0x700c14190,0x0,0x0,0x3,0x0,0x63,0xffffffffbfc007ff,0x370]
[trap] num=339 (0x153) pc=0x1804bc288 args=[0x4,0x27ff100,0x120a8,0x3,0x0,0x63,0xffffffffbfc007ff,0x370]
[trap] num=339 (0x153) pc=0x1804bc288 args=[0x4,0x27feea0,0x27fef64,0x0,0x67,0x67,0xffffffffbfc007ff,0xfffff0003ffff800]
[trap] num=396 (0x18c) pc=0x1804afcac args=[0x4,0x700c1c000,0x1000,0xa003cf1a0,0x700c1c000,0x0,0xffffffffbfc007ff,0xfffff0003ffff800]
[trap] num=396 (0x18c) pc=0x1804afcac args=[0x4,0x700c1c000,0x1000,0xfffffffffffffff0,0x63,0x69,0xffffffffbfc007ff,0x370]
[trap] num=399 (0x18f) pc=0x1804af584 args=[0x4,0x0,0x1804edb6c,0xa,0x63,0x69,0xffffffffbfc007ff,0x370]
[trap] num=398 (0x18e) pc=0x1804ae948 args=[0x1803fd5e6,0x1000000,0x0,0x10,0x0,0x69,0xffffffffbfc007ff,0x370]
[trap] num=339 (0x153) pc=0x1804bc288 args=[0x4,0x27ff110,0x0,0x10,0x0,0x69,0xffffffffbfc007ff,0x370]
[trap] num=406 (0x196) pc=0x1804b2174 args=[0x4,0x32,0x27fec80,0x27ff040,0x27fed00,0x69,0xffffffffbfc007ff,0x370]
[trap] num=399 (0x18f) pc=0x1804af584 args=[0x4,0x32,0x27fec80,0x27ff040,0x27fed00,0x69,0xffffffffbfc007ff,0x370]
[trap] num=338 (0x152) pc=0x1804b988c args=[0x27fec80,0x27ff080,0x27fec80,0x27ff040,0x27fed00,0x69,0xffffffffbfc007ff,0x370]
[trap] num=398 (0x18e) pc=0x1804ae948 args=[0x1803fd5e6,0x1000000,0x0,0x1a,0x6c240,0x10,0xffffffffbfc007ff,0x370]
[trap] num=339 (0x153) pc=0x1804bc288 args=[0x4,0x27ff110,0x0,0x1a,0x6c240,0x10,0xffffffffbfc007ff,0x370]
[trap] num=406 (0x196) pc=0x1804b2174 args=[0x4,0x32,0x27fec80,0x27ff040,0x27fed00,0x10,0xffffffffbfc007ff,0x370]
[trap] num=399 (0x18f) pc=0x1804af584 args=[0x4,0x32,0x27fec80,0x27ff040,0x27fed00,0x10,0xffffffffbfc007ff,0x370]
[trap] num=338 (0x152) pc=0x1804b988c args=[0x27fec80,0x27ff080,0x27fec80,0x27ff040,0x27fed00,0x10,0xffffffffbfc007ff,0x370]
[trap] num=12 (0xc) pc=0x1804af75c args=[0x6c420,0x6c950,0x9,0x1804f8a10,0x27923b0,0x10,0xffffffffbfc007ff,0x370]
[M28 BANDSHRINK] syscall 12 band past ipa 0x6c420 len 65536 shrunk 64 -> 0 by an overlapping window of the same call
[trap] num=33 (0x21) pc=0x1804ae668 args=[0x6bbf0,0x4,0x0,0x103,0x1002ade74,0x27fe4f0,0x656572746b726f77,0xfffff0003ffff800]
[trap] num=194 (0xc2) pc=0x1804b00c8 args=[0x1008,0x27fe318,0x1804edb6c,0x7,0x0,0x27fe4f0,0x656572746b726f77,0xfffff0003ffff800]
[trap] num=398 (0x18e) pc=0x1804ae948 args=[0x6bbf0,0x0,0x0,0x7,0x0,0x27fe4f0,0x656572746b726f77,0xfffff0003ffff800]
[trap] num=339 (0x153) pc=0x1804bc288 args=[0x4,0x27fe3e0,0x120a8,0x7,0x0,0x27fe4f0,0x656572746b726f77,0xfffff0003ffff800]
[trap] num=339 (0x153) pc=0x1804bc288 args=[0x4,0x27fe180,0x27fe244,0xff,0x6c8bf,0x6bc27,0xffffffffbfc007ff,0xfffff0003ffff800]
[M28 BANDSHRINK] syscall 339 band past ipa 0x6bc27 len 65536 shrunk 64 -> 0 by an overlapping window of the same call
[trap] num=396 (0x18c) pc=0x1804afcac args=[0x4,0x700c1c000,0x1000,0xa003cf1a0,0x700c1c000,0x0,0xffffffffbfc007ff,0xfffff0003ffff800]
[trap] num=396 (0x18c) pc=0x1804afcac args=[0x4,0x700c1c000,0x1000,0xfffffffffffffff2,0x69,0x63,0x0,0x370]
[trap] num=399 (0x18f) pc=0x1804af584 args=[0x4,0x0,0x1804edb6c,0xfffff0007fc00000,0x69,0x63,0x0,0x370]
[trap] num=33 (0x21) pc=0x1804ae668 args=[0x6bd50,0x4,0x0,0x103,0x69,0x63,0x0,0x370]
[trap] num=33 (0x21) pc=0x1804ae668 args=[0x700c141e0,0x4,0x0,0x103,0x69,0x63,0x0,0x370]
[trap] num=194 (0xc2) pc=0x1804b00c8 args=[0x1008,0x27fe318,0x1804edb6c,0x3,0x0,0x63,0x0,0x370]
[trap] num=398 (0x18e) pc=0x1804ae948 args=[0x700c141e0,0x0,0x0,0x3,0x0,0x63,0x0,0x370]
[trap] num=339 (0x153) pc=0x1804bc288 args=[0x4,0x27fe3e0,0x120a8,0x3,0x0,0x63,0x0,0x370]
[trap] num=339 (0x153) pc=0x1804bc288 args=[0x4,0x27fe180,0x27fe244,0x0,0x67,0x67,0xffffffffbfc007ff,0xfffff0003ffff800]
[trap] num=396 (0x18c) pc=0x1804afcac args=[0x4,0x700c1c000,0x1000,0xa003cf1a0,0x700c1c000,0x0,0xffffffffbfc007ff,0xfffff0003ffff800]
[trap] num=396 (0x18c) pc=0x1804afcac args=[0x4,0x700c1c000,0x1000,0xfffffffffffffff0,0x63,0x69,0x0,0x370]
[trap] num=399 (0x18f) pc=0x1804af584 args=[0x4,0x0,0x1804edb6c,0xfffff0007fc00000,0x63,0x69,0x0,0x370]
[trap] num=340 (0x154) pc=0x1804b9860 args=[0x700c14190,0x27fe530,0x0,0x700c1419e,0x1002adcb8,0x27fe5d0,0x72,0xfffff0003ffff800]
[M28 BANDSHRINK] syscall 340 band past ipa 0x700c14190 len 65536 shrunk 64 -> 0 by an overlapping window of the same call
[trap] num=340 (0x154) pc=0x1804b9860 args=[0x700c141e0,0x27fe4a0,0x0,0x700c141e9,0x10027b3f7,0x27fe400,0x44,0xfffff0003ffff800]
[M28 BANDSHRINK] syscall 340 band past ipa 0x700c141e0 len 65536 shrunk 64 -> 0 by an overlapping window of the same call
[trap] num=5 (0x5) pc=0x1804ae694 args=[0x700c141e0,0x0,0x0,0x700c141e9,0x10027b3f7,0x27fe400,0x44,0xfffff0003ffff800]
[M28 BANDSHRINK] syscall 5 band past ipa 0x700c141e0 len 65536 shrunk 64 -> 0 by an overlapping window of the same call
[trap] num=3 (0x3) pc=0x1804ae91c args=[0x4,0x6dbc0,0x100,0x0,0x0,0x27fe400,0x44,0xfffff0003ffff800]
[trap] num=3 (0x3) pc=0x1804ae91c args=[0x4,0x6dbd5,0xeb,0x0,0x0,0x27fe400,0x44,0xfffff0003ffff800]
[trap] num=6 (0x6) pc=0x1804ae8f0 args=[0x4,0x6dbd5,0xeb,0x0,0x0,0x27fe400,0x44,0xfffff0003ffff800]
[trap] num=340 (0x154) pc=0x1804b9860 args=[0x700c141e0,0x27fe4a0,0x0,0x700c141f4,0x10027b3f7,0x27fe400,0x6e,0xfffff0003ffff800]
[M28 BANDSHRINK] syscall 340 band past ipa 0x700c141e0 len 65536 shrunk 64 -> 0 by an overlapping window of the same call
[trap] num=5 (0x5) pc=0x1804ae694 args=[0x700c141e0,0x0,0x0,0x700c141f4,0x10027b3f7,0x27fe400,0x6e,0xfffff0003ffff800]
[M28 BANDSHRINK] syscall 5 band past ipa 0x700c141e0 len 65536 shrunk 64 -> 0 by an overlapping window of the same call
[trap] num=3 (0x3) pc=0x1804ae91c args=[0x4,0x6dbc0,0x100,0x0,0x0,0x27fe400,0x6e,0xfffff0003ffff800]
[trap] num=3 (0x3) pc=0x1804ae91c args=[0x4,0x6dbe9,0xd7,0x0,0x0,0x27fe400,0x6e,0xfffff0003ffff800]
[trap] num=6 (0x6) pc=0x1804ae8f0 args=[0x4,0x6dbe9,0xd7,0x0,0x0,0x27fe400,0x6e,0xfffff0003ffff800]
[trap] num=398 (0x18e) pc=0x1804ae948 args=[0x700c141e0,0x1100000,0x0,0x0,0x0,0x27fe2e0,0x2f,0xfffff0003ffff800]
[trap] num=346 (0x15a) pc=0x1804b9980 args=[0x4,0x27fda50,0x0,0x0,0x0,0x27fe2e0,0x2f,0xfffff0003ffff800]
[trap] num=327 (0x147) pc=0x1804ad92c args=[0x1ec7f8110,0x0,0xfffffffffffffff8,0x1ec7f83f8,0x1ec7f8180,0x27fe2e0,0x2f,0xfffff0003ffff800]
[trap] num=-14 (0xfffffffffffffff2) pc=0x1801155b8 args=[0x203,0x1ec444000,0x24000,0x0,0x3,0x27fcf5f,0x0,0x100]
[trap] num=338 (0x152) pc=0x180116c48 args=[0x1ec7f8468,0x27fbd90,0x27fbe90,0x27fbe78,0x1ec7f8472,0x1801ac864,0x27fc5d8,0x700]
[trap] num=-10 (0xfffffffffffffff6) pc=0x180115588 args=[0x203,0x27fbd50,0x4000,0x3c000001,0x1ec7f8472,0x1801ac864,0x27fc5d8,0x700]
[trap] num=338 (0x152) pc=0x180116c48 args=[0x27fc3b0,0x27fbd40,0x27fbe40,0x27fbe28,0x27fc3de,0x1801ac864,0x0,0x210]
[trap] num=-12 (0xfffffffffffffff4) pc=0x1801155a0 args=[0x203,0xa00864000,0x4000,0x1a0500,0x0,0x0,0x0,0xbc0]
[trap] num=-15 (0xfffffffffffffff1) pc=0x1801155c4 args=[0x203,0x27fb9e0,0x20000,0x3fff,0x3c000001,0x3,0x0,0x0]
[trap] num=-12 (0xfffffffffffffff4) pc=0x1801155a0 args=[0x203,0x1003c0000,0x20000,0x103,0x0,0x0,0x0,0x0]
[trap] num=-14 (0xfffffffffffffff2) pc=0x1801155b8 args=[0x203,0x1ec444000,0x24000,0x0,0x1,0x0,0x0,0x0]
[trap] num=5 (0x5) pc=0x1804ae694 args=[0x27fc438,0x1000000,0x0,0x27fc45a,0x190380f65,0x27fc420,0x62,0xfffff0003ffff800]
[trap] num=339 (0x153) pc=0x1804bc288 args=[0x5,0x27fc360,0x0,0x27fc45a,0x190380f65,0x27fc420,0x62,0xfffff0003ffff800]
[trap] num=197 (0xc5) pc=0x1804aea18 args=[0x0,0x7810,0x1,0x40002,0x5,0x0,0x62,0xfffff0003ffff800]
[trap] num=6 (0x6) pc=0x1804ae8f0 args=[0x5,0x7810,0x1,0x40002,0x5,0x0,0x62,0xfffff0003ffff800]
[trap] num=73 (0x49) pc=0x1804b1728 args=[0xa00868000,0x7810,0x0,0x6ea90,0x0,0x0,0x0,0xf20]
[trap] num=5 (0x5) pc=0x1804ae694 args=[0x27fc438,0x1000000,0x0,0x27fc458,0x190380f65,0x27fc420,0x62,0xf20]
[trap] num=339 (0x153) pc=0x1804bc288 args=[0x5,0x27fc360,0x0,0x27fc458,0x190380f65,0x27fc420,0x62,0xf20]
[trap] num=197 (0xc5) pc=0x1804aea18 args=[0x0,0x3590,0x1,0x40002,0x5,0x0,0x62,0xf20]
[trap] num=6 (0x6) pc=0x1804ae8f0 args=[0x5,0x3590,0x1,0x40002,0x5,0x0,0x62,0xf20]
[trap] num=73 (0x49) pc=0x1804b1728 args=[0xa00870000,0x3590,0x0,0x6ea90,0x0,0x27fc880,0x62,0xf20]
[trap] num=5 (0x5) pc=0x1804ae694 args=[0x27fc924,0x1000000,0x0,0x27fc94b,0x190380d90,0x27fc8e0,0x62,0xf20]
[trap] num=339 (0x153) pc=0x1804bc288 args=[0x5,0x27fc820,0x0,0x27fc94b,0x190380d90,0x27fc8e0,0x62,0xf20]
[trap] num=197 (0xc5) pc=0x1804aea18 args=[0x0,0x170,0x1,0x40002,0x5,0x0,0x62,0xf20]
[trap] num=6 (0x6) pc=0x1804ae8f0 args=[0x5,0x170,0x1,0x40002,0x5,0x0,0x62,0xf20]
[trap] num=73 (0x49) pc=0x1804b1728 args=[0xa00874000,0x170,0xea0,0x2,0x0,0x305f656d616e7363,0x0,0xf30]
[trap] num=5 (0x5) pc=0x1804ae694 args=[0x27fc438,0x1000000,0x0,0x27fc45a,0x190380f65,0x27fc420,0x62,0xf30]
[trap] num=339 (0x153) pc=0x1804bc288 args=[0x5,0x27fc360,0x0,0x27fc45a,0x190380f65,0x27fc420,0x62,0xf30]
[trap] num=197 (0xc5) pc=0x1804aea18 args=[0x0,0x7810,0x1,0x40002,0x5,0x0,0x62,0xf30]
[trap] num=6 (0x6) pc=0x1804ae8f0 args=[0x5,0x7810,0x1,0x40002,0x5,0x0,0x62,0xf30]
[trap] num=73 (0x49) pc=0x1804b1728 args=[0xa00878000,0x7810,0xea0,0x2,0x0,0x0,0x0,0xf20]
[trap] num=5 (0x5) pc=0x1804ae694 args=[0x27fc438,0x1000000,0x0,0x27fc458,0x190380f65,0x27fc420,0x62,0xf20]
[trap] num=339 (0x153) pc=0x1804bc288 args=[0x5,0x27fc360,0x0,0x27fc458,0x190380f65,0x27fc420,0x62,0xf20]
[trap] num=197 (0xc5) pc=0x1804aea18 args=[0x0,0x3590,0x1,0x40002,0x5,0x0,0x62,0xf20]
[trap] num=6 (0x6) pc=0x1804ae8f0 args=[0x5,0x3590,0x1,0x40002,0x5,0x0,0x62,0xf20]
[trap] num=73 (0x49) pc=0x1804b1728 args=[0xa00880000,0x3590,0xea0,0x2,0x0,0x27fc880,0x62,0xf20]
[trap] num=5 (0x5) pc=0x1804ae694 args=[0x27fc924,0x1000000,0x0,0x27fc947,0x190380d90,0x27fc8e0,0x62,0xf20]
[trap] num=339 (0x153) pc=0x1804bc288 args=[0x5,0x27fc820,0x0,0x27fc947,0x190380d90,0x27fc8e0,0x62,0xf20]
[trap] num=197 (0xc5) pc=0x1804aea18 args=[0x0,0x170,0x1,0x40002,0x5,0x0,0x62,0xf20]
[trap] num=6 (0x6) pc=0x1804ae8f0 args=[0x5,0x170,0x1,0x40002,0x5,0x0,0x62,0xf20]
[trap] num=73 (0x49) pc=0x1804b1728 args=[0xa00884000,0x170,0xea0,0x2,0x0,0x305f656d616e7363,0x0,0xf30]
[trap] num=-14 (0xfffffffffffffff2) pc=0x1801155b8 args=[0x203,0x1ec444000,0x24000,0x0,0x3,0x27fce6f,0x0,0xf90]
[trap] num=338 (0x152) pc=0x180116c48 args=[0x1ec7f8468,0x27fbca0,0x27fbda0,0x27fbd88,0x1ec7f8472,0x1801ac864,0x27fc4e8,0x700]
[trap] num=-10 (0xfffffffffffffff6) pc=0x180115588 args=[0x203,0x27fbc60,0x4000,0x3c000001,0x1ec7f8472,0x1801ac864,0x27fc4e8,0x700]
[trap] num=338 (0x152) pc=0x180116c48 args=[0x27fc2c0,0x27fbc50,0x27fbd50,0x27fbd38,0x27fc2ee,0x1801ac864,0x0,0x210]
[trap] num=-12 (0xfffffffffffffff4) pc=0x1801155a0 args=[0x203,0xa00888000,0x4000,0x1a0500,0x0,0x0,0x0,0xbc0]
[trap] num=-15 (0xfffffffffffffff1) pc=0x1801155c4 args=[0x203,0x27fb8f0,0x20000,0x3fff,0x3c000001,0x3,0x0,0x0]
[trap] num=-12 (0xfffffffffffffff4) pc=0x1801155a0 args=[0x203,0x1003c0000,0x20000,0x103,0x0,0x0,0x0,0x0]
[trap] num=-14 (0xfffffffffffffff2) pc=0x1801155b8 args=[0x203,0x1ec444000,0x24000,0x0,0x1,0x0,0x0,0x0]
[trap] num=-14 (0xfffffffffffffff2) pc=0x1801155b8 args=[0x203,0x1ec444000,0x24000,0x0,0x3,0x27fce6f,0x0,0xf90]
[trap] num=338 (0x152) pc=0x180116c48 args=[0x1ec7f8468,0x27fbca0,0x27fbda0,0x27fbd88,0x1ec7f8472,0x1801ac864,0x27fc4e8,0x700]
[trap] num=-10 (0xfffffffffffffff6) pc=0x180115588 args=[0x203,0x27fbc60,0x4000,0x3c000001,0x1ec7f8472,0x1801ac864,0x27fc4e8,0x700]
[trap] num=338 (0x152) pc=0x180116c48 args=[0x27fc2c0,0x27fbc50,0x27fbd50,0x27fbd38,0x27fc2ee,0x1801ac864,0x0,0x210]
[trap] num=-12 (0xfffffffffffffff4) pc=0x1801155a0 args=[0x203,0xa0088c000,0x4000,0x1a0500,0x0,0x0,0x0,0xbc0]
[trap] num=-15 (0xfffffffffffffff1) pc=0x1801155c4 args=[0x203,0x27fb8f0,0x20000,0x3fff,0x3c000001,0x3,0x0,0x0]
[trap] num=-12 (0xfffffffffffffff4) pc=0x1801155a0 args=[0x203,0x1003c0000,0x20000,0x103,0x0,0x0,0x0,0x0]
[trap] num=-14 (0xfffffffffffffff2) pc=0x1801155b8 args=[0x203,0x1ec444000,0x24000,0x0,0x1,0x0,0x0,0x0]
[trap] num=338 (0x152) pc=0x1804b988c args=[0x27fb048,0x27fafb0,0x0,0x27fb06b,0x190380d90,0x27fafa0,0x72,0xfffff0003ffff800]
[trap] num=5 (0x5) pc=0x1804ae694 args=[0x27fafe8,0x1000000,0x0,0x27fb011,0x190380f65,0x27fafd0,0x62,0x100]
[trap] num=5 (0x5) pc=0x1804ae694 args=[0x190380d69,0x1000000,0x0,0x27fb011,0x190380f65,0x27fafd0,0x62,0x100]
[trap] num=5 (0x5) pc=0x1804ae694 args=[0x27fafe8,0x1000000,0x0,0x27fb011,0x190380f65,0x27fafd0,0x62,0x100]
[trap] num=5 (0x5) pc=0x1804ae694 args=[0x190380d69,0x1000000,0x0,0x27fb011,0x190380f65,0x27fafd0,0x62,0x100]
[trap] num=-14 (0xfffffffffffffff2) pc=0x1801155b8 args=[0x203,0x1ec444000,0x24000,0x0,0x3,0x27fad1f,0x0,0x100]
[trap] num=338 (0x152) pc=0x180116c48 args=[0x1ec7f8468,0x27f9b50,0x27f9c50,0x27f9c38,0x1ec7f8472,0x1801ac864,0x27fa398,0x700]
[trap] num=-10 (0xfffffffffffffff6) pc=0x180115588 args=[0x203,0x27f9b10,0x4000,0x3c000001,0x1ec7f8472,0x1801ac864,0x27fa398,0x700]
[trap] num=338 (0x152) pc=0x180116c48 args=[0x27fa170,0x27f9b00,0x27f9c00,0x27f9be8,0x27fa19e,0x1801ac864,0x0,0x210]
[trap] num=-12 (0xfffffffffffffff4) pc=0x1801155a0 args=[0x203,0xa00890000,0x4000,0x1a0500,0x0,0x0,0x0,0xbc0]
[trap] num=-15 (0xfffffffffffffff1) pc=0x1801155c4 args=[0x203,0x27f97a0,0x20000,0x3fff,0x3c000001,0x3,0x0,0x0]
[trap] num=-12 (0xfffffffffffffff4) pc=0x1801155a0 args=[0x203,0x1003c0000,0x20000,0x103,0x0,0x0,0x0,0x0]
[trap] num=-14 (0xfffffffffffffff2) pc=0x1801155b8 args=[0x203,0x1ec444000,0x24000,0x0,0x1,0x0,0x0,0x0]
[trap] num=344 (0x158) pc=0x1804af9c4 args=[0x4,0x6f2d0,0x2000,0x6e158,0x6e1c0,0x100,0x2f,0x200]
[M28 BANDSHRINK] syscall 344 band past ipa 0x6e158 len 65536 shrunk 64 -> 0 by an overlapping window of the same call
[M28 BANDSHRINK] syscall 344 band past ipa 0x6e1c0 len 65536 shrunk 64 -> 0 by an overlapping window of the same call
[trap] num=399 (0x18f) pc=0x1804af584 args=[0x4,0xe0c,0xe0c,0xa,0x6e140,0x74,0x2f,0x200]
[trap] num=5 (0x5) pc=0x1804ae694 args=[0x700c14190,0x0,0x0,0x12,0x0,0x68,0x1,0xe60]
[trap] num=5 (0x5) pc=0x1804ae694 args=[0x700c141e0,0x0,0x0,0x700c141fc,0x1002ca5de,0x27fe080,0x736574616e726574,0xfffff0003ffff800]
[M28 BANDSHRINK] syscall 5 band past ipa 0x700c141e0 len 65536 shrunk 64 -> 0 by an overlapping window of the same call
[trap] num=5 (0x5) pc=0x1804ae694 args=[0x700c141e0,0x1000000,0x0,0x1,0x1002c7006,0x27fdf30,0x78,0xfffff0003ffff800]
[trap] num=5 (0x5) pc=0x1804ae694 args=[0x700c14230,0x1000000,0x0,0x700c1426b,0x1002c7026,0x27fdf30,0x6e,0xfffff0003ffff800]
[M28 BANDSHRINK] syscall 5 band past ipa 0x700c14230 len 65536 shrunk 64 -> 0 by an overlapping window of the same call
[trap] num=398 (0x18e) pc=0x1804ae948 args=[0x701002ce0,0x1100000,0x0,0x56,0x0,0x0,0x6b,0xfffff0003ffff800]
[trap] num=346 (0x15a) pc=0x1804b9980 args=[0x4,0x27fd790,0xe0e,0x8,0x0,0x0,0x6b,0xfffff0003ffff800]
[trap] num=344 (0x158) pc=0x1804af9c4 args=[0x4,0x701010000,0x2000,0x6e0d8,0x6f0c0,0x1,0x0,0x0]
[M28 BANDSHRINK] syscall 344 band past ipa 0x6e0d8 len 65536 shrunk 64 -> 0 by an overlapping window of the same call
[trap] num=399 (0x18f) pc=0x1804af584 args=[0x4,0xe04,0xe04,0x12,0x6e0c0,0x1,0x0,0x0]
[trap] num=5 (0x5) pc=0x1804ae694 args=[0x700c0cbc0,0x1000000,0x0,0xfffff0007fc00000,0x700c0cbc0,0x0,0x0,0xfffff0003ffff800]
[trap] num=339 (0x153) pc=0x1804bc288 args=[0x4,0x27fe1c0,0x27fe350,0xfffff0007fc00000,0x700c0cbc0,0x0,0x0,0xfffff0003ffff800]
[trap] num=197 (0xc5) pc=0x1804aea18 args=[0x0,0x78,0x1,0x40002,0x4,0x0,0x0,0xfffff0003ffff800]
[trap] num=6 (0x6) pc=0x1804ae8f0 args=[0x4,0x78,0x1,0x40002,0x4,0x0,0x0,0xfffff0003ffff800]
[trap] num=-15 (0xfffffffffffffff1) pc=0x1804adacc args=[0x203,0x27fdf18,0x400000,0x3fffff,0x2000001,0x3,0x0,0x0]
[trap] num=73 (0x49) pc=0x1804b1728 args=[0xa00894000,0x78,0xf05,0x1c0,0x6f0c0,0x74,0x3765666166666566,0x19028de90]
[trap] num=5 (0x5) pc=0x1804ae694 args=[0x700c0cbc0,0x1000000,0x0,0x700c0cbcc,0x6f0c0,0x74,0x73,0x19028de90]
[M28 BANDSHRINK] syscall 5 band past ipa 0x700c0cbc0 len 65536 shrunk 64 -> 0 by an overlapping window of the same call
[trap] num=339 (0x153) pc=0x1804bc288 args=[0x4,0x27fe1c0,0x27fe350,0x700c0cbcc,0x6f0c0,0x74,0x73,0x19028de90]
[trap] num=197 (0xc5) pc=0x1804aea18 args=[0x0,0x78,0x1,0x40002,0x4,0x0,0x73,0x19028de90]
[trap] num=6 (0x6) pc=0x1804ae8f0 args=[0x4,0x78,0x1,0x40002,0x4,0x0,0x73,0x19028de90]
[trap] num=73 (0x49) pc=0x1804b1728 args=[0xa00c98000,0x78,0x0,0xa,0xfffff0007fc00000,0x74,0x701030098,0x19028de90]
[trap] num=-15 (0xfffffffffffffff1) pc=0x1804adacc args=[0x203,0x27fe3c8,0x400000,0x0,0x2004000,0x3,0x0,0x0]
[trap] num=194 (0xc2) pc=0x1804b00c8 args=[0x1008,0x27fe2e8,0x1804edb6c,0x52,0x0,0x1,0x0,0x0]
[trap] num=398 (0x18e) pc=0x1804ae948 args=[0x700c140f0,0x0,0x0,0x52,0x0,0x1,0x0,0x0]
[trap] num=194 (0xc2) pc=0x1804b00c8 args=[0x1008,0x27fde98,0x1804edb6c,0x3,0x0,0x6f,0x77,0xfffff0003ffff800]
[trap] num=398 (0x18e) pc=0x1804ae948 args=[0x701002ce0,0x0,0x0,0x3,0x0,0x6f,0x77,0xfffff0003ffff800]
[trap] num=5 (0x5) pc=0x1804ae694 args=[0x700c141e0,0x1000000,0x0,0x700c141fe,0x1002b5469,0x27fe3b0,0x68,0xfffff0003ffff800]
[M28 BANDSHRINK] syscall 5 band past ipa 0x700c141e0 len 65536 shrunk 64 -> 0 by an overlapping window of the same call
[trap] num=5 (0x5) pc=0x1804ae694 args=[0x700c141e0,0x1000000,0x0,0x700c14212,0x1002b547e,0x27fe3b0,0x6e,0xfffff0003ffff800]
[M28 BANDSHRINK] syscall 5 band past ipa 0x700c141e0 len 65536 shrunk 64 -> 0 by an overlapping window of the same call
[trap] num=5 (0x5) pc=0x1804ae694 args=[0x700c14140,0x0,0x0,0x1002cf1e9,0x100320cc8,0x10027b987,0x27fe4b0,0x0]
[trap] num=339 (0x153) pc=0x1804bc288 args=[0x4,0x27fda00,0x0,0x1002cf1e9,0x100320cc8,0x10027b987,0x27fe4b0,0x0]
[trap] num=197 (0xc5) pc=0x1804aea18 args=[0x0,0x89,0x1,0x40002,0x4,0x0,0x27fe4b0,0x0]
[trap] num=6 (0x6) pc=0x1804ae8f0 args=[0x4,0x89,0x1,0x40002,0x4,0x0,0x27fe4b0,0x0]
[trap] num=73 (0x49) pc=0x1804b1728 args=[0xa00c9c000,0x89,0x1002f5210,0x1002b4c3d,0x100320cc8,0x0,0x27fd900,0x0]
[trap] num=340 (0x154) pc=0x1804b9860 args=[0x701002d00,0x27fe610,0xea7,0x3,0x0,0x6f,0x44,0xfffff0003ffff800]
[trap] num=340 (0x154) pc=0x1804b9860 args=[0x700c141e0,0x27fe4a0,0x0,0x700c141f5,0x10027b3f7,0x27fe400,0x444145485f4b4349,0xfffff0003ffff800]
[M28 BANDSHRINK] syscall 340 band past ipa 0x700c141e0 len 65536 shrunk 64 -> 0 by an overlapping window of the same call
[trap] num=338 (0x152) pc=0x1804b988c args=[0x700c14190,0x27fe260,0x1002d265f,0x100306f98,0x27fe610,0x27fe49c,0x1001af3d4,0xfffff0003ffff800]
[trap] num=339 (0x153) pc=0x1804bc288 args=[0x0,0x27fe5f0,0x103,0x103,0x700c14240,0x27fe49c,0x1001af3d4,0xfffff0003ffff800]
[trap] num=339 (0x153) pc=0x1804bc288 args=[0x1,0x27fe560,0x103,0x103,0x700c14240,0x27fe49c,0x1001af3d4,0xfffff0003ffff800]
[trap] num=54 (0x36) pc=0x1804b2338 args=[0x0,0x4004667a,0x27fe4dc,0x103,0x700c14240,0x27fe49c,0x1001af3d4,0xfffff0003ffff800]
[trap] num=340 (0x154) pc=0x1804b9860 args=[0x700c14230,0x27fdfd0,0x0,0x700c1423a,0x10027b3f7,0x27fdf30,0x63,0xfffff0003ffff800]
[M28 BANDSHRINK] syscall 340 band past ipa 0x700c14230 len 65536 shrunk 64 -> 0 by an overlapping window of the same call
[trap] num=338 (0x152) pc=0x1804b988c args=[0x700c14190,0x27fdd90,0x1002d265f,0x100306f98,0x27fe140,0x27fdfcc,0x1001af3d4,0x8c0]
[trap] num=340 (0x154) pc=0x1804b9860 args=[0x700c14230,0x27fdfd0,0x0,0x700c1423f,0x10027b3f7,0x27fdf30,0x63,0xfffff0003ffff800]
[M28 BANDSHRINK] syscall 340 band past ipa 0x700c14230 len 65536 shrunk 64 -> 0 by an overlapping window of the same call
[trap] num=338 (0x152) pc=0x1804b988c args=[0x700c14190,0x27fdd90,0x1002d265f,0x100306f98,0x27fe140,0x27fdfcc,0x1001af3d4,0x8c0]
[trap] num=340 (0x154) pc=0x1804b9860 args=[0x700c14230,0x27fdfd0,0x0,0x700c14244,0x10027b3f7,0x27fdf30,0x63,0xfffff0003ffff800]
[M28 BANDSHRINK] syscall 340 band past ipa 0x700c14230 len 65536 shrunk 64 -> 0 by an overlapping window of the same call
[trap] num=338 (0x152) pc=0x1804b988c args=[0x700c14190,0x27fdd90,0x1002d265f,0x100306f98,0x27fe140,0x27fdfcc,0x1001af3d4,0x8c0]
[trap] num=340 (0x154) pc=0x1804b9860 args=[0x700c14230,0x27fdfd0,0x0,0x700c14245,0x10027b3f7,0x27fdf30,0x6369706f742f7364,0xfffff0003ffff800]
[M28 BANDSHRINK] syscall 340 band past ipa 0x700c14230 len 65536 shrunk 64 -> 0 by an overlapping window of the same call
[trap] num=5 (0x5) pc=0x1804ae694 args=[0x700c14230,0x0,0x0,0x700c14245,0x10027b3f7,0x27fdf30,0x6369706f742f7364,0xfffff0003ffff800]
[M28 BANDSHRINK] syscall 5 band past ipa 0x700c14230 len 65536 shrunk 64 -> 0 by an overlapping window of the same call
[trap] num=3 (0x3) pc=0x1804ae91c args=[0x4,0x6e600,0x100,0x22,0x0,0x27fdf30,0x6369706f742f7364,0xfffff0003ffff800]
[trap] num=3 (0x3) pc=0x1804ae91c args=[0x4,0x6e629,0xd7,0x22,0x0,0x27fdf30,0x6369706f742f7364,0xfffff0003ffff800]
[trap] num=6 (0x6) pc=0x1804ae8f0 args=[0x4,0x6e629,0xd7,0x22,0x0,0x27fdf30,0x6369706f742f7364,0xfffff0003ffff800]
[trap] num=340 (0x154) pc=0x1804b9860 args=[0x700c14230,0x27fdfd0,0x0,0x700c14247,0x10027b3f7,0x27fdf30,0x63,0xfffff0003ffff800]
[M28 BANDSHRINK] syscall 340 band past ipa 0x700c14230 len 65536 shrunk 64 -> 0 by an overlapping window of the same call
[trap] num=338 (0x152) pc=0x1804b988c args=[0x700c14190,0x27fdd90,0x1002d265f,0x100306f98,0x27fe140,0x27fdfcc,0x1001af3d4,0x8c0]
[trap] num=340 (0x154) pc=0x1804b9860 args=[0x700c14230,0x27fdfd0,0x0,0x700c1424c,0x10027b3f7,0x27fdf30,0x44,0xfffff0003ffff800]
[M28 BANDSHRINK] syscall 340 band past ipa 0x700c14230 len 65536 shrunk 64 -> 0 by an overlapping window of the same call
[trap] num=338 (0x152) pc=0x1804b988c args=[0x700c14190,0x27fdd90,0x1002d265f,0x100306f98,0x27fe140,0x27fdfcc,0x1001af3d4,0x8c0]
[trap] num=5 (0x5) pc=0x1804ae694 args=[0x700c0cbc0,0x1000000,0x0,0x700c0cbcc,0x27fe1e8,0x27fdfcc,0x73,0x8c0]
[M28 BANDSHRINK] syscall 5 band past ipa 0x700c0cbc0 len 65536 shrunk 64 -> 0 by an overlapping window of the same call
[trap] num=339 (0x153) pc=0x1804bc288 args=[0x4,0x27fe060,0x27fe1f0,0x700c0cbcc,0x27fe1e8,0x27fdfcc,0x73,0x8c0]
[trap] num=197 (0xc5) pc=0x1804aea18 args=[0x0,0x97,0x1,0x40002,0x4,0x0,0x73,0x8c0]
[trap] num=6 (0x6) pc=0x1804ae8f0 args=[0x4,0x97,0x1,0x40002,0x4,0x0,0x73,0x8c0]
[trap] num=73 (0x49) pc=0x1804b1728 args=[0xa00ca0000,0x97,0xffffffffb0000000,0x60,0xfffff0007fc00000,0x74,0x3664653637373939,0x19028de90]
[trap] num=5 (0x5) pc=0x1804ae694 args=[0x700c0cbc0,0x1000000,0x0,0x700c0cbcc,0xfffff0007fc00000,0x74,0x73,0x19028de90]
[M28 BANDSHRINK] syscall 5 band past ipa 0x700c0cbc0 len 65536 shrunk 64 -> 0 by an overlapping window of the same call
[trap] num=339 (0x153) pc=0x1804bc288 args=[0x4,0x27fe060,0x27fe1f0,0x700c0cbcc,0xfffff0007fc00000,0x74,0x73,0x19028de90]
[trap] num=197 (0xc5) pc=0x1804aea18 args=[0x0,0x97,0x1,0x40002,0x4,0x0,0x73,0x19028de90]
[trap] num=6 (0x6) pc=0x1804ae8f0 args=[0x4,0x97,0x1,0x40002,0x4,0x0,0x73,0x19028de90]
[trap] num=73 (0x49) pc=0x1804b1728 args=[0xa00ca4000,0x97,0xffffffffb0000000,0x60,0xfffff0007fc00000,0x74,0x701030098,0x19028de90]
[trap] num=340 (0x154) pc=0x1804b9860 args=[0x700c14230,0x27fdfd0,0x0,0x700c1423a,0x10027b3f7,0x27fdf30,0x63,0xfffff0003ffff800]
[M28 BANDSHRINK] syscall 340 band past ipa 0x700c14230 len 65536 shrunk 64 -> 0 by an overlapping window of the same call
[trap] num=338 (0x152) pc=0x1804b988c args=[0x700c14190,0x27fdd90,0x1002d265f,0x100306f98,0x27fe140,0x27fdfcc,0x1001af3d4,0x8c0]
[trap] num=340 (0x154) pc=0x1804b9860 args=[0x700c14230,0x27fdfd0,0x0,0x700c1423f,0x10027b3f7,0x27fdf30,0x63,0xfffff0003ffff800]
[M28 BANDSHRINK] syscall 340 band past ipa 0x700c14230 len 65536 shrunk 64 -> 0 by an overlapping window of the same call
[trap] num=338 (0x152) pc=0x1804b988c args=[0x700c14190,0x27fdd90,0x1002d265f,0x100306f98,0x27fe140,0x27fdfcc,0x1001af3d4,0x8c0]
[trap] num=340 (0x154) pc=0x1804b9860 args=[0x700c14230,0x27fdfd0,0x0,0x700c14244,0x10027b3f7,0x27fdf30,0x63,0xfffff0003ffff800]
[M28 BANDSHRINK] syscall 340 band past ipa 0x700c14230 len 65536 shrunk 64 -> 0 by an overlapping window of the same call
[trap] num=338 (0x152) pc=0x1804b988c args=[0x700c14190,0x27fdd90,0x1002d265f,0x100306f98,0x27fe140,0x27fdfcc,0x1001af3d4,0x8c0]
[trap] num=340 (0x154) pc=0x1804b9860 args=[0x700c14230,0x27fdfd0,0x0,0x700c14245,0x10027b3f7,0x27fdf30,0x6369706f742f7364,0xfffff0003ffff800]
[M28 BANDSHRINK] syscall 340 band past ipa 0x700c14230 len 65536 shrunk 64 -> 0 by an overlapping window of the same call
[trap] num=5 (0x5) pc=0x1804ae694 args=[0x700c14230,0x0,0x0,0x700c14245,0x10027b3f7,0x27fdf30,0x6369706f742f7364,0xfffff0003ffff800]
[M28 BANDSHRINK] syscall 5 band past ipa 0x700c14230 len 65536 shrunk 64 -> 0 by an overlapping window of the same call
[trap] num=3 (0x3) pc=0x1804ae91c args=[0x4,0x6e6e0,0x100,0x14,0x0,0x27fdf30,0x6369706f742f7364,0xfffff0003ffff800]
[trap] num=3 (0x3) pc=0x1804ae91c args=[0x4,0x6e709,0xd7,0x14,0x0,0x27fdf30,0x6369706f742f7364,0xfffff0003ffff800]
[trap] num=6 (0x6) pc=0x1804ae8f0 args=[0x4,0x6e709,0xd7,0x14,0x0,0x27fdf30,0x6369706f742f7364,0xfffff0003ffff800]
[trap] num=340 (0x154) pc=0x1804b9860 args=[0x700c14230,0x27fdfd0,0x0,0x700c14247,0x10027b3f7,0x27fdf30,0x63,0xfffff0003ffff800]
[M28 BANDSHRINK] syscall 340 band past ipa 0x700c14230 len 65536 shrunk 64 -> 0 by an overlapping window of the same call
[trap] num=338 (0x152) pc=0x1804b988c args=[0x700c14190,0x27fdd90,0x1002d265f,0x100306f98,0x27fe140,0x27fdfcc,0x1001af3d4,0x8c0]
[trap] num=340 (0x154) pc=0x1804b9860 args=[0x700c14230,0x27fdfd0,0x0,0x700c1424c,0x10027b3f7,0x27fdf30,0x44,0xfffff0003ffff800]
[M28 BANDSHRINK] syscall 340 band past ipa 0x700c14230 len 65536 shrunk 64 -> 0 by an overlapping window of the same call
[trap] num=338 (0x152) pc=0x1804b988c args=[0x700c14190,0x27fdd90,0x1002d265f,0x100306f98,0x27fe140,0x27fdfcc,0x1001af3d4,0x8c0]
[trap] num=340 (0x154) pc=0x1804b9860 args=[0x700c14230,0x27fe240,0x0,0x700c1423a,0x10027b3f7,0x27fe1a0,0x63,0xfffff0003ffff800]
[M28 BANDSHRINK] syscall 340 band past ipa 0x700c14230 len 65536 shrunk 64 -> 0 by an overlapping window of the same call
[trap] num=338 (0x152) pc=0x1804b988c args=[0x700c14190,0x27fe000,0x1002d265f,0x100306f98,0x27fe3b0,0x27fe23c,0x1001af3d4,0x8c0]
[trap] num=340 (0x154) pc=0x1804b9860 args=[0x700c14230,0x27fe240,0x0,0x700c1423f,0x10027b3f7,0x27fe1a0,0x63,0xfffff0003ffff800]
[M28 BANDSHRINK] syscall 340 band past ipa 0x700c14230 len 65536 shrunk 64 -> 0 by an overlapping window of the same call
[trap] num=338 (0x152) pc=0x1804b988c args=[0x700c14190,0x27fe000,0x1002d265f,0x100306f98,0x27fe3b0,0x27fe23c,0x1001af3d4,0x8c0]
[trap] num=340 (0x154) pc=0x1804b9860 args=[0x700c14230,0x27fe240,0x0,0x700c14244,0x10027b3f7,0x27fe1a0,0x63,0xfffff0003ffff800]
[M28 BANDSHRINK] syscall 340 band past ipa 0x700c14230 len 65536 shrunk 64 -> 0 by an overlapping window of the same call
[trap] num=338 (0x152) pc=0x1804b988c args=[0x700c14190,0x27fe000,0x1002d265f,0x100306f98,0x27fe3b0,0x27fe23c,0x1001af3d4,0x8c0]
[trap] num=340 (0x154) pc=0x1804b9860 args=[0x700c14230,0x27fe240,0x0,0x700c14245,0x10027b3f7,0x27fe1a0,0x6369706f742f7364,0xfffff0003ffff800]
[M28 BANDSHRINK] syscall 340 band past ipa 0x700c14230 len 65536 shrunk 64 -> 0 by an overlapping window of the same call
[trap] num=5 (0x5) pc=0x1804ae694 args=[0x700c14230,0x0,0x0,0x700c14245,0x10027b3f7,0x27fe1a0,0x6369706f742f7364,0xfffff0003ffff800]
[M28 BANDSHRINK] syscall 5 band past ipa 0x700c14230 len 65536 shrunk 64 -> 0 by an overlapping window of the same call
[trap] num=3 (0x3) pc=0x1804ae91c args=[0x4,0x6e6e0,0x100,0x14,0x0,0x27fe1a0,0x6369706f742f7364,0xfffff0003ffff800]
[trap] num=3 (0x3) pc=0x1804ae91c args=[0x4,0x6e709,0xd7,0x14,0x0,0x27fe1a0,0x6369706f742f7364,0xfffff0003ffff800]
[trap] num=6 (0x6) pc=0x1804ae8f0 args=[0x4,0x6e709,0xd7,0x14,0x0,0x27fe1a0,0x6369706f742f7364,0xfffff0003ffff800]
[trap] num=340 (0x154) pc=0x1804b9860 args=[0x700c14230,0x27fe240,0x0,0x700c14247,0x10027b3f7,0x27fe1a0,0x63,0xfffff0003ffff800]
[M28 BANDSHRINK] syscall 340 band past ipa 0x700c14230 len 65536 shrunk 64 -> 0 by an overlapping window of the same call
[trap] num=338 (0x152) pc=0x1804b988c args=[0x700c14190,0x27fe000,0x1002d265f,0x100306f98,0x27fe3b0,0x27fe23c,0x1001af3d4,0x8c0]
[trap] num=340 (0x154) pc=0x1804b9860 args=[0x700c14230,0x27fe240,0x0,0x700c1424c,0x10027b3f7,0x27fe1a0,0x44,0xfffff0003ffff800]
[M28 BANDSHRINK] syscall 340 band past ipa 0x700c14230 len 65536 shrunk 64 -> 0 by an overlapping window of the same call
[trap] num=338 (0x152) pc=0x1804b988c args=[0x700c14190,0x27fe000,0x1002d265f,0x100306f98,0x27fe3b0,0x27fe23c,0x1001af3d4,0x8c0]
[trap] num=340 (0x154) pc=0x1804b9860 args=[0x700c14230,0x27fd500,0x0,0x700c14239,0x10027b3f7,0x27fd460,0x44,0xfffff0003ffff800]
[M28 BANDSHRINK] syscall 340 band past ipa 0x700c14230 len 65536 shrunk 64 -> 0 by an overlapping window of the same call
[trap] num=5 (0x5) pc=0x1804ae694 args=[0x700c14230,0x0,0x0,0x700c14239,0x10027b3f7,0x27fd460,0x44,0xfffff0003ffff800]
[M28 BANDSHRINK] syscall 5 band past ipa 0x700c14230 len 65536 shrunk 64 -> 0 by an overlapping window of the same call
[trap] num=3 (0x3) pc=0x1804ae91c args=[0x4,0x6e6e0,0x100,0x14,0x0,0x27fd460,0x44,0xfffff0003ffff800]
[trap] num=3 (0x3) pc=0x1804ae91c args=[0x4,0x6e6f5,0xeb,0x14,0x0,0x27fd460,0x44,0xfffff0003ffff800]
[trap] num=6 (0x6) pc=0x1804ae8f0 args=[0x4,0x6e6f5,0xeb,0x14,0x0,0x27fd460,0x44,0xfffff0003ffff800]
[trap] num=340 (0x154) pc=0x1804b9860 args=[0x700c14230,0x27fd500,0x0,0x700c14244,0x10027b3f7,0x27fd460,0x6e,0xfffff0003ffff800]
[M28 BANDSHRINK] syscall 340 band past ipa 0x700c14230 len 65536 shrunk 64 -> 0 by an overlapping window of the same call
[trap] num=5 (0x5) pc=0x1804ae694 args=[0x700c14230,0x0,0x0,0x700c14244,0x10027b3f7,0x27fd460,0x6e,0xfffff0003ffff800]
[M28 BANDSHRINK] syscall 5 band past ipa 0x700c14230 len 65536 shrunk 64 -> 0 by an overlapping window of the same call
[trap] num=3 (0x3) pc=0x1804ae91c args=[0x4,0x701054000,0x100,0x1,0x0,0x1,0x0,0x0]
[trap] num=3 (0x3) pc=0x1804ae91c args=[0x4,0x701054029,0xd7,0x1,0x0,0x1,0x0,0x0]
[trap] num=6 (0x6) pc=0x1804ae8f0 args=[0x4,0x701054029,0xd7,0x1,0x0,0x1,0x0,0x0]
[trap] num=5 (0x5) pc=0x1804ae694 args=[0x700c0cbc0,0x1000000,0x0,0x700c0cbcc,0x100298fe4,0x27fd6b0,0x73,0xfffff0003ffff800]
[M28 BANDSHRINK] syscall 5 band past ipa 0x700c0cbc0 len 65536 shrunk 64 -> 0 by an overlapping window of the same call
[trap] num=339 (0x153) pc=0x1804bc288 args=[0x4,0x27fd2e0,0x27fd470,0x700c0cbcc,0x100298fe4,0x27fd6b0,0x73,0xfffff0003ffff800]
[trap] num=197 (0xc5) pc=0x1804aea18 args=[0x0,0x97,0x1,0x40002,0x4,0x0,0x73,0xfffff0003ffff800]
[trap] num=6 (0x6) pc=0x1804ae8f0 args=[0x4,0x97,0x1,0x40002,0x4,0x0,0x73,0xfffff0003ffff800]
[trap] num=73 (0x49) pc=0x1804b1728 args=[0xa00ca8000,0x97,0x0,0xa,0xfffff0007fc00000,0x74,0x701030098,0x19028de90]
[trap] num=340 (0x154) pc=0x1804b9860 args=[0x700c141e0,0x27fe270,0x0,0x700c141e9,0x10027b3f7,0x27fe1d0,0x44,0xfffff0003ffff800]
[M28 BANDSHRINK] syscall 340 band past ipa 0x700c141e0 len 65536 shrunk 64 -> 0 by an overlapping window of the same call
[trap] num=5 (0x5) pc=0x1804ae694 args=[0x700c141e0,0x0,0x0,0x700c141e9,0x10027b3f7,0x27fe1d0,0x44,0xfffff0003ffff800]
[M28 BANDSHRINK] syscall 5 band past ipa 0x700c141e0 len 65536 shrunk 64 -> 0 by an overlapping window of the same call
[trap] num=3 (0x3) pc=0x1804ae91c args=[0x4,0x701054000,0x100,0xa004144d0,0x0,0x27fe157,0x3ff800,0xfffff0007ffff800]
[trap] num=3 (0x3) pc=0x1804ae91c args=[0x4,0x701054015,0xeb,0xa004144d0,0x0,0x27fe157,0x3ff800,0xfffff0007ffff800]
[trap] num=6 (0x6) pc=0x1804ae8f0 args=[0x4,0x701054015,0xeb,0xa004144d0,0x0,0x27fe157,0x3ff800,0xfffff0007ffff800]
[trap] num=338 (0x152) pc=0x1804b988c args=[0x700c141e0,0x27fe3b0,0x0,0x700c141ee,0x10027b3f7,0x27fe410,0x44,0xfffff0003ffff800]
[M28 BANDSHRINK] syscall 338 band past ipa 0x700c141e0 len 65536 shrunk 64 -> 0 by an overlapping window of the same call
[trap] num=398 (0x18e) pc=0x1804ae948 args=[0x1803fd5e6,0x1000000,0x0,0x0,0x0,0x0,0x6b,0xfffff0003ffff800]
[trap] num=339 (0x153) pc=0x1804bc288 args=[0x4,0x27fdf80,0x0,0x0,0x0,0x0,0x6b,0xfffff0003ffff800]
[trap] num=406 (0x196) pc=0x1804b2174 args=[0x4,0x32,0x27fdaf0,0x27fdeb0,0x27fdb40,0x0,0x6b,0xfffff0003ffff800]
[trap] num=399 (0x18f) pc=0x1804af584 args=[0x4,0x32,0x27fdaf0,0x27fdeb0,0x27fdb40,0x0,0x6b,0xfffff0003ffff800]
[trap] num=338 (0x152) pc=0x1804b988c args=[0x27fdaf0,0x27fdef0,0x27fdaf0,0x27fdeb0,0x27fdb40,0x0,0x6b,0xfffff0003ffff800]
[trap] num=398 (0x18e) pc=0x1804ae948 args=[0x1803fd5e6,0x1000000,0x0,0x6f1c0,0x6f1c0,0x20,0x3ff800,0xfffff0007ffff800]
[trap] num=339 (0x153) pc=0x1804bc288 args=[0x4,0x27fdf80,0x0,0x6f1c0,0x6f1c0,0x20,0x3ff800,0xfffff0007ffff800]
[trap] num=406 (0x196) pc=0x1804b2174 args=[0x4,0x32,0x27fdaf0,0x27fdeb0,0x27fdb40,0x20,0x3ff800,0xfffff0007ffff800]
[trap] num=399 (0x18f) pc=0x1804af584 args=[0x4,0x32,0x27fdaf0,0x27fdeb0,0x27fdb40,0x20,0x3ff800,0xfffff0007ffff800]
[trap] num=338 (0x152) pc=0x1804b988c args=[0x27fdaf0,0x27fdef0,0x27fdaf0,0x27fdeb0,0x27fdb40,0x20,0x3ff800,0xfffff0007ffff800]
[trap] num=5 (0x5) pc=0x1804ae694 args=[0x6f200,0x1000a02,0x1b6,0x6f29d,0x701054080,0x20,0x6b,0xfffff0007ffff800]
[M28 BANDSHRINK] syscall 5 band past ipa 0x6f200 len 65536 shrunk 64 -> 0 by an overlapping window of the same call
[trap] num=46 (0x2e) pc=0x1804b4478 args=[0x2,0x27fe268,0x27fe290,0x0,0x0,0x20,0x6b,0xfffff0007ffff800]
[trap] num=46 (0x2e) pc=0x1804b4478 args=[0x1,0x27fe268,0x27fe290,0x0,0x0,0x20,0x6b,0xfffff0007ffff800]
[trap] num=46 (0x2e) pc=0x1804b4478 args=[0xf,0x27fe268,0x27fe290,0x0,0x0,0x20,0x6b,0xfffff0007ffff800]
[trap] num=46 (0x2e) pc=0x1804b4478 args=[0x3,0x27fe268,0x27fe290,0x1,0x0,0x1,0x0,0x0]
[trap] num=46 (0x2e) pc=0x1804b4478 args=[0xd,0x27fe288,0x27fe2b0,0xa003ce440,0x7010580c0,0x0,0xffffffffbfc007ff,0xfffff0003ffff800]
[trap] num=340 (0x154) pc=0x1804b9860 args=[0x700c14230,0x27fe320,0x0,0x700c1423e,0x10027b3f7,0x27fe280,0x44,0xfffff0003ffff800]
[M28 BANDSHRINK] syscall 340 band past ipa 0x700c14230 len 65536 shrunk 64 -> 0 by an overlapping window of the same call
[trap] num=338 (0x152) pc=0x1804b988c args=[0x700c14190,0x27fe0e0,0x1002d265f,0x27fe510,0x7010044e8,0x27fe31c,0x1001af3d4,0xfffff0003ffff800]
[trap] num=4 (0x4) pc=0x1804b1834 args=[0x4,0x10031fdaf,0x28,0x0,0x27fe640,0x0,0x44,0xfffff0003ffff800]
[trap] num=4 (0x4) pc=0x1804b1834 args=[0x4,0x100307140,0x1,0x0,0x27fe640,0x0,0x44,0xfffff0003ffff800]
[trap] num=6 (0x6) pc=0x1804ae8f0 args=[0x4,0x4,0x1,0x0,0x27fe640,0x0,0x44,0xfffff0003ffff800]
[trap] num=338 (0x152) pc=0x1804b988c args=[0x700c14190,0x27fe090,0x1002d264c,0x1,0x701002d60,0x0,0x44,0xfffff0003ffff800]
[trap] num=33 (0x21) pc=0x1804ae668 args=[0x700c0cc40,0x1,0xc3f,0x1,0x0,0x6f,0x6e,0xfffff0003ffff800]
[trap] num=5 (0x5) pc=0x1804ae694 args=[0x700c141e0,0x9,0x0,0xfffffffffffffff0,0x4f,0x48,0x44,0x870]
[trap] num=340 (0x154) pc=0x1804b9860 args=[0x6ddc0,0x27fe450,0xfffffffffffffffd,0x0,0x0,0x0,0x44,0x870]
[trap] num=128 (0x80) pc=0x1804b188c args=[0x6f200,0x6ddc0,0xfffffffffffffffd,0x0,0x0,0x0,0x44,0x870]
[M28 BANDSHRINK] syscall 128 band past ipa 0x6ddc0 len 65536 shrunk 64 -> 0 by an overlapping window of the same call
[trap] num=33 (0x21) pc=0x1804ae668 args=[0x700c0cc40,0x1,0xc3d,0x3,0x0,0x6f,0x6e,0x870]
[trap] num=340 (0x154) pc=0x1804b9860 args=[0x6e5a4,0x27fdda0,0x3ff800,0xa003cde40,0x701002d40,0x0,0xffffffffbfc007ff,0xfffff0003ffff800]
[trap] num=58 (0x3a) pc=0x1804b015c args=[0x701002d60,0x700c10000,0x20,0xa003cdf00,0x700c10000,0x0,0xffffffffbfc007ff,0xfffff0003ffff800]
[trap] num=398 (0x18e) pc=0x1804ae948 args=[0x1803fd5e6,0x1000000,0x0,0xa,0x0,0x0,0x6b,0xfffff0003ffff800]
[trap] num=339 (0x153) pc=0x1804bc288 args=[0x4,0x27fda60,0x0,0xa,0x0,0x0,0x6b,0xfffff0003ffff800]
[trap] num=406 (0x196) pc=0x1804b2174 args=[0x4,0x32,0x27fd5d0,0x27fd990,0x27fd640,0x0,0x6b,0xfffff0003ffff800]
[trap] num=399 (0x18f) pc=0x1804af584 args=[0x4,0x32,0x27fd5d0,0x27fd990,0x27fd640,0x0,0x6b,0xfffff0003ffff800]
[trap] num=338 (0x152) pc=0x1804b988c args=[0x27fd5d0,0x27fd9d0,0x27fd5d0,0x27fd990,0x27fd640,0x0,0x6b,0xfffff0003ffff800]
[trap] num=398 (0x18e) pc=0x1804ae948 args=[0x1803fd5e6,0x1000000,0x0,0x14,0x6de40,0x20,0xffffffffbfc007ff,0xfffff0003ffff800]
[trap] num=339 (0x153) pc=0x1804bc288 args=[0x4,0x27fda60,0x0,0x14,0x6de40,0x20,0xffffffffbfc007ff,0xfffff0003ffff800]
[trap] num=406 (0x196) pc=0x1804b2174 args=[0x4,0x32,0x27fd5d0,0x27fd990,0x27fd640,0x20,0xffffffffbfc007ff,0xfffff0003ffff800]
[trap] num=399 (0x18f) pc=0x1804af584 args=[0x4,0x32,0x27fd5d0,0x27fd990,0x27fd640,0x20,0xffffffffbfc007ff,0xfffff0003ffff800]
[trap] num=338 (0x152) pc=0x1804b988c args=[0x27fd5d0,0x27fd9d0,0x27fd5d0,0x27fd990,0x27fd640,0x20,0xffffffffbfc007ff,0xfffff0003ffff800]
[trap] num=5 (0x5) pc=0x1804ae694 args=[0x6ddc0,0x1000a02,0x1b6,0x6de59,0x701054080,0x20,0x6b,0x0]
[M28 BANDSHRINK] syscall 5 band past ipa 0x6ddc0 len 65536 shrunk 64 -> 0 by an overlapping window of the same call
[trap] num=5 (0x5) pc=0x1804ae694 args=[0x700c0cbc0,0x1000000,0x0,0x700c0cbcc,0x2,0x20,0x73,0x0]
[M28 BANDSHRINK] syscall 5 band past ipa 0x700c0cbc0 len 65536 shrunk 64 -> 0 by an overlapping window of the same call
[trap] num=339 (0x153) pc=0x1804bc288 args=[0x5,0x27fda70,0x27fdc00,0x700c0cbcc,0x2,0x20,0x73,0x0]
[trap] num=197 (0xc5) pc=0x1804aea18 args=[0x0,0x32,0x1,0x40002,0x5,0x0,0x73,0x0]
[trap] num=6 (0x6) pc=0x1804ae8f0 args=[0x5,0x32,0x1,0x40002,0x5,0x0,0x73,0x0]
[trap] num=73 (0x49) pc=0x1804b1728 args=[0xa00cac000,0x32,0x0,0xa,0xfffff0007fc00000,0x65,0x701030098,0x19028de90]
[trap] num=5 (0x5) pc=0x1804ae694 args=[0x700c0cbc0,0x1000000,0x0,0x700c0cbcc,0x2,0x27fdeb0,0x73,0x20ff3b19]
[M28 BANDSHRINK] syscall 5 band past ipa 0x700c0cbc0 len 65536 shrunk 64 -> 0 by an overlapping window of the same call
[trap] num=339 (0x153) pc=0x1804bc288 args=[0x5,0x27fda70,0x27fdc00,0x700c0cbcc,0x2,0x27fdeb0,0x73,0x20ff3b19]
[trap] num=197 (0xc5) pc=0x1804aea18 args=[0x0,0x4c,0x1,0x40002,0x5,0x0,0x73,0x20ff3b19]
[trap] num=6 (0x6) pc=0x1804ae8f0 args=[0x5,0x4c,0x1,0x40002,0x5,0x0,0x73,0x20ff3b19]
[trap] num=73 (0x49) pc=0x1804b1728 args=[0xa00cb0000,0x4c,0xffffffffb0000000,0x60,0xfffff0007fc00000,0x65,0x701030098,0x19028de90]
[trap] num=33 (0x21) pc=0x1804ae668 args=[0x701002d60,0x4,0x0,0x1,0x0,0x6f,0x65,0xfffff0003ffff800]
[trap] num=5 (0x5) pc=0x1804ae694 args=[0x701002d60,0x0,0x0,0x6f540,0x0,0x0,0x0,0xfffff0003ffff800]
[trap] num=339 (0x153) pc=0x1804bc288 args=[0x5,0x27fdb98,0x0,0x6f540,0x0,0x0,0x0,0xfffff0003ffff800]
[trap] num=3 (0x3) pc=0x1804ae91c args=[0x5,0x6f050,0xf0,0x1b,0x0,0x0,0x0,0xfffff0003ffff800]
[trap] num=6 (0x6) pc=0x1804ae8f0 args=[0x5,0x6f050,0xf0,0x1b,0x0,0x0,0x0,0xfffff0003ffff800]
[trap] num=340 (0x154) pc=0x1804b9860 args=[0x7009240fc,0x27fd8e0,0x5,0x27fd89c,0x7,0x0,0x74,0xfffff0003ffff800]
[trap] num=116 (0x74) pc=0x1804b1b60 args=[0x27fdae0,0x0,0x0,0xfffffc088,0x0,0x0,0x27fdcc0,0xfffff0003ffff800]
[trap] num=46 (0x2e) pc=0x1804b4478 args=[0xe,0x27fdae8,0x0,0x1804f8a0f,0x0,0x0,0x27fdcc0,0xfffff0003ffff800]
[trap] num=83 (0x53) pc=0x1804b6614 args=[0x0,0x27fdb10,0x0,0x1804f8a0f,0x0,0x0,0x27fdcc0,0xfffff0003ffff800]

thread 'main' (16560566) panicked at crates/retrace-arch/src/lib.rs:1018:38:
M33: syscall 83 (83) has no arg_kinds row in crates/retrace-arch/src/lib.rs — it cannot be forwarded unclassified (an untranslated guest fd would act on retrace's own descriptor of that number). Classify each argument from the SDK prototype under the rules in ArgKind's docs and add the row; if a guest in the corpora dispatches it, add the number to tests/census.rs too.
note: run with `RUST_BACKTRACE=1` environment variable to display a backtrace
