[trap] num=-28 (0xffffffffffffffe4) pc=0x140001654 args=[0x27ff9a8,0x8,0x1400e0090,0x27ff44f,0x27ff598,0x1400647cc,0x0,0x0]
[trap] num=-26 (0xffffffffffffffe6) pc=0x14000163c args=[0x203,0x8,0x1400e0090,0x27ff44f,0x27ff598,0x1400647cc,0x0,0x0]
[trap] num=372 (0x174) pc=0x140004b14 args=[0x0,0x8,0x1400e0090,0x27ff44f,0x27ff598,0x1400647cc,0x0,0x0]
[trap] num=2147483648 (0x80000000) pc=0x14008194c args=[0x1400b9ee0,0x8,0x1400e0090,0x2,0x27ff598,0x1400647cc,0x0,0x0]
[retrace warn] dyld __mac_syscall(Sandbox) synthesized as success/unsandboxed (not forwarded; host would fault)
[trap] num=38 (0x26) pc=0x1400815a0 args=[0x0,0x0,0x0,0x27ff648,0x0,0x1400647cc,0x0,0x0]
[trap] num=-14 (0xfffffffffffffff2) pc=0x1400015b8 args=[0x203,0x1400bc000,0x200f0,0x0,0x3,0x1400647cc,0x0,0x0]
[trap] num=483 (0x1e3) pc=0x140004e08 args=[0x0,0x27ff60c,0x4,0x0,0x3,0x1400647cc,0x0,0x0]
[trap] num=38 (0x26) pc=0x1400815a0 args=[0x0,0x0,0x0,0x27ff5c8,0x0,0x1400647cc,0x0,0x0]
[trap] num=-14 (0xfffffffffffffff2) pc=0x1400015b8 args=[0x203,0x1400bc000,0x200f0,0x0,0x1,0x1400bc0f0,0x20000,0x0]
[trap] num=-14 (0xfffffffffffffff2) pc=0x1400015b8 args=[0x203,0x1400bc000,0x200f0,0x0,0x3,0x1400bc0f0,0x20000,0x0]
[trap] num=-14 (0xfffffffffffffff2) pc=0x1400015b8 args=[0x203,0x1400bc000,0x200f0,0x0,0x1,0x61,0x20000,0xec0]
[trap] num=294 (0x126) pc=0x1400062f8 args=[0x27ff970,0x27ff970,0x27ff960,0x27ff970,0x27ffa00,0x61,0x20000,0xec0]
[trap] num=-14 (0xfffffffffffffff2) pc=0x1400015b8 args=[0x203,0x1400bc000,0x200f0,0x0,0x3,0x61,0x20000,0xec0]
[trap] num=-15 (0xfffffffffffffff1) pc=0x1400015c4 args=[0x203,0x27fedf0,0x20000,0x3fff,0x3c000001,0x3,0x0,0x0]
[trap] num=20 (0x14) pc=0x140004f48 args=[0x0,0x3,0x74380663dfc,0x2,0x1,0x27ff540,0x65,0x0]
[trap] num=-12 (0xfffffffffffffff4) pc=0x1400015a0 args=[0x203,0x1003c0000,0x20000,0x0,0x0,0x0,0x0,0x0]
[trap] num=-14 (0xfffffffffffffff2) pc=0x1400015b8 args=[0x203,0x1400bc000,0x200f0,0x0,0x1,0x0,0x0,0x0]
[trap] num=38 (0x26) pc=0x1400815a0 args=[0x0,0x0,0x0,0x27ff758,0x1,0x0,0x0,0x0]
[trap] num=483 (0x1e3) pc=0x140004e08 args=[0x0,0x27ff76c,0x4,0x27ff7d8,0x1,0x0,0x0,0x0]
[trap] num=-14 (0xfffffffffffffff2) pc=0x1400015b8 args=[0x203,0x1400bc000,0x200f0,0x0,0x3,0x0,0x0,0x0]
[trap] num=-15 (0xfffffffffffffff1) pc=0x1400015c4 args=[0x203,0x27fedf0,0x20000,0x3fff,0x3c000001,0x3,0x0,0x0]
[trap] num=-12 (0xfffffffffffffff4) pc=0x1400015a0 args=[0x203,0x1003c0000,0x20000,0x0,0x0,0x0,0x0,0x0]
[trap] num=-14 (0xfffffffffffffff2) pc=0x1400015b8 args=[0x203,0x1400bc000,0x200f0,0x0,0x1,0x0,0x0,0x0]
[trap] num=336 (0x150) pc=0x14000600c args=[0xf,0x112c2,0x0,0x0,0x1ec6f7f80,0x170,0x0,0x0]
[trap] num=-28 (0xffffffffffffffe4) pc=0x180115654 args=[0x1,0x0,0x0,0x0,0x0,0x0,0x0,0x0]
[trap] num=-26 (0xffffffffffffffe6) pc=0x18011563c args=[0x203,0x0,0x0,0x0,0x0,0x0,0x0,0x0]
[trap] num=372 (0x174) pc=0x180118b14 args=[0x0,0x0,0x0,0x0,0x0,0x0,0x0,0x0]
[trap] num=2147483648 (0x80000000) pc=0x18019594c args=[0x1ec6f9e60,0x0,0x0,0x2,0x0,0x0,0x0,0x0]
[retrace warn] dyld __mac_syscall(Sandbox) synthesized as success/unsandboxed (not forwarded; host would fault)
[trap] num=38 (0x26) pc=0x1801955a0 args=[0x0,0x0,0x0,0x27ff648,0x0,0x0,0x0,0x0]
[trap] num=-14 (0xfffffffffffffff2) pc=0x1801155b8 args=[0x203,0x1ec444000,0x24000,0x0,0x13,0x0,0x0,0x0]
[trap] num=483 (0x1e3) pc=0x180118e08 args=[0x0,0x27ff60c,0x4,0x0,0x13,0x0,0x0,0x0]
[trap] num=38 (0x26) pc=0x1801955a0 args=[0x0,0x0,0x0,0x27ff5c8,0x0,0x0,0x0,0x0]
[trap] num=-14 (0xfffffffffffffff2) pc=0x1801155b8 args=[0x203,0x1ec444000,0x24000,0x0,0x1,0x1ec444140,0x20000,0x0]
[trap] num=-14 (0xfffffffffffffff2) pc=0x1801155b8 args=[0x203,0x1ec444000,0x24000,0x0,0x13,0x1ec444140,0x20000,0x0]
[trap] num=-14 (0xfffffffffffffff2) pc=0x1801155b8 args=[0x203,0x1ec444000,0x24000,0x0,0x1,0x61,0x20000,0xec0]
[trap] num=294 (0x126) pc=0x18011a2f8 args=[0x27ff970,0x27ff970,0x27ff960,0x27ff970,0x27ffa00,0x61,0x20000,0xec0]
[trap] num=-19 (0xffffffffffffffed) pc=0x1801155e8 args=[0x203,0x203,0x0,0xffffffff,0x27ffa00,0x61,0x20000,0xec0]
[trap] num=-14 (0xfffffffffffffff2) pc=0x1801155b8 args=[0x203,0x1ec444000,0x24000,0x0,0x3,0x61,0x20000,0xec0]
[trap] num=-15 (0xfffffffffffffff1) pc=0x1801155c4 args=[0x203,0x27fedf0,0x20000,0x3fff,0x3c000001,0x3,0x0,0x0]
[trap] num=20 (0x14) pc=0x180118f48 args=[0x0,0x3,0x7438067a5fc,0x2,0x1,0x27ff540,0x65,0x0]
[trap] num=-12 (0xfffffffffffffff4) pc=0x1801155a0 args=[0x203,0x1003c0000,0x20000,0x0,0x0,0x0,0x0,0x0]
[trap] num=-14 (0xfffffffffffffff2) pc=0x1801155b8 args=[0x203,0x1ec444000,0x24000,0x0,0x1,0x0,0x0,0x0]
[trap] num=73 (0x49) pc=0x18011823c args=[0x140000000,0xa8000,0x27ff6cf,0x2,0x8,0x0,0x0,0x0]
[trap] num=73 (0x49) pc=0x18011823c args=[0x1400a8000,0x4000,0x27ff6cf,0x2,0x8,0x0,0x0,0x0]
[trap] num=73 (0x49) pc=0x18011823c args=[0x1400ac000,0x8000,0x27ff6cf,0x2,0x8,0x0,0x0,0x0]
[trap] num=73 (0x49) pc=0x18011823c args=[0x1400b4000,0x4000,0x27ff6cf,0x2,0x8,0x0,0x0,0x0]
[trap] num=73 (0x49) pc=0x18011823c args=[0x1400bc000,0x24000,0x27ff6cf,0x2,0x8,0x0,0x0,0x0]
[trap] num=73 (0x49) pc=0x18011823c args=[0x1400e0000,0x60000,0x27ff6cf,0x2,0x8,0x0,0x0,0x0]
[trap] num=-14 (0xfffffffffffffff2) pc=0x1801155b8 args=[0x203,0x1ec444000,0x24000,0x0,0x3,0x0,0x0,0x0]
[trap] num=38 (0x26) pc=0x1801955a0 args=[0x0,0x0,0x0,0x27ff288,0x1,0x0,0x0,0x0]
[trap] num=5 (0x5) pc=0x180119f50 args=[0x27ffef3,0x0,0x0,0x0,0x1,0x0,0x0,0x0]
[trap] num=92 (0x5c) pc=0x1801180d8 args=[0x3,0x32,0x27fee88,0x0,0x1,0x0,0x0,0x0]
[trap] num=6 (0x6) pc=0x180116750 args=[0x3,0x32,0x27fee88,0x0,0x1,0x0,0x0,0x0]
[trap] num=483 (0x1e3) pc=0x180118e08 args=[0x0,0x27ff29c,0x4,0x1a,0x67,0x4d,0x0,0x0]
[trap] num=381 (0x17d) pc=0x180119ecc args=[0x1801b7eb4,0x2,0x27ff1c0,0xa,0x73,0x69,0x0,0x0]
[m47] num=381 args=[0x1801b7eb4,0x2,0x27ff1c0] policy="Sandbox" op="syscall-unix" ret=0xe err=true writes=0
[trap] num=483 (0x1e3) pc=0x180118e08 args=[0x0,0x27ff2ac,0x4,0x26,0x67,0x41,0x0,0x90]
[trap] num=202 (0xca) pc=0x18011a37c args=[0x27ff260,0x2,0x27ff228,0x27ff220,0x1801ab70b,0x20,0x0,0x90]
[trap] num=202 (0xca) pc=0x18011a37c args=[0x27ff228,0x3,0x27ff2bc,0x27ff2b0,0x0,0x0,0x0,0x90]
[trap] num=381 (0x17d) pc=0x180119ecc args=[0x1801b4bf1,0x5a,0x27ff240,0x2,0x8,0x72,0x0,0x90]
[m47] amfi policy_resident="AMFI\0"
[probe] AMFI dyld policy in=0x0 r=0 out=0x1df out_ptr=0x27ff238
[trap] num=202 (0xca) pc=0x18011a37c args=[0x27fe4b0,0x2,0x27fe478,0x27fe470,0x1801b698e,0xd,0x1ec444f10,0x90]
[trap] num=202 (0xca) pc=0x18011a37c args=[0x27fe478,0x2,0x27fe528,0x27fe520,0x0,0x0,0x1ec444f10,0x90]
[trap] num=5 (0x5) pc=0x180119f50 args=[0x1801aaaf1,0x20100000,0x0,0xfffffffffffffff0,0x0,0x72,0x0,0x80]
[trap] num=463 (0x1cf) pc=0x180119f7c args=[0x3,0x1801b4c4b,0x100000,0x0,0x0,0x72,0x0,0x80]
[trap] num=41 (0x29) pc=0x18011a484 args=[0x4,0x1801b625c,0x100000,0x0,0x0,0x72,0x0,0x80]
[trap] num=470 (0x1d6) pc=0x18011a5e4 args=[0x4,0x27fe001,0x27fdf70,0x0,0x27fe080,0x72,0x0,0x80]
[trap] num=463 (0x1cf) pc=0x180119f7c args=[0x4,0x27fe001,0x100000,0x0,0x27fe080,0x72,0x0,0x80]
[trap] num=92 (0x5c) pc=0x1801180d8 args=[0x6,0x32,0x27fe000,0x0,0x27fe080,0x72,0x0,0x80]
[trap] num=41 (0x29) pc=0x18011a484 args=[0x6,0x1801b6e25,0x27fee90,0x0,0x27fe080,0x72,0x0,0x80]
[trap] num=41 (0x29) pc=0x18011a484 args=[0x5,0x1801b6e25,0x27fee90,0x0,0x27fe080,0x72,0x0,0x80]
[trap] num=6 (0x6) pc=0x180116750 args=[0x3,0x1801b6cb4,0x27fee90,0x0,0x27fe080,0x72,0x0,0x80]
[trap] num=6 (0x6) pc=0x180116750 args=[0x5,0x1801b6cf2,0x27fee90,0x0,0x27fe080,0x72,0x0,0x80]
[trap] num=6 (0x6) pc=0x180116750 args=[0x4,0x1801b6d1f,0x27fee90,0x0,0x27fe080,0x72,0x0,0x80]
[trap] num=6 (0x6) pc=0x180116750 args=[0x6,0x1801b6d4a,0x27fee90,0x0,0x27fe080,0x72,0x0,0x80]
[trap] num=381 (0x17d) pc=0x180119ecc args=[0x1801b7eb4,0x2,0x27fed10,0xa,0x73,0x69,0x0,0x80]
[m47] num=381 args=[0x1801b7eb4,0x2,0x27fed10] policy="Sandbox" op="syscall-unix" ret=0xe err=true writes=0
[trap] num=294 (0x126) pc=0x18011a2f8 args=[0x27fed58,0x27fee28,0x27fee28,0x27fee54,0x73,0x69,0x0,0x80]
[trap] num=-14 (0xfffffffffffffff2) pc=0x1801155b8 args=[0x203,0x1ec444000,0x24000,0x0,0x3,0x0,0x0,0x5c0]
[trap] num=427 (0x1ab) pc=0x18011a5b8 args=[0x27feec0,0x400,0x27fee44,0x748e8,0x3,0x0,0x0,0x5c0]
[trap] num=92 (0x5c) pc=0x1801180d8 args=[0x8,0x32,0x27feec0,0x1ec445272,0xfffffffe163b9c60,0x20,0x0,0x5c0]
[trap] num=6 (0x6) pc=0x180116750 args=[0x8,0x1801b6a74,0x4,0x180115e30,0x1,0x20,0x0,0x5c0]
[trap] num=6 (0x6) pc=0x180116750 args=[0x7,0x1801b6a98,0x4,0x180115e30,0x1,0x20,0x0,0x5c0]
[trap] num=338 (0x152) pc=0x180116c48 args=[0x1ec445210,0x27fe9e0,0x1ec445210,0x27fead8,0x27feb00,0x27feae0,0x0,0x27feb08]
[trap] num=5 (0x5) pc=0x180119f50 args=[0x1ec445210,0x0,0x0,0x27fead8,0x27feb00,0x27feae0,0x0,0x27feb08]
[trap] num=197 (0xc5) pc=0x180119190 args=[0x0,0x388830,0x1,0x40002,0x3,0x0,0x0,0x27feb08]
[trap] num=92 (0x5c) pc=0x1801180d8 args=[0x3,0x32,0x27feb08,0x40002,0x3,0x0,0x0,0x27feb08]
[trap] num=73 (0x49) pc=0x18011823c args=[0xa00000000,0x388830,0x388830,0x0,0x27feae0,0x27feb08,0x3,0x27feb08]
[trap] num=6 (0x6) pc=0x180116750 args=[0x3,0x388830,0x388830,0x0,0x27feae0,0x27feb08,0x3,0x27feb08]
[trap] num=338 (0x152) pc=0x180116c48 args=[0x1ec445210,0x27fef60,0x27ff020,0x0,0x27feae0,0x27feb08,0x3,0x27feb08]
[trap] num=338 (0x152) pc=0x180116c48 args=[0x1000006b8,0x27fde60,0x27fdf60,0x27fdf48,0x1000006c2,0x1801ac864,0x73,0x900]
[M28 BANDSHRINK] syscall 338 band past ipa 0x1000006b8 len 65536 shrunk 64 -> 0 by an overlapping window of the same call
[trap] num=-10 (0xfffffffffffffff6) pc=0x180115588 args=[0x203,0x27fde20,0x4000,0x3c000001,0x1000006c2,0x1801ac864,0x73,0x900]
[trap] num=338 (0x152) pc=0x180116c48 args=[0x27fe450,0x27fdde0,0x27fdee0,0x27fdec8,0x27fe47e,0x1801ac864,0x0,0x7c0]
[trap] num=-12 (0xfffffffffffffff4) pc=0x1801155a0 args=[0x203,0xa0038c000,0x4000,0x1a0500,0x0,0x0,0x0,0x140]
[trap] num=338 (0x152) pc=0x180116c48 args=[0x100000720,0x27fde60,0x27fdf60,0x27fdf48,0x75,0x41,0x27fe6a8,0x7c0]
[trap] num=-10 (0xfffffffffffffff6) pc=0x180115588 args=[0x203,0x27fde20,0x4000,0x3c000001,0x75,0x41,0x27fe6a8,0x7c0]
[trap] num=338 (0x152) pc=0x180116c48 args=[0x27fe480,0x27fde10,0x27fdf10,0x27fdef8,0x27fe494,0x1ec4452e4,0x0,0x7c0]
[trap] num=-12 (0xfffffffffffffff4) pc=0x1801155a0 args=[0x203,0xa00390000,0x4000,0x1a0500,0x0,0x0,0x0,0xbc0]
[trap] num=338 (0x152) pc=0x180116c48 args=[0x100000750,0x27fde60,0x27fdf60,0x27fdf48,0x75,0x41,0x27fe6a8,0x7c0]
[trap] num=-10 (0xfffffffffffffff6) pc=0x180115588 args=[0x203,0x27fde20,0x4000,0x3c000001,0x75,0x41,0x27fe6a8,0x7c0]
[trap] num=338 (0x152) pc=0x180116c48 args=[0x27fe480,0x27fde10,0x27fdf10,0x27fdef8,0x27fe494,0x1ec4452e4,0x0,0x7c0]
[trap] num=-12 (0xfffffffffffffff4) pc=0x1801155a0 args=[0x203,0xa00394000,0x4000,0x1a0500,0x0,0x0,0x0,0xbc0]
[trap] num=338 (0x152) pc=0x180116c48 args=[0x100000788,0x27fde60,0x27fdf60,0x27fdf48,0x100000792,0x1801ac864,0x27fe6a8,0x900]
[M28 BANDSHRINK] syscall 338 band past ipa 0x100000788 len 65536 shrunk 64 -> 0 by an overlapping window of the same call
[trap] num=-10 (0xfffffffffffffff6) pc=0x180115588 args=[0x203,0x27fde20,0x4000,0x3c000001,0x100000792,0x1801ac864,0x27fe6a8,0x900]
[trap] num=338 (0x152) pc=0x180116c48 args=[0x27fe480,0x27fde10,0x27fdf10,0x27fdef8,0x27fe4ae,0x1801ac864,0x0,0x7c0]
[trap] num=-12 (0xfffffffffffffff4) pc=0x1801155a0 args=[0x203,0xa00398000,0x4000,0x1a0500,0x0,0x0,0x0,0xbc0]
[trap] num=338 (0x152) pc=0x180116c48 args=[0x1000007c0,0x27fde60,0x27fdf60,0x27fdf48,0x1000007ca,0x1801ac864,0x6e,0x7c0]
[M28 BANDSHRINK] syscall 338 band past ipa 0x1000007c0 len 65536 shrunk 64 -> 0 by an overlapping window of the same call
[trap] num=-10 (0xfffffffffffffff6) pc=0x180115588 args=[0x203,0x27fde20,0x4000,0x3c000001,0x1000007ca,0x1801ac864,0x6e,0x7c0]
[trap] num=338 (0x152) pc=0x180116c48 args=[0x27fe450,0x27fdde0,0x27fdee0,0x27fdec8,0x27fe47e,0x1801ac864,0x0,0x7c0]
[trap] num=-12 (0xfffffffffffffff4) pc=0x1801155a0 args=[0x203,0xa0039c000,0x4000,0x1a0500,0x0,0x0,0x0,0xbc0]
[trap] num=5 (0x5) pc=0x180119f50 args=[0x1ec447838,0x0,0x0,0x0,0x0,0x27fcb88,0x1,0x27fcae8]
[trap] num=381 (0x17d) pc=0x180119ecc args=[0x1801b7eb4,0x2,0x27fbde0,0xa,0x73,0x69,0x1,0x27fcae8]
[m47] num=381 args=[0x1801b7eb4,0x2,0x27fbde0] policy="Sandbox" op="syscall-unix" ret=0xe err=true writes=0
[trap] num=550 (0x226) pc=0x180119ef8 args=[0x27fb4f0,0x2,0x27fb540,0x858,0x1778,0x8,0x0,0x27fcb88]
[trap] num=6 (0x6) pc=0x180116750 args=[0x3,0x3,0x27fb592,0x3,0x1,0x8,0x0,0x27fcb88]
[trap] num=74 (0x4a) pc=0x180119f24 args=[0x1002ec000,0x10000,0x1,0x1,0x8,0x8,0x0,0x27fcb88]
[trap] num=-14 (0xfffffffffffffff2) pc=0x1801155b8 args=[0x203,0x1e5908000,0x2324000,0x0,0x13,0x13,0x4,0x4000]
[trap] num=-14 (0xfffffffffffffff2) pc=0x1801155b8 args=[0x203,0x1edc84000,0x7b90000,0x0,0x13,0x13,0x5,0x6380000]
[trap] num=-14 (0xfffffffffffffff2) pc=0x1801155b8 args=[0x203,0x28f64c000,0x2c2c000,0x0,0x13,0x13,0x4,0x4000]
[trap] num=-14 (0xfffffffffffffff2) pc=0x1801155b8 args=[0x203,0x29a1cc000,0x5678000,0x0,0x13,0x13,0x5,0x8b84000]
[trap] num=-14 (0xfffffffffffffff2) pc=0x1801155b8 args=[0x203,0x2d0bac000,0x2a4000,0x0,0x13,0x13,0x4,0x4000]
[trap] num=-14 (0xfffffffffffffff2) pc=0x1801155b8 args=[0x203,0x2d361c000,0xac8000,0x0,0x13,0x13,0x5,0xa74000]
[trap] num=-14 (0xfffffffffffffff2) pc=0x1801155b8 args=[0x203,0x1e5908000,0x2324000,0x0,0x1,0x1,0x4,0x4000]
[trap] num=-14 (0xfffffffffffffff2) pc=0x1801155b8 args=[0x203,0x1edc84000,0x7b90000,0x0,0x1,0x1,0x5,0x6380000]
[trap] num=-14 (0xfffffffffffffff2) pc=0x1801155b8 args=[0x203,0x28f64c000,0x2c2c000,0x0,0x1,0x1,0x4,0x4000]
[trap] num=-14 (0xfffffffffffffff2) pc=0x1801155b8 args=[0x203,0x29a1cc000,0x5678000,0x0,0x1,0x1,0x5,0x8b84000]
[trap] num=-14 (0xfffffffffffffff2) pc=0x1801155b8 args=[0x203,0x2d0bac000,0x2a4000,0x0,0x1,0x1,0x4,0x4000]
[trap] num=-14 (0xfffffffffffffff2) pc=0x1801155b8 args=[0x203,0x2d361c000,0xac8000,0x0,0x1,0x1,0x5,0xa74000]
[trap] num=-15 (0xfffffffffffffff1) pc=0x1801155c4 args=[0x203,0x27f7f20,0x20000,0x3fff,0x3c000001,0x3,0x0,0x0]
[trap] num=347 (0x15b) pc=0x18011a6ec args=[0x0,0x0,0x2,0x2,0x1,0x27f7ab0,0xa0,0x0]
[trap] num=-15 (0xfffffffffffffff1) pc=0x1801155c4 args=[0x203,0x27f7540,0x20000,0x3fff,0x3c000001,0x3,0x0,0x0]
[trap] num=347 (0x15b) pc=0x18011a6ec args=[0x1003e0060,0xb1d8,0x2,0x2,0x1,0x1003e0000,0x20000,0x0]
[M28 BANDSHRINK] syscall 347 band past ipa 0x1003e0000 len 65536 shrunk 64 -> 0 by an overlapping window of the same call
[trap] num=220 (0xdc) pc=0x180116e90 args=[0x1003e00b8,0x27f7a28,0x27f7b70,0x40,0x0,0x0,0x20000,0x0]
[trap] num=-12 (0xfffffffffffffff4) pc=0x1801155a0 args=[0x203,0x1003e0000,0x20000,0x87,0x2,0x1000038,0xffffffffffffffff,0x0]
[trap] num=-12 (0xfffffffffffffff4) pc=0x1801155a0 args=[0x203,0x1003c0000,0x20000,0x0,0x0,0x0,0x0,0x0]
[trap] num=5 (0x5) pc=0x180119f50 args=[0x1801ab41a,0x2,0x0,0xa,0x0,0x0,0x0,0x0]
[trap] num=54 (0x36) pc=0x180116724 args=[0x3,0x80086804,0x27f4bf8,0xa,0x0,0x0,0x0,0x0]
[trap] num=6 (0x6) pc=0x180116750 args=[0x3,0xffffffffffffffff,0x27f4bf8,0xa,0x0,0x0,0x0,0x0]
[trap] num=294 (0x126) pc=0x18011a2f8 args=[0xffffffffffffffff,0x1f070030,0x0,0x0,0x0,0x0,0x0,0x0]
[trap] num=-14 (0xfffffffffffffff2) pc=0x1801155b8 args=[0x203,0x1ec444000,0x24000,0x0,0x1,0x0,0x0,0x0]
[trap] num=-28 (0xffffffffffffffe4) pc=0x1804adb5c args=[0x0,0x1804e2db8,0x27ffe48,0x1ec445388,0x1ec445388,0x0,0x0,0x0]
[trap] num=-26 (0xffffffffffffffe6) pc=0x1804adb44 args=[0x203,0x1804e2db8,0x27ffe48,0x1ec445388,0x1ec445388,0x0,0x0,0x0]
[trap] num=33 (0x21) pc=0x1804ae668 args=[0x1804e2dda,0x0,0x27ffe48,0x1ec445388,0x1ec445388,0x0,0x0,0x0]
[trap] num=-15 (0xfffffffffffffff1) pc=0x1804adacc args=[0x203,0x27fb6c8,0x8000,0x0,0x49000001,0x3,0x0,0x0]
[trap] num=-29 (0xffffffffffffffe3) pc=0x1804adb68 args=[0x1eec6fd98,0x27ffe40,0x27ffe48,0x1ec445388,0x49000001,0x3,0x0,0x0]
[trap] num=-24 (0xffffffffffffffe8) pc=0x1804adb2c args=[0x203,0x27fb570,0x0,0x27fb58c,0x49000001,0x3,0x0,0x0]
[trap] num=-47 (0xffffffffffffffd1) pc=0x1804adc34 args=[0x27fb5b0,0x200000003,0x2800001513,0x160300000c03,0xc800000000,0x160300000000,0x140,0x0]
[mach_msg2] msgh_id=200 dest=0xc03 reply=0x1603 options=0x200000003 bits=0x1513 send_size=40 rcv_size=320
  send+000: 13 15 00 00 28 00 00 00 03 0c 00 00 03 16 00 00
  send+010: 00 00 00 00 c8 00 00 00 00 00 00 00 01 00 00 00
  send+020: 05 00 00 00 08 00 00 00
[retrace] forwarding mach_msg2 host_info (msgh_id 200) to host (decided allowlist)
[mach_msg2] host ret=0x0 err=false
  reply@0x27fb5b0+000: 00 12 00 00 48 00 00 00 00 00 00 00 03 16 00 00
  reply@0x27fb5b0+010: 00 00 00 00 2c 01 00 00 00 00 00 00 01 00 00 00
  reply@0x27fb5b0+020: 00 00 00 00 08 00 00 00 50 00 00 00 50 00 00 00
  reply@0x27fb5b0+030: 40 00 00 00 1f 00 00 00 00 00 00 00 00 00 00 00
  reply@0x27fb5b0+040: 00 00 00 00 4f 00 00 00 00 00 00 00 08 00 00 00
  reply@0x27fb5b0+050: 00 00 00 00 00 00 00 00 00 00 00 00 00 00 00 00
  reply@0x27fb5b0+060: 00 00 00 00 00 00 00 00 00 00 00 00 00 00 00 00
  reply@0x27fb5b0+070: 00 00 00 00 00 00 00 00 00 00 00 00 00 00 00 00
  reply@0x27fb5b0+080: 00 00 00 00 00 00 00 00 00 00 00 00 00 00 00 00
  reply@0x27fb5b0+090: 00 00 00 00 00 00 00 00 00 00 00 00 00 00 00 00
  reply@0x27fb5b0+0a0: 00 00 00 00 00 00 00 00 00 00 00 00 00 00 00 00
  reply@0x27fb5b0+0b0: 00 00 00 00 00 00 00 00 00 00 00 00 00 00 00 00
  reply@0x27fb5b0+0c0: 00 00 00 00 00 00 00 00 00 00 00 00 00 00 00 00
  reply@0x27fb5b0+0d0: 00 00 00 00 00 00 00 00 00 00 00 00 00 00 00 00
  reply@0x27fb5b0+0e0: 00 00 00 00 00 00 00 00 00 00 00 00 00 00 00 00
  reply@0x27fb5b0+0f0: 00 00 00 00 00 00 00 00 00 00 00 00 00 00 00 00
[trap] num=-18 (0xffffffffffffffee) pc=0x1804adae4 args=[0x203,0xc03,0x0,0x27fb7a0,0xc800000000,0x160300000000,0x4f00000000,0x0]
[trap] num=202 (0xca) pc=0x1804af460 args=[0x27fb7a8,0x2,0x27fb778,0x27fb740,0x0,0x0,0x4f00000000,0x0]
[trap] num=-27 (0xffffffffffffffe5) pc=0x1804adb50 args=[0x2ff20,0x0,0x6,0x1804f8a0b,0x0,0x0,0x4f00000000,0x0]
[trap] num=-24 (0xffffffffffffffe8) pc=0x1804adb2c args=[0x203,0x27fb6f0,0x0,0x27fb70c,0x0,0x0,0x4f00000000,0x0]
[trap] num=366 (0x16e) pc=0x1804b3d2c args=[0x1804ecc14,0x1804ecc08,0x4000,0x27fb740,0x38,0xa0,0x4f00000000,0x0]
[trap] num=-29 (0xffffffffffffffe3) pc=0x1804adb68 args=[0x10030,0x103,0x1804f8cd8,0x103,0x38,0xa0,0x4f00000000,0x0]
[trap] num=-47 (0xffffffffffffffd1) pc=0x1804adc34 args=[0x27fb780,0x200000003,0x2400001513,0x150300000c03,0xce00000000,0x150300000000,0x30,0x0]
[mach_msg2] msgh_id=206 dest=0xc03 reply=0x1503 options=0x200000003 bits=0x1513 send_size=36 rcv_size=48
  send+000: 13 15 00 00 24 00 00 00 03 0c 00 00 03 15 00 00
  send+010: 00 00 00 00 ce 00 00 00 00 00 00 00 01 00 00 00
  send+020: 00 00 00 00
[retrace] forwarding mach_msg2 host_get_clock_service (msgh_id 206) to host (decided allowlist)
[mach_msg2] host ret=0x0 err=false
  reply@0x27fb780+000: 00 12 00 80 28 00 00 00 00 00 00 00 03 15 00 00
  reply@0x27fb780+010: 00 00 00 00 32 01 00 00 01 00 00 00 03 09 00 00
  reply@0x27fb780+020: 00 00 00 00 00 00 11 00 00 00 00 00 08 00 00 00
  reply@0x27fb780+030: b8 fd c6 ee 01 00 00 00 03 0c 00 00 00 00 00 00
  reply@0x27fb780+040: e0 b7 7f 02 00 00 00 00 14 e8 39 80 01 00 00 00
  reply@0x27fb780+050: b8 fd c6 ee 01 00 00 00 48 fe 7f 02 00 00 00 00
  reply@0x27fb780+060: 00 b8 7f 02 00 00 00 00 a0 e6 39 80 01 00 00 00
  reply@0x27fb780+070: 88 53 44 ec 01 00 00 00 48 fe 7f 02 00 00 00 00
  reply@0x27fb780+080: 70 b8 7f 02 00 00 00 00 04 13 34 90 01 00 00 00
  reply@0x27fb780+090: 48 02 34 90 01 00 00 00 a0 00 00 00 00 00 00 00
  reply@0x27fb780+0a0: 06 00 00 00 00 00 00 00 18 01 34 90 01 00 00 00
  reply@0x27fb780+0b0: c0 1b 34 90 01 00 00 00 10 53 44 ec 01 00 00 00
  reply@0x27fb780+0c0: 5c 12 34 90 01 00 00 00 90 b8 7f 02 00 00 00 00
  reply@0x27fb780+0d0: c0 1b 34 90 01 00 00 00 10 53 44 ec 01 00 00 00
  reply@0x27fb780+0e0: 5c 12 34 90 01 00 00 00 98 bd 7f 02 00 00 00 00
  reply@0x27fb780+0f0: 20 b9 7f 02 00 00 00 00 30 0e 16 80 01 00 00 00
[trap] num=-47 (0xffffffffffffffd1) pc=0x1804adc34 args=[0x27fb780,0x200000003,0x2800001513,0x150300000203,0xd5a00000000,0x150300000000,0x30,0x0]
[mach_msg2] msgh_id=3418 dest=0x203 reply=0x1503 options=0x200000003 bits=0x1513 send_size=40 rcv_size=48
  send+000: 13 15 00 00 28 00 00 00 03 02 00 00 03 15 00 00
  send+010: 00 00 00 00 5a 0d 00 00 00 00 00 00 01 00 00 00
  send+020: 00 00 00 00 00 00 00 00
[retrace] forwarding mach_msg2 semaphore_create (msgh_id 3418) to host (decided allowlist)
[mach_msg2] host ret=0x0 err=false
  reply@0x27fb780+000: 00 12 00 80 28 00 00 00 00 00 00 00 03 15 00 00
  reply@0x27fb780+010: 00 00 00 00 be 0d 00 00 01 00 00 00 03 12 00 00
  reply@0x27fb780+020: 00 00 00 00 00 00 11 00 00 00 00 00 08 00 00 00
  reply@0x27fb780+030: d8 5d 70 ec 01 00 00 00 03 0c 00 00 00 00 00 00
  reply@0x27fb780+040: e0 b7 7f 02 00 00 00 00 38 e8 39 80 01 00 00 00
  reply@0x27fb780+050: b8 fd c6 ee 01 00 00 00 48 fe 7f 02 00 00 00 00
  reply@0x27fb780+060: 00 b8 7f 02 00 00 00 00 a0 e6 39 80 01 00 00 00
  reply@0x27fb780+070: 88 53 44 ec 01 00 00 00 48 fe 7f 02 00 00 00 00
  reply@0x27fb780+080: 70 b8 7f 02 00 00 00 00 04 13 34 90 01 00 00 00
  reply@0x27fb780+090: 48 02 34 90 01 00 00 00 a0 00 00 00 00 00 00 00
  reply@0x27fb780+0a0: 06 00 00 00 00 00 00 00 18 01 34 90 01 00 00 00
  reply@0x27fb780+0b0: c0 1b 34 90 01 00 00 00 10 53 44 ec 01 00 00 00
  reply@0x27fb780+0c0: 5c 12 34 90 01 00 00 00 90 b8 7f 02 00 00 00 00
  reply@0x27fb780+0d0: c0 1b 34 90 01 00 00 00 10 53 44 ec 01 00 00 00
  reply@0x27fb780+0e0: 5c 12 34 90 01 00 00 00 98 bd 7f 02 00 00 00 00
  reply@0x27fb780+0f0: 20 b9 7f 02 00 00 00 00 30 0e 16 80 01 00 00 00
[trap] num=-18 (0xffffffffffffffee) pc=0x1804adae4 args=[0x203,0xc03,0x2800001513,0x150300000203,0xd5a00000000,0x150300000000,0x30,0x0]
[trap] num=20 (0x14) pc=0x1804ae198 args=[0x0,0x0,0xffffffffffffffe0,0x27fb660,0x27fb300,0x61,0x0,0xc70]
[trap] num=266 (0x10a) pc=0x1804af558 args=[0x18037ff36,0x0,0x18ce3a000,0x103,0x27fb300,0x61,0x0,0xc70]
[trap] num=339 (0x153) pc=0x1804bc288 args=[0x3,0x27fb0f0,0x18ce3a000,0x103,0x27fb300,0x61,0x0,0xc70]
[trap] num=197 (0xc5) pc=0x1804aea18 args=[0x0,0x8000,0x1,0x40001,0x3,0x0,0x0,0xc70]
[trap] num=6 (0x6) pc=0x1804ae8f0 args=[0x3,0x8000,0x1,0x40001,0x3,0x0,0x0,0xc70]
[trap] num=169 (0xa9) pc=0x1804af8dc args=[0x112c2,0x0,0x27fb24c,0x4,0x3,0x0,0x0,0xc70]
[trap] num=500 (0x1f4) pc=0x1804ae144 args=[0x1ec6fd858,0x10,0x4,0x1804f8a0c,0x72,0x72,0x38,0x830]
[trap] num=54 (0x36) pc=0x1804b2338 args=[0x2,0x4004667a,0x27fb1bc,0x103,0x72,0x72,0x38,0x830]
[trap] num=54 (0x36) pc=0x1804b2338 args=[0x2,0x40487413,0x27fb1c0,0x103,0x72,0x72,0x38,0x830]
[trap] num=116 (0x74) pc=0x1804b1b60 args=[0x27faf30,0x0,0x0,0xfffffc088,0x67,0x6d,0x38,0x830]
[trap] num=500 (0x1f4) pc=0x1804ae144 args=[0x27fb068,0x20,0x27fb068,0x1c725a0a,0x180267bdc,0x6d,0x38,0x830]
[trap] num=116 (0x74) pc=0x1804b1b60 args=[0x27faf50,0x0,0x0,0xfffffc088,0x180267bdc,0x6d,0x38,0x830]
[trap] num=116 (0x74) pc=0x1804b1b60 args=[0x27faf70,0x0,0x0,0xfffffc088,0x1ec6fcf70,0x1ec6fcfa8,0x1000,0x20]
[trap] num=116 (0x74) pc=0x1804b1b60 args=[0x27faf70,0x0,0x0,0xfffffc088,0x27faec0,0x1802361b0,0x187ecca29616246b,0x27faf90]
[trap] num=116 (0x74) pc=0x1804b1b60 args=[0x27faf70,0x0,0x0,0xfffffc088,0x27faec0,0x1802361b0,0xce0bd5d77fca7fab,0x27faf90]
[trap] num=-47 (0xffffffffffffffd1) pc=0x1804adc34 args=[0x27fb108,0x200000003,0x6480001513,0x150300000203,0x12cb00000000,0x150300000001,0x34,0x0]
[mach_msg2] msgh_id=4811 dest=0x203 reply=0x1503 options=0x200000003 bits=0x80001513 send_size=100 rcv_size=52
  send+000: 13 15 00 80 64 00 00 00 03 02 00 00 03 15 00 00
  send+010: 00 00 00 00 cb 12 00 00 01 00 00 00 00 00 00 00
  send+020: 00 00 00 00 00 00 13 00 00 00 00 00 01 00 00 00
  send+030: 00 00 00 00 00 00 00 00 00 c0 4a 00 00 00 00 00
  send+040: 00 00 00 00 00 00 00 00 01 00 00 01 00 00 00 00
  send+050: 00 00 00 00 00 00 00 00 00 00 00 00 00 00 00 00
  send+060: 01 00 00 00
[trap] num=-12 (0xfffffffffffffff4) pc=0x1804adaa8 args=[0x203,0xa00620000,0x100000,0x150300000203,0x12cb00000000,0x150300000001,0x34,0x0]
[trap] num=116 (0x74) pc=0x1804b1b60 args=[0x27fac50,0x0,0x0,0xfffffc088,0x12cb00000000,0x150300000001,0x34,0x0]
[trap] num=-15 (0xfffffffffffffff1) pc=0x1804adacc args=[0x203,0x27fad18,0x408000,0x0,0x1000001,0x3,0x0,0x0]
[trap] num=74 (0x4a) pc=0x1804b1b04 args=[0x4c000,0x4000,0x0,0x40000000,0x0,0x3,0x0,0x0]
[trap] num=74 (0x4a) pc=0x1804b1b04 args=[0x450000,0x4000,0x0,0x40000000,0x0,0x3,0x0,0x0]
[trap] num=-15 (0xfffffffffffffff1) pc=0x1804adacc args=[0x203,0x27fad98,0x400000,0x0,0x7004000,0x3,0x0,0x0]
[trap] num=-89 (0xffffffffffffffa7) pc=0x1804add00 args=[0x1ec705d78,0x180327210,0x0,0x1804f8a08,0x7004000,0x3,0x0,0x0]
[trap] num=-15 (0xfffffffffffffff1) pc=0x1804adacc args=[0x203,0x27fad88,0x3e000,0x0,0x1000001,0x3,0x0,0x0]
[trap] num=-47 (0xffffffffffffffd1) pc=0x1804adc34 args=[0x27face0,0x200000003,0x2800001513,0x150300000203,0x12d600000000,0x150300000000,0x3c,0x0]
[mach_msg2] msgh_id=4822 dest=0x203 reply=0x1503 options=0x200000003 bits=0x1513 send_size=40 rcv_size=60
  send+000: 13 15 00 00 28 00 00 00 03 02 00 00 03 15 00 00
  send+010: 00 00 00 00 d6 12 00 00 00 00 00 00 01 00 00 00
  send+020: f8 03 00 00 f8 03 40 00
[trap] num=-10 (0xfffffffffffffff6) pc=0x1804ada90 args=[0x203,0x27fa6d8,0x4000,0x1,0x180327599,0x27fad90,0x3c,0x0]
[trap] num=336 (0x150) pc=0x1804af110 args=[0x2,0x112c2,0x11,0x0,0x27fa6b8,0x38,0x180327461,0xa00854028]
[trap] num=97 (0x61) pc=0x1804b1fa0 args=[0x1,0x2,0x0,0x103,0x27fa6b8,0x38,0x0,0xa00854028]
[trap] num=92 (0x5c) pc=0x1804ae8c4 args=[0x3,0x2,0x1,0x103,0x27fa6b8,0x38,0x0,0xa00854028]
[trap] num=98 (0x62) pc=0x1804b2364 args=[0x3,0x27f9ce6,0x6a,0x27f9cf8,0x27fa6b8,0x38,0x676f6c7379732f,0xa00854028]
[trap] num=133 (0x85) pc=0x1804b2390 args=[0x3,0x27f9df0,0xfa,0x0,0x0,0x0,0x0,0xa00854028]
[trap] num=-12 (0xfffffffffffffff4) pc=0x1804adaa8 args=[0x203,0xa00854000,0x4000,0x0,0x0,0x0,0x0,0xa00854028]
[trap] num=-47 (0xffffffffffffffd1) pc=0x1804adc34 args=[0x27fac78,0x200000003,0x6480001513,0x150300000203,0x12cb00000000,0x150300000001,0x34,0x0]
[mach_msg2] msgh_id=4811 dest=0x203 reply=0x1503 options=0x200000003 bits=0x80001513 send_size=100 rcv_size=52
  send+000: 13 15 00 80 64 00 00 00 03 02 00 00 03 15 00 00
  send+010: 00 00 00 00 cb 12 00 00 01 00 00 00 00 00 00 00
  send+020: 00 00 00 00 00 00 13 00 00 00 00 00 01 00 00 00
  send+030: 00 00 00 00 04 00 00 00 00 00 00 00 06 00 00 00
  send+040: 00 00 00 00 00 00 00 00 00 00 00 00 00 00 00 00
  send+050: 00 00 00 00 00 00 00 00 00 00 00 00 00 00 00 00
  send+060: 01 00 00 00
[trap] num=116 (0x74) pc=0x1804b1b60 args=[0x27fab60,0x0,0x0,0xfffffc088,0x0,0x700,0xa0064b378,0x0]
[trap] num=-15 (0xfffffffffffffff1) pc=0x1804adacc args=[0x203,0x27fb1b8,0x4000,0x0,0x1000001,0x3,0x0,0x0]
[trap] num=74 (0x4a) pc=0x1804b1b04 args=[0xa00660000,0x4000,0x1,0xa00660008,0x1000001,0x3,0x0,0x0]
[trap] num=-14 (0xfffffffffffffff2) pc=0x1801155b8 args=[0x203,0x1ec444000,0x24000,0x0,0x3,0x3,0x0,0x0]
[trap] num=-14 (0xfffffffffffffff2) pc=0x1801155b8 args=[0x203,0x1ec444000,0x24000,0x0,0x1,0x3,0x0,0x0]
[trap] num=327 (0x147) pc=0x1804ad92c args=[0x112c2,0x3,0x103,0x103,0x1,0x3,0x0,0x0]
[trap] num=-47 (0xffffffffffffffd1) pc=0x1804adc34 args=[0x27fb2bc,0x200000003,0x7400001513,0x150300000203,0x1f4000000000,0x150300000000,0x2c,0x0]
[mach_msg2] msgh_id=8000 dest=0x203 reply=0x1503 options=0x200000003 bits=0x1513 send_size=116 rcv_size=44
  send+000: 13 15 00 00 74 00 00 00 03 02 00 00 03 15 00 00
  send+010: 00 00 00 00 40 1f 00 00 00 00 00 00 01 00 00 00
  send+020: 05 00 00 00 88 5c 09 80 01 00 00 00 78 00 78 00
  send+030: 00 00 00 00 20 58 09 80 01 00 00 00 5c 00 5c 00
  send+040: 00 00 00 00 38 5a 09 80 01 00 00 00 5c 00 5c 00
  send+050: 00 00 00 00 00 59 09 80 01 00 00 00 78 00 78 00
  send+060: 00 00 00 00 b8 5a 09 80 01 00 00 00 78 00 78 00
  send+070: 00 00 00 00
[trap] num=-47 (0xffffffffffffffd1) pc=0x1804adc34 args=[0x27fb6c0,0x200000003,0x1800001513,0x150300000203,0x1f4100000000,0x150300000000,0x2c,0x0]
[mach_msg2] msgh_id=8001 dest=0x203 reply=0x1503 options=0x200000003 bits=0x1513 send_size=24 rcv_size=44
  send+000: 13 15 00 00 18 00 00 00 03 02 00 00 03 15 00 00
  send+010: 00 00 00 00 41 1f 00 00
[trap] num=-14 (0xfffffffffffffff2) pc=0x1801155b8 args=[0x203,0x1ec444000,0x24000,0x0,0x3,0x53,0x2c,0x0]
[trap] num=-15 (0xfffffffffffffff1) pc=0x1804adacc args=[0x203,0x27f4ff8,0x8000,0x0,0x1000001,0x3,0x0,0x0]
[trap] num=-15 (0xfffffffffffffff1) pc=0x1804adacc args=[0x203,0x27f5058,0x8000,0x0,0xb004000,0x3,0x0,0x0]
[trap] num=116 (0x74) pc=0x1804b1b60 args=[0x27f4f40,0x0,0x0,0xfffffc088,0x8,0x41,0x0,0xb40]
[trap] num=116 (0x74) pc=0x1804b1b60 args=[0x27f4e90,0x0,0x0,0xfffffc088,0x8,0x41,0x82b7a53dd25d4842,0xb40]
[trap] num=116 (0x74) pc=0x1804b1b60 args=[0x27f4e90,0x0,0x0,0xfffffc088,0x8,0x41,0xee30538198caca85,0xb40]
[trap] num=116 (0x74) pc=0x1804b1b60 args=[0x27f4e90,0x0,0x0,0xfffffc088,0x8,0x41,0x6084498bee6f779f,0xb40]
[trap] num=116 (0x74) pc=0x1804b1b60 args=[0x27f4e90,0x0,0x0,0xfffffc088,0x8,0x41,0xd3ff801753226278,0xb40]
[trap] num=116 (0x74) pc=0x1804b1b60 args=[0x27f4e90,0x0,0x0,0xfffffc088,0x8,0x41,0xba8aac3fd2bec905,0xb40]
[trap] num=116 (0x74) pc=0x1804b1b60 args=[0x27f4e90,0x0,0x0,0xfffffc088,0x8,0x41,0x893f90d565c5f44,0xb40]
[trap] num=116 (0x74) pc=0x1804b1b60 args=[0x27f4e90,0x0,0x0,0xfffffc088,0x8,0x41,0x6e4b994982f668c8,0xb40]
[trap] num=116 (0x74) pc=0x1804b1b60 args=[0x27f4e90,0x0,0x0,0xfffffc088,0x8,0x41,0x8fbb468ae9f3e749,0xb40]
[trap] num=116 (0x74) pc=0x1804b1b60 args=[0x27f4e90,0x0,0x0,0xfffffc088,0x8,0x41,0x7a6f148fafc1954e,0xb40]
[trap] num=116 (0x74) pc=0x1804b1b60 args=[0x27f4e90,0x0,0x0,0xfffffc088,0x8,0x41,0x6a7807243fa7efc9,0xb40]
[trap] num=116 (0x74) pc=0x1804b1b60 args=[0x27f4e90,0x0,0x0,0xfffffc088,0x8,0x41,0xce68d347c6499019,0xb40]
[trap] num=-15 (0xfffffffffffffff1) pc=0x1804adacc args=[0x203,0x27f4ea8,0x400000,0x0,0x2004000,0x3,0x0,0x0]
[trap] num=-15 (0xfffffffffffffff1) pc=0x1804adacc args=[0x203,0x27f4df8,0x80000,0x3fff,0x1000001,0x3,0x0,0x0]
[trap] num=-14 (0xfffffffffffffff2) pc=0x1801155b8 args=[0x203,0x1ec444000,0x24000,0x0,0x1,0x0,0xffffffffbfc007ff,0xfffff0003ffff800]
[trap] num=202 (0xca) pc=0x1804af460 args=[0x27fb6b0,0x2,0x27fb678,0x27fb670,0x180205f3c,0x15,0xffffffffbfc007ff,0xfffff0003ffff800]
[trap] num=202 (0xca) pc=0x1804af460 args=[0x27fb678,0x2,0x27fb730,0x27fb720,0x0,0x0,0xffffffffbfc007ff,0xfffff0003ffff800]
[trap] num=202 (0xca) pc=0x1804af460 args=[0x27fb6b0,0x2,0x27fb678,0x27fb670,0x180205f9b,0x16,0xffffffffbfc007ff,0xfffff0003ffff800]
[trap] num=202 (0xca) pc=0x1804af460 args=[0x27fb678,0x2,0x27fb730,0x27fb720,0x0,0x0,0xffffffffbfc007ff,0xfffff0003ffff800]
[trap] num=202 (0xca) pc=0x1804af460 args=[0x27fb6b0,0x2,0x27fb678,0x27fb670,0x180205f3c,0x15,0xffffffffbfc007ff,0xfffff0003ffff800]
[trap] num=202 (0xca) pc=0x1804af460 args=[0x27fb678,0x2,0x27fb730,0x27fb720,0x0,0x0,0xffffffffbfc007ff,0xfffff0003ffff800]
[trap] num=-47 (0xffffffffffffffd1) pc=0x1804adc34 args=[0x27fb750,0x200000003,0x2400001513,0x150300000203,0xd5100000000,0x150300000000,0x30,0x0]
[mach_msg2] msgh_id=3409 dest=0x203 reply=0x1503 options=0x200000003 bits=0x1513 send_size=36 rcv_size=48
  send+000: 13 15 00 00 24 00 00 00 03 02 00 00 03 15 00 00
  send+010: 00 00 00 00 51 0d 00 00 00 00 00 00 01 00 00 00
  send+020: 04 00 00 00
[trap] num=-19 (0xffffffffffffffed) pc=0x1804adaf0 args=[0x203,0x1403,0x0,0x1,0xd5100000000,0x150300000000,0x30,0x0]
[trap] num=-19 (0xffffffffffffffed) pc=0x1804adaf0 args=[0x203,0x1403,0x0,0x1,0xd5100000000,0x150300000000,0x30,0x0]
[trap] num=-19 (0xffffffffffffffed) pc=0x1804adaf0 args=[0x203,0x1403,0x0,0x1,0x0,0x150300000000,0x30,0x0]
[trap] num=-14 (0xfffffffffffffff2) pc=0x1801155b8 args=[0x203,0x1ec444000,0x24000,0x0,0x3,0x27fb57f,0xffffffffbfc007ff,0xa0]
[trap] num=-14 (0xfffffffffffffff2) pc=0x1801155b8 args=[0x203,0x1ec444000,0x24000,0x0,0x1,0x27fb57f,0xffffffffbfc007ff,0xa0]
[trap] num=5 (0x5) pc=0x180119f50 args=[0x63a20,0x0,0x0,0x63a20,0x0,0x27fb57f,0x0,0xa0]
[trap] num=92 (0x5c) pc=0x1801180d8 args=[0x4,0x32,0x27fb048,0x63a20,0x0,0x27fb57f,0x0,0xa0]
[trap] num=6 (0x6) pc=0x180116750 args=[0x4,0x32,0x27fb048,0x63a20,0x0,0x27fb57f,0x0,0xa0]
[trap] num=220 (0xdc) pc=0x1804ae63c args=[0x63a20,0x27fb070,0x27fb08c,0x40c,0x0,0x27fb57f,0x0,0xa0]
[trap] num=33 (0x21) pc=0x1804ae668 args=[0x63aa0,0x4,0x63930,0x639c0,0x0,0x56,0x0,0x470]
[M28 BANDSHRINK] syscall 33 band past ipa 0x63930 len 65536 shrunk 64 -> 0 by an overlapping window of the same call
[M28 BANDSHRINK] syscall 33 band past ipa 0x639c0 len 65536 shrunk 64 -> 0 by an overlapping window of the same call
[trap] num=5 (0x5) pc=0x1804ae694 args=[0x63aa0,0x0,0x0,0x639c0,0x0,0x56,0x0,0x470]
[M28 BANDSHRINK] syscall 5 band past ipa 0x639c0 len 65536 shrunk 64 -> 0 by an overlapping window of the same call
[trap] num=339 (0x153) pc=0x1804bc288 args=[0x4,0x63930,0x0,0x639c0,0x0,0x56,0x0,0x470]
[M28 BANDSHRINK] syscall 339 band past ipa 0x63930 len 65536 shrunk 64 -> 0 by an overlapping window of the same call
[trap] num=483 (0x1e3) pc=0x1804ae6f0 args=[0x0,0x27fb29c,0x4,0x639c0,0x0,0x56,0x0,0x470]
[trap] num=228 (0xe4) pc=0x1804b1694 args=[0x4,0x27fb360,0x27fb2c0,0x28,0x0,0x56,0x0,0x470]
[trap] num=381 (0x17d) pc=0x1804af730 args=[0x18df1ac55,0x2,0x27fb2c0,0x28,0x0,0x56,0x0,0x470]
[m47] num=381 args=[0x18df1ac55,0x2,0x27fb2c0] policy="Sandbox" op="file-write-data" ret=0x16 err=true writes=0
[trap] num=92 (0x5c) pc=0x1804ae8c4 args=[0x4,0x32,0x27fafb8,0x27fb378,0x27fb000,0x56,0x0,0x470]
[trap] num=6 (0x6) pc=0x1804ae8f0 args=[0x4,0x27fafeb,0x0,0x63b13,0x0,0x56,0x0,0x470]
[trap] num=5 (0x5) pc=0x1804ae694 args=[0x63b20,0x0,0x0,0x63b5d,0x18020b535,0x27fb480,0x74,0x470]
[M28 BANDSHRINK] syscall 5 band past ipa 0x63b20 len 65536 shrunk 64 -> 0 by an overlapping window of the same call
[trap] num=-15 (0xfffffffffffffff1) pc=0x1804adacc args=[0x203,0x27fb138,0x400000,0x0,0x2004000,0x3,0x0,0x0]
[trap] num=336 (0x150) pc=0x1804af110 args=[0x2,0x112c2,0xd,0x1,0x27fb6f0,0x40,0x74,0x470]
[trap] num=-24 (0xffffffffffffffe8) pc=0x1804adb2c args=[0x203,0x27fb7b0,0x71b75ace,0x27fb7ac,0x0,0x5,0x0,0x0]
[trap] num=-47 (0xffffffffffffffd1) pc=0x1804adc34 args=[0x27fb748,0x200000003,0x3480001513,0x150300000203,0xd5200000000,0x150300000001,0x2c,0x0]
[mach_msg2] msgh_id=3410 dest=0x203 reply=0x1503 options=0x200000003 bits=0x80001513 send_size=52 rcv_size=44
  send+000: 13 15 00 80 34 00 00 00 03 02 00 00 03 15 00 00
  send+010: 00 00 00 00 52 0d 00 00 01 00 00 00 03 13 00 00
  send+020: 00 00 00 00 00 00 13 00 00 00 00 00 01 00 00 00
  send+030: 0a 00 00 00
[trap] num=-47 (0xffffffffffffffd1) pc=0x1804adc34 args=[0x27fb4c8,0x200000003,0x2800001513,0x150300000203,0xd4d00000000,0x150300000000,0x1a8,0x0]
[mach_msg2] msgh_id=3405 dest=0x203 reply=0x1503 options=0x200000003 bits=0x1513 send_size=40 rcv_size=424
  send+000: 13 15 00 00 28 00 00 00 03 02 00 00 03 15 00 00
  send+010: 00 00 00 00 4d 0d 00 00 00 00 00 00 01 00 00 00
  send+020: 0f 00 00 00 08 00 00 00
[retrace] forwarding mach_msg2 task_info (msgh_id 3405) to host (decided allowlist)
[mach_msg2] host ret=0x0 err=false
  reply@0x27fb4c8+000: 00 12 00 00 48 00 00 00 00 00 00 00 03 15 00 00
  reply@0x27fb4c8+010: 00 00 00 00 b1 0d 00 00 00 00 00 00 01 00 00 00
  reply@0x27fb4c8+020: 00 00 00 00 08 00 00 00 f5 01 00 00 f5 01 00 00
  reply@0x27fb4c8+030: 14 00 00 00 f5 01 00 00 14 00 00 00 c2 12 01 00
  reply@0x27fb4c8+040: b9 86 01 00 ab f8 48 00 00 00 00 00 08 00 00 00
  reply@0x27fb4c8+050: 00 00 00 00 00 00 00 00 00 00 00 00 00 00 00 00
  reply@0x27fb4c8+060: 00 00 00 00 00 00 00 00 00 00 00 00 00 00 00 00
  reply@0x27fb4c8+070: 00 00 00 00 00 00 00 00 00 00 00 00 00 00 00 00
  reply@0x27fb4c8+080: 00 00 00 00 00 00 00 00 00 00 00 00 00 00 00 00
  reply@0x27fb4c8+090: 00 00 00 00 00 00 00 00 00 00 00 00 00 00 00 00
  reply@0x27fb4c8+0a0: 00 00 00 00 00 00 00 00 00 00 00 00 00 00 00 00
  reply@0x27fb4c8+0b0: 00 00 00 00 00 00 00 00 00 00 00 00 00 00 00 00
  reply@0x27fb4c8+0c0: 00 00 00 00 00 00 00 00 00 00 00 00 00 00 00 00
  reply@0x27fb4c8+0d0: 00 00 00 00 00 00 00 00 00 00 00 00 00 00 00 00
  reply@0x27fb4c8+0e0: 00 00 00 00 00 00 00 00 00 00 00 00 00 00 00 00
  reply@0x27fb4c8+0f0: 00 00 00 00 00 00 00 00 00 00 00 00 00 00 00 00
[trap] num=170 (0xaa) pc=0x1804ae5d0 args=[0x112c2,0x10,0x27fb2e0,0x408,0x10478,0x150300000000,0x48f8ab000186b9,0x0]
[trap] num=202 (0xca) pc=0x1804af460 args=[0x27fb6e0,0x2,0x27fb6a8,0x27fb6a0,0x1844cfba7,0x15,0x72,0x400]
[trap] num=202 (0xca) pc=0x1804af460 args=[0x27fb6a8,0x2,0x27fb738,0x27fb730,0x0,0x0,0x72,0x400]
[trap] num=-14 (0xfffffffffffffff2) pc=0x1801155b8 args=[0x203,0x1ec444000,0x24000,0x0,0x3,0x0,0x0,0x0]
[trap] num=-15 (0xfffffffffffffff1) pc=0x1801155c4 args=[0x203,0x27fb390,0x20000,0x3fff,0x3c000001,0x3,0x0,0x0]
[trap] num=-12 (0xfffffffffffffff4) pc=0x1801155a0 args=[0x203,0x1003c0000,0x20000,0x103,0xffffffff13f7dfd0,0x10,0x63,0x0]
[trap] num=-14 (0xfffffffffffffff2) pc=0x1801155b8 args=[0x203,0x1ec444000,0x24000,0x0,0x1,0x0,0x0,0x0]
[trap] num=-14 (0xfffffffffffffff2) pc=0x1801155b8 args=[0x203,0x1ec444000,0x24000,0x0,0x3,0x0,0x0,0x0]
[trap] num=-14 (0xfffffffffffffff2) pc=0x1801155b8 args=[0x203,0x1ec444000,0x24000,0x0,0x1,0x0,0x0,0x0]
[trap] num=-14 (0xfffffffffffffff2) pc=0x1801155b8 args=[0x203,0x1ec444000,0x24000,0x0,0x3,0x0,0x0,0x0]
[trap] num=-14 (0xfffffffffffffff2) pc=0x1801155b8 args=[0x203,0x1ec444000,0x24000,0x0,0x1,0x0,0x0,0x0]
[trap] num=-14 (0xfffffffffffffff2) pc=0x1801155b8 args=[0x203,0x1ec444000,0x24000,0x0,0x3,0x0,0x0,0x0]
[trap] num=-14 (0xfffffffffffffff2) pc=0x1801155b8 args=[0x203,0x1ec444000,0x24000,0x0,0x1,0x0,0x0,0x0]
[trap] num=-14 (0xfffffffffffffff2) pc=0x1801155b8 args=[0x203,0x1ec444000,0x24000,0x0,0x3,0x0,0x0,0x0]
[trap] num=-14 (0xfffffffffffffff2) pc=0x1801155b8 args=[0x203,0x1ec444000,0x24000,0x0,0x1,0x0,0x0,0x0]
[trap] num=-14 (0xfffffffffffffff2) pc=0x1801155b8 args=[0x203,0x1ec444000,0x24000,0x0,0x3,0x0,0x0,0x0]
[trap] num=25 (0x19) pc=0x1804af050 args=[0x1edd8d978,0x180533098,0x180533098,0x103,0x1ec445388,0x0,0x0,0x0]
[trap] num=24 (0x18) pc=0x1804af858 args=[0x1f5,0x180533098,0x180533098,0x103,0x1ec445388,0x0,0x0,0x0]
[trap] num=202 (0xca) pc=0x1804af460 args=[0x27fa550,0x4,0x27fa560,0x27fa548,0x0,0x0,0x0,0x0]
[trap] num=286 (0x11e) pc=0x1804af884 args=[0x27fa800,0x27fa804,0x1805331c8,0x27fa548,0x0,0x0,0x0,0x0]
[trap] num=25 (0x19) pc=0x1804af050 args=[0xffffffffffffffff,0xffffffffffffffff,0x1805331c8,0x27fa548,0x0,0x0,0x0,0x0]
[trap] num=43 (0x2b) pc=0x1804af8b0 args=[0x1f5,0xffffffffffffffff,0x1805331c8,0x27fa548,0x0,0x0,0x0,0x0]
[trap] num=169 (0xa9) pc=0x1804af8dc args=[0x112c2,0x10,0x27f9d80,0x408,0x408,0x0,0x0,0x3f0]
[trap] num=169 (0xa9) pc=0x1804af8dc args=[0x112c2,0x10,0x27f9ea0,0x408,0x408,0x73,0x72,0x400]
[trap] num=-19 (0xffffffffffffffed) pc=0x1804adaf0 args=[0x203,0x1403,0x0,0x1,0x0,0x58,0x65,0x400]
[trap] num=-50 (0xffffffffffffffce) pc=0x1804adc58 args=[0x1ec6fbd20,0x103,0x103,0x0,0x6,0x0,0x73,0x400]
[trap] num=-29 (0xffffffffffffffe3) pc=0x1804adb68 args=[0x0,0x18035aad8,0x18035aad8,0x66258,0x0,0x13,0x0,0x400]
[trap] num=-47 (0xffffffffffffffd1) pc=0x1804adc34 args=[0x27f9e80,0x200000003,0x2800001513,0x150300000c03,0x19c00000000,0x150300000000,0x30,0x0]
[mach_msg2] msgh_id=412 dest=0xc03 reply=0x1503 options=0x200000003 bits=0x1513 send_size=40 rcv_size=48
  send+000: 13 15 00 00 28 00 00 00 03 0c 00 00 03 15 00 00
  send+010: 00 00 00 00 9c 01 00 00 00 00 00 00 01 00 00 00
  send+020: ff ff ff ff 01 00 00 00
[retrace] forwarding mach_msg2 host_get_special_port (msgh_id 412) to host (decided allowlist)
[mach_msg2] host ret=0x0 err=false
  reply@0x27f9e80+000: 00 12 00 00 24 00 00 00 00 00 00 00 03 15 00 00
  reply@0x27f9e80+010: 00 00 00 00 00 02 00 00 00 00 00 00 01 00 00 00
  reply@0x27f9e80+020: 04 00 00 00 00 00 00 00 08 00 00 00 00 00 00 00
  reply@0x27f9e80+030: a0 18 06 00 00 00 00 00 03 0c 00 00 00 00 00 00
  reply@0x27f9e80+040: f0 9e 7f 02 00 00 00 00 08 ab 35 80 01 00 00 00
  reply@0x27f9e80+050: 03 14 00 00 00 00 00 00 a0 5e 06 00 00 00 00 00
  reply@0x27f9e80+060: a0 18 06 00 00 00 00 00 f0 fa 6f ec 01 00 00 00
  reply@0x27f9e80+070: 00 9f 7f 02 00 00 00 00 b0 04 35 80 01 00 00 00
  reply@0x27f9e80+080: 20 9f 7f 02 00 00 00 00 30 96 33 80 01 00 00 00
  reply@0x27f9e80+090: a0 18 06 00 00 00 00 00 28 f9 6f ec 01 00 00 00
  reply@0x27f9e80+0a0: 30 9f 7f 02 00 00 00 00 cc aa 35 80 01 00 00 00
  reply@0x27f9e80+0b0: 50 9f 7f 02 00 00 00 00 34 c5 35 80 01 00 00 00
  reply@0x27f9e80+0c0: 2e 00 00 00 00 00 00 00 6e 0a 2f a6 00 00 00 00
  reply@0x27f9e80+0d0: 60 9f 7f 02 00 00 00 00 b0 04 35 80 01 00 00 00
  reply@0x27f9e80+0e0: 80 9f 7f 02 00 00 00 00 30 96 33 80 01 00 00 00
  reply@0x27f9e80+0f0: a0 18 06 00 00 00 00 00 58 62 06 00 00 00 00 00
[trap] num=-70 (0xffffffffffffffba) pc=0x1804adcc4 args=[0xc03,0x180373fb0,0x10,0x27f9f4c,0x19c00000000,0x150300000000,0x30,0x0]
[trap] num=-47 (0xffffffffffffffd1) pc=0x1804adc34 args=[0x66258,0x403114207,0xf880131513,0x200300001403,0x400000cf00001e03,0x200300000001,0xf8,0x0]
[mach_msg2] msgh_id=1073742031 dest=0x1403 reply=0x2003 options=0x403114207 bits=0x80131513 send_size=248 rcv_size=248
  send+000: 13 15 13 80 f8 00 00 00 03 14 00 00 03 20 00 00
  send+010: 03 1e 00 00 cf 00 00 40 01 00 00 00 03 14 00 00
  send+020: 00 00 00 00 00 00 13 00 43 50 58 40 05 00 00 00
  send+030: 00 f0 00 00 c0 00 00 00 07 00 00 00 68 61 6e 64
  send+040: 6c 65 00 00 00 40 00 00 00 00 00 00 00 00 00 00
  send+050: 69 6e 73 74 61 6e 63 65 00 00 00 00 00 a0 00 00
  send+060: 00 00 00 00 00 00 00 00 00 00 00 00 00 00 00 00
  send+070: 66 6c 61 67 73 00 00 00 00 40 00 00 08 00 00 00
  send+080: 00 00 00 00 6e 61 6d 65 00 00 00 00 00 90 00 00
  send+090: 25 00 00 00 63 6f 6d 2e 61 70 70 6c 65 2e 73 79
  send+0a0: 73 74 65 6d 2e 6e 6f 74 69 66 69 63 61 74 69 6f
  send+0b0: 6e 5f 63 65 6e 74 65 72 00 00 00 00 74 79 70 65
  send+0c0: 00 00 00 00 00 40 00 00 07 00 00 00 00 00 00 00
  send+0d0: 74 61 72 67 65 74 70 69 64 00 00 00 00 30 00 00
  send+0e0: 00 00 00 00 00 00 00 00 64 6f 6d 61 69 6e 2d 70
  send+0f0: 6f 72 74 00 00 d0 00 00
[retrace] refusing mach_msg2 message-queue send (msgh_id 0x400000cf dest 0x1403 send_size 248): the box hosts no message-queue receivers
[trap] num=-18 (0xffffffffffffffee) pc=0x1804adae4 args=[0x203,0x1403,0x1801c8220,0x66080,0x66100,0x200300000001,0xf8,0x0]
[M28 BANDSHRINK] syscall -18 band past ipa 0x66080 len 65536 shrunk 64 -> 0 by an overlapping window of the same call
[trap] num=327 (0x147) pc=0x1804ad92c args=[0x0,0x103,0x103,0x103,0x0,0x0,0x0,0x0]
[trap] num=327 (0x147) pc=0x1804ad92c args=[0x0,0x103,0x103,0x103,0x2,0x63,0x0,0x0]
[trap] num=327 (0x147) pc=0x1804ad92c args=[0x0,0x0,0x0,0x103,0x2,0x63,0x0,0x0]
[trap] num=25 (0x19) pc=0x1804af050 args=[0x1ec7182a0,0x0,0x1f5,0x2,0x65f80,0x0,0x65,0x400]
[trap] num=194 (0xc2) pc=0x1804b00c8 args=[0x1008,0x27fa638,0x1804edb6c,0x2,0x65f80,0x0,0x65,0x400]
[trap] num=398 (0x18e) pc=0x1804ae948 args=[0x18052cc13,0x0,0x0,0x2,0x65f80,0x0,0x65,0x400]
[trap] num=339 (0x153) pc=0x1804bc288 args=[0x4,0x27fa640,0x120a8,0x1ec7035c0,0x27fa7b8,0x27fa7b0,0x65,0x400]
[trap] num=339 (0x153) pc=0x1804bc288 args=[0x4,0x27f9530,0x27f95f4,0x1ec7035c0,0x27fa7b8,0x27fa7b0,0x65,0x400]
[trap] num=396 (0x18c) pc=0x1804afcac args=[0x4,0x66070,0x1000,0x100,0x0,0x27fa7b0,0x65,0x400]
[trap] num=396 (0x18c) pc=0x1804afcac args=[0x4,0x66070,0x1000,0x27f96d5,0x70101c080,0x27fa4b7,0x65,0xfffff0007ffff800]
[trap] num=396 (0x18c) pc=0x1804afcac args=[0x4,0x66070,0x1000,0x27f96ca,0x70101c080,0x27fa4b7,0x61,0xfffff0007ffff800]
[trap] num=396 (0x18c) pc=0x1804afcac args=[0x4,0x66070,0x1000,0xfffff0007fc00000,0x700c00340,0x27fa4b7,0x0,0xfffff0007ffff800]
[trap] num=399 (0x18f) pc=0x1804af584 args=[0x4,0x0,0x1804edb6c,0xfffff0007fc00000,0x700c00340,0x27fa4b7,0x0,0xfffff0007ffff800]
[trap] num=169 (0xa9) pc=0x1804af8dc args=[0x112c2,0x0,0x27fb594,0x4,0x701001ea0,0x0,0xffffffffbfc007ff,0xfffff0003ffff800]
[trap] num=327 (0x147) pc=0x1804ad92c args=[0x0,0x1edd85ee8,0x180503ca0,0x1f5,0x2,0x0,0x0,0xfffff0003ffff800]
[trap] num=25 (0x19) pc=0x1804af050 args=[0x1ec7182a0,0x0,0x1f5,0x2,0x66280,0x0,0x65,0x400]
[trap] num=194 (0xc2) pc=0x1804b00c8 args=[0x1008,0x27fa608,0x1804edb6c,0x2,0x66280,0x0,0x65,0x400]
[trap] num=398 (0x18e) pc=0x1804ae948 args=[0x18052cc13,0x0,0x0,0x2,0x66280,0x0,0x65,0x400]
[trap] num=339 (0x153) pc=0x1804bc288 args=[0x4,0x27fa610,0x120a8,0x1ec7035c0,0x27fa788,0x27fa780,0x65,0x400]
[trap] num=339 (0x153) pc=0x1804bc288 args=[0x4,0x27f9500,0x27f95c4,0x1ec7035c0,0x27fa788,0x27fa780,0x65,0x400]
[trap] num=396 (0x18c) pc=0x1804afcac args=[0x4,0x701020000,0x1000,0x1,0x0,0x1,0x0,0x0]
[trap] num=396 (0x18c) pc=0x1804afcac args=[0x4,0x701020000,0x1000,0x27f96a5,0x70101c080,0x27fa487,0x65,0xfffff0007ffff800]
[M28 BANDSHRINK] syscall 396 band past ipa 0x70101c080 len 65536 shrunk 64 -> 0 by an overlapping window of the same call
[trap] num=396 (0x18c) pc=0x1804afcac args=[0x4,0x701020000,0x1000,0x27f969a,0x70101c080,0x27fa487,0x61,0xfffff0007ffff800]
[M28 BANDSHRINK] syscall 396 band past ipa 0x70101c080 len 65536 shrunk 64 -> 0 by an overlapping window of the same call
[trap] num=396 (0x18c) pc=0x1804afcac args=[0x4,0x701020000,0x1000,0xfffff0007fc00000,0x700c00340,0x27fa487,0x0,0xfffff0007ffff800]
[trap] num=399 (0x18f) pc=0x1804af584 args=[0x4,0x0,0x1804edb6c,0xfffff0007fc00000,0x700c00340,0x27fa487,0x0,0xfffff0007ffff800]
[trap] num=327 (0x147) pc=0x1804ad92c args=[0x0,0x100,0x193c16a30,0x27ffe48,0x1ec445388,0x0,0x0,0x0]
[trap] num=169 (0xa9) pc=0x1804af8dc args=[0x112c2,0x0,0x27fb4b8,0x4,0x1ec445388,0x0,0x0,0x0]
[trap] num=327 (0x147) pc=0x1804ad92c args=[0x1,0x194057bf0,0xf,0x1804f8a01,0x1ec445388,0x0,0x0,0x0]
[trap] num=169 (0xa9) pc=0x1804af8dc args=[0x112c2,0x0,0x27fb4bc,0x4,0x1ec445388,0x0,0x0,0x0]
[trap] num=54 (0x36) pc=0x1804b2338 args=[0x1,0x4004667a,0x27fb43c,0x4,0x1ec445388,0x0,0x0,0x0]
[trap] num=54 (0x36) pc=0x1804b2338 args=[0x1,0x40487413,0x27fb440,0x4,0x1ec445388,0x0,0x0,0x0]
[trap] num=54 (0x36) pc=0x1804b2338 args=[0x1,0x4004667a,0x27fb43c,0x4,0x1ec445388,0x0,0x0,0x0]
[trap] num=54 (0x36) pc=0x1804b2338 args=[0x1,0x40487413,0x27fb440,0x4,0x1ec445388,0x0,0x0,0x0]
[trap] num=116 (0x74) pc=0x1804b1b60 args=[0x27fb310,0x0,0x0,0xfffffc088,0x1ec445388,0x0,0x0,0x0]
[trap] num=116 (0x74) pc=0x1804b1b60 args=[0x27fb310,0x0,0x0,0xfffffc088,0x1ec445388,0x0,0xde1a052407f62187,0x0]
[trap] num=483 (0x1e3) pc=0x1804ae6f0 args=[0x0,0x27fb56c,0x4,0x27ffe48,0x1ec445388,0x0,0x0,0x0]
[trap] num=-15 (0xfffffffffffffff1) pc=0x1801155c4 args=[0x203,0x27fb410,0x20000,0x3fff,0x3c000001,0x3,0x0,0x0]
[trap] num=-12 (0xfffffffffffffff4) pc=0x1801155a0 args=[0x203,0x1003c0000,0x20000,0x103,0xffffffff13f7dfd0,0x10,0x63,0x0]
[trap] num=-14 (0xfffffffffffffff2) pc=0x1801155b8 args=[0x203,0x1ec444000,0x24000,0x0,0x1,0x10,0x63,0x0]
[trap] num=116 (0x74) pc=0x1804b1b60 args=[0x27ff6e0,0x0,0x0,0xfffffc088,0x1,0x10,0x63,0x0]
[trap] num=5 (0x5) pc=0x1804ae694 args=[0x1002878e6,0x2,0x0,0xfffffc088,0x1,0x10,0x63,0x0]
[trap] num=6 (0x6) pc=0x1804ae8f0 args=[0x4,0x2,0x0,0xfffffc088,0x1,0x10,0x63,0x0]
[trap] num=48 (0x30) pc=0x1804b13d8 args=[0x2,0x27ff74c,0x0,0xfffffc088,0x1,0x10,0x63,0x0]
[trap] num=46 (0x2e) pc=0x1804b4478 args=[0xd,0x27ff6d8,0x27ff700,0xfffffc088,0x1,0x10,0x63,0x0]
[trap] num=33 (0x21) pc=0x1804ae668 args=[0x69c90,0x4,0x0,0x69cd7,0x10027b3f7,0x27ff570,0x6769666e6f637469,0xfffff0003ffff800]
[M28 BANDSHRINK] syscall 33 band past ipa 0x69c90 len 65536 shrunk 64 -> 0 by an overlapping window of the same call
[trap] num=194 (0xc2) pc=0x1804b00c8 args=[0x1008,0x27ff3f8,0x1804edb6c,0x7,0x0,0x27ff570,0x6769666e6f637469,0xfffff0003ffff800]
[trap] num=398 (0x18e) pc=0x1804ae948 args=[0x69c90,0x0,0x0,0x7,0x0,0x27ff570,0x6769666e6f637469,0xfffff0003ffff800]
[trap] num=339 (0x153) pc=0x1804bc288 args=[0x4,0x27ff4c0,0x120a8,0x7,0x0,0x27ff570,0x6769666e6f637469,0xfffff0003ffff800]
[trap] num=339 (0x153) pc=0x1804bc288 args=[0x4,0x27ff260,0x27ff324,0x6a92f,0xfffffffffffff368,0x18,0x7,0x0]
[trap] num=396 (0x18c) pc=0x1804afcac args=[0x4,0x701023000,0x1000,0xa006271c0,0x701023000,0x0,0xffffffffbfc007ff,0xfffff0003ffff800]
[trap] num=396 (0x18c) pc=0x1804afcac args=[0x4,0x701023000,0x1000,0xfffffffffffffff2,0x69,0x63,0xffffffffbfc007ff,0x370]
[trap] num=399 (0x18f) pc=0x1804af584 args=[0x4,0x0,0x1804edb6c,0xa0,0x6a280,0x63,0xffffffffbfc007ff,0x370]
[trap] num=33 (0x21) pc=0x1804ae668 args=[0x68dc0,0x4,0x1,0x103,0x6a280,0x63,0xffffffffbfc007ff,0x370]
[M28 BANDSHRINK] syscall 33 band past ipa 0x68dc0 len 65536 shrunk 64 -> 0 by an overlapping window of the same call
[trap] num=398 (0x18e) pc=0x1804ae948 args=[0x1803fd5e6,0x1000000,0x0,0x96,0x0,0x63,0xffffffffbfc007ff,0x370]
[trap] num=339 (0x153) pc=0x1804bc288 args=[0x4,0x27ff500,0x0,0x96,0x0,0x63,0xffffffffbfc007ff,0x370]
[trap] num=406 (0x196) pc=0x1804b2174 args=[0x4,0x32,0x27ff070,0x27ff430,0x27ff0c0,0x63,0xffffffffbfc007ff,0x370]
[trap] num=399 (0x18f) pc=0x1804af584 args=[0x4,0x32,0x27ff070,0x27ff430,0x27ff0c0,0x63,0xffffffffbfc007ff,0x370]
[trap] num=338 (0x152) pc=0x1804b988c args=[0x27ff070,0x27ff470,0x27ff070,0x27ff430,0x27ff0c0,0x63,0xffffffffbfc007ff,0x370]
[trap] num=12 (0xc) pc=0x1804af75c args=[0x27fff3f,0x10027a22e,0x0,0x16,0x43,0x2d,0xffffffffbfc007ff,0x370]
[trap] num=398 (0x18e) pc=0x1804ae948 args=[0x1803fd5e6,0x1000000,0x0,0x67,0x0,0x0,0x0,0xfffff0003ffff800]
[trap] num=339 (0x153) pc=0x1804bc288 args=[0x4,0x27ff080,0x0,0x67,0x0,0x0,0x0,0xfffff0003ffff800]
[trap] num=406 (0x196) pc=0x1804b2174 args=[0x4,0x32,0x27febf0,0x27fefb0,0x27fec40,0x0,0x0,0xfffff0003ffff800]
[trap] num=399 (0x18f) pc=0x1804af584 args=[0x4,0x32,0x27febf0,0x27fefb0,0x27fec40,0x0,0x0,0xfffff0003ffff800]
[trap] num=338 (0x152) pc=0x1804b988c args=[0x27febf0,0x27feff0,0x27febf0,0x27fefb0,0x27fec40,0x0,0x0,0xfffff0003ffff800]
[trap] num=398 (0x18e) pc=0x1804ae948 args=[0x1803fd5e6,0x1000000,0x0,0xa,0x6a080,0x20,0x0,0xfffff0003ffff800]
[trap] num=339 (0x153) pc=0x1804bc288 args=[0x4,0x27ff080,0x0,0xa,0x6a080,0x20,0x0,0xfffff0003ffff800]
[trap] num=406 (0x196) pc=0x1804b2174 args=[0x4,0x32,0x27febf0,0x27fefb0,0x27fec40,0x20,0x0,0xfffff0003ffff800]
[trap] num=399 (0x18f) pc=0x1804af584 args=[0x4,0x32,0x27febf0,0x27fefb0,0x27fec40,0x20,0x0,0xfffff0003ffff800]
[trap] num=338 (0x152) pc=0x1804b988c args=[0x27febf0,0x27feff0,0x27febf0,0x27fefb0,0x27fec40,0x20,0x0,0xfffff0003ffff800]
[trap] num=338 (0x152) pc=0x1804b988c args=[0x6a1e0,0x27ff150,0x103,0x103,0xfffffffffffffec0,0x20,0x0,0xfffff0003ffff800]
[trap] num=338 (0x152) pc=0x1804b988c args=[0x6a280,0x27ff130,0x0,0x6a30b,0x6a240,0x20,0x74,0xfffff0003ffff800]
[M28 BANDSHRINK] syscall 338 band past ipa 0x6a280 len 65536 shrunk 64 -> 0 by an overlapping window of the same call
[M28 BANDSHRINK] syscall 338 band past ipa 0x6a240 len 65536 shrunk 64 -> 0 by an overlapping window of the same call
[trap] num=340 (0x154) pc=0x1804b9860 args=[0x6a420,0x27ff000,0x0,0x6a4b0,0x6a400,0x20,0x44,0xfffff0003ffff800]
[M28 BANDSHRINK] syscall 340 band past ipa 0x6a420 len 65536 shrunk 64 -> 0 by an overlapping window of the same call
[M28 BANDSHRINK] syscall 340 band past ipa 0x6a400 len 65536 shrunk 64 -> 0 by an overlapping window of the same call
[trap] num=5 (0x5) pc=0x1804ae694 args=[0x6a420,0x0,0x0,0x6a4b0,0x6a400,0x20,0x44,0xfffff0003ffff800]
[M28 BANDSHRINK] syscall 5 band past ipa 0x6a420 len 65536 shrunk 64 -> 0 by an overlapping window of the same call
[M28 BANDSHRINK] syscall 5 band past ipa 0x6a400 len 65536 shrunk 64 -> 0 by an overlapping window of the same call
[trap] num=3 (0x3) pc=0x1804ae91c args=[0x4,0x27ff0b8,0xff,0x6a4b0,0x6a400,0x20,0x44,0xfffff0003ffff800]
[M28 BANDSHRINK] syscall 3 band past ipa 0x6a400 len 65536 shrunk 64 -> 0 by an overlapping window of the same call
[trap] num=3 (0x3) pc=0x1804ae91c args=[0x4,0x27ff0cd,0xea,0x6a4b0,0x6a400,0x20,0x44,0xfffff0003ffff800]
[M28 BANDSHRINK] syscall 3 band past ipa 0x6a400 len 65536 shrunk 64 -> 0 by an overlapping window of the same call
[trap] num=6 (0x6) pc=0x1804ae8f0 args=[0x4,0x27ff0cd,0xea,0x6a4b0,0x6a400,0x20,0x44,0xfffff0003ffff800]
[M28 BANDSHRINK] syscall 6 band past ipa 0x6a400 len 65536 shrunk 64 -> 0 by an overlapping window of the same call
[trap] num=340 (0x154) pc=0x1804b9860 args=[0x6a520,0x27feed0,0x0,0x6a5b5,0xfffffffffffffd60,0x20,0x72,0xfffff0003ffff800]
[M28 BANDSHRINK] syscall 340 band past ipa 0x6a520 len 65536 shrunk 64 -> 0 by an overlapping window of the same call
[trap] num=33 (0x21) pc=0x1804ae668 args=[0x6a420,0x1,0x0,0x6a4b3,0x6a580,0x20,0x737463656a626f2f,0xfffff0003ffff800]
[M28 BANDSHRINK] syscall 33 band past ipa 0x6a420 len 65536 shrunk 64 -> 0 by an overlapping window of the same call
[M28 BANDSHRINK] syscall 33 band past ipa 0x6a4b3 len 65536 shrunk 64 -> 0 by an overlapping window of the same call
[trap] num=33 (0x21) pc=0x1804ae668 args=[0x6a420,0x1,0x0,0x6a4b0,0x6a580,0x20,0x73,0xfffff0003ffff800]
[M28 BANDSHRINK] syscall 33 band past ipa 0x6a420 len 65536 shrunk 64 -> 0 by an overlapping window of the same call
[M28 BANDSHRINK] syscall 33 band past ipa 0x6a4b0 len 65536 shrunk 64 -> 0 by an overlapping window of the same call
[trap] num=340 (0x154) pc=0x1804b9860 args=[0x6a280,0x27ff138,0x103,0x103,0xfffffff8ff060480,0x20,0xffffffffbfc007ff,0xfffff0003ffff800]
[trap] num=25 (0x19) pc=0x1804af050 args=[0x0,0x27ff138,0x103,0x103,0xfffffff8ff060480,0x20,0xffffffffbfc007ff,0xfffff0003ffff800]
[trap] num=340 (0x154) pc=0x1804b9860 args=[0x701009e00,0x27ff138,0x103,0x103,0xfffffff8ff060480,0x20,0xffffffffbfc007ff,0xfffff0003ffff800]
[trap] num=25 (0x19) pc=0x1804af050 args=[0x0,0x27ff138,0x103,0x103,0xfffffff8ff060480,0x20,0xffffffffbfc007ff,0xfffff0003ffff800]
[trap] num=340 (0x154) pc=0x1804b9860 args=[0x6a1e0,0x27ff120,0x0,0x6a1ee,0x1002adcb8,0x27ff1c0,0x72,0xfffff0003ffff800]
[M28 BANDSHRINK] syscall 340 band past ipa 0x6a1e0 len 65536 shrunk 64 -> 0 by an overlapping window of the same call
[trap] num=194 (0xc2) pc=0x1804b00c8 args=[0x1008,0x27ff038,0x1804edb6c,0x0,0x0,0x27ff1c0,0x67,0xfffff0003ffff800]
[trap] num=398 (0x18e) pc=0x1804ae948 args=[0x6a230,0x0,0x0,0x0,0x0,0x27ff1c0,0x67,0xfffff0003ffff800]
[trap] num=339 (0x153) pc=0x1804bc288 args=[0x4,0x27ff100,0x120a8,0x0,0x0,0x27ff1c0,0x67,0xfffff0003ffff800]
[trap] num=339 (0x153) pc=0x1804bc288 args=[0x4,0x27feea0,0x27fef64,0x6a203,0x0,0x27ff2e0,0x67,0x0]
[trap] num=396 (0x18c) pc=0x1804afcac args=[0x4,0x701023000,0x1000,0xa006271c0,0x701023000,0x0,0xffffffffbfc007ff,0xfffff0003ffff800]
[trap] num=396 (0x18c) pc=0x1804afcac args=[0x4,0x701023000,0x1000,0xfffffffffffffff5,0x70,0x77,0xffffffffbfc007ff,0x3f0]
[trap] num=399 (0x18f) pc=0x1804af584 args=[0x4,0x0,0x1804edb6c,0xa0,0x6aec0,0x77,0xffffffffbfc007ff,0x3f0]
[trap] num=398 (0x18e) pc=0x1804ae948 args=[0x1803fd5e6,0x1000000,0x0,0x5,0x0,0x77,0x0,0x3f0]
[trap] num=339 (0x153) pc=0x1804bc288 args=[0x4,0x27feea0,0x0,0x5,0x0,0x77,0x0,0x3f0]
[trap] num=406 (0x196) pc=0x1804b2174 args=[0x4,0x32,0x27fea10,0x27fedd0,0x27fea80,0x77,0x0,0x3f0]
[trap] num=399 (0x18f) pc=0x1804af584 args=[0x4,0x32,0x27fea10,0x27fedd0,0x27fea80,0x77,0x0,0x3f0]
[trap] num=338 (0x152) pc=0x1804b988c args=[0x27fea10,0x27fee10,0x27fea10,0x27fedd0,0x27fea80,0x77,0x0,0x3f0]
[trap] num=398 (0x18e) pc=0x1804ae948 args=[0x1803fd5e6,0x1000000,0x0,0xa,0x6a400,0x20,0x0,0x3f0]
[trap] num=339 (0x153) pc=0x1804bc288 args=[0x4,0x27feea0,0x0,0xa,0x6a400,0x20,0x0,0x3f0]
[trap] num=406 (0x196) pc=0x1804b2174 args=[0x4,0x32,0x27fea10,0x27fedd0,0x27fea80,0x20,0x0,0x3f0]
[trap] num=399 (0x18f) pc=0x1804af584 args=[0x4,0x32,0x27fea10,0x27fedd0,0x27fea80,0x20,0x0,0x3f0]
[trap] num=338 (0x152) pc=0x1804b988c args=[0x27fea10,0x27fee10,0x27fea10,0x27fedd0,0x27fea80,0x20,0x0,0x3f0]
[trap] num=338 (0x152) pc=0x1804b988c args=[0x100283d67,0x27ff120,0x27ff260,0x103,0x0,0x0,0x2e,0x290]
[trap] num=340 (0x154) pc=0x1804b9860 args=[0x6a380,0x27ff0e0,0x0,0x6a38e,0x1002adcb8,0x27ff180,0x72,0x290]
[M28 BANDSHRINK] syscall 340 band past ipa 0x6a380 len 65536 shrunk 64 -> 0 by an overlapping window of the same call
[trap] num=340 (0x154) pc=0x1804b9860 args=[0x6a3f0,0x27ff140,0x0,0x6a3f6,0x5,0x20,0x73,0x290]
[M28 BANDSHRINK] syscall 340 band past ipa 0x6a3f0 len 65536 shrunk 64 -> 0 by an overlapping window of the same call
[trap] num=340 (0x154) pc=0x1804b9860 args=[0x6a3f0,0x27ff140,0x0,0x6a402,0x0,0x20,0x6d,0x290]
[M28 BANDSHRINK] syscall 340 band past ipa 0x6a3f0 len 65536 shrunk 64 -> 0 by an overlapping window of the same call
[trap] num=340 (0x154) pc=0x1804b9860 args=[0x6a380,0x27ff140,0x0,0x6a39c,0x0,0x20,0x73,0x290]
[M28 BANDSHRINK] syscall 340 band past ipa 0x6a380 len 65536 shrunk 64 -> 0 by an overlapping window of the same call
[trap] num=340 (0x154) pc=0x1804b9860 args=[0x6a380,0x27ff140,0x0,0x6a3a3,0x0,0x20,0x62,0x290]
[M28 BANDSHRINK] syscall 340 band past ipa 0x6a380 len 65536 shrunk 64 -> 0 by an overlapping window of the same call
[trap] num=340 (0x154) pc=0x1804b9860 args=[0x6a380,0x27ff140,0x0,0x6a3ab,0x0,0x20,0x65,0x290]
[M28 BANDSHRINK] syscall 340 band past ipa 0x6a380 len 65536 shrunk 64 -> 0 by an overlapping window of the same call
[trap] num=340 (0x154) pc=0x1804b9860 args=[0x6a380,0x27ff140,0x0,0x6a3b3,0x0,0x20,0x65,0x290]
[M28 BANDSHRINK] syscall 340 band past ipa 0x6a380 len 65536 shrunk 64 -> 0 by an overlapping window of the same call
[trap] num=340 (0x154) pc=0x1804b9860 args=[0x6a650,0x27ff140,0x0,0x6a68d,0x6a400,0x10,0x73,0x290]
[M28 BANDSHRINK] syscall 340 band past ipa 0x6a650 len 65536 shrunk 64 -> 0 by an overlapping window of the same call
[M28 BANDSHRINK] syscall 340 band past ipa 0x6a400 len 65536 shrunk 64 -> 0 by an overlapping window of the same call
[trap] num=340 (0x154) pc=0x1804b9860 args=[0x6a650,0x27ff140,0x0,0x6a69a,0x0,0x10,0x65,0x290]
[M28 BANDSHRINK] syscall 340 band past ipa 0x6a650 len 65536 shrunk 64 -> 0 by an overlapping window of the same call
[trap] num=33 (0x21) pc=0x1804ae668 args=[0x69c90,0x4,0x0,0x103,0x1002ade74,0x27ff2a0,0x656572746b726f77,0x290]
[trap] num=194 (0xc2) pc=0x1804b00c8 args=[0x1008,0x27ff0c8,0x1804edb6c,0x7,0x0,0x27ff2a0,0x656572746b726f77,0x290]
[trap] num=398 (0x18e) pc=0x1804ae948 args=[0x69c90,0x0,0x0,0x7,0x0,0x27ff2a0,0x656572746b726f77,0x290]
[trap] num=339 (0x153) pc=0x1804bc288 args=[0x4,0x27ff190,0x120a8,0x7,0x0,0x27ff2a0,0x656572746b726f77,0x290]
[trap] num=339 (0x153) pc=0x1804bc288 args=[0x4,0x27fef30,0x27feff4,0xff,0x6a95f,0x69cc7,0x7,0x0]
[M28 BANDSHRINK] syscall 339 band past ipa 0x69cc7 len 65536 shrunk 64 -> 0 by an overlapping window of the same call
[trap] num=396 (0x18c) pc=0x1804afcac args=[0x4,0x701023000,0x1000,0xa006271c0,0x701023000,0x0,0xffffffffbfc007ff,0xfffff0003ffff800]
[trap] num=396 (0x18c) pc=0x1804afcac args=[0x4,0x701023000,0x1000,0xfffffffffffffff2,0x69,0x63,0xffffffffbfc007ff,0x370]
[trap] num=399 (0x18f) pc=0x1804af584 args=[0x4,0x0,0x1804edb6c,0xa0,0x6aec0,0x63,0xffffffffbfc007ff,0x370]
[trap] num=33 (0x21) pc=0x1804ae668 args=[0x69ec0,0x4,0x0,0x103,0x6aec0,0x63,0xffffffffbfc007ff,0x370]
[M28 BANDSHRINK] syscall 33 band past ipa 0x69ec0 len 65536 shrunk 64 -> 0 by an overlapping window of the same call
[trap] num=33 (0x21) pc=0x1804ae668 args=[0x69d10,0x4,0x0,0x103,0x6aec0,0x63,0xffffffffbfc007ff,0x370]
[M28 BANDSHRINK] syscall 33 band past ipa 0x69d10 len 65536 shrunk 64 -> 0 by an overlapping window of the same call
[trap] num=194 (0xc2) pc=0x1804b00c8 args=[0x1008,0x27ff0c8,0x1804edb6c,0x3,0x0,0x63,0xffffffffbfc007ff,0x370]
[trap] num=398 (0x18e) pc=0x1804ae948 args=[0x69d10,0x0,0x0,0x3,0x0,0x63,0xffffffffbfc007ff,0x370]
[trap] num=339 (0x153) pc=0x1804bc288 args=[0x4,0x27ff190,0x120a8,0x3,0x0,0x63,0xffffffffbfc007ff,0x370]
[trap] num=339 (0x153) pc=0x1804bc288 args=[0x4,0x27fef30,0x27feff4,0x0,0x67,0x67,0xffffffffbfc007ff,0xfffff0003ffff800]
[trap] num=396 (0x18c) pc=0x1804afcac args=[0x4,0x701023000,0x1000,0xa006271c0,0x701023000,0x0,0xffffffffbfc007ff,0xfffff0003ffff800]
[trap] num=396 (0x18c) pc=0x1804afcac args=[0x4,0x701023000,0x1000,0xfffffffffffffff0,0x63,0x69,0xffffffffbfc007ff,0x370]
[trap] num=399 (0x18f) pc=0x1804af584 args=[0x4,0x0,0x1804edb6c,0xa,0x63,0x69,0xffffffffbfc007ff,0x370]
[trap] num=33 (0x21) pc=0x1804ae668 args=[0x69c90,0x4,0x0,0x103,0x1002ade74,0x27ff0a0,0x656572746b726f77,0x370]
[trap] num=194 (0xc2) pc=0x1804b00c8 args=[0x1008,0x27feec8,0x1804edb6c,0x7,0x0,0x27ff0a0,0x656572746b726f77,0x370]
[trap] num=398 (0x18e) pc=0x1804ae948 args=[0x69c90,0x0,0x0,0x7,0x0,0x27ff0a0,0x656572746b726f77,0x370]
[trap] num=339 (0x153) pc=0x1804bc288 args=[0x4,0x27fef90,0x120a8,0x7,0x0,0x27ff0a0,0x656572746b726f77,0x370]
[trap] num=339 (0x153) pc=0x1804bc288 args=[0x4,0x27fed30,0x27fedf4,0xff,0x6a95f,0x69cc7,0xffffffffbfc007ff,0xfffff0003ffff800]
[M28 BANDSHRINK] syscall 339 band past ipa 0x69cc7 len 65536 shrunk 64 -> 0 by an overlapping window of the same call
[trap] num=396 (0x18c) pc=0x1804afcac args=[0x4,0x701023000,0x1000,0xa006271c0,0x701023000,0x0,0xffffffffbfc007ff,0xfffff0003ffff800]
[trap] num=396 (0x18c) pc=0x1804afcac args=[0x4,0x701023000,0x1000,0xfffffffffffffff2,0x69,0x63,0x0,0x370]
[trap] num=399 (0x18f) pc=0x1804af584 args=[0x4,0x0,0x1804edb6c,0xfffff0007fc00000,0x69,0x63,0x0,0x370]
[trap] num=33 (0x21) pc=0x1804ae668 args=[0x69ec0,0x4,0x0,0x103,0x69,0x63,0x0,0x370]
[trap] num=33 (0x21) pc=0x1804ae668 args=[0x6a220,0x4,0x0,0x103,0x69,0x63,0x0,0x370]
[trap] num=194 (0xc2) pc=0x1804b00c8 args=[0x1008,0x27feec8,0x1804edb6c,0x3,0x0,0x63,0x0,0x370]
[trap] num=398 (0x18e) pc=0x1804ae948 args=[0x6a220,0x0,0x0,0x3,0x0,0x63,0x0,0x370]
[trap] num=339 (0x153) pc=0x1804bc288 args=[0x4,0x27fef90,0x120a8,0x3,0x0,0x63,0x0,0x370]
[trap] num=339 (0x153) pc=0x1804bc288 args=[0x4,0x27fed30,0x27fedf4,0x0,0x67,0x67,0xffffffffbfc007ff,0xfffff0003ffff800]
[trap] num=396 (0x18c) pc=0x1804afcac args=[0x4,0x701023000,0x1000,0xa006271c0,0x701023000,0x0,0xffffffffbfc007ff,0xfffff0003ffff800]
[trap] num=396 (0x18c) pc=0x1804afcac args=[0x4,0x701023000,0x1000,0xfffffffffffffff0,0x63,0x69,0x0,0x370]
[trap] num=399 (0x18f) pc=0x1804af584 args=[0x4,0x0,0x1804edb6c,0xfffff0007fc00000,0x63,0x69,0x0,0x370]
[trap] num=58 (0x3a) pc=0x1804b015c args=[0x6a060,0x6a2e0,0x20,0xc,0x0,0x0,0x78,0xfffff0003ffff800]
[M28 BANDSHRINK] syscall 58 band past ipa 0x6a060 len 65536 shrunk 64 -> 0 by an overlapping window of the same call
[trap] num=398 (0x18e) pc=0x1804ae948 args=[0x1803fd5e6,0x1000000,0x0,0x7,0x0,0x0,0x6b,0xfffff0003ffff800]
[trap] num=339 (0x153) pc=0x1804bc288 args=[0x4,0x27fed30,0x0,0x7,0x0,0x0,0x6b,0xfffff0003ffff800]
[trap] num=406 (0x196) pc=0x1804b2174 args=[0x4,0x32,0x27fe8a0,0x27fec60,0x27fe900,0x0,0x6b,0xfffff0003ffff800]
[trap] num=399 (0x18f) pc=0x1804af584 args=[0x4,0x32,0x27fe8a0,0x27fec60,0x27fe900,0x0,0x6b,0xfffff0003ffff800]
[trap] num=338 (0x152) pc=0x1804b988c args=[0x27fe8a0,0x27feca0,0x27fe8a0,0x27fec60,0x27fe900,0x0,0x6b,0xfffff0003ffff800]
[trap] num=398 (0x18e) pc=0x1804ae948 args=[0x1803fd5e6,0x1000000,0x0,0x11,0x6a680,0x10,0x6b,0xfffff0003ffff800]
[trap] num=339 (0x153) pc=0x1804bc288 args=[0x4,0x27fed30,0x0,0x11,0x6a680,0x10,0x6b,0xfffff0003ffff800]
[trap] num=406 (0x196) pc=0x1804b2174 args=[0x4,0x32,0x27fe8a0,0x27fec60,0x27fe900,0x10,0x6b,0xfffff0003ffff800]
[trap] num=399 (0x18f) pc=0x1804af584 args=[0x4,0x32,0x27fe8a0,0x27fec60,0x27fe900,0x10,0x6b,0xfffff0003ffff800]
[trap] num=338 (0x152) pc=0x1804b988c args=[0x27fe8a0,0x27feca0,0x27fe8a0,0x27fec60,0x27fe900,0x10,0x6b,0xfffff0003ffff800]
[trap] num=5 (0x5) pc=0x1804ae694 args=[0x6ba30,0x1000a02,0x1b6,0x6bac6,0x6b940,0x10,0x6b,0xfffff0003ffff800]
[M28 BANDSHRINK] syscall 5 band past ipa 0x6ba30 len 65536 shrunk 64 -> 0 by an overlapping window of the same call
[M28 BANDSHRINK] syscall 5 band past ipa 0x6b940 len 65536 shrunk 64 -> 0 by an overlapping window of the same call
[trap] num=46 (0x2e) pc=0x1804b4478 args=[0x2,0x27ff018,0x27ff040,0x8,0x0,0x10,0x6b,0xfffff0003ffff800]
[trap] num=46 (0x2e) pc=0x1804b4478 args=[0x1,0x27ff018,0x27ff040,0x5,0x0,0x10,0x6b,0xfffff0003ffff800]
[trap] num=46 (0x2e) pc=0x1804b4478 args=[0xf,0x27ff018,0x27ff040,0x0,0x0,0x10,0x6b,0xfffff0003ffff800]
[trap] num=46 (0x2e) pc=0x1804b4478 args=[0x3,0x27ff018,0x27ff040,0x0,0x0,0x10,0x6b,0xfffff0003ffff800]
[trap] num=46 (0x2e) pc=0x1804b4478 args=[0xd,0x27ff038,0x27ff060,0x0,0x0,0x10,0x6b,0xfffff0003ffff800]
[trap] num=5 (0x5) pc=0x1804ae694 args=[0x6a5b0,0x0,0x0,0x1002cf1e9,0x100320cc8,0x10027b987,0x27ff090,0xfffff0003ffff800]
[trap] num=339 (0x153) pc=0x1804bc288 args=[0x5,0x27fe5e0,0x0,0x1002cf1e9,0x100320cc8,0x10027b987,0x27ff090,0xfffff0003ffff800]
[trap] num=197 (0xc5) pc=0x1804aea18 args=[0x0,0x89,0x1,0x40002,0x5,0x0,0x27ff090,0xfffff0003ffff800]
[trap] num=6 (0x6) pc=0x1804ae8f0 args=[0x5,0x89,0x1,0x40002,0x5,0x0,0x27ff090,0xfffff0003ffff800]
[trap] num=73 (0x49) pc=0x1804b1728 args=[0xa00858000,0x89,0x1002f5210,0x1002b4c3d,0x100320cc8,0x0,0x27fe4e0,0xfffff0003ffff800]
[trap] num=340 (0x154) pc=0x1804b9860 args=[0x6bed4,0x27ff070,0xa70,0x1,0x0,0x0,0x27ff1b0,0x120]
[trap] num=340 (0x154) pc=0x1804b9860 args=[0x6a220,0x27fed90,0x0,0x6a22e,0x1002adcb8,0x27fee30,0x72,0x120]
[M28 BANDSHRINK] syscall 340 band past ipa 0x6a220 len 65536 shrunk 64 -> 0 by an overlapping window of the same call
[trap] num=340 (0x154) pc=0x1804b9860 args=[0x6c0b0,0x27fed10,0x0,0x6c0b9,0x10027b3f7,0x27fec70,0x44,0x8c0]
[M28 BANDSHRINK] syscall 340 band past ipa 0x6c0b0 len 65536 shrunk 64 -> 0 by an overlapping window of the same call
[trap] num=5 (0x5) pc=0x1804ae694 args=[0x6c0b0,0x0,0x0,0x6c0b9,0x10027b3f7,0x27fec70,0x44,0x8c0]
[M28 BANDSHRINK] syscall 5 band past ipa 0x6c0b0 len 65536 shrunk 64 -> 0 by an overlapping window of the same call
[trap] num=3 (0x3) pc=0x1804ae91c args=[0x5,0x6c100,0x100,0x0,0x0,0x27fec70,0x44,0x8c0]
[trap] num=3 (0x3) pc=0x1804ae91c args=[0x5,0x6c115,0xeb,0x0,0x0,0x27fec70,0x44,0x8c0]
[trap] num=6 (0x6) pc=0x1804ae8f0 args=[0x5,0x6c115,0xeb,0x0,0x0,0x27fec70,0x44,0x8c0]
[trap] num=340 (0x154) pc=0x1804b9860 args=[0x6c0b0,0x27fed10,0x0,0x6c0c4,0x10027b3f7,0x27fec70,0x6e,0x8c0]
[M28 BANDSHRINK] syscall 340 band past ipa 0x6c0b0 len 65536 shrunk 64 -> 0 by an overlapping window of the same call
[trap] num=5 (0x5) pc=0x1804ae694 args=[0x6c0b0,0x0,0x0,0x6c0c4,0x10027b3f7,0x27fec70,0x6e,0x8c0]
[M28 BANDSHRINK] syscall 5 band past ipa 0x6c0b0 len 65536 shrunk 64 -> 0 by an overlapping window of the same call
[trap] num=3 (0x3) pc=0x1804ae91c args=[0x5,0x6c100,0x100,0x0,0x0,0x27fec70,0x6e,0x8c0]
[trap] num=3 (0x3) pc=0x1804ae91c args=[0x5,0x6c129,0xd7,0x0,0x0,0x27fec70,0x6e,0x8c0]
[trap] num=6 (0x6) pc=0x1804ae8f0 args=[0x5,0x6c129,0xd7,0x0,0x0,0x27fec70,0x6e,0x8c0]
[trap] num=340 (0x154) pc=0x1804b9860 args=[0x6c0b0,0x27fed10,0x0,0x6c0be,0x10027b3f7,0x27fec70,0x44,0x8c0]
[M28 BANDSHRINK] syscall 340 band past ipa 0x6c0b0 len 65536 shrunk 64 -> 0 by an overlapping window of the same call
[trap] num=5 (0x5) pc=0x1804ae694 args=[0x6a260,0x0,0x0,0x1,0x0,0x27fed0c,0x1001af3d4,0x8c0]
[trap] num=340 (0x154) pc=0x1804b9860 args=[0x6c0b0,0x27fed10,0x0,0x6c0c3,0x10027b3f7,0x27fec70,0x44,0x8c0]
[M28 BANDSHRINK] syscall 340 band past ipa 0x6c0b0 len 65536 shrunk 64 -> 0 by an overlapping window of the same call
[trap] num=338 (0x152) pc=0x1804b988c args=[0x6a260,0x27fead0,0x1002d265f,0x100306f98,0x27fee80,0x27fed0c,0x1001af3d4,0x8c0]
[trap] num=340 (0x154) pc=0x1804b9860 args=[0x6c0b0,0x27fed10,0x0,0x6c0c4,0x10027b3f7,0x27fec70,0x44,0x8c0]
[M28 BANDSHRINK] syscall 340 band past ipa 0x6c0b0 len 65536 shrunk 64 -> 0 by an overlapping window of the same call
[trap] num=338 (0x152) pc=0x1804b988c args=[0x6a260,0x27fead0,0x1002d265f,0x100306f98,0x27fee80,0x27fed0c,0x1001af3d4,0x8c0]
[trap] num=340 (0x154) pc=0x1804b9860 args=[0x700c14000,0x27fed10,0x0,0x700c14016,0x10027b3f7,0x27fec70,0x44,0x0]
[M28 BANDSHRINK] syscall 340 band past ipa 0x700c14000 len 65536 shrunk 64 -> 0 by an overlapping window of the same call
[trap] num=338 (0x152) pc=0x1804b988c args=[0x6a260,0x27fead0,0x1002d265f,0x100306f98,0x27fee80,0x27fed0c,0x1001af3d4,0x8c0]
[trap] num=340 (0x154) pc=0x1804b9860 args=[0x700c14000,0x27fed10,0x0,0x700c1401b,0x10027b3f7,0x27fec70,0x44,0xfffff0007ffff800]
[M28 BANDSHRINK] syscall 340 band past ipa 0x700c14000 len 65536 shrunk 64 -> 0 by an overlapping window of the same call
[trap] num=338 (0x152) pc=0x1804b988c args=[0x6a260,0x27fead0,0x1002d265f,0x100306f98,0x27fee80,0x27fed0c,0x1001af3d4,0x8c0]
[trap] num=340 (0x154) pc=0x1804b9860 args=[0x6bed4,0x27ff270,0xffffffffffffffff,0x0,0x74,0x74,0x1001af3d4,0x8c0]
[trap] num=398 (0x18e) pc=0x1804ae948 args=[0x700c14000,0x1100000,0x0,0x0,0x0,0x0,0xffffffffbfc007ff,0xfffff0003ffff800]
[trap] num=346 (0x15a) pc=0x1804b9980 args=[0x5,0x27fe2f0,0x0,0x0,0x0,0x0,0xffffffffbfc007ff,0xfffff0003ffff800]
[trap] num=327 (0x147) pc=0x1804ad92c args=[0x1ec7f8110,0x0,0xfffffffffffffff8,0x1ec7f83f8,0x1ec7f8180,0x0,0xffffffffbfc007ff,0xfffff0003ffff800]
[trap] num=-14 (0xfffffffffffffff2) pc=0x1801155b8 args=[0x203,0x1ec444000,0x24000,0x0,0x3,0x27fd7ff,0x0,0x100]
[trap] num=338 (0x152) pc=0x180116c48 args=[0x1ec7f8468,0x27fc630,0x27fc730,0x27fc718,0x1ec7f8472,0x1801ac864,0x27fce78,0x700]
[trap] num=-10 (0xfffffffffffffff6) pc=0x180115588 args=[0x203,0x27fc5f0,0x4000,0x3c000001,0x1ec7f8472,0x1801ac864,0x27fce78,0x700]
[trap] num=338 (0x152) pc=0x180116c48 args=[0x27fcc50,0x27fc5e0,0x27fc6e0,0x27fc6c8,0x27fcc7e,0x1801ac864,0x0,0x210]
[trap] num=-12 (0xfffffffffffffff4) pc=0x1801155a0 args=[0x203,0xa0085c000,0x4000,0x1a0500,0x0,0x0,0x0,0xbc0]
[trap] num=-15 (0xfffffffffffffff1) pc=0x1801155c4 args=[0x203,0x27fc280,0x20000,0x3fff,0x3c000001,0x3,0x0,0x0]
[trap] num=-12 (0xfffffffffffffff4) pc=0x1801155a0 args=[0x203,0x1003c0000,0x20000,0x103,0x0,0x0,0x0,0x0]
[trap] num=-14 (0xfffffffffffffff2) pc=0x1801155b8 args=[0x203,0x1ec444000,0x24000,0x0,0x1,0x0,0x0,0x0]
[trap] num=5 (0x5) pc=0x1804ae694 args=[0x27fccd8,0x1000000,0x0,0x27fccfa,0x190380f65,0x27fccc0,0x62,0xfffff0003ffff800]
[trap] num=339 (0x153) pc=0x1804bc288 args=[0x6,0x27fcc00,0x0,0x27fccfa,0x190380f65,0x27fccc0,0x62,0xfffff0003ffff800]
[trap] num=197 (0xc5) pc=0x1804aea18 args=[0x0,0x7810,0x1,0x40002,0x6,0x0,0x62,0xfffff0003ffff800]
[trap] num=6 (0x6) pc=0x1804ae8f0 args=[0x6,0x7810,0x1,0x40002,0x6,0x0,0x62,0xfffff0003ffff800]
[trap] num=73 (0x49) pc=0x1804b1728 args=[0xa00860000,0x7810,0x60,0xfffff0007fc00000,0x0,0x0,0x0,0xfffff0003ffff800]
[trap] num=5 (0x5) pc=0x1804ae694 args=[0x27fccd8,0x1000000,0x0,0x27fccf8,0x190380f65,0x27fccc0,0x62,0xfffff0003ffff800]
[trap] num=339 (0x153) pc=0x1804bc288 args=[0x6,0x27fcc00,0x0,0x27fccf8,0x190380f65,0x27fccc0,0x62,0xfffff0003ffff800]
[trap] num=197 (0xc5) pc=0x1804aea18 args=[0x0,0x3590,0x1,0x40002,0x6,0x0,0x62,0xfffff0003ffff800]
[trap] num=6 (0x6) pc=0x1804ae8f0 args=[0x6,0x3590,0x1,0x40002,0x6,0x0,0x62,0xfffff0003ffff800]
[trap] num=73 (0x49) pc=0x1804b1728 args=[0xa00868000,0x3590,0x60,0xfffff0007fc00000,0x0,0x27fd120,0x62,0xfffff0003ffff800]
[trap] num=5 (0x5) pc=0x1804ae694 args=[0x27fd1c4,0x1000000,0x0,0x27fd1eb,0x190380d90,0x27fd180,0x62,0xfffff0003ffff800]
[trap] num=339 (0x153) pc=0x1804bc288 args=[0x6,0x27fd0c0,0x0,0x27fd1eb,0x190380d90,0x27fd180,0x62,0xfffff0003ffff800]
[trap] num=197 (0xc5) pc=0x1804aea18 args=[0x0,0x170,0x1,0x40002,0x6,0x0,0x62,0xfffff0003ffff800]
[trap] num=6 (0x6) pc=0x1804ae8f0 args=[0x6,0x170,0x1,0x40002,0x6,0x0,0x62,0xfffff0003ffff800]
[trap] num=73 (0x49) pc=0x1804b1728 args=[0xa0086c000,0x170,0x60,0xfffff0007fc00000,0x0,0x305f656d616e7363,0x0,0xfffff0003ffff800]
[trap] num=5 (0x5) pc=0x1804ae694 args=[0x27fccd8,0x1000000,0x0,0x27fccfa,0x190380f65,0x27fccc0,0x62,0x0]
[trap] num=339 (0x153) pc=0x1804bc288 args=[0x6,0x27fcc00,0x0,0x27fccfa,0x190380f65,0x27fccc0,0x62,0x0]
[trap] num=197 (0xc5) pc=0x1804aea18 args=[0x0,0x7810,0x1,0x40002,0x6,0x0,0x62,0x0]
[trap] num=6 (0x6) pc=0x1804ae8f0 args=[0x6,0x7810,0x1,0x40002,0x6,0x0,0x62,0x0]
[trap] num=73 (0x49) pc=0x1804b1728 args=[0xa00870000,0x7810,0x60,0xfffff0007fc00000,0x0,0x0,0x0,0xfffff0003ffff800]
[trap] num=5 (0x5) pc=0x1804ae694 args=[0x27fccd8,0x1000000,0x0,0x27fccf8,0x190380f65,0x27fccc0,0x62,0xfffff0007ffff800]
[trap] num=339 (0x153) pc=0x1804bc288 args=[0x6,0x27fcc00,0x0,0x27fccf8,0x190380f65,0x27fccc0,0x62,0xfffff0007ffff800]
[trap] num=197 (0xc5) pc=0x1804aea18 args=[0x0,0x3590,0x1,0x40002,0x6,0x0,0x62,0xfffff0007ffff800]
[trap] num=6 (0x6) pc=0x1804ae8f0 args=[0x6,0x3590,0x1,0x40002,0x6,0x0,0x62,0xfffff0007ffff800]
[trap] num=73 (0x49) pc=0x1804b1728 args=[0xa00878000,0x3590,0x60,0xfffff0007fc00000,0x0,0x27fd120,0x62,0xfffff0003ffff800]
[trap] num=5 (0x5) pc=0x1804ae694 args=[0x27fd1c4,0x1000000,0x0,0x27fd1e7,0x190380d90,0x27fd180,0x62,0xfffff0003ffff800]
[trap] num=339 (0x153) pc=0x1804bc288 args=[0x6,0x27fd0c0,0x0,0x27fd1e7,0x190380d90,0x27fd180,0x62,0xfffff0003ffff800]
[trap] num=197 (0xc5) pc=0x1804aea18 args=[0x0,0x170,0x1,0x40002,0x6,0x0,0x62,0xfffff0003ffff800]
[trap] num=6 (0x6) pc=0x1804ae8f0 args=[0x6,0x170,0x1,0x40002,0x6,0x0,0x62,0xfffff0003ffff800]
[trap] num=73 (0x49) pc=0x1804b1728 args=[0xa0087c000,0x170,0x60,0xfffff0007fc00000,0x0,0x305f656d616e7363,0x0,0xfffff0003ffff800]
[trap] num=-14 (0xfffffffffffffff2) pc=0x1801155b8 args=[0x203,0x1ec444000,0x24000,0x0,0x3,0x27fd70f,0x0,0xfffff0003ffff800]
[trap] num=338 (0x152) pc=0x180116c48 args=[0x1ec7f8468,0x27fc540,0x27fc640,0x27fc628,0x1ec7f8472,0x1801ac864,0x27fcd88,0x700]
[trap] num=-10 (0xfffffffffffffff6) pc=0x180115588 args=[0x203,0x27fc500,0x4000,0x3c000001,0x1ec7f8472,0x1801ac864,0x27fcd88,0x700]
[trap] num=338 (0x152) pc=0x180116c48 args=[0x27fcb60,0x27fc4f0,0x27fc5f0,0x27fc5d8,0x27fcb8e,0x1801ac864,0x0,0x210]
[trap] num=-12 (0xfffffffffffffff4) pc=0x1801155a0 args=[0x203,0xa00880000,0x4000,0x1a0500,0x0,0x0,0x0,0xbc0]
[trap] num=-15 (0xfffffffffffffff1) pc=0x1801155c4 args=[0x203,0x27fc190,0x20000,0x3fff,0x3c000001,0x3,0x0,0x0]
[trap] num=-12 (0xfffffffffffffff4) pc=0x1801155a0 args=[0x203,0x1003c0000,0x20000,0x103,0x0,0x0,0x0,0x0]
[trap] num=-14 (0xfffffffffffffff2) pc=0x1801155b8 args=[0x203,0x1ec444000,0x24000,0x0,0x1,0x0,0x0,0x0]
[trap] num=-14 (0xfffffffffffffff2) pc=0x1801155b8 args=[0x203,0x1ec444000,0x24000,0x0,0x3,0x27fd70f,0x0,0xfffff0003ffff800]
[trap] num=338 (0x152) pc=0x180116c48 args=[0x1ec7f8468,0x27fc540,0x27fc640,0x27fc628,0x1ec7f8472,0x1801ac864,0x27fcd88,0x700]
[trap] num=-10 (0xfffffffffffffff6) pc=0x180115588 args=[0x203,0x27fc500,0x4000,0x3c000001,0x1ec7f8472,0x1801ac864,0x27fcd88,0x700]
[trap] num=338 (0x152) pc=0x180116c48 args=[0x27fcb60,0x27fc4f0,0x27fc5f0,0x27fc5d8,0x27fcb8e,0x1801ac864,0x0,0x210]
[trap] num=-12 (0xfffffffffffffff4) pc=0x1801155a0 args=[0x203,0xa00884000,0x4000,0x1a0500,0x0,0x0,0x0,0xbc0]
[trap] num=-15 (0xfffffffffffffff1) pc=0x1801155c4 args=[0x203,0x27fc190,0x20000,0x3fff,0x3c000001,0x3,0x0,0x0]
[trap] num=-12 (0xfffffffffffffff4) pc=0x1801155a0 args=[0x203,0x1003c0000,0x20000,0x103,0x0,0x0,0x0,0x0]
[trap] num=-14 (0xfffffffffffffff2) pc=0x1801155b8 args=[0x203,0x1ec444000,0x24000,0x0,0x1,0x0,0x0,0x0]
[trap] num=338 (0x152) pc=0x1804b988c args=[0x27fb8e8,0x27fb850,0x0,0x27fb90b,0x190380d90,0x27fb840,0x72,0xfffff0003ffff800]
[trap] num=5 (0x5) pc=0x1804ae694 args=[0x27fb888,0x1000000,0x0,0x27fb8b1,0x190380f65,0x27fb870,0x62,0xfffff0003ffff800]
[trap] num=5 (0x5) pc=0x1804ae694 args=[0x190380d69,0x1000000,0x0,0x27fb8b1,0x190380f65,0x27fb870,0x62,0xfffff0003ffff800]
[trap] num=5 (0x5) pc=0x1804ae694 args=[0x27fb888,0x1000000,0x0,0x27fb8b1,0x190380f65,0x27fb870,0x62,0xfffff0007ffff800]
[trap] num=5 (0x5) pc=0x1804ae694 args=[0x190380d69,0x1000000,0x0,0x27fb8b1,0x190380f65,0x27fb870,0x62,0xfffff0007ffff800]
[trap] num=-14 (0xfffffffffffffff2) pc=0x1801155b8 args=[0x203,0x1ec444000,0x24000,0x0,0x3,0x27fb5bf,0x0,0xfffff0003ffff800]
[trap] num=338 (0x152) pc=0x180116c48 args=[0x1ec7f8468,0x27fa3f0,0x27fa4f0,0x27fa4d8,0x1ec7f8472,0x1801ac864,0x27fac38,0x700]
[trap] num=-10 (0xfffffffffffffff6) pc=0x180115588 args=[0x203,0x27fa3b0,0x4000,0x3c000001,0x1ec7f8472,0x1801ac864,0x27fac38,0x700]
[trap] num=338 (0x152) pc=0x180116c48 args=[0x27faa10,0x27fa3a0,0x27fa4a0,0x27fa488,0x27faa3e,0x1801ac864,0x0,0x210]
[trap] num=-12 (0xfffffffffffffff4) pc=0x1801155a0 args=[0x203,0xa00888000,0x4000,0x1a0500,0x0,0x0,0x0,0xbc0]
[trap] num=-15 (0xfffffffffffffff1) pc=0x1801155c4 args=[0x203,0x27fa040,0x20000,0x3fff,0x3c000001,0x3,0x0,0x0]
[trap] num=-12 (0xfffffffffffffff4) pc=0x1801155a0 args=[0x203,0x1003c0000,0x20000,0x103,0x0,0x0,0x0,0x0]
[trap] num=-14 (0xfffffffffffffff2) pc=0x1801155b8 args=[0x203,0x1ec444000,0x24000,0x0,0x1,0x0,0x0,0x0]
[trap] num=344 (0x158) pc=0x1804af9c4 args=[0x5,0x6d680,0x2000,0x6c628,0x6c680,0x100,0x2f,0x200]
[M28 BANDSHRINK] syscall 344 band past ipa 0x6c628 len 65536 shrunk 64 -> 0 by an overlapping window of the same call
[M28 BANDSHRINK] syscall 344 band past ipa 0x6c680 len 65536 shrunk 64 -> 0 by an overlapping window of the same call
[trap] num=399 (0x18f) pc=0x1804af584 args=[0x5,0xc59,0xc59,0xa,0x6c600,0x74,0x2f,0xfffff0003ffff800]
[trap] num=338 (0x152) pc=0x1804b988c args=[0x6a260,0x27fea80,0x1002d264c,0x1,0x1,0x68,0x1,0xf20]
[trap] num=5 (0x5) pc=0x1804ae694 args=[0x700c141e0,0x0,0x0,0x700c141fc,0x1002ca5de,0x27feb40,0x736574616e726574,0xfffff0003ffff800]
[M28 BANDSHRINK] syscall 5 band past ipa 0x700c141e0 len 65536 shrunk 64 -> 0 by an overlapping window of the same call
[trap] num=5 (0x5) pc=0x1804ae694 args=[0x700c141e0,0x1000000,0x0,0x1,0x1002c7006,0x27fe9f0,0x78,0xfffff0003ffff800]
[trap] num=5 (0x5) pc=0x1804ae694 args=[0x700c14230,0x1000000,0x0,0x700c1426b,0x1002c7026,0x27fe9f0,0x6e,0xfffff0003ffff800]
[M28 BANDSHRINK] syscall 5 band past ipa 0x700c14230 len 65536 shrunk 64 -> 0 by an overlapping window of the same call
[trap] num=398 (0x18e) pc=0x1804ae948 args=[0x6a350,0x1100000,0x0,0x10,0x0,0x0,0xffffffffbfc007ff,0xfffff0003ffff800]
[trap] num=346 (0x15a) pc=0x1804b9980 args=[0x5,0x27fe250,0xc5d,0x6,0x0,0x0,0xffffffffbfc007ff,0xfffff0003ffff800]
[trap] num=344 (0x158) pc=0x1804af9c4 args=[0x5,0x700c1c000,0x2000,0x6c5c8,0x6d480,0x1,0x0,0x0]
[M28 BANDSHRINK] syscall 344 band past ipa 0x6c5c8 len 65536 shrunk 64 -> 0 by an overlapping window of the same call
[trap] num=399 (0x18f) pc=0x1804af584 args=[0x5,0xc53,0xc53,0x10,0x6c580,0x1,0x0,0x0]
[trap] num=5 (0x5) pc=0x1804ae694 args=[0x6c3f0,0x1000000,0x0,0x3,0x0,0x500,0x0,0x600]
[trap] num=339 (0x153) pc=0x1804bc288 args=[0x5,0x27fec80,0x27fee10,0x3,0x0,0x500,0x0,0x600]
[trap] num=197 (0xc5) pc=0x1804aea18 args=[0x0,0x78,0x1,0x40002,0x5,0x0,0x0,0x600]
[trap] num=6 (0x6) pc=0x1804ae8f0 args=[0x5,0x78,0x1,0x40002,0x5,0x0,0x0,0x600]
[trap] num=-15 (0xfffffffffffffff1) pc=0x1804adacc args=[0x203,0x27fe9d8,0x400000,0x3fffff,0x2000001,0x3,0x0,0x0]
[trap] num=73 (0x49) pc=0x1804b1728 args=[0xa0088c000,0x78,0xd40,0x1c0,0x6d480,0x74,0x6d498,0x19028de90]
[trap] num=5 (0x5) pc=0x1804ae694 args=[0x6c3f0,0x1000000,0x0,0x6c3fc,0x6c480,0x20,0x73,0x19028de90]
[M28 BANDSHRINK] syscall 5 band past ipa 0x6c3f0 len 65536 shrunk 64 -> 0 by an overlapping window of the same call
[M28 BANDSHRINK] syscall 5 band past ipa 0x6c3fc len 65536 shrunk 64 -> 0 by an overlapping window of the same call
[trap] num=339 (0x153) pc=0x1804bc288 args=[0x5,0x27fec80,0x27fee10,0x6c3fc,0x6c480,0x20,0x73,0x19028de90]
[M28 BANDSHRINK] syscall 339 band past ipa 0x6c3fc len 65536 shrunk 64 -> 0 by an overlapping window of the same call
[trap] num=197 (0xc5) pc=0x1804aea18 args=[0x0,0x32,0x1,0x40002,0x5,0x0,0x73,0x19028de90]
[trap] num=6 (0x6) pc=0x1804ae8f0 args=[0x5,0x32,0x1,0x40002,0x5,0x0,0x73,0x19028de90]
[trap] num=73 (0x49) pc=0x1804b1728 args=[0xa00c90000,0x32,0x0,0xa,0xfffff0007fc00000,0x0,0x700c3c098,0xfffff0003ffff800]
[trap] num=116 (0x74) pc=0x1804b1b60 args=[0x27fee20,0x0,0x0,0xfffffc088,0x100320cc8,0x10027b987,0x27ff080,0xfffff0003ffff800]
[trap] num=-15 (0xfffffffffffffff1) pc=0x1804adacc args=[0x203,0x27fec88,0x400000,0x0,0x2004000,0x3,0x0,0x0]
[trap] num=4 (0x4) pc=0x1804b1834 args=[0x4,0x700800000,0x1a,0x6d44e,0x100320cc8,0x0,0xa,0xfffff0003ffff800]
[trap] num=4 (0x4) pc=0x1804b1834 args=[0x4,0x700800000,0x14,0x69bf4,0x0,0x48a235b8,0xee,0x24203f22]
[trap] num=75 (0x4b) pc=0x1804b09b0 args=[0x700800000,0x20000,0x7,0x0,0x0,0x48a235b8,0xee,0x24203f22]
[m47] num=75 args=[0x700800000,0x20000,0x7] policy="" op="" ret=0x0 err=false writes=0
[trap] num=6 (0x6) pc=0x1804ae8f0 args=[0x4,0x0,0xd40,0xa0,0x6d480,0x0,0x0,0x24203f22]
[trap] num=338 (0x152) pc=0x1804b988c args=[0x6ba30,0x27fef78,0xd40,0xa0,0x6d480,0x0,0x0,0x24203f22]
[M28 BANDSHRINK] syscall 338 band past ipa 0x6ba30 len 65536 shrunk 64 -> 0 by an overlapping window of the same call
[trap] num=128 (0x80) pc=0x1804b188c args=[0x6ba30,0x6c430,0xffffffffffffffe6,0x0,0x0,0x0,0x27ff080,0x24203f22]
[M28 BANDSHRINK] syscall 128 band past ipa 0x6ba30 len 65536 shrunk 64 -> 0 by an overlapping window of the same call
[trap] num=33 (0x21) pc=0x1804ae668 args=[0x6baf0,0x1,0x60,0xfffff0007fc00000,0x700c08010,0x0,0xffffffffbfc007ff,0xfffff0003ffff800]
[trap] num=339 (0x153) pc=0x1804bc288 args=[0x1,0x27ff458,0x120a8,0xc,0x6ba80,0x0,0xffffffffbfc007ff,0xfffff0003ffff800]
[trap] num=399 (0x18f) pc=0x1804af584 args=[0x1,0x0,0x1804edb6c,0xc,0x6ba80,0x0,0xffffffffbfc007ff,0xfffff0003ffff800]
[trap] num=1 (0x1) pc=0x1804b5584 args=[0x0,0x1,0x120a8,0x1ec701508,0x1803a78bc,0x0,0xffffffffbfc007ff,0xfffff0003ffff800]
[retrace] fall-throughs: 5
