[trap] num=-28 (0xffffffffffffffe4) pc=0x140001654 args=[0x27ff9a8,0x8,0x1400e0090,0x27ff44f,0x27ff598,0x1400647cc,0x0,0x0]
[trap] num=-26 (0xffffffffffffffe6) pc=0x14000163c args=[0x203,0x8,0x1400e0090,0x27ff44f,0x27ff598,0x1400647cc,0x0,0x0]
[trap] num=372 (0x174) pc=0x140004b14 args=[0x0,0x8,0x1400e0090,0x27ff44f,0x27ff598,0x1400647cc,0x0,0x0]
[trap] num=2147483648 (0x80000000) pc=0x14008194c args=[0x1400b9ee0,0x8,0x1400e0090,0x2,0x27ff598,0x1400647cc,0x0,0x0]
[retrace warn] dyld __mac_syscall(Sandbox) synthesized as success/unsandboxed (not forwarded; host would fault)
[trap] num=38 (0x26) pc=0x1400815a0 args=[0x0,0x0,0x0,0x27ff648,0x0,0x1400647cc,0x0,0x0]
[trap] num=-14 (0xfffffffffffffff2) pc=0x1400015b8 args=[0x203,0x1400bc000,0x200f0,0x0,0x3,0x1400647cc,0x0,0x0]
[trap] num=483 (0x1e3) pc=0x140004e08 args=[0x0,0x27ff60c,0x4,0x0,0x3,0x1400647cc,0x0,0x0]
[trap] num=38 (0x26) pc=0x1400815a0 args=[0x0,0x0,0x0,0x27ff5c8,0x0,0x1400647cc,0x0,0x0]
[trap] num=-14 (0xfffffffffffffff2) pc=0x1400015b8 args=[0x203,0x1400bc000,0x200f0,0x0,0x1,0x1400bc0f0,0x20000,0x0]
[trap] num=-14 (0xfffffffffffffff2) pc=0x1400015b8 args=[0x203,0x1400bc000,0x200f0,0x0,0x3,0x1400bc0f0,0x20000,0x0]
[trap] num=-14 (0xfffffffffffffff2) pc=0x1400015b8 args=[0x203,0x1400bc000,0x200f0,0x0,0x1,0x67,0x20000,0xec0]
[trap] num=294 (0x126) pc=0x1400062f8 args=[0x27ff970,0x27ff970,0x27ff960,0x27ff970,0x27ffa00,0x67,0x20000,0xec0]
[trap] num=-14 (0xfffffffffffffff2) pc=0x1400015b8 args=[0x203,0x1400bc000,0x200f0,0x0,0x3,0x67,0x20000,0xec0]
[trap] num=-15 (0xfffffffffffffff1) pc=0x1400015c4 args=[0x203,0x27fedf0,0x20000,0x3fff,0x3c000001,0x3,0x0,0x0]
[trap] num=20 (0x14) pc=0x140004f48 args=[0x0,0x3,0x74380663dfc,0x2,0x1,0x27ff540,0x65,0x0]
[trap] num=-12 (0xfffffffffffffff4) pc=0x1400015a0 args=[0x203,0x1003c0000,0x20000,0x0,0x0,0x0,0x0,0x0]
[trap] num=-14 (0xfffffffffffffff2) pc=0x1400015b8 args=[0x203,0x1400bc000,0x200f0,0x0,0x1,0x0,0x0,0x0]
[trap] num=38 (0x26) pc=0x1400815a0 args=[0x0,0x0,0x0,0x27ff758,0x1,0x0,0x0,0x0]
[trap] num=483 (0x1e3) pc=0x140004e08 args=[0x0,0x27ff76c,0x4,0x27ff7d8,0x1,0x0,0x0,0x0]
[trap] num=-14 (0xfffffffffffffff2) pc=0x1400015b8 args=[0x203,0x1400bc000,0x200f0,0x0,0x3,0x0,0x0,0x0]
[trap] num=-15 (0xfffffffffffffff1) pc=0x1400015c4 args=[0x203,0x27fedf0,0x20000,0x3fff,0x3c000001,0x3,0x0,0x0]
[trap] num=-12 (0xfffffffffffffff4) pc=0x1400015a0 args=[0x203,0x1003c0000,0x20000,0x0,0x0,0x0,0x0,0x0]
[trap] num=-14 (0xfffffffffffffff2) pc=0x1400015b8 args=[0x203,0x1400bc000,0x200f0,0x0,0x1,0x0,0x0,0x0]
[trap] num=336 (0x150) pc=0x14000600c args=[0xf,0x10bee,0x0,0x0,0x1ec6f7f80,0x170,0x0,0x0]
[trap] num=-28 (0xffffffffffffffe4) pc=0x180115654 args=[0x1,0x0,0x0,0x0,0x0,0x0,0x0,0x0]
[trap] num=-26 (0xffffffffffffffe6) pc=0x18011563c args=[0x203,0x0,0x0,0x0,0x0,0x0,0x0,0x0]
[trap] num=372 (0x174) pc=0x180118b14 args=[0x0,0x0,0x0,0x0,0x0,0x0,0x0,0x0]
[trap] num=2147483648 (0x80000000) pc=0x18019594c args=[0x1ec6f9e60,0x0,0x0,0x2,0x0,0x0,0x0,0x0]
[retrace warn] dyld __mac_syscall(Sandbox) synthesized as success/unsandboxed (not forwarded; host would fault)
[trap] num=38 (0x26) pc=0x1801955a0 args=[0x0,0x0,0x0,0x27ff648,0x0,0x0,0x0,0x0]
[trap] num=-14 (0xfffffffffffffff2) pc=0x1801155b8 args=[0x203,0x1ec444000,0x24000,0x0,0x13,0x0,0x0,0x0]
[trap] num=483 (0x1e3) pc=0x180118e08 args=[0x0,0x27ff60c,0x4,0x0,0x13,0x0,0x0,0x0]
[trap] num=38 (0x26) pc=0x1801955a0 args=[0x0,0x0,0x0,0x27ff5c8,0x0,0x0,0x0,0x0]
[trap] num=-14 (0xfffffffffffffff2) pc=0x1801155b8 args=[0x203,0x1ec444000,0x24000,0x0,0x1,0x1ec444140,0x20000,0x0]
[trap] num=-14 (0xfffffffffffffff2) pc=0x1801155b8 args=[0x203,0x1ec444000,0x24000,0x0,0x13,0x1ec444140,0x20000,0x0]
[trap] num=-14 (0xfffffffffffffff2) pc=0x1801155b8 args=[0x203,0x1ec444000,0x24000,0x0,0x1,0x67,0x20000,0xec0]
[trap] num=294 (0x126) pc=0x18011a2f8 args=[0x27ff970,0x27ff970,0x27ff960,0x27ff970,0x27ffa00,0x67,0x20000,0xec0]
[trap] num=-19 (0xffffffffffffffed) pc=0x1801155e8 args=[0x203,0x203,0x0,0xffffffff,0x27ffa00,0x67,0x20000,0xec0]
[trap] num=-14 (0xfffffffffffffff2) pc=0x1801155b8 args=[0x203,0x1ec444000,0x24000,0x0,0x3,0x67,0x20000,0xec0]
[trap] num=-15 (0xfffffffffffffff1) pc=0x1801155c4 args=[0x203,0x27fedf0,0x20000,0x3fff,0x3c000001,0x3,0x0,0x0]
[trap] num=20 (0x14) pc=0x180118f48 args=[0x0,0x3,0x7438067a5fc,0x2,0x1,0x27ff540,0x65,0x0]
[trap] num=-12 (0xfffffffffffffff4) pc=0x1801155a0 args=[0x203,0x1003c0000,0x20000,0x0,0x0,0x0,0x0,0x0]
[trap] num=-14 (0xfffffffffffffff2) pc=0x1801155b8 args=[0x203,0x1ec444000,0x24000,0x0,0x1,0x0,0x0,0x0]
[trap] num=73 (0x49) pc=0x18011823c args=[0x140000000,0xa8000,0x27ff6cf,0x2,0x8,0x0,0x0,0x0]
[trap] num=73 (0x49) pc=0x18011823c args=[0x1400a8000,0x4000,0x27ff6cf,0x2,0x8,0x0,0x0,0x0]
[trap] num=73 (0x49) pc=0x18011823c args=[0x1400ac000,0x8000,0x27ff6cf,0x2,0x8,0x0,0x0,0x0]
[trap] num=73 (0x49) pc=0x18011823c args=[0x1400b4000,0x4000,0x27ff6cf,0x2,0x8,0x0,0x0,0x0]
[trap] num=73 (0x49) pc=0x18011823c args=[0x1400bc000,0x24000,0x27ff6cf,0x2,0x8,0x0,0x0,0x0]
[trap] num=73 (0x49) pc=0x18011823c args=[0x1400e0000,0x60000,0x27ff6cf,0x2,0x8,0x0,0x0,0x0]
[trap] num=-14 (0xfffffffffffffff2) pc=0x1801155b8 args=[0x203,0x1ec444000,0x24000,0x0,0x3,0x0,0x0,0x0]
[trap] num=38 (0x26) pc=0x1801955a0 args=[0x0,0x0,0x0,0x27ff288,0x1,0x0,0x0,0x0]
[trap] num=5 (0x5) pc=0x180119f50 args=[0x27ffef5,0x0,0x0,0x0,0x1,0x0,0x0,0x0]
[trap] num=92 (0x5c) pc=0x1801180d8 args=[0x3,0x32,0x27fee88,0x0,0x1,0x0,0x0,0x0]
[trap] num=6 (0x6) pc=0x180116750 args=[0x3,0x32,0x27fee88,0x0,0x1,0x0,0x0,0x0]
[trap] num=483 (0x1e3) pc=0x180118e08 args=[0x0,0x27ff29c,0x4,0x1a,0x67,0x4d,0x0,0x0]
[trap] num=381 (0x17d) pc=0x180119ecc args=[0x1801b7eb4,0x2,0x27ff1c0,0xa,0x73,0x69,0x0,0x0]
[m47] num=381 args=[0x1801b7eb4,0x2,0x27ff1c0] policy="Sandbox" op="syscall-unix" ret=0xe err=true writes=0
[trap] num=483 (0x1e3) pc=0x180118e08 args=[0x0,0x27ff2ac,0x4,0x26,0x67,0x41,0x0,0x90]
[trap] num=202 (0xca) pc=0x18011a37c args=[0x27ff260,0x2,0x27ff228,0x27ff220,0x1801ab70b,0x20,0x0,0x90]
[trap] num=202 (0xca) pc=0x18011a37c args=[0x27ff228,0x3,0x27ff2bc,0x27ff2b0,0x0,0x0,0x0,0x90]
[trap] num=381 (0x17d) pc=0x180119ecc args=[0x1801b4bf1,0x5a,0x27ff240,0x2,0x8,0x72,0x0,0x90]
[m47] amfi policy_resident="AMFI\0"
[probe] AMFI dyld policy in=0x0 r=0 out=0x1df out_ptr=0x27ff238
[trap] num=202 (0xca) pc=0x18011a37c args=[0x27fe4b0,0x2,0x27fe478,0x27fe470,0x1801b698e,0xd,0x1ec444f10,0x90]
[trap] num=202 (0xca) pc=0x18011a37c args=[0x27fe478,0x2,0x27fe528,0x27fe520,0x0,0x0,0x1ec444f10,0x90]
[trap] num=5 (0x5) pc=0x180119f50 args=[0x1801aaaf1,0x20100000,0x0,0xfffffffffffffff0,0x0,0x72,0x0,0x80]
[trap] num=463 (0x1cf) pc=0x180119f7c args=[0x3,0x1801b4c4b,0x100000,0x0,0x0,0x72,0x0,0x80]
[trap] num=41 (0x29) pc=0x18011a484 args=[0x4,0x1801b625c,0x100000,0x0,0x0,0x72,0x0,0x80]
[trap] num=470 (0x1d6) pc=0x18011a5e4 args=[0x4,0x27fe001,0x27fdf70,0x0,0x27fe080,0x72,0x0,0x80]
[trap] num=463 (0x1cf) pc=0x180119f7c args=[0x4,0x27fe001,0x100000,0x0,0x27fe080,0x72,0x0,0x80]
[trap] num=92 (0x5c) pc=0x1801180d8 args=[0x6,0x32,0x27fe000,0x0,0x27fe080,0x72,0x0,0x80]
[trap] num=41 (0x29) pc=0x18011a484 args=[0x6,0x1801b6e25,0x27fee90,0x0,0x27fe080,0x72,0x0,0x80]
[trap] num=41 (0x29) pc=0x18011a484 args=[0x5,0x1801b6e25,0x27fee90,0x0,0x27fe080,0x72,0x0,0x80]
[trap] num=6 (0x6) pc=0x180116750 args=[0x3,0x1801b6cb4,0x27fee90,0x0,0x27fe080,0x72,0x0,0x80]
[trap] num=6 (0x6) pc=0x180116750 args=[0x5,0x1801b6cf2,0x27fee90,0x0,0x27fe080,0x72,0x0,0x80]
[trap] num=6 (0x6) pc=0x180116750 args=[0x4,0x1801b6d1f,0x27fee90,0x0,0x27fe080,0x72,0x0,0x80]
[trap] num=6 (0x6) pc=0x180116750 args=[0x6,0x1801b6d4a,0x27fee90,0x0,0x27fe080,0x72,0x0,0x80]
[trap] num=381 (0x17d) pc=0x180119ecc args=[0x1801b7eb4,0x2,0x27fed10,0xa,0x73,0x69,0x0,0x80]
[m47] num=381 args=[0x1801b7eb4,0x2,0x27fed10] policy="Sandbox" op="syscall-unix" ret=0xe err=true writes=0
[trap] num=294 (0x126) pc=0x18011a2f8 args=[0x27fed58,0x27fee28,0x27fee28,0x27fee54,0x73,0x69,0x0,0x80]
[trap] num=-14 (0xfffffffffffffff2) pc=0x1801155b8 args=[0x203,0x1ec444000,0x24000,0x0,0x3,0x0,0x0,0x5c0]
[trap] num=427 (0x1ab) pc=0x18011a5b8 args=[0x27feec0,0x400,0x27fee44,0x748e8,0x3,0x0,0x0,0x5c0]
[trap] num=92 (0x5c) pc=0x1801180d8 args=[0x8,0x32,0x27feec0,0x1ec445272,0xfffffffe163b9c60,0x20,0x0,0x5c0]
[trap] num=6 (0x6) pc=0x180116750 args=[0x8,0x1801b6a74,0x4,0x180115e30,0x1,0x20,0x0,0x5c0]
[trap] num=6 (0x6) pc=0x180116750 args=[0x7,0x1801b6a98,0x4,0x180115e30,0x1,0x20,0x0,0x5c0]
[trap] num=338 (0x152) pc=0x180116c48 args=[0x1ec445210,0x27fe9e0,0x1ec445210,0x27fead8,0x27feb00,0x27feae0,0x0,0x27feb08]
[trap] num=5 (0x5) pc=0x180119f50 args=[0x1ec445210,0x0,0x0,0x27fead8,0x27feb00,0x27feae0,0x0,0x27feb08]
[trap] num=197 (0xc5) pc=0x180119190 args=[0x0,0x388830,0x1,0x40002,0x3,0x0,0x0,0x27feb08]
[trap] num=92 (0x5c) pc=0x1801180d8 args=[0x3,0x32,0x27feb08,0x40002,0x3,0x0,0x0,0x27feb08]
[trap] num=73 (0x49) pc=0x18011823c args=[0xa00000000,0x388830,0x388830,0x0,0x27feae0,0x27feb08,0x3,0x27feb08]
[trap] num=6 (0x6) pc=0x180116750 args=[0x3,0x388830,0x388830,0x0,0x27feae0,0x27feb08,0x3,0x27feb08]
[trap] num=338 (0x152) pc=0x180116c48 args=[0x1ec445210,0x27fef60,0x27ff020,0x0,0x27feae0,0x27feb08,0x3,0x27feb08]
[trap] num=338 (0x152) pc=0x180116c48 args=[0x1000006b8,0x27fde60,0x27fdf60,0x27fdf48,0x1000006c2,0x1801ac864,0x73,0x900]
[M28 BANDSHRINK] syscall 338 band past ipa 0x1000006b8 len 65536 shrunk 64 -> 0 by an overlapping window of the same call
[trap] num=-10 (0xfffffffffffffff6) pc=0x180115588 args=[0x203,0x27fde20,0x4000,0x3c000001,0x1000006c2,0x1801ac864,0x73,0x900]
[trap] num=338 (0x152) pc=0x180116c48 args=[0x27fe450,0x27fdde0,0x27fdee0,0x27fdec8,0x27fe47e,0x1801ac864,0x0,0x7c0]
[trap] num=-12 (0xfffffffffffffff4) pc=0x1801155a0 args=[0x203,0xa0038c000,0x4000,0x1a0500,0x0,0x0,0x0,0x140]
[trap] num=338 (0x152) pc=0x180116c48 args=[0x100000720,0x27fde60,0x27fdf60,0x27fdf48,0x75,0x41,0x27fe6a8,0x7c0]
[trap] num=-10 (0xfffffffffffffff6) pc=0x180115588 args=[0x203,0x27fde20,0x4000,0x3c000001,0x75,0x41,0x27fe6a8,0x7c0]
[trap] num=338 (0x152) pc=0x180116c48 args=[0x27fe480,0x27fde10,0x27fdf10,0x27fdef8,0x27fe494,0x1ec4452e4,0x0,0x7c0]
[trap] num=-12 (0xfffffffffffffff4) pc=0x1801155a0 args=[0x203,0xa00390000,0x4000,0x1a0500,0x0,0x0,0x0,0xbc0]
[trap] num=338 (0x152) pc=0x180116c48 args=[0x100000750,0x27fde60,0x27fdf60,0x27fdf48,0x75,0x41,0x27fe6a8,0x7c0]
[trap] num=-10 (0xfffffffffffffff6) pc=0x180115588 args=[0x203,0x27fde20,0x4000,0x3c000001,0x75,0x41,0x27fe6a8,0x7c0]
[trap] num=338 (0x152) pc=0x180116c48 args=[0x27fe480,0x27fde10,0x27fdf10,0x27fdef8,0x27fe494,0x1ec4452e4,0x0,0x7c0]
[trap] num=-12 (0xfffffffffffffff4) pc=0x1801155a0 args=[0x203,0xa00394000,0x4000,0x1a0500,0x0,0x0,0x0,0xbc0]
[trap] num=338 (0x152) pc=0x180116c48 args=[0x100000788,0x27fde60,0x27fdf60,0x27fdf48,0x100000792,0x1801ac864,0x27fe6a8,0x900]
[M28 BANDSHRINK] syscall 338 band past ipa 0x100000788 len 65536 shrunk 64 -> 0 by an overlapping window of the same call
[trap] num=-10 (0xfffffffffffffff6) pc=0x180115588 args=[0x203,0x27fde20,0x4000,0x3c000001,0x100000792,0x1801ac864,0x27fe6a8,0x900]
[trap] num=338 (0x152) pc=0x180116c48 args=[0x27fe480,0x27fde10,0x27fdf10,0x27fdef8,0x27fe4ae,0x1801ac864,0x0,0x7c0]
[trap] num=-12 (0xfffffffffffffff4) pc=0x1801155a0 args=[0x203,0xa00398000,0x4000,0x1a0500,0x0,0x0,0x0,0xbc0]
[trap] num=338 (0x152) pc=0x180116c48 args=[0x1000007c0,0x27fde60,0x27fdf60,0x27fdf48,0x1000007ca,0x1801ac864,0x6e,0x7c0]
[M28 BANDSHRINK] syscall 338 band past ipa 0x1000007c0 len 65536 shrunk 64 -> 0 by an overlapping window of the same call
[trap] num=-10 (0xfffffffffffffff6) pc=0x180115588 args=[0x203,0x27fde20,0x4000,0x3c000001,0x1000007ca,0x1801ac864,0x6e,0x7c0]
[trap] num=338 (0x152) pc=0x180116c48 args=[0x27fe450,0x27fdde0,0x27fdee0,0x27fdec8,0x27fe47e,0x1801ac864,0x0,0x7c0]
[trap] num=-12 (0xfffffffffffffff4) pc=0x1801155a0 args=[0x203,0xa0039c000,0x4000,0x1a0500,0x0,0x0,0x0,0xbc0]
[trap] num=5 (0x5) pc=0x180119f50 args=[0x1ec447838,0x0,0x0,0x0,0x0,0x27fcb88,0x1,0x27fcae8]
[trap] num=381 (0x17d) pc=0x180119ecc args=[0x1801b7eb4,0x2,0x27fbde0,0xa,0x73,0x69,0x1,0x27fcae8]
[m47] num=381 args=[0x1801b7eb4,0x2,0x27fbde0] policy="Sandbox" op="syscall-unix" ret=0xe err=true writes=0
[trap] num=550 (0x226) pc=0x180119ef8 args=[0x27fb4f0,0x2,0x27fb540,0x858,0x1778,0x8,0x0,0x27fcb88]
[trap] num=6 (0x6) pc=0x180116750 args=[0x3,0x3,0x27fb592,0x3,0x1,0x8,0x0,0x27fcb88]
[trap] num=74 (0x4a) pc=0x180119f24 args=[0x1002ec000,0x10000,0x1,0x1,0x8,0x8,0x0,0x27fcb88]
[trap] num=-14 (0xfffffffffffffff2) pc=0x1801155b8 args=[0x203,0x1e5908000,0x2324000,0x0,0x13,0x13,0x4,0x4000]
[trap] num=-14 (0xfffffffffffffff2) pc=0x1801155b8 args=[0x203,0x1edc84000,0x7b90000,0x0,0x13,0x13,0x5,0x6380000]
[trap] num=-14 (0xfffffffffffffff2) pc=0x1801155b8 args=[0x203,0x28f64c000,0x2c2c000,0x0,0x13,0x13,0x4,0x4000]
[trap] num=-14 (0xfffffffffffffff2) pc=0x1801155b8 args=[0x203,0x29a1cc000,0x5678000,0x0,0x13,0x13,0x5,0x8b84000]
[trap] num=-14 (0xfffffffffffffff2) pc=0x1801155b8 args=[0x203,0x2d0bac000,0x2a4000,0x0,0x13,0x13,0x4,0x4000]
[trap] num=-14 (0xfffffffffffffff2) pc=0x1801155b8 args=[0x203,0x2d361c000,0xac8000,0x0,0x13,0x13,0x5,0xa74000]
[trap] num=-14 (0xfffffffffffffff2) pc=0x1801155b8 args=[0x203,0x1e5908000,0x2324000,0x0,0x1,0x1,0x4,0x4000]
[trap] num=-14 (0xfffffffffffffff2) pc=0x1801155b8 args=[0x203,0x1edc84000,0x7b90000,0x0,0x1,0x1,0x5,0x6380000]
[trap] num=-14 (0xfffffffffffffff2) pc=0x1801155b8 args=[0x203,0x28f64c000,0x2c2c000,0x0,0x1,0x1,0x4,0x4000]
[trap] num=-14 (0xfffffffffffffff2) pc=0x1801155b8 args=[0x203,0x29a1cc000,0x5678000,0x0,0x1,0x1,0x5,0x8b84000]
[trap] num=-14 (0xfffffffffffffff2) pc=0x1801155b8 args=[0x203,0x2d0bac000,0x2a4000,0x0,0x1,0x1,0x4,0x4000]
[trap] num=-14 (0xfffffffffffffff2) pc=0x1801155b8 args=[0x203,0x2d361c000,0xac8000,0x0,0x1,0x1,0x5,0xa74000]
[trap] num=-15 (0xfffffffffffffff1) pc=0x1801155c4 args=[0x203,0x27f7f20,0x20000,0x3fff,0x3c000001,0x3,0x0,0x0]
[trap] num=347 (0x15b) pc=0x18011a6ec args=[0x0,0x0,0x2,0x2,0x1,0x27f7ab0,0xa0,0x0]
[trap] num=-15 (0xfffffffffffffff1) pc=0x1801155c4 args=[0x203,0x27f7540,0x20000,0x3fff,0x3c000001,0x3,0x0,0x0]
[trap] num=347 (0x15b) pc=0x18011a6ec args=[0x1003e0060,0xb1d8,0x2,0x2,0x1,0x1003e0000,0x20000,0x0]
[M28 BANDSHRINK] syscall 347 band past ipa 0x1003e0000 len 65536 shrunk 64 -> 0 by an overlapping window of the same call
[trap] num=220 (0xdc) pc=0x180116e90 args=[0x1003e00b8,0x27f7a28,0x27f7b70,0x40,0x0,0x0,0x20000,0x0]
[trap] num=-12 (0xfffffffffffffff4) pc=0x1801155a0 args=[0x203,0x1003e0000,0x20000,0x87,0x2,0x1000038,0xffffffffffffffff,0x0]
[trap] num=-12 (0xfffffffffffffff4) pc=0x1801155a0 args=[0x203,0x1003c0000,0x20000,0x0,0x0,0x0,0x0,0x0]
[trap] num=5 (0x5) pc=0x180119f50 args=[0x1801ab41a,0x2,0x0,0xa,0x0,0x0,0x0,0x0]
[trap] num=54 (0x36) pc=0x180116724 args=[0x3,0x80086804,0x27f4bf8,0xa,0x0,0x0,0x0,0x0]
[trap] num=6 (0x6) pc=0x180116750 args=[0x3,0xffffffffffffffff,0x27f4bf8,0xa,0x0,0x0,0x0,0x0]
[trap] num=294 (0x126) pc=0x18011a2f8 args=[0xffffffffffffffff,0x1f070030,0x0,0x0,0x0,0x0,0x0,0x0]
[trap] num=-14 (0xfffffffffffffff2) pc=0x1801155b8 args=[0x203,0x1ec444000,0x24000,0x0,0x1,0x0,0x0,0x0]
[trap] num=-28 (0xffffffffffffffe4) pc=0x1804adb5c args=[0x0,0x1804e2db8,0x27ffe40,0x1ec445388,0x1ec445388,0x0,0x0,0x0]
[trap] num=-26 (0xffffffffffffffe6) pc=0x1804adb44 args=[0x203,0x1804e2db8,0x27ffe40,0x1ec445388,0x1ec445388,0x0,0x0,0x0]
[trap] num=33 (0x21) pc=0x1804ae668 args=[0x1804e2dda,0x0,0x27ffe40,0x1ec445388,0x1ec445388,0x0,0x0,0x0]
[trap] num=-15 (0xfffffffffffffff1) pc=0x1804adacc args=[0x203,0x27fb6c8,0x8000,0x0,0x49000001,0x3,0x0,0x0]
[trap] num=-29 (0xffffffffffffffe3) pc=0x1804adb68 args=[0x1eec6fd98,0x27ffe38,0x27ffe40,0x1ec445388,0x49000001,0x3,0x0,0x0]
[trap] num=-24 (0xffffffffffffffe8) pc=0x1804adb2c args=[0x203,0x27fb570,0x0,0x27fb58c,0x49000001,0x3,0x0,0x0]
[trap] num=-47 (0xffffffffffffffd1) pc=0x1804adc34 args=[0x27fb5b0,0x200000003,0x2800001513,0x170300000b03,0xc800000000,0x170300000000,0x140,0x0]
[mach_msg2] msgh_id=200 dest=0xb03 reply=0x1703 options=0x200000003 bits=0x1513 send_size=40 rcv_size=320
  send+000: 13 15 00 00 28 00 00 00 03 0b 00 00 03 17 00 00
  send+010: 00 00 00 00 c8 00 00 00 00 00 00 00 01 00 00 00
  send+020: 05 00 00 00 08 00 00 00
[retrace] forwarding mach_msg2 host_info (msgh_id 200) to host (decided allowlist)
[mach_msg2] host ret=0x0 err=false
  reply@0x27fb5b0+000: 00 12 00 00 48 00 00 00 00 00 00 00 03 17 00 00
  reply@0x27fb5b0+010: 00 00 00 00 2c 01 00 00 00 00 00 00 01 00 00 00
  reply@0x27fb5b0+020: 00 00 00 00 08 00 00 00 50 00 00 00 50 00 00 00
  reply@0x27fb5b0+030: 40 00 00 00 1f 00 00 00 00 00 00 00 00 00 00 00
  reply@0x27fb5b0+040: 00 00 00 00 4f 00 00 00 00 00 00 00 08 00 00 00
  reply@0x27fb5b0+050: 00 00 00 00 00 00 00 00 00 00 00 00 00 00 00 00
  reply@0x27fb5b0+060: 00 00 00 00 00 00 00 00 00 00 00 00 00 00 00 00
  reply@0x27fb5b0+070: 00 00 00 00 00 00 00 00 00 00 00 00 00 00 00 00
  reply@0x27fb5b0+080: 00 00 00 00 00 00 00 00 00 00 00 00 00 00 00 00
  reply@0x27fb5b0+090: 00 00 00 00 00 00 00 00 00 00 00 00 00 00 00 00
  reply@0x27fb5b0+0a0: 00 00 00 00 00 00 00 00 00 00 00 00 00 00 00 00
  reply@0x27fb5b0+0b0: 00 00 00 00 00 00 00 00 00 00 00 00 00 00 00 00
  reply@0x27fb5b0+0c0: 00 00 00 00 00 00 00 00 00 00 00 00 00 00 00 00
  reply@0x27fb5b0+0d0: 00 00 00 00 00 00 00 00 00 00 00 00 00 00 00 00
  reply@0x27fb5b0+0e0: 00 00 00 00 00 00 00 00 00 00 00 00 00 00 00 00
  reply@0x27fb5b0+0f0: 00 00 00 00 00 00 00 00 00 00 00 00 00 00 00 00
[trap] num=-18 (0xffffffffffffffee) pc=0x1804adae4 args=[0x203,0xb03,0x0,0x27fb7a0,0xc800000000,0x170300000000,0x4f00000000,0x0]
[trap] num=202 (0xca) pc=0x1804af460 args=[0x27fb7a8,0x2,0x27fb778,0x27fb740,0x0,0x0,0x4f00000000,0x0]
[trap] num=-27 (0xffffffffffffffe5) pc=0x1804adb50 args=[0x2ff20,0x0,0x8,0x1804f8a09,0x0,0x0,0x4f00000000,0x0]
[trap] num=-24 (0xffffffffffffffe8) pc=0x1804adb2c args=[0x203,0x27fb6f0,0x0,0x27fb70c,0x0,0x0,0x4f00000000,0x0]
[trap] num=366 (0x16e) pc=0x1804b3d2c args=[0x1804ecc14,0x1804ecc08,0x4000,0x27fb740,0x38,0xa0,0x4f00000000,0x0]
[trap] num=-29 (0xffffffffffffffe3) pc=0x1804adb68 args=[0x10030,0x103,0x1804f8cd8,0x103,0x38,0xa0,0x4f00000000,0x0]
[trap] num=-47 (0xffffffffffffffd1) pc=0x1804adc34 args=[0x27fb780,0x200000003,0x2400001513,0x160300000b03,0xce00000000,0x160300000000,0x30,0x0]
[mach_msg2] msgh_id=206 dest=0xb03 reply=0x1603 options=0x200000003 bits=0x1513 send_size=36 rcv_size=48
  send+000: 13 15 00 00 24 00 00 00 03 0b 00 00 03 16 00 00
  send+010: 00 00 00 00 ce 00 00 00 00 00 00 00 01 00 00 00
  send+020: 00 00 00 00
[retrace] forwarding mach_msg2 host_get_clock_service (msgh_id 206) to host (decided allowlist)
[mach_msg2] host ret=0x0 err=false
  reply@0x27fb780+000: 00 12 00 80 28 00 00 00 00 00 00 00 03 16 00 00
  reply@0x27fb780+010: 00 00 00 00 32 01 00 00 01 00 00 00 03 1f 00 00
  reply@0x27fb780+020: 00 00 00 00 00 00 11 00 00 00 00 00 08 00 00 00
  reply@0x27fb780+030: b8 fd c6 ee 01 00 00 00 03 0b 00 00 00 00 00 00
  reply@0x27fb780+040: e0 b7 7f 02 00 00 00 00 14 e8 39 80 01 00 00 00
  reply@0x27fb780+050: b8 fd c6 ee 01 00 00 00 40 fe 7f 02 00 00 00 00
  reply@0x27fb780+060: 00 b8 7f 02 00 00 00 00 a0 e6 39 80 01 00 00 00
  reply@0x27fb780+070: 88 53 44 ec 01 00 00 00 40 fe 7f 02 00 00 00 00
  reply@0x27fb780+080: 70 b8 7f 02 00 00 00 00 04 13 34 90 01 00 00 00
  reply@0x27fb780+090: 48 02 34 90 01 00 00 00 a0 00 00 00 00 00 00 00
  reply@0x27fb780+0a0: 06 00 00 00 00 00 00 00 18 01 34 90 01 00 00 00
  reply@0x27fb780+0b0: c0 1b 34 90 01 00 00 00 10 53 44 ec 01 00 00 00
  reply@0x27fb780+0c0: 5c 12 34 90 01 00 00 00 90 b8 7f 02 00 00 00 00
  reply@0x27fb780+0d0: c0 1b 34 90 01 00 00 00 10 53 44 ec 01 00 00 00
  reply@0x27fb780+0e0: 5c 12 34 90 01 00 00 00 98 bd 7f 02 00 00 00 00
  reply@0x27fb780+0f0: 20 b9 7f 02 00 00 00 00 30 0e 16 80 01 00 00 00
[trap] num=-47 (0xffffffffffffffd1) pc=0x1804adc34 args=[0x27fb780,0x200000003,0x2800001513,0x160300000203,0xd5a00000000,0x160300000000,0x30,0x0]
[mach_msg2] msgh_id=3418 dest=0x203 reply=0x1603 options=0x200000003 bits=0x1513 send_size=40 rcv_size=48
  send+000: 13 15 00 00 28 00 00 00 03 02 00 00 03 16 00 00
  send+010: 00 00 00 00 5a 0d 00 00 00 00 00 00 01 00 00 00
  send+020: 00 00 00 00 00 00 00 00
[retrace] forwarding mach_msg2 semaphore_create (msgh_id 3418) to host (decided allowlist)
[mach_msg2] host ret=0x0 err=false
  reply@0x27fb780+000: 00 12 00 80 28 00 00 00 00 00 00 00 03 16 00 00
  reply@0x27fb780+010: 00 00 00 00 be 0d 00 00 01 00 00 00 03 15 00 00
  reply@0x27fb780+020: 00 00 00 00 00 00 11 00 00 00 00 00 08 00 00 00
  reply@0x27fb780+030: d8 5d 70 ec 01 00 00 00 03 0b 00 00 00 00 00 00
  reply@0x27fb780+040: e0 b7 7f 02 00 00 00 00 38 e8 39 80 01 00 00 00
  reply@0x27fb780+050: b8 fd c6 ee 01 00 00 00 40 fe 7f 02 00 00 00 00
  reply@0x27fb780+060: 00 b8 7f 02 00 00 00 00 a0 e6 39 80 01 00 00 00
  reply@0x27fb780+070: 88 53 44 ec 01 00 00 00 40 fe 7f 02 00 00 00 00
  reply@0x27fb780+080: 70 b8 7f 02 00 00 00 00 04 13 34 90 01 00 00 00
  reply@0x27fb780+090: 48 02 34 90 01 00 00 00 a0 00 00 00 00 00 00 00
  reply@0x27fb780+0a0: 06 00 00 00 00 00 00 00 18 01 34 90 01 00 00 00
  reply@0x27fb780+0b0: c0 1b 34 90 01 00 00 00 10 53 44 ec 01 00 00 00
  reply@0x27fb780+0c0: 5c 12 34 90 01 00 00 00 90 b8 7f 02 00 00 00 00
  reply@0x27fb780+0d0: c0 1b 34 90 01 00 00 00 10 53 44 ec 01 00 00 00
  reply@0x27fb780+0e0: 5c 12 34 90 01 00 00 00 98 bd 7f 02 00 00 00 00
  reply@0x27fb780+0f0: 20 b9 7f 02 00 00 00 00 30 0e 16 80 01 00 00 00
[trap] num=-18 (0xffffffffffffffee) pc=0x1804adae4 args=[0x203,0xb03,0x2800001513,0x160300000203,0xd5a00000000,0x160300000000,0x30,0x0]
[trap] num=20 (0x14) pc=0x1804ae198 args=[0x0,0x0,0xffffffffffffffe0,0x27fb660,0x27fb300,0x67,0x0,0xc70]
[trap] num=266 (0x10a) pc=0x1804af558 args=[0x18037ff36,0x0,0x18ce3a000,0x103,0x27fb300,0x67,0x0,0xc70]
[trap] num=339 (0x153) pc=0x1804bc288 args=[0x3,0x27fb0f0,0x18ce3a000,0x103,0x27fb300,0x67,0x0,0xc70]
[trap] num=197 (0xc5) pc=0x1804aea18 args=[0x0,0x8000,0x1,0x40001,0x3,0x0,0x0,0xc70]
[trap] num=6 (0x6) pc=0x1804ae8f0 args=[0x3,0x8000,0x1,0x40001,0x3,0x0,0x0,0xc70]
[trap] num=169 (0xa9) pc=0x1804af8dc args=[0x10bee,0x0,0x27fb24c,0x4,0x3,0x0,0x0,0xc70]
[trap] num=500 (0x1f4) pc=0x1804ae144 args=[0x1ec6fd858,0x10,0x4,0x1804f8a0c,0x6e,0x6e,0x38,0x830]
[trap] num=54 (0x36) pc=0x1804b2338 args=[0x2,0x4004667a,0x27fb1bc,0x103,0x6e,0x6e,0x38,0x830]
[trap] num=54 (0x36) pc=0x1804b2338 args=[0x2,0x40487413,0x27fb1c0,0x103,0x6e,0x6e,0x38,0x830]
[trap] num=116 (0x74) pc=0x1804b1b60 args=[0x27faf30,0x0,0x0,0xfffffc088,0x67,0x6d,0x38,0x830]
[trap] num=500 (0x1f4) pc=0x1804ae144 args=[0x27fb068,0x20,0x27fb068,0x1c725a0a,0x180267bdc,0x6d,0x38,0x830]
[trap] num=116 (0x74) pc=0x1804b1b60 args=[0x27faf50,0x0,0x0,0xfffffc088,0x180267bdc,0x6d,0x38,0x830]
[trap] num=116 (0x74) pc=0x1804b1b60 args=[0x27faf70,0x0,0x0,0xfffffc088,0x1ec6fcf70,0x1ec6fcfa8,0x1000,0x20]
[trap] num=116 (0x74) pc=0x1804b1b60 args=[0x27faf70,0x0,0x0,0xfffffc088,0x27faec0,0x1802361b0,0xa330f47144ed7170,0x27faf90]
[trap] num=116 (0x74) pc=0x1804b1b60 args=[0x27faf70,0x0,0x0,0xfffffc088,0x27faec0,0x1802361b0,0x2513c7511e94e361,0x27faf90]
[trap] num=116 (0x74) pc=0x1804b1b60 args=[0x27faf70,0x0,0x0,0xfffffc088,0x27faec0,0x1802361b0,0x30f3e2f0644b7742,0x27faf90]
[trap] num=116 (0x74) pc=0x1804b1b60 args=[0x27faf70,0x0,0x0,0xfffffc088,0x27faec0,0x1802361b0,0x20b33a1eb9e700b9,0x27faf90]
[trap] num=-47 (0xffffffffffffffd1) pc=0x1804adc34 args=[0x27fb108,0x200000003,0x6480001513,0x160300000203,0x12cb00000000,0x160300000001,0x34,0x0]
[mach_msg2] msgh_id=4811 dest=0x203 reply=0x1603 options=0x200000003 bits=0x80001513 send_size=100 rcv_size=52
  send+000: 13 15 00 80 64 00 00 00 03 02 00 00 03 16 00 00
  send+010: 00 00 00 00 cb 12 00 00 01 00 00 00 00 00 00 00
  send+020: 00 00 00 00 00 00 13 00 00 00 00 00 01 00 00 00
  send+030: 00 00 00 00 00 00 00 00 00 40 4e 00 00 00 00 00
  send+040: 00 00 00 00 00 00 00 00 01 00 00 01 00 00 00 00
  send+050: 00 00 00 00 00 00 00 00 00 00 00 00 00 00 00 00
  send+060: 01 00 00 00
[trap] num=-12 (0xfffffffffffffff4) pc=0x1804adaa8 args=[0x203,0xa00664000,0x100000,0x160300000203,0x12cb00000000,0x160300000001,0x34,0x0]
[trap] num=116 (0x74) pc=0x1804b1b60 args=[0x27fac50,0x0,0x0,0xfffffc088,0x12cb00000000,0x160300000001,0x34,0x0]
[trap] num=-15 (0xfffffffffffffff1) pc=0x1804adacc args=[0x203,0x27fad18,0x408000,0x0,0x1000001,0x3,0x0,0x0]
[trap] num=74 (0x4a) pc=0x1804b1b04 args=[0x4c000,0x4000,0x0,0x40000000,0x0,0x3,0x0,0x0]
[trap] num=74 (0x4a) pc=0x1804b1b04 args=[0x450000,0x4000,0x0,0x40000000,0x0,0x3,0x0,0x0]
[trap] num=-15 (0xfffffffffffffff1) pc=0x1804adacc args=[0x203,0x27fad98,0x400000,0x0,0x7004000,0x3,0x0,0x0]
[trap] num=-89 (0xffffffffffffffa7) pc=0x1804add00 args=[0x1ec705d78,0x180327210,0x0,0x1804f8a08,0x7004000,0x3,0x0,0x0]
[trap] num=-15 (0xfffffffffffffff1) pc=0x1804adacc args=[0x203,0x27fad88,0x3e000,0x0,0x1000001,0x3,0x0,0x0]
[trap] num=-47 (0xffffffffffffffd1) pc=0x1804adc34 args=[0x27face0,0x200000003,0x2800001513,0x160300000203,0x12d600000000,0x160300000000,0x3c,0x0]
[mach_msg2] msgh_id=4822 dest=0x203 reply=0x1603 options=0x200000003 bits=0x1513 send_size=40 rcv_size=60
  send+000: 13 15 00 00 28 00 00 00 03 02 00 00 03 16 00 00
  send+010: 00 00 00 00 d6 12 00 00 00 00 00 00 01 00 00 00
  send+020: f8 03 00 00 f8 03 40 00
[trap] num=-10 (0xfffffffffffffff6) pc=0x1804ada90 args=[0x203,0x27fa6d8,0x4000,0x1,0x180327599,0x27fad90,0x3c,0x0]
[trap] num=336 (0x150) pc=0x1804af110 args=[0x2,0x10bee,0x11,0x0,0x27fa6b8,0x38,0x180327461,0xa0088c028]
[trap] num=97 (0x61) pc=0x1804b1fa0 args=[0x1,0x2,0x0,0x103,0x27fa6b8,0x38,0x0,0xa0088c028]
[trap] num=92 (0x5c) pc=0x1804ae8c4 args=[0x3,0x2,0x1,0x103,0x27fa6b8,0x38,0x0,0xa0088c028]
[trap] num=98 (0x62) pc=0x1804b2364 args=[0x3,0x27f9ce6,0x6a,0x27f9cf8,0x27fa6b8,0x38,0x676f6c7379732f,0xa0088c028]
[trap] num=133 (0x85) pc=0x1804b2390 args=[0x3,0x27f9df0,0xfa,0x0,0x0,0x0,0x0,0xa0088c028]
[trap] num=-12 (0xfffffffffffffff4) pc=0x1804adaa8 args=[0x203,0xa0088c000,0x4000,0x0,0x0,0x0,0x0,0xa0088c028]
[trap] num=-47 (0xffffffffffffffd1) pc=0x1804adc34 args=[0x27fac78,0x200000003,0x6480001513,0x160300000203,0x12cb00000000,0x160300000001,0x34,0x0]
[mach_msg2] msgh_id=4811 dest=0x203 reply=0x1603 options=0x200000003 bits=0x80001513 send_size=100 rcv_size=52
  send+000: 13 15 00 80 64 00 00 00 03 02 00 00 03 16 00 00
  send+010: 00 00 00 00 cb 12 00 00 01 00 00 00 00 00 00 00
  send+020: 00 00 00 00 00 00 13 00 00 00 00 00 01 00 00 00
  send+030: 00 00 00 00 04 00 00 00 00 00 00 00 06 00 00 00
  send+040: 00 00 00 00 00 00 00 00 00 00 00 00 00 00 00 00
  send+050: 00 00 00 00 00 00 00 00 00 00 00 00 00 00 00 00
  send+060: 01 00 00 00
[trap] num=116 (0x74) pc=0x1804b1b60 args=[0x27fab60,0x0,0x0,0xfffffc088,0x0,0x700,0xa0068f378,0x0]
[trap] num=-15 (0xfffffffffffffff1) pc=0x1804adacc args=[0x203,0x27fb1b8,0x4000,0x0,0x1000001,0x3,0x0,0x0]
[trap] num=74 (0x4a) pc=0x1804b1b04 args=[0xa006a4000,0x4000,0x1,0xa006a4008,0x1000001,0x3,0x0,0x0]
[trap] num=-14 (0xfffffffffffffff2) pc=0x1801155b8 args=[0x203,0x1ec444000,0x24000,0x0,0x3,0x3,0x0,0x0]
[trap] num=-14 (0xfffffffffffffff2) pc=0x1801155b8 args=[0x203,0x1ec444000,0x24000,0x0,0x1,0x3,0x0,0x0]
[trap] num=327 (0x147) pc=0x1804ad92c args=[0x10bee,0x3,0x103,0x103,0x1,0x3,0x0,0x0]
[trap] num=-47 (0xffffffffffffffd1) pc=0x1804adc34 args=[0x27fb2bc,0x200000003,0x7400001513,0x160300000203,0x1f4000000000,0x160300000000,0x2c,0x0]
[mach_msg2] msgh_id=8000 dest=0x203 reply=0x1603 options=0x200000003 bits=0x1513 send_size=116 rcv_size=44
  send+000: 13 15 00 00 74 00 00 00 03 02 00 00 03 16 00 00
  send+010: 00 00 00 00 40 1f 00 00 00 00 00 00 01 00 00 00
  send+020: 05 00 00 00 88 5c 09 80 01 00 00 00 78 00 78 00
  send+030: 00 00 00 00 20 58 09 80 01 00 00 00 5c 00 5c 00
  send+040: 00 00 00 00 38 5a 09 80 01 00 00 00 5c 00 5c 00
  send+050: 00 00 00 00 00 59 09 80 01 00 00 00 78 00 78 00
  send+060: 00 00 00 00 b8 5a 09 80 01 00 00 00 78 00 78 00
  send+070: 00 00 00 00
[trap] num=-47 (0xffffffffffffffd1) pc=0x1804adc34 args=[0x27fb6c0,0x200000003,0x1800001513,0x160300000203,0x1f4100000000,0x160300000000,0x2c,0x0]
[mach_msg2] msgh_id=8001 dest=0x203 reply=0x1603 options=0x200000003 bits=0x1513 send_size=24 rcv_size=44
  send+000: 13 15 00 00 18 00 00 00 03 02 00 00 03 16 00 00
  send+010: 00 00 00 00 41 1f 00 00
[trap] num=-14 (0xfffffffffffffff2) pc=0x1801155b8 args=[0x203,0x1ec444000,0x24000,0x0,0x3,0x53,0x2c,0x0]
[trap] num=-15 (0xfffffffffffffff1) pc=0x1804adacc args=[0x203,0x27f4ff8,0x8000,0x0,0x1000001,0x3,0x0,0x0]
[trap] num=-15 (0xfffffffffffffff1) pc=0x1804adacc args=[0x203,0x27f5058,0x8000,0x0,0xb004000,0x3,0x0,0x0]
[trap] num=116 (0x74) pc=0x1804b1b60 args=[0x27f4f40,0x0,0x0,0xfffffc088,0x8,0x41,0x0,0xb40]
[trap] num=116 (0x74) pc=0x1804b1b60 args=[0x27f4e90,0x0,0x0,0xfffffc088,0x8,0x41,0x6de6390dd4c8ed70,0xb40]
[trap] num=116 (0x74) pc=0x1804b1b60 args=[0x27f4e90,0x0,0x0,0xfffffc088,0x8,0x41,0x4b7ef6ca20f8277b,0xb40]
[trap] num=116 (0x74) pc=0x1804b1b60 args=[0x27f4e90,0x0,0x0,0xfffffc088,0x8,0x41,0xfbf6601a7ede44cd,0xb40]
[trap] num=116 (0x74) pc=0x1804b1b60 args=[0x27f4e90,0x0,0x0,0xfffffc088,0x8,0x41,0x3a2adf8a086449c8,0xb40]
[trap] num=116 (0x74) pc=0x1804b1b60 args=[0x27f4e90,0x0,0x0,0xfffffc088,0x8,0x41,0x6397b1545e7a0629,0xb40]
[trap] num=116 (0x74) pc=0x1804b1b60 args=[0x27f4e90,0x0,0x0,0xfffffc088,0x8,0x41,0x8327d5acd6966bad,0xb40]
[trap] num=116 (0x74) pc=0x1804b1b60 args=[0x27f4e90,0x0,0x0,0xfffffc088,0x8,0x41,0xb0e19b967e76cb8b,0xb40]
[trap] num=116 (0x74) pc=0x1804b1b60 args=[0x27f4e90,0x0,0x0,0xfffffc088,0x8,0x41,0xdf94bada0e8ae8aa,0xb40]
[trap] num=116 (0x74) pc=0x1804b1b60 args=[0x27f4e90,0x0,0x0,0xfffffc088,0x8,0x41,0xf58b4a5d74b85539,0xb40]
[trap] num=-15 (0xfffffffffffffff1) pc=0x1804adacc args=[0x203,0x27f4de8,0x400000,0x0,0x2004000,0x3,0x0,0x0]
[trap] num=-15 (0xfffffffffffffff1) pc=0x1804adacc args=[0x203,0x27f4d38,0x80000,0x3fff,0x1000001,0x3,0x0,0x0]
[trap] num=-14 (0xfffffffffffffff2) pc=0x1801155b8 args=[0x203,0x1ec444000,0x24000,0x0,0x1,0x0,0xffffffffbfc007ff,0xfffff0003ffff800]
[trap] num=202 (0xca) pc=0x1804af460 args=[0x27fb6b0,0x2,0x27fb678,0x27fb670,0x180205f3c,0x15,0xffffffffbfc007ff,0xfffff0003ffff800]
[trap] num=202 (0xca) pc=0x1804af460 args=[0x27fb678,0x2,0x27fb730,0x27fb720,0x0,0x0,0xffffffffbfc007ff,0xfffff0003ffff800]
[trap] num=202 (0xca) pc=0x1804af460 args=[0x27fb6b0,0x2,0x27fb678,0x27fb670,0x180205f9b,0x16,0xffffffffbfc007ff,0xfffff0003ffff800]
[trap] num=202 (0xca) pc=0x1804af460 args=[0x27fb678,0x2,0x27fb730,0x27fb720,0x0,0x0,0xffffffffbfc007ff,0xfffff0003ffff800]
[trap] num=202 (0xca) pc=0x1804af460 args=[0x27fb6b0,0x2,0x27fb678,0x27fb670,0x180205f3c,0x15,0xffffffffbfc007ff,0xfffff0003ffff800]
[trap] num=202 (0xca) pc=0x1804af460 args=[0x27fb678,0x2,0x27fb730,0x27fb720,0x0,0x0,0xffffffffbfc007ff,0xfffff0003ffff800]
[trap] num=-47 (0xffffffffffffffd1) pc=0x1804adc34 args=[0x27fb750,0x200000003,0x2400001513,0x160300000203,0xd5100000000,0x160300000000,0x30,0x0]
[mach_msg2] msgh_id=3409 dest=0x203 reply=0x1603 options=0x200000003 bits=0x1513 send_size=36 rcv_size=48
  send+000: 13 15 00 00 24 00 00 00 03 02 00 00 03 16 00 00
  send+010: 00 00 00 00 51 0d 00 00 00 00 00 00 01 00 00 00
  send+020: 04 00 00 00
[trap] num=-19 (0xffffffffffffffed) pc=0x1804adaf0 args=[0x203,0x1403,0x0,0x1,0xd5100000000,0x160300000000,0x30,0x0]
[trap] num=-19 (0xffffffffffffffed) pc=0x1804adaf0 args=[0x203,0x1403,0x0,0x1,0xd5100000000,0x160300000000,0x30,0x0]
[trap] num=-19 (0xffffffffffffffed) pc=0x1804adaf0 args=[0x203,0x1403,0x0,0x1,0x0,0x160300000000,0x30,0x0]
[trap] num=-15 (0xfffffffffffffff1) pc=0x1804adacc args=[0x203,0x27f9c08,0x400000,0x0,0x2004000,0x3,0x0,0x0]
[trap] num=-14 (0xfffffffffffffff2) pc=0x1801155b8 args=[0x203,0x1ec444000,0x24000,0x0,0x3,0x27fb57f,0xffffffffbfc007ff,0xa0]
[trap] num=-14 (0xfffffffffffffff2) pc=0x1801155b8 args=[0x203,0x1ec444000,0x24000,0x0,0x1,0x27fb57f,0xffffffffbfc007ff,0xa0]
[trap] num=5 (0x5) pc=0x180119f50 args=[0x63a80,0x0,0x0,0x63a80,0x0,0x27fb57f,0x0,0xa0]
[trap] num=92 (0x5c) pc=0x1801180d8 args=[0x4,0x32,0x27fb048,0x63a80,0x0,0x27fb57f,0x0,0xa0]
[trap] num=6 (0x6) pc=0x180116750 args=[0x4,0x32,0x27fb048,0x63a80,0x0,0x27fb57f,0x0,0xa0]
[trap] num=220 (0xdc) pc=0x1804ae63c args=[0x63a80,0x27fb070,0x27fb08c,0x40c,0x0,0x27fb57f,0x0,0xa0]
[trap] num=33 (0x21) pc=0x1804ae668 args=[0x63b00,0x4,0x63990,0x63a20,0x0,0x56,0x0,0x470]
[M28 BANDSHRINK] syscall 33 band past ipa 0x63990 len 65536 shrunk 64 -> 0 by an overlapping window of the same call
[M28 BANDSHRINK] syscall 33 band past ipa 0x63a20 len 65536 shrunk 64 -> 0 by an overlapping window of the same call
[trap] num=5 (0x5) pc=0x1804ae694 args=[0x63b00,0x0,0x0,0x63a20,0x0,0x56,0x0,0x470]
[M28 BANDSHRINK] syscall 5 band past ipa 0x63a20 len 65536 shrunk 64 -> 0 by an overlapping window of the same call
[trap] num=339 (0x153) pc=0x1804bc288 args=[0x4,0x63990,0x0,0x63a20,0x0,0x56,0x0,0x470]
[M28 BANDSHRINK] syscall 339 band past ipa 0x63990 len 65536 shrunk 64 -> 0 by an overlapping window of the same call
[trap] num=483 (0x1e3) pc=0x1804ae6f0 args=[0x0,0x27fb29c,0x4,0x63a20,0x0,0x56,0x0,0x470]
[trap] num=228 (0xe4) pc=0x1804b1694 args=[0x4,0x27fb360,0x27fb2c0,0x28,0x0,0x56,0x0,0x470]
[trap] num=381 (0x17d) pc=0x1804af730 args=[0x18df1ac55,0x2,0x27fb2c0,0x28,0x0,0x56,0x0,0x470]
[m47] num=381 args=[0x18df1ac55,0x2,0x27fb2c0] policy="Sandbox" op="file-write-data" ret=0x16 err=true writes=0
[trap] num=92 (0x5c) pc=0x1804ae8c4 args=[0x4,0x32,0x27fafb8,0x27fb378,0x27fb000,0x56,0x0,0x470]
[trap] num=6 (0x6) pc=0x1804ae8f0 args=[0x4,0x27fafeb,0x0,0x63b73,0x0,0x56,0x0,0x470]
[trap] num=5 (0x5) pc=0x1804ae694 args=[0x63b80,0x0,0x0,0x63bbd,0x18020b535,0x27fb480,0x74,0x470]
[M28 BANDSHRINK] syscall 5 band past ipa 0x63b80 len 65536 shrunk 64 -> 0 by an overlapping window of the same call
[trap] num=336 (0x150) pc=0x1804af110 args=[0x2,0x10bee,0xd,0x1,0x27fb6f0,0x40,0x74,0x470]
[trap] num=-24 (0xffffffffffffffe8) pc=0x1804adb2c args=[0x203,0x27fb7b0,0x71b75ace,0x27fb7ac,0x0,0x5,0x0,0x0]
[trap] num=-47 (0xffffffffffffffd1) pc=0x1804adc34 args=[0x27fb748,0x200000003,0x3480001513,0x160300000203,0xd5200000000,0x160300000001,0x2c,0x0]
[mach_msg2] msgh_id=3410 dest=0x203 reply=0x1603 options=0x200000003 bits=0x80001513 send_size=52 rcv_size=44
  send+000: 13 15 00 80 34 00 00 00 03 02 00 00 03 16 00 00
  send+010: 00 00 00 00 52 0d 00 00 01 00 00 00 03 13 00 00
  send+020: 00 00 00 00 00 00 13 00 00 00 00 00 01 00 00 00
  send+030: 0a 00 00 00
[trap] num=-47 (0xffffffffffffffd1) pc=0x1804adc34 args=[0x27fb4c8,0x200000003,0x2800001513,0x160300000203,0xd4d00000000,0x160300000000,0x1a8,0x0]
[mach_msg2] msgh_id=3405 dest=0x203 reply=0x1603 options=0x200000003 bits=0x1513 send_size=40 rcv_size=424
  send+000: 13 15 00 00 28 00 00 00 03 02 00 00 03 16 00 00
  send+010: 00 00 00 00 4d 0d 00 00 00 00 00 00 01 00 00 00
  send+020: 0f 00 00 00 08 00 00 00
[retrace] forwarding mach_msg2 task_info (msgh_id 3405) to host (decided allowlist)
[mach_msg2] host ret=0x0 err=false
  reply@0x27fb4c8+000: 00 12 00 00 48 00 00 00 00 00 00 00 03 16 00 00
  reply@0x27fb4c8+010: 00 00 00 00 b1 0d 00 00 00 00 00 00 01 00 00 00
  reply@0x27fb4c8+020: 00 00 00 00 08 00 00 00 f5 01 00 00 f5 01 00 00
  reply@0x27fb4c8+030: 14 00 00 00 f5 01 00 00 14 00 00 00 ee 0b 01 00
  reply@0x27fb4c8+040: b9 86 01 00 19 eb 48 00 00 00 00 00 08 00 00 00
  reply@0x27fb4c8+050: 00 00 00 00 00 00 00 00 00 00 00 00 00 00 00 00
  reply@0x27fb4c8+060: 00 00 00 00 00 00 00 00 00 00 00 00 00 00 00 00
  reply@0x27fb4c8+070: 00 00 00 00 00 00 00 00 00 00 00 00 00 00 00 00
  reply@0x27fb4c8+080: 00 00 00 00 00 00 00 00 00 00 00 00 00 00 00 00
  reply@0x27fb4c8+090: 00 00 00 00 00 00 00 00 00 00 00 00 00 00 00 00
  reply@0x27fb4c8+0a0: 00 00 00 00 00 00 00 00 00 00 00 00 00 00 00 00
  reply@0x27fb4c8+0b0: 00 00 00 00 00 00 00 00 00 00 00 00 00 00 00 00
  reply@0x27fb4c8+0c0: 00 00 00 00 00 00 00 00 00 00 00 00 00 00 00 00
  reply@0x27fb4c8+0d0: 00 00 00 00 00 00 00 00 00 00 00 00 00 00 00 00
  reply@0x27fb4c8+0e0: 00 00 00 00 00 00 00 00 00 00 00 00 00 00 00 00
  reply@0x27fb4c8+0f0: 00 00 00 00 00 00 00 00 00 00 00 00 00 00 00 00
[trap] num=170 (0xaa) pc=0x1804ae5d0 args=[0x10bee,0x10,0x27fb2e0,0x408,0x10478,0x160300000000,0x48eb19000186b9,0x0]
[trap] num=202 (0xca) pc=0x1804af460 args=[0x27fb6e0,0x2,0x27fb6a8,0x27fb6a0,0x1844cfba7,0x15,0x72,0x400]
[trap] num=202 (0xca) pc=0x1804af460 args=[0x27fb6a8,0x2,0x27fb738,0x27fb730,0x0,0x0,0x72,0x400]
[trap] num=-14 (0xfffffffffffffff2) pc=0x1801155b8 args=[0x203,0x1ec444000,0x24000,0x0,0x3,0x0,0x0,0x0]
[trap] num=-15 (0xfffffffffffffff1) pc=0x1801155c4 args=[0x203,0x27fb390,0x20000,0x3fff,0x3c000001,0x3,0x0,0x0]
[trap] num=-12 (0xfffffffffffffff4) pc=0x1801155a0 args=[0x203,0x1003c0000,0x20000,0x103,0xffffffff13f7dfd0,0x10,0x63,0x0]
[trap] num=-14 (0xfffffffffffffff2) pc=0x1801155b8 args=[0x203,0x1ec444000,0x24000,0x0,0x1,0x0,0x0,0x0]
[trap] num=-14 (0xfffffffffffffff2) pc=0x1801155b8 args=[0x203,0x1ec444000,0x24000,0x0,0x3,0x0,0x0,0x0]
[trap] num=-14 (0xfffffffffffffff2) pc=0x1801155b8 args=[0x203,0x1ec444000,0x24000,0x0,0x1,0x0,0x0,0x0]
[trap] num=-14 (0xfffffffffffffff2) pc=0x1801155b8 args=[0x203,0x1ec444000,0x24000,0x0,0x3,0x0,0x0,0x0]
[trap] num=-14 (0xfffffffffffffff2) pc=0x1801155b8 args=[0x203,0x1ec444000,0x24000,0x0,0x1,0x0,0x0,0x0]
[trap] num=-14 (0xfffffffffffffff2) pc=0x1801155b8 args=[0x203,0x1ec444000,0x24000,0x0,0x3,0x0,0x0,0x0]
[trap] num=-14 (0xfffffffffffffff2) pc=0x1801155b8 args=[0x203,0x1ec444000,0x24000,0x0,0x1,0x0,0x0,0x0]
[trap] num=-14 (0xfffffffffffffff2) pc=0x1801155b8 args=[0x203,0x1ec444000,0x24000,0x0,0x3,0x0,0x0,0x0]
[trap] num=-14 (0xfffffffffffffff2) pc=0x1801155b8 args=[0x203,0x1ec444000,0x24000,0x0,0x1,0x0,0x0,0x0]
[trap] num=-14 (0xfffffffffffffff2) pc=0x1801155b8 args=[0x203,0x1ec444000,0x24000,0x0,0x3,0x0,0x0,0x0]
[trap] num=25 (0x19) pc=0x1804af050 args=[0x1edd8d978,0x180533098,0x180533098,0x103,0x1ec445388,0x0,0x0,0x0]
[trap] num=24 (0x18) pc=0x1804af858 args=[0x1f5,0x180533098,0x180533098,0x103,0x1ec445388,0x0,0x0,0x0]
[trap] num=202 (0xca) pc=0x1804af460 args=[0x27fa550,0x4,0x27fa560,0x27fa548,0x0,0x0,0x0,0x0]
[trap] num=286 (0x11e) pc=0x1804af884 args=[0x27fa800,0x27fa804,0x1805331c8,0x27fa548,0x0,0x0,0x0,0x0]
[trap] num=25 (0x19) pc=0x1804af050 args=[0xffffffffffffffff,0xffffffffffffffff,0x1805331c8,0x27fa548,0x0,0x0,0x0,0x0]
[trap] num=43 (0x2b) pc=0x1804af8b0 args=[0x1f5,0xffffffffffffffff,0x1805331c8,0x27fa548,0x0,0x0,0x0,0x0]
[trap] num=169 (0xa9) pc=0x1804af8dc args=[0x10bee,0x10,0x27f9d80,0x408,0x408,0x0,0x0,0x3f0]
[trap] num=169 (0xa9) pc=0x1804af8dc args=[0x10bee,0x10,0x27f9ea0,0x408,0x408,0x73,0x72,0x400]
[trap] num=-19 (0xffffffffffffffed) pc=0x1804adaf0 args=[0x203,0x1403,0x0,0x1,0x0,0x58,0x65,0x400]
[trap] num=-50 (0xffffffffffffffce) pc=0x1804adc58 args=[0x1ec6fbd20,0x103,0x103,0x0,0x6,0x0,0x73,0x400]
[trap] num=-29 (0xffffffffffffffe3) pc=0x1804adb68 args=[0x0,0x18035aad8,0x18035aad8,0x662e8,0x0,0x13,0x0,0x400]
[trap] num=-47 (0xffffffffffffffd1) pc=0x1804adc34 args=[0x27f9e80,0x200000003,0x2800001513,0x160300000b03,0x19c00000000,0x160300000000,0x30,0x0]
[mach_msg2] msgh_id=412 dest=0xb03 reply=0x1603 options=0x200000003 bits=0x1513 send_size=40 rcv_size=48
  send+000: 13 15 00 00 28 00 00 00 03 0b 00 00 03 16 00 00
  send+010: 00 00 00 00 9c 01 00 00 00 00 00 00 01 00 00 00
  send+020: ff ff ff ff 01 00 00 00
[retrace] forwarding mach_msg2 host_get_special_port (msgh_id 412) to host (decided allowlist)
[mach_msg2] host ret=0x0 err=false
  reply@0x27f9e80+000: 00 12 00 00 24 00 00 00 00 00 00 00 03 16 00 00
  reply@0x27f9e80+010: 00 00 00 00 00 02 00 00 00 00 00 00 01 00 00 00
  reply@0x27f9e80+020: 04 00 00 00 00 00 00 00 08 00 00 00 00 00 00 00
  reply@0x27f9e80+030: 00 19 06 00 00 00 00 00 03 0b 00 00 00 00 00 00
  reply@0x27f9e80+040: f0 9e 7f 02 00 00 00 00 08 ab 35 80 01 00 00 00
  reply@0x27f9e80+050: 03 14 00 00 00 00 00 00 e0 3f 06 00 00 00 00 00
  reply@0x27f9e80+060: 00 19 06 00 00 00 00 00 f0 fa 6f ec 01 00 00 00
  reply@0x27f9e80+070: 00 9f 7f 02 00 00 00 00 b0 04 35 80 01 00 00 00
  reply@0x27f9e80+080: 20 9f 7f 02 00 00 00 00 30 96 33 80 01 00 00 00
  reply@0x27f9e80+090: 00 19 06 00 00 00 00 00 28 f9 6f ec 01 00 00 00
  reply@0x27f9e80+0a0: 30 9f 7f 02 00 00 00 00 cc aa 35 80 01 00 00 00
  reply@0x27f9e80+0b0: 50 9f 7f 02 00 00 00 00 34 c5 35 80 01 00 00 00
  reply@0x27f9e80+0c0: 2e 00 00 00 00 00 00 00 6e 0a 2f a6 00 00 00 00
  reply@0x27f9e80+0d0: 60 9f 7f 02 00 00 00 00 b0 04 35 80 01 00 00 00
  reply@0x27f9e80+0e0: 80 9f 7f 02 00 00 00 00 30 96 33 80 01 00 00 00
  reply@0x27f9e80+0f0: 00 19 06 00 00 00 00 00 e8 62 06 00 00 00 00 00
[trap] num=-70 (0xffffffffffffffba) pc=0x1804adcc4 args=[0xb03,0x180373fb0,0x10,0x27f9f4c,0x19c00000000,0x160300000000,0x30,0x0]
[trap] num=-47 (0xffffffffffffffd1) pc=0x1804adc34 args=[0x662e8,0x403114207,0xf880131513,0x200300001403,0x400000cf00001d03,0x200300000001,0xf8,0x0]
[mach_msg2] msgh_id=1073742031 dest=0x1403 reply=0x2003 options=0x403114207 bits=0x80131513 send_size=248 rcv_size=248
  send+000: 13 15 13 80 f8 00 00 00 03 14 00 00 03 20 00 00
  send+010: 03 1d 00 00 cf 00 00 40 01 00 00 00 03 14 00 00
  send+020: 00 00 00 00 00 00 13 00 43 50 58 40 05 00 00 00
  send+030: 00 f0 00 00 c0 00 00 00 07 00 00 00 68 61 6e 64
  send+040: 6c 65 00 00 00 40 00 00 00 00 00 00 00 00 00 00
  send+050: 69 6e 73 74 61 6e 63 65 00 00 00 00 00 a0 00 00
  send+060: 00 00 00 00 00 00 00 00 00 00 00 00 00 00 00 00
  send+070: 66 6c 61 67 73 00 00 00 00 40 00 00 08 00 00 00
  send+080: 00 00 00 00 6e 61 6d 65 00 00 00 00 00 90 00 00
  send+090: 25 00 00 00 63 6f 6d 2e 61 70 70 6c 65 2e 73 79
  send+0a0: 73 74 65 6d 2e 6e 6f 74 69 66 69 63 61 74 69 6f
  send+0b0: 6e 5f 63 65 6e 74 65 72 00 00 00 00 74 79 70 65
  send+0c0: 00 00 00 00 00 40 00 00 07 00 00 00 00 00 00 00
  send+0d0: 74 61 72 67 65 74 70 69 64 00 00 00 00 30 00 00
  send+0e0: 00 00 00 00 00 00 00 00 64 6f 6d 61 69 6e 2d 70
  send+0f0: 6f 72 74 00 00 d0 00 00
[retrace] refusing mach_msg2 message-queue send (msgh_id 0x400000cf dest 0x1403 send_size 248): the box hosts no message-queue receivers
[trap] num=-18 (0xffffffffffffffee) pc=0x1804adae4 args=[0x203,0x1403,0x1801c8220,0x66110,0x66180,0x200300000001,0xf8,0x0]
[M28 BANDSHRINK] syscall -18 band past ipa 0x66110 len 65536 shrunk 64 -> 0 by an overlapping window of the same call
[trap] num=327 (0x147) pc=0x1804ad92c args=[0x0,0x103,0x103,0x103,0x0,0x0,0x0,0x0]
[trap] num=327 (0x147) pc=0x1804ad92c args=[0x0,0x103,0x103,0x103,0x2,0x63,0x0,0x0]
[trap] num=327 (0x147) pc=0x1804ad92c args=[0x0,0x0,0x0,0x103,0x2,0x63,0x0,0x0]
[trap] num=25 (0x19) pc=0x1804af050 args=[0x1ec7182a0,0x0,0x1f5,0x2,0x66080,0x0,0x65,0x400]
[trap] num=194 (0xc2) pc=0x1804b00c8 args=[0x1008,0x27fa638,0x1804edb6c,0x2,0x66080,0x0,0x65,0x400]
[trap] num=398 (0x18e) pc=0x1804ae948 args=[0x18052cc13,0x0,0x0,0x2,0x66080,0x0,0x65,0x400]
[trap] num=339 (0x153) pc=0x1804bc288 args=[0x4,0x27fa640,0x120a8,0x1ec7035c0,0x27fa7b8,0x27fa7b0,0x65,0x400]
[trap] num=339 (0x153) pc=0x1804bc288 args=[0x4,0x27f9530,0x27f95f4,0x1ec7035c0,0x27fa7b8,0x27fa7b0,0x65,0x400]
[trap] num=396 (0x18c) pc=0x1804afcac args=[0x4,0x66100,0x1000,0x100,0x0,0x27fa7b0,0x65,0x400]
[trap] num=396 (0x18c) pc=0x1804afcac args=[0x4,0x66100,0x1000,0x27f96d5,0x700c18080,0x27fa4b7,0x65,0xfffff0007ffff800]
[trap] num=396 (0x18c) pc=0x1804afcac args=[0x4,0x66100,0x1000,0x27f96ca,0x700c18080,0x27fa4b7,0x61,0xfffff0007ffff800]
[trap] num=396 (0x18c) pc=0x1804afcac args=[0x4,0x66100,0x1000,0xa,0x701008080,0x27fa4b7,0x0,0xfffff0007ffff800]
[trap] num=399 (0x18f) pc=0x1804af584 args=[0x4,0x0,0x1804edb6c,0xa,0x701008080,0x27fa4b7,0x0,0xfffff0007ffff800]
[trap] num=169 (0xa9) pc=0x1804af8dc args=[0x10bee,0x0,0x27fb594,0x4,0x701001e00,0x0,0xffffffffbfc007ff,0xfffff0003ffff800]
[trap] num=327 (0x147) pc=0x1804ad92c args=[0x0,0x1edd85ee8,0x180503ca0,0x1f5,0x2,0x0,0x0,0xfffff0007ffff800]
[trap] num=25 (0x19) pc=0x1804af050 args=[0x1ec7182a0,0x0,0x1f5,0x2,0x66200,0x0,0x65,0xfffff0003ffff800]
[trap] num=194 (0xc2) pc=0x1804b00c8 args=[0x1008,0x27fa608,0x1804edb6c,0x2,0x66200,0x0,0x65,0xfffff0003ffff800]
[trap] num=398 (0x18e) pc=0x1804ae948 args=[0x18052cc13,0x0,0x0,0x2,0x66200,0x0,0x65,0xfffff0003ffff800]
[trap] num=339 (0x153) pc=0x1804bc288 args=[0x4,0x27fa610,0x120a8,0x1ec7035c0,0x27fa788,0x27fa780,0x65,0xfffff0003ffff800]
[trap] num=339 (0x153) pc=0x1804bc288 args=[0x4,0x27f9500,0x27f95c4,0x1ec7035c0,0x27fa788,0x27fa780,0x65,0xfffff0003ffff800]
[trap] num=396 (0x18c) pc=0x1804afcac args=[0x4,0x701014000,0x1000,0x1,0x0,0x1,0x0,0x0]
[trap] num=396 (0x18c) pc=0x1804afcac args=[0x4,0x701014000,0x1000,0x27f96a5,0x700c18080,0x0,0x65,0xfffff0003ffff800]
[trap] num=396 (0x18c) pc=0x1804afcac args=[0x4,0x701014000,0x1000,0x27f969a,0x700c18080,0x0,0x61,0xfffff0003ffff800]
[trap] num=396 (0x18c) pc=0x1804afcac args=[0x4,0x701014000,0x1000,0xa,0x701008080,0x0,0x0,0xfffff0003ffff800]
[M28 BANDSHRINK] syscall 396 band past ipa 0x701008080 len 65536 shrunk 64 -> 0 by an overlapping window of the same call
[trap] num=399 (0x18f) pc=0x1804af584 args=[0x4,0x0,0x1804edb6c,0xa,0x701008080,0x0,0x0,0xfffff0003ffff800]
[trap] num=327 (0x147) pc=0x1804ad92c args=[0x0,0x100,0x193c16a30,0x27ffe40,0x1ec445388,0x0,0x0,0x0]
[trap] num=169 (0xa9) pc=0x1804af8dc args=[0x10bee,0x0,0x27fb4b8,0x4,0x1ec445388,0x0,0x0,0x0]
[trap] num=327 (0x147) pc=0x1804ad92c args=[0x1,0x194057bf0,0xf,0x1804f8a01,0x1ec445388,0x0,0x0,0x0]
[trap] num=169 (0xa9) pc=0x1804af8dc args=[0x10bee,0x0,0x27fb4bc,0x4,0x1ec445388,0x0,0x0,0x0]
[trap] num=54 (0x36) pc=0x1804b2338 args=[0x1,0x4004667a,0x27fb43c,0x4,0x1ec445388,0x0,0x0,0x0]
[trap] num=54 (0x36) pc=0x1804b2338 args=[0x1,0x40487413,0x27fb440,0x4,0x1ec445388,0x0,0x0,0x0]
[trap] num=54 (0x36) pc=0x1804b2338 args=[0x1,0x4004667a,0x27fb43c,0x4,0x1ec445388,0x0,0x0,0x0]
[trap] num=54 (0x36) pc=0x1804b2338 args=[0x1,0x40487413,0x27fb440,0x4,0x1ec445388,0x0,0x0,0x0]
[trap] num=116 (0x74) pc=0x1804b1b60 args=[0x27fb310,0x0,0x0,0xfffffc088,0x1ec445388,0x0,0x0,0x0]
[trap] num=116 (0x74) pc=0x1804b1b60 args=[0x27fb310,0x0,0x0,0xfffffc088,0x1ec445388,0x0,0x9e2adbf8c990b1ac,0x0]
[trap] num=483 (0x1e3) pc=0x1804ae6f0 args=[0x0,0x27fb56c,0x4,0x27ffe40,0x1ec445388,0x0,0x0,0x0]
[trap] num=-15 (0xfffffffffffffff1) pc=0x1801155c4 args=[0x203,0x27fb410,0x20000,0x3fff,0x3c000001,0x3,0x0,0x0]
[trap] num=-12 (0xfffffffffffffff4) pc=0x1801155a0 args=[0x203,0x1003c0000,0x20000,0x103,0xffffffff13f7dfd0,0x10,0x63,0x0]
[trap] num=-14 (0xfffffffffffffff2) pc=0x1801155b8 args=[0x203,0x1ec444000,0x24000,0x0,0x1,0x10,0x63,0x0]
[trap] num=116 (0x74) pc=0x1804b1b60 args=[0x27ff6e0,0x0,0x0,0xfffffc088,0x1,0x10,0x63,0x0]
[trap] num=5 (0x5) pc=0x1804ae694 args=[0x1002878e6,0x2,0x0,0xfffffc088,0x1,0x10,0x63,0x0]
[trap] num=6 (0x6) pc=0x1804ae8f0 args=[0x4,0x2,0x0,0xfffffc088,0x1,0x10,0x63,0x0]
[trap] num=48 (0x30) pc=0x1804b13d8 args=[0x2,0x27ff74c,0x0,0xfffffc088,0x1,0x10,0x63,0x0]
[trap] num=46 (0x2e) pc=0x1804b4478 args=[0xd,0x27ff6d8,0x27ff700,0xfffffc088,0x1,0x10,0x63,0x0]
[trap] num=33 (0x21) pc=0x1804ae668 args=[0x6a790,0x4,0x0,0x6a7d7,0x10027b3f7,0x27ff570,0x6769666e6f637469,0xfffff0003ffff800]
[M28 BANDSHRINK] syscall 33 band past ipa 0x6a790 len 65536 shrunk 64 -> 0 by an overlapping window of the same call
[trap] num=194 (0xc2) pc=0x1804b00c8 args=[0x1008,0x27ff3f8,0x1804edb6c,0x7,0x0,0x27ff570,0x6769666e6f637469,0xfffff0003ffff800]
[trap] num=398 (0x18e) pc=0x1804ae948 args=[0x6a790,0x0,0x0,0x7,0x0,0x27ff570,0x6769666e6f637469,0xfffff0003ffff800]
[trap] num=339 (0x153) pc=0x1804bc288 args=[0x4,0x27ff4c0,0x120a8,0x7,0x0,0x27ff570,0x6769666e6f637469,0xfffff0003ffff800]
[trap] num=339 (0x153) pc=0x1804bc288 args=[0x4,0x27ff260,0x27ff324,0x6b42f,0xfffffffffffff368,0x18,0x7,0x0]
[trap] num=396 (0x18c) pc=0x1804afcac args=[0x4,0x701016000,0x1000,0xa0066b180,0x701016000,0x0,0xffffffffbfc007ff,0xfffff0003ffff800]
[trap] num=396 (0x18c) pc=0x1804afcac args=[0x4,0x701016000,0x1000,0xfffffffffffffff2,0x69,0x63,0xffffffffbfc007ff,0x370]
[trap] num=399 (0x18f) pc=0x1804af584 args=[0x4,0x0,0x1804edb6c,0xa0,0x6ad80,0x63,0xffffffffbfc007ff,0x370]
[trap] num=33 (0x21) pc=0x1804ae668 args=[0x701010020,0x4,0x1,0x103,0x6ad80,0x63,0xffffffffbfc007ff,0x370]
[trap] num=398 (0x18e) pc=0x1804ae948 args=[0x1803fd5e6,0x1000000,0x0,0x96,0x0,0x63,0xffffffffbfc007ff,0x370]
[trap] num=339 (0x153) pc=0x1804bc288 args=[0x4,0x27ff500,0x0,0x96,0x0,0x63,0xffffffffbfc007ff,0x370]
[trap] num=406 (0x196) pc=0x1804b2174 args=[0x4,0x32,0x27ff070,0x27ff430,0x27ff0c0,0x63,0xffffffffbfc007ff,0x370]
[trap] num=399 (0x18f) pc=0x1804af584 args=[0x4,0x32,0x27ff070,0x27ff430,0x27ff0c0,0x63,0xffffffffbfc007ff,0x370]
[trap] num=338 (0x152) pc=0x1804b988c args=[0x27ff070,0x27ff470,0x27ff070,0x27ff430,0x27ff0c0,0x63,0xffffffffbfc007ff,0x370]
[trap] num=12 (0xc) pc=0x1804af75c args=[0x27fff3d,0x10027a22e,0x0,0x16,0x43,0x2d,0xffffffffbfc007ff,0x370]
[trap] num=398 (0x18e) pc=0x1804ae948 args=[0x1803fd5e6,0x1000000,0x0,0x6a,0x0,0x0,0x0,0xfffff0003ffff800]
[trap] num=339 (0x153) pc=0x1804bc288 args=[0x4,0x27ff080,0x0,0x6a,0x0,0x0,0x0,0xfffff0003ffff800]
[trap] num=406 (0x196) pc=0x1804b2174 args=[0x4,0x32,0x27febf0,0x27fefb0,0x27fec40,0x0,0x0,0xfffff0003ffff800]
[trap] num=399 (0x18f) pc=0x1804af584 args=[0x4,0x32,0x27febf0,0x27fefb0,0x27fec40,0x0,0x0,0xfffff0003ffff800]
[trap] num=338 (0x152) pc=0x1804b988c args=[0x27febf0,0x27feff0,0x27febf0,0x27fefb0,0x27fec40,0x0,0x0,0xfffff0003ffff800]
[trap] num=398 (0x18e) pc=0x1804ae948 args=[0x1803fd5e6,0x1000000,0x0,0xa,0x6ab40,0x10,0x0,0xfffff0003ffff800]
[trap] num=339 (0x153) pc=0x1804bc288 args=[0x4,0x27ff080,0x0,0xa,0x6ab40,0x10,0x0,0xfffff0003ffff800]
[trap] num=406 (0x196) pc=0x1804b2174 args=[0x4,0x32,0x27febf0,0x27fefb0,0x27fec40,0x10,0x0,0xfffff0003ffff800]
[trap] num=399 (0x18f) pc=0x1804af584 args=[0x4,0x32,0x27febf0,0x27fefb0,0x27fec40,0x10,0x0,0xfffff0003ffff800]
[trap] num=338 (0x152) pc=0x1804b988c args=[0x27febf0,0x27feff0,0x27febf0,0x27fefb0,0x27fec40,0x10,0x0,0xfffff0003ffff800]
[trap] num=338 (0x152) pc=0x1804b988c args=[0x6acb0,0x27ff150,0x103,0x103,0xfffffffffffffec0,0x10,0x0,0xfffff0003ffff800]
[trap] num=338 (0x152) pc=0x1804b988c args=[0x6ad50,0x27ff130,0x0,0x6addd,0x6ad00,0x10,0x74,0xfffff0003ffff800]
[M28 BANDSHRINK] syscall 338 band past ipa 0x6ad50 len 65536 shrunk 64 -> 0 by an overlapping window of the same call
[M28 BANDSHRINK] syscall 338 band past ipa 0x6ad00 len 65536 shrunk 64 -> 0 by an overlapping window of the same call
[trap] num=340 (0x154) pc=0x1804b9860 args=[0x6aef0,0x27ff000,0x0,0x6af82,0x6aec0,0x10,0x44,0xfffff0003ffff800]
[M28 BANDSHRINK] syscall 340 band past ipa 0x6aef0 len 65536 shrunk 64 -> 0 by an overlapping window of the same call
[M28 BANDSHRINK] syscall 340 band past ipa 0x6aec0 len 65536 shrunk 64 -> 0 by an overlapping window of the same call
[trap] num=5 (0x5) pc=0x1804ae694 args=[0x6aef0,0x0,0x0,0x6af82,0x6aec0,0x10,0x44,0xfffff0003ffff800]
[M28 BANDSHRINK] syscall 5 band past ipa 0x6aef0 len 65536 shrunk 64 -> 0 by an overlapping window of the same call
[M28 BANDSHRINK] syscall 5 band past ipa 0x6aec0 len 65536 shrunk 64 -> 0 by an overlapping window of the same call
[trap] num=3 (0x3) pc=0x1804ae91c args=[0x4,0x27ff0b8,0xff,0x6af82,0x6aec0,0x10,0x44,0xfffff0003ffff800]
[M28 BANDSHRINK] syscall 3 band past ipa 0x6aec0 len 65536 shrunk 64 -> 0 by an overlapping window of the same call
[trap] num=3 (0x3) pc=0x1804ae91c args=[0x4,0x27ff0cd,0xea,0x6af82,0x6aec0,0x10,0x44,0xfffff0003ffff800]
[M28 BANDSHRINK] syscall 3 band past ipa 0x6aec0 len 65536 shrunk 64 -> 0 by an overlapping window of the same call
[trap] num=6 (0x6) pc=0x1804ae8f0 args=[0x4,0x27ff0cd,0xea,0x6af82,0x6aec0,0x10,0x44,0xfffff0003ffff800]
[M28 BANDSHRINK] syscall 6 band past ipa 0x6aec0 len 65536 shrunk 64 -> 0 by an overlapping window of the same call
[trap] num=340 (0x154) pc=0x1804b9860 args=[0x6aff0,0x27feed0,0x0,0x6b087,0xfffffffffffffd60,0x10,0x72,0x0]
[M28 BANDSHRINK] syscall 340 band past ipa 0x6aff0 len 65536 shrunk 64 -> 0 by an overlapping window of the same call
[trap] num=33 (0x21) pc=0x1804ae668 args=[0x6aef0,0x1,0x0,0x6af85,0x6b040,0x10,0x737463656a626f2f,0x0]
[M28 BANDSHRINK] syscall 33 band past ipa 0x6aef0 len 65536 shrunk 64 -> 0 by an overlapping window of the same call
[M28 BANDSHRINK] syscall 33 band past ipa 0x6af85 len 65536 shrunk 64 -> 0 by an overlapping window of the same call
[trap] num=33 (0x21) pc=0x1804ae668 args=[0x6aef0,0x1,0x0,0x6af82,0x6b040,0x10,0x73,0x0]
[M28 BANDSHRINK] syscall 33 band past ipa 0x6aef0 len 65536 shrunk 64 -> 0 by an overlapping window of the same call
[M28 BANDSHRINK] syscall 33 band past ipa 0x6af82 len 65536 shrunk 64 -> 0 by an overlapping window of the same call
[trap] num=340 (0x154) pc=0x1804b9860 args=[0x6ad50,0x27ff138,0x103,0x103,0xffffffffffffff00,0x10,0x73,0x0]
[trap] num=25 (0x19) pc=0x1804af050 args=[0x0,0x27ff138,0x103,0x103,0xffffffffffffff00,0x10,0x73,0x0]
[trap] num=340 (0x154) pc=0x1804b9860 args=[0x6ae50,0x27ff138,0x103,0x103,0xffffffffffffff00,0x10,0x73,0x0]
[trap] num=25 (0x19) pc=0x1804af050 args=[0x0,0x27ff138,0x103,0x103,0xffffffffffffff00,0x10,0x73,0x0]
[trap] num=340 (0x154) pc=0x1804b9860 args=[0x700c1c000,0x27ff120,0x0,0x700c1c00e,0x1002adcb8,0x27ff1c0,0x72,0xfffff0007ffff800]
[M28 BANDSHRINK] syscall 340 band past ipa 0x700c1c000 len 65536 shrunk 64 -> 0 by an overlapping window of the same call
[trap] num=194 (0xc2) pc=0x1804b00c8 args=[0x1008,0x27ff038,0x1804edb6c,0x0,0x0,0x0,0x67,0xfffff0003ffff800]
[trap] num=398 (0x18e) pc=0x1804ae948 args=[0x70100c0c0,0x0,0x0,0x0,0x0,0x0,0x67,0xfffff0003ffff800]
[trap] num=339 (0x153) pc=0x1804bc288 args=[0x4,0x27ff100,0x120a8,0x0,0x0,0x0,0x67,0xfffff0003ffff800]
[trap] num=339 (0x153) pc=0x1804bc288 args=[0x4,0x27feea0,0x27fef64,0x6acd3,0x0,0x27ff2e0,0x67,0x0]
[trap] num=396 (0x18c) pc=0x1804afcac args=[0x4,0x701016000,0x1000,0xa0066b180,0x701016000,0x0,0xffffffffbfc007ff,0xfffff0003ffff800]
[trap] num=396 (0x18c) pc=0x1804afcac args=[0x4,0x701016000,0x1000,0xfffffffffffffff5,0x70,0x77,0xffffffffbfc007ff,0x3f0]
[trap] num=399 (0x18f) pc=0x1804af584 args=[0x4,0x0,0x1804edb6c,0xa0,0x6b9c0,0x77,0xffffffffbfc007ff,0x3f0]
[trap] num=398 (0x18e) pc=0x1804ae948 args=[0x1803fd5e6,0x1000000,0x0,0xfffff0007fc00000,0x0,0x0,0x0,0xfffff0003ffff800]
[trap] num=339 (0x153) pc=0x1804bc288 args=[0x4,0x27feea0,0x0,0xfffff0007fc00000,0x0,0x0,0x0,0xfffff0003ffff800]
[trap] num=406 (0x196) pc=0x1804b2174 args=[0x4,0x32,0x27fea10,0x27fedd0,0x27fea80,0x0,0x0,0xfffff0003ffff800]
[trap] num=399 (0x18f) pc=0x1804af584 args=[0x4,0x32,0x27fea10,0x27fedd0,0x27fea80,0x0,0x0,0xfffff0003ffff800]
[trap] num=338 (0x152) pc=0x1804b988c args=[0x27fea10,0x27fee10,0x27fea10,0x27fedd0,0x27fea80,0x0,0x0,0xfffff0003ffff800]
[trap] num=398 (0x18e) pc=0x1804ae948 args=[0x1803fd5e6,0x1000000,0x0,0xa,0x6aec0,0x10,0x0,0xfffff0003ffff800]
[trap] num=339 (0x153) pc=0x1804bc288 args=[0x4,0x27feea0,0x0,0xa,0x6aec0,0x10,0x0,0xfffff0003ffff800]
[trap] num=406 (0x196) pc=0x1804b2174 args=[0x4,0x32,0x27fea10,0x27fedd0,0x27fea80,0x10,0x0,0xfffff0003ffff800]
[trap] num=399 (0x18f) pc=0x1804af584 args=[0x4,0x32,0x27fea10,0x27fedd0,0x27fea80,0x10,0x0,0xfffff0003ffff800]
[trap] num=338 (0x152) pc=0x1804b988c args=[0x27fea10,0x27fee10,0x27fea10,0x27fedd0,0x27fea80,0x10,0x0,0xfffff0003ffff800]
[trap] num=338 (0x152) pc=0x1804b988c args=[0x100283d67,0x27ff120,0x27ff260,0x103,0x0,0x0,0x2e,0x290]
[trap] num=340 (0x154) pc=0x1804b9860 args=[0x700c1c000,0x27ff0e0,0x0,0x700c1c00e,0x1002adcb8,0x27ff180,0x72,0xfffff0003ffff800]
[M28 BANDSHRINK] syscall 340 band past ipa 0x700c1c000 len 65536 shrunk 64 -> 0 by an overlapping window of the same call
[trap] num=340 (0x154) pc=0x1804b9860 args=[0x70100c0c0,0x27ff140,0x0,0x70100c0c6,0x5,0x10,0x73,0xfffff0003ffff800]
[M28 BANDSHRINK] syscall 340 band past ipa 0x70100c0c0 len 65536 shrunk 64 -> 0 by an overlapping window of the same call
[trap] num=340 (0x154) pc=0x1804b9860 args=[0x70100c0c0,0x27ff140,0x0,0x70100c0d2,0x0,0x10,0x6d,0xfffff0003ffff800]
[M28 BANDSHRINK] syscall 340 band past ipa 0x70100c0c0 len 65536 shrunk 64 -> 0 by an overlapping window of the same call
[trap] num=340 (0x154) pc=0x1804b9860 args=[0x700c14080,0x27ff140,0x0,0x700c1409c,0x700c14080,0x0,0x73,0xfffff0003ffff800]
[M28 BANDSHRINK] syscall 340 band past ipa 0x700c14080 len 65536 shrunk 64 -> 0 by an overlapping window of the same call
[M28 BANDSHRINK] syscall 340 band past ipa 0x700c14080 len 65536 shrunk 64 -> 0 by an overlapping window of the same call
[trap] num=340 (0x154) pc=0x1804b9860 args=[0x700c14080,0x27ff140,0x0,0x700c140a3,0x0,0x0,0x62,0xfffff0003ffff800]
[M28 BANDSHRINK] syscall 340 band past ipa 0x700c14080 len 65536 shrunk 64 -> 0 by an overlapping window of the same call
[trap] num=340 (0x154) pc=0x1804b9860 args=[0x700c14080,0x27ff140,0x0,0x700c140ab,0x0,0x0,0x65,0xfffff0003ffff800]
[M28 BANDSHRINK] syscall 340 band past ipa 0x700c14080 len 65536 shrunk 64 -> 0 by an overlapping window of the same call
[trap] num=340 (0x154) pc=0x1804b9860 args=[0x700c14080,0x27ff140,0x0,0x700c140b3,0x0,0x0,0x65,0xfffff0003ffff800]
[M28 BANDSHRINK] syscall 340 band past ipa 0x700c14080 len 65536 shrunk 64 -> 0 by an overlapping window of the same call
[trap] num=340 (0x154) pc=0x1804b9860 args=[0x6aad0,0x27ff140,0x0,0x6ab0d,0x700c14100,0x10,0x73,0xfffff0003ffff800]
[M28 BANDSHRINK] syscall 340 band past ipa 0x6aad0 len 65536 shrunk 64 -> 0 by an overlapping window of the same call
[trap] num=340 (0x154) pc=0x1804b9860 args=[0x6aad0,0x27ff140,0x0,0x6ab1a,0x0,0x10,0x65,0xfffff0003ffff800]
[M28 BANDSHRINK] syscall 340 band past ipa 0x6aad0 len 65536 shrunk 64 -> 0 by an overlapping window of the same call
[trap] num=33 (0x21) pc=0x1804ae668 args=[0x6a790,0x4,0x0,0x103,0x1002ade74,0x27ff2a0,0x656572746b726f77,0xfffff0003ffff800]
[trap] num=194 (0xc2) pc=0x1804b00c8 args=[0x1008,0x27ff0c8,0x1804edb6c,0x7,0x0,0x27ff2a0,0x656572746b726f77,0xfffff0003ffff800]
[trap] num=398 (0x18e) pc=0x1804ae948 args=[0x6a790,0x0,0x0,0x7,0x0,0x27ff2a0,0x656572746b726f77,0xfffff0003ffff800]
[trap] num=339 (0x153) pc=0x1804bc288 args=[0x4,0x27ff190,0x120a8,0x7,0x0,0x27ff2a0,0x656572746b726f77,0xfffff0003ffff800]
[trap] num=339 (0x153) pc=0x1804bc288 args=[0x4,0x27fef30,0x27feff4,0xff,0x6b45f,0x6a7c7,0x7,0x0]
[M28 BANDSHRINK] syscall 339 band past ipa 0x6a7c7 len 65536 shrunk 64 -> 0 by an overlapping window of the same call
[trap] num=396 (0x18c) pc=0x1804afcac args=[0x4,0x701016000,0x1000,0xa0066b180,0x701016000,0x0,0xffffffffbfc007ff,0xfffff0003ffff800]
[trap] num=396 (0x18c) pc=0x1804afcac args=[0x4,0x701016000,0x1000,0xfffffffffffffff2,0x69,0x63,0xffffffffbfc007ff,0x370]
[trap] num=399 (0x18f) pc=0x1804af584 args=[0x4,0x0,0x1804edb6c,0xa0,0x6b9c0,0x63,0xffffffffbfc007ff,0x370]
[trap] num=33 (0x21) pc=0x1804ae668 args=[0x701010070,0x4,0x0,0x103,0x6b9c0,0x63,0xffffffffbfc007ff,0x370]
[trap] num=33 (0x21) pc=0x1804ae668 args=[0x700c1c0f0,0x4,0x0,0x103,0x6b9c0,0x63,0xffffffffbfc007ff,0x370]
[trap] num=194 (0xc2) pc=0x1804b00c8 args=[0x1008,0x27ff0c8,0x1804edb6c,0x3,0x0,0x63,0xffffffffbfc007ff,0x370]
[trap] num=398 (0x18e) pc=0x1804ae948 args=[0x700c1c0f0,0x0,0x0,0x3,0x0,0x63,0xffffffffbfc007ff,0x370]
[trap] num=339 (0x153) pc=0x1804bc288 args=[0x4,0x27ff190,0x120a8,0x3,0x0,0x63,0xffffffffbfc007ff,0x370]
[trap] num=339 (0x153) pc=0x1804bc288 args=[0x4,0x27fef30,0x27feff4,0x0,0x67,0x67,0xffffffffbfc007ff,0xfffff0003ffff800]
[trap] num=396 (0x18c) pc=0x1804afcac args=[0x4,0x701016000,0x1000,0xa0066b180,0x701016000,0x0,0xffffffffbfc007ff,0xfffff0003ffff800]
[trap] num=396 (0x18c) pc=0x1804afcac args=[0x4,0x701016000,0x1000,0xfffffffffffffff0,0x63,0x69,0xffffffffbfc007ff,0x370]
[trap] num=399 (0x18f) pc=0x1804af584 args=[0x4,0x0,0x1804edb6c,0xa,0x63,0x69,0xffffffffbfc007ff,0x370]
[trap] num=54 (0x36) pc=0x1804b2338 args=[0x1,0x4004667a,0x27fe60c,0x701010076,0x701010070,0x0,0x0,0xfffff0003ffff800]
[M28 BANDSHRINK] syscall 54 band past ipa 0x701010070 len 65536 shrunk 64 -> 0 by an overlapping window of the same call
[trap] num=54 (0x36) pc=0x1804b2338 args=[0x1,0x40487413,0x27fe610,0x701010076,0x701010070,0x0,0x0,0xfffff0003ffff800]
[M28 BANDSHRINK] syscall 54 band past ipa 0x701010070 len 65536 shrunk 64 -> 0 by an overlapping window of the same call
[trap] num=33 (0x21) pc=0x1804ae668 args=[0x6a790,0x4,0x0,0x103,0x1002ade74,0x27fe510,0x656572746b726f77,0xfffff0003ffff800]
[trap] num=194 (0xc2) pc=0x1804b00c8 args=[0x1008,0x27fe338,0x1804edb6c,0x7,0x0,0x27fe510,0x656572746b726f77,0xfffff0003ffff800]
[trap] num=398 (0x18e) pc=0x1804ae948 args=[0x6a790,0x0,0x0,0x7,0x0,0x27fe510,0x656572746b726f77,0xfffff0003ffff800]
[trap] num=339 (0x153) pc=0x1804bc288 args=[0x4,0x27fe400,0x120a8,0x7,0x0,0x27fe510,0x656572746b726f77,0xfffff0003ffff800]
[trap] num=339 (0x153) pc=0x1804bc288 args=[0x4,0x27fe1a0,0x27fe264,0xff,0x6b45f,0x6a7c7,0xffffffffbfc007ff,0xfffff0003ffff800]
[M28 BANDSHRINK] syscall 339 band past ipa 0x6a7c7 len 65536 shrunk 64 -> 0 by an overlapping window of the same call
[trap] num=396 (0x18c) pc=0x1804afcac args=[0x4,0x701016000,0x1000,0xa0066b180,0x701016000,0x0,0xffffffffbfc007ff,0xfffff0003ffff800]
[trap] num=396 (0x18c) pc=0x1804afcac args=[0x4,0x701016000,0x1000,0xfffffffffffffff2,0x69,0x63,0x0,0x370]
[trap] num=399 (0x18f) pc=0x1804af584 args=[0x4,0x0,0x1804edb6c,0xfffff0007fc00000,0x69,0x63,0x0,0x370]
[trap] num=33 (0x21) pc=0x1804ae668 args=[0x701010080,0x4,0x0,0x103,0x69,0x63,0x0,0x370]
[trap] num=33 (0x21) pc=0x1804ae668 args=[0x700c1c140,0x4,0x0,0x103,0x69,0x63,0x0,0x370]
[trap] num=194 (0xc2) pc=0x1804b00c8 args=[0x1008,0x27fe338,0x1804edb6c,0x3,0x0,0x63,0x0,0x370]
[trap] num=398 (0x18e) pc=0x1804ae948 args=[0x700c1c140,0x0,0x0,0x3,0x0,0x63,0x0,0x370]
[trap] num=339 (0x153) pc=0x1804bc288 args=[0x4,0x27fe400,0x120a8,0x3,0x0,0x63,0x0,0x370]
[trap] num=339 (0x153) pc=0x1804bc288 args=[0x4,0x27fe1a0,0x27fe264,0x0,0x67,0x67,0xffffffffbfc007ff,0xfffff0003ffff800]
[trap] num=396 (0x18c) pc=0x1804afcac args=[0x4,0x701016000,0x1000,0xa0066b180,0x701016000,0x0,0xffffffffbfc007ff,0xfffff0003ffff800]
[trap] num=396 (0x18c) pc=0x1804afcac args=[0x4,0x701016000,0x1000,0xfffffffffffffff0,0x63,0x69,0x0,0x370]
[trap] num=399 (0x18f) pc=0x1804af584 args=[0x4,0x0,0x1804edb6c,0xfffff0007fc00000,0x63,0x69,0x0,0x370]
[trap] num=340 (0x154) pc=0x1804b9860 args=[0x700c1c0f0,0x27fdf30,0x0,0x700c1c0fe,0x1002adcb8,0x27fdfd0,0x72,0xfffff0003ffff800]
[M28 BANDSHRINK] syscall 340 band past ipa 0x700c1c0f0 len 65536 shrunk 64 -> 0 by an overlapping window of the same call
[trap] num=340 (0x154) pc=0x1804b9860 args=[0x700c1c190,0x27fdb00,0x0,0x700c1c199,0x10027b3f7,0x27fda60,0x44,0xfffff0003ffff800]
[M28 BANDSHRINK] syscall 340 band past ipa 0x700c1c190 len 65536 shrunk 64 -> 0 by an overlapping window of the same call
[trap] num=5 (0x5) pc=0x1804ae694 args=[0x700c1c190,0x0,0x0,0x700c1c199,0x10027b3f7,0x27fda60,0x44,0xfffff0003ffff800]
[M28 BANDSHRINK] syscall 5 band past ipa 0x700c1c190 len 65536 shrunk 64 -> 0 by an overlapping window of the same call
[trap] num=3 (0x3) pc=0x1804ae91c args=[0x4,0x6c3f0,0x100,0x0,0x0,0x27fda60,0x44,0xfffff0003ffff800]
[trap] num=3 (0x3) pc=0x1804ae91c args=[0x4,0x6c405,0xeb,0x0,0x0,0x27fda60,0x44,0xfffff0003ffff800]
[trap] num=6 (0x6) pc=0x1804ae8f0 args=[0x4,0x6c405,0xeb,0x0,0x0,0x27fda60,0x44,0xfffff0003ffff800]
[trap] num=340 (0x154) pc=0x1804b9860 args=[0x700c1c190,0x27fdb00,0x0,0x700c1c1a4,0x10027b3f7,0x27fda60,0x6e,0xfffff0003ffff800]
[M28 BANDSHRINK] syscall 340 band past ipa 0x700c1c190 len 65536 shrunk 64 -> 0 by an overlapping window of the same call
[trap] num=5 (0x5) pc=0x1804ae694 args=[0x700c1c190,0x0,0x0,0x700c1c1a4,0x10027b3f7,0x27fda60,0x6e,0xfffff0003ffff800]
[M28 BANDSHRINK] syscall 5 band past ipa 0x700c1c190 len 65536 shrunk 64 -> 0 by an overlapping window of the same call
[trap] num=3 (0x3) pc=0x1804ae91c args=[0x4,0x6c3f0,0x100,0x0,0x0,0x27fda60,0x6e,0xfffff0003ffff800]
[trap] num=3 (0x3) pc=0x1804ae91c args=[0x4,0x6c419,0xd7,0x0,0x0,0x27fda60,0x6e,0xfffff0003ffff800]
[trap] num=6 (0x6) pc=0x1804ae8f0 args=[0x4,0x6c419,0xd7,0x0,0x0,0x27fda60,0x6e,0xfffff0003ffff800]
[trap] num=340 (0x154) pc=0x1804b9860 args=[0x700c1c190,0x27fdb00,0x0,0x700c1c19e,0x10027b3f7,0x27fda60,0x44,0xfffff0003ffff800]
[M28 BANDSHRINK] syscall 340 band past ipa 0x700c1c190 len 65536 shrunk 64 -> 0 by an overlapping window of the same call
[trap] num=5 (0x5) pc=0x1804ae694 args=[0x700c1c0f0,0x0,0x0,0x6,0x0,0x27fdafc,0x1001af3d4,0x8c0]
[trap] num=340 (0x154) pc=0x1804b9860 args=[0x700c1c190,0x27fdb00,0x0,0x700c1c1a3,0x10027b3f7,0x27fda60,0x44,0xfffff0003ffff800]
[M28 BANDSHRINK] syscall 340 band past ipa 0x700c1c190 len 65536 shrunk 64 -> 0 by an overlapping window of the same call
[trap] num=338 (0x152) pc=0x1804b988c args=[0x700c1c0f0,0x27fd8c0,0x1002d265f,0x100306f98,0x27fdc70,0x27fdafc,0x1001af3d4,0x8c0]
[trap] num=340 (0x154) pc=0x1804b9860 args=[0x700c1c190,0x27fdb00,0x0,0x700c1c1a4,0x10027b3f7,0x27fda60,0x44,0xfffff0003ffff800]
[M28 BANDSHRINK] syscall 340 band past ipa 0x700c1c190 len 65536 shrunk 64 -> 0 by an overlapping window of the same call
[trap] num=338 (0x152) pc=0x1804b988c args=[0x700c1c0f0,0x27fd8c0,0x1002d265f,0x100306f98,0x27fdc70,0x27fdafc,0x1001af3d4,0x8c0]
[trap] num=340 (0x154) pc=0x1804b9860 args=[0x700c1c190,0x27fdb00,0x0,0x700c1c1a6,0x10027b3f7,0x27fda60,0x44,0xfffff0003ffff800]
[M28 BANDSHRINK] syscall 340 band past ipa 0x700c1c190 len 65536 shrunk 64 -> 0 by an overlapping window of the same call
[trap] num=338 (0x152) pc=0x1804b988c args=[0x700c1c0f0,0x27fd8c0,0x1002d265f,0x100306f98,0x27fdc70,0x27fdafc,0x1001af3d4,0x8c0]
[trap] num=340 (0x154) pc=0x1804b9860 args=[0x700c1c190,0x27fdb00,0x0,0x700c1c1ab,0x10027b3f7,0x27fda60,0x44,0xfffff0003ffff800]
[M28 BANDSHRINK] syscall 340 band past ipa 0x700c1c190 len 65536 shrunk 64 -> 0 by an overlapping window of the same call
[trap] num=338 (0x152) pc=0x1804b988c args=[0x700c1c0f0,0x27fd8c0,0x1002d265f,0x100306f98,0x27fdc70,0x27fdafc,0x1001af3d4,0x8c0]
[trap] num=340 (0x154) pc=0x1804b9860 args=[0x701010040,0x27fdee0,0x60,0xfffff0007fc00000,0x27fdd18,0x27fdafc,0x1001af3d4,0x8c0]
[trap] num=398 (0x18e) pc=0x1804ae948 args=[0x700c1c140,0x1100000,0x0,0x0,0x0,0x0,0xffffffffbfc007ff,0xfffff0003ffff800]
[trap] num=346 (0x15a) pc=0x1804b9980 args=[0x4,0x27fd380,0xb0d,0x14,0x0,0x0,0xffffffffbfc007ff,0xfffff0003ffff800]
[trap] num=327 (0x147) pc=0x1804ad92c args=[0x1ec7f8110,0x0,0xfffffffffffffff8,0x1ec7f83f8,0x1ec7f8180,0x0,0xffffffffbfc007ff,0xfffff0003ffff800]
[trap] num=-14 (0xfffffffffffffff2) pc=0x1801155b8 args=[0x203,0x1ec444000,0x24000,0x0,0x3,0x27fc88f,0x0,0x100]
[trap] num=338 (0x152) pc=0x180116c48 args=[0x1ec7f8468,0x27fb6c0,0x27fb7c0,0x27fb7a8,0x1ec7f8472,0x1801ac864,0x27fbf08,0x700]
[trap] num=-10 (0xfffffffffffffff6) pc=0x180115588 args=[0x203,0x27fb680,0x4000,0x3c000001,0x1ec7f8472,0x1801ac864,0x27fbf08,0x700]
[trap] num=338 (0x152) pc=0x180116c48 args=[0x27fbce0,0x27fb670,0x27fb770,0x27fb758,0x27fbd0e,0x1801ac864,0x0,0x210]
[trap] num=-12 (0xfffffffffffffff4) pc=0x1801155a0 args=[0x203,0xa00890000,0x4000,0x1a0500,0x0,0x0,0x0,0xbc0]
[trap] num=-15 (0xfffffffffffffff1) pc=0x1801155c4 args=[0x203,0x27fb310,0x20000,0x3fff,0x3c000001,0x3,0x0,0x0]
[trap] num=-12 (0xfffffffffffffff4) pc=0x1801155a0 args=[0x203,0x1003c0000,0x20000,0x103,0x0,0x0,0x0,0x0]
[trap] num=-14 (0xfffffffffffffff2) pc=0x1801155b8 args=[0x203,0x1ec444000,0x24000,0x0,0x1,0x0,0x0,0x0]
[trap] num=5 (0x5) pc=0x1804ae694 args=[0x27fbd68,0x1000000,0x0,0x27fbd8a,0x190380f65,0x27fbd50,0x62,0xfffff0003ffff800]
[trap] num=339 (0x153) pc=0x1804bc288 args=[0x5,0x27fbc90,0x0,0x27fbd8a,0x190380f65,0x27fbd50,0x62,0xfffff0003ffff800]
[trap] num=197 (0xc5) pc=0x1804aea18 args=[0x0,0x7810,0x1,0x40002,0x5,0x0,0x62,0xfffff0003ffff800]
[trap] num=6 (0x6) pc=0x1804ae8f0 args=[0x5,0x7810,0x1,0x40002,0x5,0x0,0x62,0xfffff0003ffff800]
[trap] num=73 (0x49) pc=0x1804b1728 args=[0xa00894000,0x7810,0x60,0xfffff0007fc00000,0x701010150,0x0,0x0,0xfffff0003ffff800]
[trap] num=5 (0x5) pc=0x1804ae694 args=[0x27fbd68,0x1000000,0x0,0x27fbd88,0x190380f65,0x27fbd50,0x62,0xfffff0003ffff800]
[trap] num=339 (0x153) pc=0x1804bc288 args=[0x5,0x27fbc90,0x0,0x27fbd88,0x190380f65,0x27fbd50,0x62,0xfffff0003ffff800]
[trap] num=197 (0xc5) pc=0x1804aea18 args=[0x0,0x3590,0x1,0x40002,0x5,0x0,0x62,0xfffff0003ffff800]
[trap] num=6 (0x6) pc=0x1804ae8f0 args=[0x5,0x3590,0x1,0x40002,0x5,0x0,0x62,0xfffff0003ffff800]
[trap] num=73 (0x49) pc=0x1804b1728 args=[0xa0089c000,0x3590,0x60,0xfffff0007fc00000,0x0,0x27fc1b0,0x62,0xfffff0003ffff800]
[trap] num=5 (0x5) pc=0x1804ae694 args=[0x27fc254,0x1000000,0x0,0x27fc27b,0x190380d90,0x27fc210,0x62,0xfffff0003ffff800]
[trap] num=339 (0x153) pc=0x1804bc288 args=[0x5,0x27fc150,0x0,0x27fc27b,0x190380d90,0x27fc210,0x62,0xfffff0003ffff800]
[trap] num=197 (0xc5) pc=0x1804aea18 args=[0x0,0x170,0x1,0x40002,0x5,0x0,0x62,0xfffff0003ffff800]
[trap] num=6 (0x6) pc=0x1804ae8f0 args=[0x5,0x170,0x1,0x40002,0x5,0x0,0x62,0xfffff0003ffff800]
[trap] num=73 (0x49) pc=0x1804b1728 args=[0xa008a0000,0x170,0x60,0xfffff0007fc00000,0x701010170,0x0,0x0,0xfffff0003ffff800]
[trap] num=5 (0x5) pc=0x1804ae694 args=[0x27fbd68,0x1000000,0x0,0x27fbd8a,0x190380f65,0x27fbd50,0x62,0xfffff0003ffff800]
[trap] num=339 (0x153) pc=0x1804bc288 args=[0x5,0x27fbc90,0x0,0x27fbd8a,0x190380f65,0x27fbd50,0x62,0xfffff0003ffff800]
[trap] num=197 (0xc5) pc=0x1804aea18 args=[0x0,0x7810,0x1,0x40002,0x5,0x0,0x62,0xfffff0003ffff800]
[trap] num=6 (0x6) pc=0x1804ae8f0 args=[0x5,0x7810,0x1,0x40002,0x5,0x0,0x62,0xfffff0003ffff800]
[trap] num=73 (0x49) pc=0x1804b1728 args=[0xa008a4000,0x7810,0x60,0xfffff0007fc00000,0x701010180,0x0,0x0,0xfffff0003ffff800]
[trap] num=5 (0x5) pc=0x1804ae694 args=[0x27fbd68,0x1000000,0x0,0x27fbd88,0x190380f65,0x27fbd50,0x62,0xfffff0003ffff800]
[trap] num=339 (0x153) pc=0x1804bc288 args=[0x5,0x27fbc90,0x0,0x27fbd88,0x190380f65,0x27fbd50,0x62,0xfffff0003ffff800]
[trap] num=197 (0xc5) pc=0x1804aea18 args=[0x0,0x3590,0x1,0x40002,0x5,0x0,0x62,0xfffff0003ffff800]
[trap] num=6 (0x6) pc=0x1804ae8f0 args=[0x5,0x3590,0x1,0x40002,0x5,0x0,0x62,0xfffff0003ffff800]
[trap] num=73 (0x49) pc=0x1804b1728 args=[0xa008ac000,0x3590,0x60,0xfffff0007fc00000,0x0,0x27fc1b0,0x62,0xfffff0003ffff800]
[trap] num=5 (0x5) pc=0x1804ae694 args=[0x27fc254,0x1000000,0x0,0x27fc277,0x190380d90,0x27fc210,0x62,0xfffff0003ffff800]
[trap] num=339 (0x153) pc=0x1804bc288 args=[0x5,0x27fc150,0x0,0x27fc277,0x190380d90,0x27fc210,0x62,0xfffff0003ffff800]
[trap] num=197 (0xc5) pc=0x1804aea18 args=[0x0,0x170,0x1,0x40002,0x5,0x0,0x62,0xfffff0003ffff800]
[trap] num=6 (0x6) pc=0x1804ae8f0 args=[0x5,0x170,0x1,0x40002,0x5,0x0,0x62,0xfffff0003ffff800]
[trap] num=73 (0x49) pc=0x1804b1728 args=[0xa008b0000,0x170,0x60,0xfffff0007fc00000,0x7010101a0,0x0,0x0,0xfffff0003ffff800]
[trap] num=-14 (0xfffffffffffffff2) pc=0x1801155b8 args=[0x203,0x1ec444000,0x24000,0x0,0x3,0x27fc79f,0x0,0xf90]
[trap] num=338 (0x152) pc=0x180116c48 args=[0x1ec7f8468,0x27fb5d0,0x27fb6d0,0x27fb6b8,0x1ec7f8472,0x1801ac864,0x27fbe18,0x700]
[trap] num=-10 (0xfffffffffffffff6) pc=0x180115588 args=[0x203,0x27fb590,0x4000,0x3c000001,0x1ec7f8472,0x1801ac864,0x27fbe18,0x700]
[trap] num=338 (0x152) pc=0x180116c48 args=[0x27fbbf0,0x27fb580,0x27fb680,0x27fb668,0x27fbc1e,0x1801ac864,0x0,0x210]
[trap] num=-12 (0xfffffffffffffff4) pc=0x1801155a0 args=[0x203,0xa008b4000,0x4000,0x1a0500,0x0,0x0,0x0,0xbc0]
[trap] num=-15 (0xfffffffffffffff1) pc=0x1801155c4 args=[0x203,0x27fb220,0x20000,0x3fff,0x3c000001,0x3,0x0,0x0]
[trap] num=-12 (0xfffffffffffffff4) pc=0x1801155a0 args=[0x203,0x1003c0000,0x20000,0x103,0x0,0x0,0x0,0x0]
[trap] num=-14 (0xfffffffffffffff2) pc=0x1801155b8 args=[0x203,0x1ec444000,0x24000,0x0,0x1,0x0,0x0,0x0]
[trap] num=-14 (0xfffffffffffffff2) pc=0x1801155b8 args=[0x203,0x1ec444000,0x24000,0x0,0x3,0x27fc79f,0x0,0xf90]
[trap] num=338 (0x152) pc=0x180116c48 args=[0x1ec7f8468,0x27fb5d0,0x27fb6d0,0x27fb6b8,0x1ec7f8472,0x1801ac864,0x27fbe18,0x700]
[trap] num=-10 (0xfffffffffffffff6) pc=0x180115588 args=[0x203,0x27fb590,0x4000,0x3c000001,0x1ec7f8472,0x1801ac864,0x27fbe18,0x700]
[trap] num=338 (0x152) pc=0x180116c48 args=[0x27fbbf0,0x27fb580,0x27fb680,0x27fb668,0x27fbc1e,0x1801ac864,0x0,0x210]
[trap] num=-12 (0xfffffffffffffff4) pc=0x1801155a0 args=[0x203,0xa008b8000,0x4000,0x1a0500,0x0,0x0,0x0,0xbc0]
[trap] num=-15 (0xfffffffffffffff1) pc=0x1801155c4 args=[0x203,0x27fb220,0x20000,0x3fff,0x3c000001,0x3,0x0,0x0]
[trap] num=-12 (0xfffffffffffffff4) pc=0x1801155a0 args=[0x203,0x1003c0000,0x20000,0x103,0x0,0x0,0x0,0x0]
[trap] num=-14 (0xfffffffffffffff2) pc=0x1801155b8 args=[0x203,0x1ec444000,0x24000,0x0,0x1,0x0,0x0,0x0]
[trap] num=338 (0x152) pc=0x1804b988c args=[0x27fa978,0x27fa8e0,0x0,0x27fa99b,0x190380d90,0x27fa8d0,0x72,0xfffff0003ffff800]
[trap] num=5 (0x5) pc=0x1804ae694 args=[0x27fa918,0x1000000,0x0,0x27fa941,0x190380f65,0x27fa900,0x62,0x100]
[trap] num=5 (0x5) pc=0x1804ae694 args=[0x190380d69,0x1000000,0x0,0x27fa941,0x190380f65,0x27fa900,0x62,0x100]
[trap] num=5 (0x5) pc=0x1804ae694 args=[0x27fa918,0x1000000,0x0,0x27fa941,0x190380f65,0x27fa900,0x62,0x100]
[trap] num=5 (0x5) pc=0x1804ae694 args=[0x190380d69,0x1000000,0x0,0x27fa941,0x190380f65,0x27fa900,0x62,0x100]
[trap] num=-14 (0xfffffffffffffff2) pc=0x1801155b8 args=[0x203,0x1ec444000,0x24000,0x0,0x3,0x27fa64f,0x0,0xfffff0003ffff800]
[trap] num=338 (0x152) pc=0x180116c48 args=[0x1ec7f8468,0x27f9480,0x27f9580,0x27f9568,0x1ec7f8472,0x1801ac864,0x27f9cc8,0x700]
[trap] num=-10 (0xfffffffffffffff6) pc=0x180115588 args=[0x203,0x27f9440,0x4000,0x3c000001,0x1ec7f8472,0x1801ac864,0x27f9cc8,0x700]
[trap] num=338 (0x152) pc=0x180116c48 args=[0x27f9aa0,0x27f9430,0x27f9530,0x27f9518,0x27f9ace,0x1801ac864,0x0,0x210]
[trap] num=-12 (0xfffffffffffffff4) pc=0x1801155a0 args=[0x203,0xa008bc000,0x4000,0x1a0500,0x0,0x0,0x0,0xbc0]
[trap] num=-15 (0xfffffffffffffff1) pc=0x1801155c4 args=[0x203,0x27f90d0,0x20000,0x3fff,0x3c000001,0x3,0x0,0x0]
[trap] num=-12 (0xfffffffffffffff4) pc=0x1801155a0 args=[0x203,0x1003c0000,0x20000,0x103,0x0,0x0,0x0,0x0]
[trap] num=-14 (0xfffffffffffffff2) pc=0x1801155b8 args=[0x203,0x1ec444000,0x24000,0x0,0x1,0x0,0x0,0x0]
[trap] num=344 (0x158) pc=0x1804af9c4 args=[0x4,0x6d5e0,0x2000,0x6b0c8,0x6c780,0x0,0x2f,0xfffff0003ffff800]
[M28 BANDSHRINK] syscall 344 band past ipa 0x6b0c8 len 65536 shrunk 64 -> 0 by an overlapping window of the same call
[M28 BANDSHRINK] syscall 344 band past ipa 0x6c780 len 65536 shrunk 64 -> 0 by an overlapping window of the same call
[trap] num=399 (0x18f) pc=0x1804af584 args=[0x4,0xb03,0xb03,0xa,0x6b080,0x74,0x2f,0xfffff0003ffff800]
[trap] num=338 (0x152) pc=0x1804b988c args=[0x700c1c0f0,0x27fdb10,0x1002d264c,0x1,0x1,0x68,0x1,0x890]
[trap] num=194 (0xc2) pc=0x1804b00c8 args=[0x1008,0x27fdca8,0x1804edb6c,0x103,0x6b100,0x0,0x0,0xfffff0003ffff800]
[trap] num=398 (0x18e) pc=0x1804ae948 args=[0x700c1c050,0x0,0x0,0x103,0x6b100,0x0,0x0,0xfffff0003ffff800]
[trap] num=194 (0xc2) pc=0x1804b00c8 args=[0x1008,0x27fd858,0x1804edb6c,0xfffff0007fc00000,0x701010180,0x0,0xffffffffbfc007ff,0xfffff0003ffff800]
[trap] num=398 (0x18e) pc=0x1804ae948 args=[0x70100c2a0,0x0,0x0,0xfffff0007fc00000,0x701010180,0x0,0xffffffffbfc007ff,0xfffff0003ffff800]
[M28 BANDSHRINK] syscall 398 band past ipa 0x70100c2a0 len 65536 shrunk 64 -> 0 by an overlapping window of the same call
[trap] num=5 (0x5) pc=0x1804ae694 args=[0x700c1c140,0x0,0x0,0x700c1c15c,0x1002ca5de,0x27fde40,0x736574616e726574,0xfffff0003ffff800]
[M28 BANDSHRINK] syscall 5 band past ipa 0x700c1c140 len 65536 shrunk 64 -> 0 by an overlapping window of the same call
[trap] num=5 (0x5) pc=0x1804ae694 args=[0x700c1c140,0x1000000,0x0,0x700c1c15e,0x1002b5469,0x27fddf0,0x68,0xfffff0003ffff800]
[M28 BANDSHRINK] syscall 5 band past ipa 0x700c1c140 len 65536 shrunk 64 -> 0 by an overlapping window of the same call
[trap] num=5 (0x5) pc=0x1804ae694 args=[0x700c1c140,0x1000000,0x0,0x700c1c172,0x1002b547e,0x27fddf0,0x6e,0xfffff0003ffff800]
[M28 BANDSHRINK] syscall 5 band past ipa 0x700c1c140 len 65536 shrunk 64 -> 0 by an overlapping window of the same call
[trap] num=5 (0x5) pc=0x1804ae694 args=[0x700c1c140,0x1000000,0x0,0x1,0x1002c7006,0x27fd860,0x78,0xfffff0003ffff800]
[trap] num=5 (0x5) pc=0x1804ae694 args=[0x700c1c1e0,0x1000000,0x0,0x700c1c21b,0x1002c7026,0x27fd860,0x6e,0xfffff0003ffff800]
[M28 BANDSHRINK] syscall 5 band past ipa 0x700c1c1e0 len 65536 shrunk 64 -> 0 by an overlapping window of the same call
[trap] num=398 (0x18e) pc=0x1804ae948 args=[0x70100c300,0x1100000,0x0,0x56,0x0,0x0,0xffffffffbfc007ff,0xfffff0003ffff800]
[trap] num=346 (0x15a) pc=0x1804b9980 args=[0x4,0x27fd0c0,0xca7,0x4c,0x0,0x0,0xffffffffbfc007ff,0xfffff0003ffff800]
[trap] num=344 (0x158) pc=0x1804af9c4 args=[0x4,0x700c40000,0x2000,0x6ca68,0x6d3c0,0x1,0x0,0x0]
[M28 BANDSHRINK] syscall 344 band past ipa 0x6ca68 len 65536 shrunk 64 -> 0 by an overlapping window of the same call
[trap] num=399 (0x18f) pc=0x1804af584 args=[0x4,0xc9d,0xc9d,0xa,0x6ca40,0x1,0x0,0x0]
[trap] num=5 (0x5) pc=0x1804ae694 args=[0x700c14300,0x1000000,0x0,0xfffff0007fc00000,0x700c14300,0x0,0x0,0xfffff0003ffff800]
[trap] num=339 (0x153) pc=0x1804bc288 args=[0x4,0x27fdaf0,0x27fdc80,0xfffff0007fc00000,0x700c14300,0x0,0x0,0xfffff0003ffff800]
[trap] num=197 (0xc5) pc=0x1804aea18 args=[0x0,0x78,0x1,0x40002,0x4,0x0,0x0,0xfffff0003ffff800]
[trap] num=6 (0x6) pc=0x1804ae8f0 args=[0x4,0x78,0x1,0x40002,0x4,0x0,0x0,0xfffff0003ffff800]
[trap] num=-15 (0xfffffffffffffff1) pc=0x1804adacc args=[0x203,0x27fd848,0x400000,0x3fffff,0x2000001,0x3,0x0,0x0]
[trap] num=73 (0x49) pc=0x1804b1728 args=[0xa008c0000,0x78,0xd36,0x1c0,0x6d3c0,0x74,0x3765666166666566,0x19028de90]
[trap] num=5 (0x5) pc=0x1804ae694 args=[0x700c14300,0x1000000,0x0,0x700c1430c,0x6d3c0,0x74,0x73,0x19028de90]
[M28 BANDSHRINK] syscall 5 band past ipa 0x700c14300 len 65536 shrunk 64 -> 0 by an overlapping window of the same call
[trap] num=339 (0x153) pc=0x1804bc288 args=[0x4,0x27fdaf0,0x27fdc80,0x700c1430c,0x6d3c0,0x74,0x73,0x19028de90]
[trap] num=197 (0xc5) pc=0x1804aea18 args=[0x0,0x78,0x1,0x40002,0x4,0x0,0x73,0x19028de90]
[trap] num=6 (0x6) pc=0x1804ae8f0 args=[0x4,0x78,0x1,0x40002,0x4,0x0,0x73,0x19028de90]
[trap] num=73 (0x49) pc=0x1804b1728 args=[0xa00cc4000,0x78,0x0,0xa,0xfffff0007fc00000,0x74,0x3765666166666566,0x19028de90]
[trap] num=5 (0x5) pc=0x1804ae694 args=[0x700c14300,0x1000000,0x0,0x700c1430c,0xfffff0007fc00000,0x74,0x73,0x19028de90]
[M28 BANDSHRINK] syscall 5 band past ipa 0x700c14300 len 65536 shrunk 64 -> 0 by an overlapping window of the same call
[trap] num=339 (0x153) pc=0x1804bc288 args=[0x4,0x27fdaf0,0x27fdc80,0x700c1430c,0xfffff0007fc00000,0x74,0x73,0x19028de90]
[trap] num=197 (0xc5) pc=0x1804aea18 args=[0x0,0x78,0x1,0x40002,0x4,0x0,0x73,0x19028de90]
[trap] num=6 (0x6) pc=0x1804ae8f0 args=[0x4,0x78,0x1,0x40002,0x4,0x0,0x73,0x19028de90]
[trap] num=73 (0x49) pc=0x1804b1728 args=[0xa00cc8000,0x78,0xffffffffb0000000,0x60,0xfffff0007fc00000,0x74,0x700c60098,0x19028de90]
[trap] num=-15 (0xfffffffffffffff1) pc=0x1804adacc args=[0x203,0x27fdcf8,0x400000,0x0,0x2004000,0x3,0x0,0x0]
[trap] num=340 (0x154) pc=0x1804b9860 args=[0x700c1c1e0,0x27fdb80,0x0,0x700c1c1f7,0x10027b3f7,0x27fdae0,0x73,0xfffff0003ffff800]
[M28 BANDSHRINK] syscall 340 band past ipa 0x700c1c1e0 len 65536 shrunk 64 -> 0 by an overlapping window of the same call
[trap] num=338 (0x152) pc=0x1804b988c args=[0x700c1c0f0,0x27fd940,0x1002d265f,0x100306f98,0x27fdcf0,0x27fdb7c,0x1001af3d4,0x8c0]
[trap] num=340 (0x154) pc=0x1804b9860 args=[0x700c1c1e0,0x27fdb80,0x0,0x700c1c1fc,0x10027b3f7,0x27fdae0,0x73,0xfffff0003ffff800]
[M28 BANDSHRINK] syscall 340 band past ipa 0x700c1c1e0 len 65536 shrunk 64 -> 0 by an overlapping window of the same call
[trap] num=338 (0x152) pc=0x1804b988c args=[0x700c1c0f0,0x27fd940,0x1002d265f,0x100306f98,0x27fdcf0,0x27fdb7c,0x1001af3d4,0x8c0]
[trap] num=340 (0x154) pc=0x1804b9860 args=[0x700c1c1e0,0x27fdb80,0x0,0x700c1c201,0x10027b3f7,0x27fdae0,0x73,0xfffff0003ffff800]
[M28 BANDSHRINK] syscall 340 band past ipa 0x700c1c1e0 len 65536 shrunk 64 -> 0 by an overlapping window of the same call
[trap] num=338 (0x152) pc=0x1804b988c args=[0x700c1c0f0,0x27fd940,0x1002d265f,0x100306f98,0x27fdcf0,0x27fdb7c,0x1001af3d4,0x8c0]
[trap] num=340 (0x154) pc=0x1804b9860 args=[0x700c1c1e0,0x27fdb80,0x0,0x700c1c202,0x10027b3f7,0x27fdae0,0x73,0xfffff0003ffff800]
[M28 BANDSHRINK] syscall 340 band past ipa 0x700c1c1e0 len 65536 shrunk 64 -> 0 by an overlapping window of the same call
[trap] num=338 (0x152) pc=0x1804b988c args=[0x700c1c0f0,0x27fd940,0x1002d265f,0x100306f98,0x27fdcf0,0x27fdb7c,0x1001af3d4,0x8c0]
[trap] num=340 (0x154) pc=0x1804b9860 args=[0x700c1c1e0,0x27fdb80,0x0,0x700c1c204,0x10027b3f7,0x27fdae0,0x73,0xfffff0003ffff800]
[M28 BANDSHRINK] syscall 340 band past ipa 0x700c1c1e0 len 65536 shrunk 64 -> 0 by an overlapping window of the same call
[trap] num=338 (0x152) pc=0x1804b988c args=[0x700c1c0f0,0x27fd940,0x1002d265f,0x100306f98,0x27fdcf0,0x27fdb7c,0x1001af3d4,0x8c0]
[trap] num=340 (0x154) pc=0x1804b9860 args=[0x700c1c1e0,0x27fdb80,0x0,0x700c1c209,0x10027b3f7,0x27fdae0,0x44,0xfffff0003ffff800]
[M28 BANDSHRINK] syscall 340 band past ipa 0x700c1c1e0 len 65536 shrunk 64 -> 0 by an overlapping window of the same call
[trap] num=338 (0x152) pc=0x1804b988c args=[0x700c1c0f0,0x27fd940,0x1002d265f,0x100306f98,0x27fdcf0,0x27fdb7c,0x1001af3d4,0x8c0]
[trap] num=5 (0x5) pc=0x1804ae694 args=[0x1002c4b38,0x100,0x0,0xa00669ea0,0x700c102a0,0x0,0xffffffffbfc007ff,0xfffff0003ffff800]
[trap] num=54 (0x36) pc=0x1804b2338 args=[0x1,0x4004667a,0x27fe14c,0xa00669ea0,0x700c102a0,0x0,0xffffffffbfc007ff,0xfffff0003ffff800]
[trap] num=54 (0x36) pc=0x1804b2338 args=[0x1,0x40487413,0x27fe150,0xa00669ea0,0x700c102a0,0x0,0xffffffffbfc007ff,0xfffff0003ffff800]
[trap] num=5 (0x5) pc=0x1804ae694 args=[0x700c14300,0x1000000,0x0,0x700c1430c,0x0,0x0,0x73,0xfffff0003ffff800]
[M28 BANDSHRINK] syscall 5 band past ipa 0x700c14300 len 65536 shrunk 64 -> 0 by an overlapping window of the same call
[trap] num=339 (0x153) pc=0x1804bc288 args=[0x4,0x27fd920,0x27fdab0,0x700c1430c,0x0,0x0,0x73,0xfffff0003ffff800]
[trap] num=197 (0xc5) pc=0x1804aea18 args=[0x0,0x32,0x1,0x40002,0x4,0x0,0x73,0xfffff0003ffff800]
[trap] num=6 (0x6) pc=0x1804ae8f0 args=[0x4,0x32,0x1,0x40002,0x4,0x0,0x73,0xfffff0003ffff800]
[trap] num=73 (0x49) pc=0x1804b1728 args=[0xa00ccc000,0x32,0x0,0xa,0xfffff0007fc00000,0x0,0x700c60098,0xfffff0003ffff800]
[trap] num=54 (0x36) pc=0x1804b2338 args=[0x1,0x4004667a,0x27fdf8c,0x1002bc077,0x100320cc8,0x0,0x27fdf20,0xfffff0003ffff800]
[trap] num=54 (0x36) pc=0x1804b2338 args=[0x1,0x40487413,0x27fdf90,0x1002bc077,0x100320cc8,0x0,0x27fdf20,0xfffff0003ffff800]
[trap] num=339 (0x153) pc=0x1804bc288 args=[0x1,0x27fde90,0x27fdf54,0x1804f8a04,0x100320cc8,0x0,0x27fdf20,0xfffff0003ffff800]
[trap] num=327 (0x147) pc=0x1804ad92c args=[0x1803fb924,0xa008e4000,0x27fd867,0x1,0xa008e4080,0x1,0x0,0x0]
[M28 BANDSHRINK] syscall 327 band past ipa 0xa008e4000 len 65536 shrunk 64 -> 0 by an overlapping window of the same call
[trap] num=398 (0x18e) pc=0x1804ae948 args=[0x6dde0,0x0,0x0,0x27fd885,0x0,0x1,0x0,0x0]
[trap] num=339 (0x153) pc=0x1804bc288 args=[0x4,0x27fd740,0x0,0x27fd885,0x0,0x1,0x0,0x0]
[trap] num=396 (0x18c) pc=0x1804afcac args=[0x4,0xa00904000,0xa1e8,0x3,0x1,0x1,0x0,0x0]
[trap] num=399 (0x18f) pc=0x1804af584 args=[0x4,0xa00904000,0xa1e8,0x3,0x1,0x1,0x0,0x0]
[trap] num=327 (0x147) pc=0x1804ad92c args=[0x1803fedf5,0xa008e9000,0x0,0x0,0xa008e9000,0x0,0x3ff800,0xffffffffbfc007ff]
[trap] num=398 (0x18e) pc=0x1804ae948 args=[0x6dde0,0x0,0x0,0x0,0x0,0x0,0x0,0xffffffffbfc007ff]
[trap] num=339 (0x153) pc=0x1804bc288 args=[0x4,0x27fd570,0x0,0x0,0x0,0x0,0x0,0xffffffffbfc007ff]
[trap] num=396 (0x18c) pc=0x1804afcac args=[0x4,0xa00910000,0xa1e8,0x3,0x1,0x1,0x0,0x0]
[trap] num=399 (0x18f) pc=0x1804af584 args=[0x4,0xa00910000,0xa1e8,0x3,0x1,0x1,0x0,0x0]
[trap] num=75 (0x4b) pc=0x1804b09b0 args=[0xa00910000,0xc000,0x7,0x0,0x0,0x0,0x1,0x0]
[m47] num=75 args=[0xa00910000,0xc000,0x7] policy="" op="" ret=0x0 err=false writes=0
[trap] num=75 (0x4b) pc=0x1804b09b0 args=[0xa00904000,0xc000,0x7,0x0,0x0,0x0,0x43,0x0]
[m47] num=75 args=[0xa00904000,0xc000,0x7] policy="" op="" ret=0x0 err=false writes=0
[trap] num=5 (0x5) pc=0x1804ae694 args=[0x6c690,0x0,0x0,0x6c6db,0x10027b3f7,0x27fdd50,0x73,0xfffff0003ffff800]
[M28 BANDSHRINK] syscall 5 band past ipa 0x6c690 len 65536 shrunk 64 -> 0 by an overlapping window of the same call
[trap] num=406 (0x196) pc=0x1804b2174 args=[0x4,0x3,0x0,0x6c6db,0x10027b3f7,0x27fdd50,0x73,0xfffff0003ffff800]
[trap] num=194 (0xc2) pc=0x1804b00c8 args=[0x1008,0x27fdbc8,0x1804edb6c,0x6c6db,0x10027b3f7,0x27fdd50,0x73,0xfffff0003ffff800]
[trap] num=339 (0x153) pc=0x1804bc288 args=[0x4,0x27fdcb0,0x1804edb6c,0x6c6db,0x10027b3f7,0x27fdd50,0x73,0xfffff0003ffff800]
[trap] num=339 (0x153) pc=0x1804bc288 args=[0x4,0x27fdab0,0x27fdb74,0x1ec7035c0,0x0,0x27fdd50,0x73,0xfffff0003ffff800]
[trap] num=396 (0x18c) pc=0x1804afcac args=[0x4,0x701017000,0x1000,0xa0066b180,0x701017000,0x0,0xffffffffbfc007ff,0xfffff0003ffff800]
[trap] num=396 (0x18c) pc=0x1804afcac args=[0x4,0x701017000,0x1000,0x1ec7035c0,0x66,0x66,0x74,0xfffff0003ffff800]
[trap] num=399 (0x18f) pc=0x1804af584 args=[0x4,0x0,0x1804edb6c,0x1ec7035c0,0x66,0x66,0x74,0xfffff0003ffff800]
[trap] num=5 (0x5) pc=0x1804ae694 args=[0x70100c300,0x0,0x0,0x70100c313,0x70100c300,0x0,0x0,0xfffff0003ffff800]
[M28 BANDSHRINK] syscall 5 band past ipa 0x70100c300 len 65536 shrunk 64 -> 0 by an overlapping window of the same call
[M28 BANDSHRINK] syscall 5 band past ipa 0x70100c300 len 65536 shrunk 64 -> 0 by an overlapping window of the same call
[trap] num=5 (0x5) pc=0x1804ae694 args=[0x1002b1a90,0x100,0x0,0x3,0x70100c300,0x0,0x0,0xfffff0003ffff800]
[trap] num=5 (0x5) pc=0x1804ae694 args=[0x70100c360,0x0,0x0,0xfffff0007fc00000,0x7010101f0,0x0,0xffffffffbfc007ff,0xfffff0003ffff800]
[M28 BANDSHRINK] syscall 5 band past ipa 0x70100c360 len 65536 shrunk 64 -> 0 by an overlapping window of the same call
[trap] num=5 (0x5) pc=0x1804ae694 args=[0x700c14300,0x1000000,0x0,0x700c1430c,0x74,0x74,0x73,0x4c0]
[M28 BANDSHRINK] syscall 5 band past ipa 0x700c14300 len 65536 shrunk 64 -> 0 by an overlapping window of the same call
[trap] num=339 (0x153) pc=0x1804bc288 args=[0x4,0x27fd980,0x27fdb10,0x700c1430c,0x74,0x74,0x73,0x4c0]
[trap] num=197 (0xc5) pc=0x1804aea18 args=[0x0,0x13,0x1,0x40002,0x4,0x0,0x73,0x4c0]
[trap] num=6 (0x6) pc=0x1804ae8f0 args=[0x4,0x13,0x1,0x40002,0x4,0x0,0x73,0x4c0]
[trap] num=73 (0x49) pc=0x1804b1728 args=[0xa00cd0000,0x13,0xffffffffb0000000,0x60,0xfffff0007fc00000,0x6c,0x700c60098,0x4e0]
[trap] num=5 (0x5) pc=0x1804ae694 args=[0x700c14300,0x1000000,0x0,0x700c1430c,0x70100c380,0x0,0x73,0xfffff0003ffff800]
[M28 BANDSHRINK] syscall 5 band past ipa 0x700c14300 len 65536 shrunk 64 -> 0 by an overlapping window of the same call
[trap] num=339 (0x153) pc=0x1804bc288 args=[0x4,0x27fd980,0x27fdb10,0x700c1430c,0x70100c380,0x0,0x73,0xfffff0003ffff800]
[trap] num=197 (0xc5) pc=0x1804aea18 args=[0x0,0x13,0x1,0x40002,0x4,0x0,0x73,0xfffff0003ffff800]
[trap] num=6 (0x6) pc=0x1804ae8f0 args=[0x4,0x13,0x1,0x40002,0x4,0x0,0x73,0xfffff0003ffff800]
[trap] num=73 (0x49) pc=0x1804b1728 args=[0xa00cd4000,0x13,0xffffffffb0000000,0x60,0xfffff0007fc00000,0x0,0x700c60098,0xfffff0003ffff800]
[trap] num=54 (0x36) pc=0x1804b2338 args=[0x1,0x40087468,0x27fe008,0x103,0x70100c3a0,0x0,0x74,0xfffff0003ffff800]
[trap] num=339 (0x153) pc=0x1804bc288 args=[0x1,0x27fe1a0,0x120a8,0x103,0x6cd00,0x0,0x29,0x20]
[trap] num=397 (0x18d) pc=0x1804b1be4 args=[0x1,0x701016000,0xb9,0xc,0x6c900,0x0,0x29,0x20]
[fd1 (console 1)] commit fcb94e8ed13e30ccb6e2398f153d776aac336bba
Author: retrace <retrace@example.invalid>
Date:   Thu Oct 1 18:13:03 2026 -0300

    first

 a.txt | 1 +
 1 file changed, 1 insertion(+)

[trap] num=339 (0x153) pc=0x1804bc288 args=[0x1,0x27ff458,0x120a8,0xfffff0007fc00000,0x6d3c0,0x0,0x29,0x20]
[trap] num=399 (0x18f) pc=0x1804af584 args=[0x1,0x0,0x1804edb6c,0xfffff0007fc00000,0x6d3c0,0x0,0x29,0x20]
[trap] num=1 (0x1) pc=0x1804b5584 args=[0x0,0x1,0x120a8,0x1ec701508,0x1803a78bc,0x0,0x29,0x20]
[retrace] fall-throughs: 5
