[trap] num=-28 (0xffffffffffffffe4) pc=0x140001654 args=[0x27ff9c8,0x8,0x1400e0090,0x27ff46f,0x27ff5b8,0x1400647cc,0x0,0x0]
[trap] num=-26 (0xffffffffffffffe6) pc=0x14000163c args=[0x203,0x8,0x1400e0090,0x27ff46f,0x27ff5b8,0x1400647cc,0x0,0x0]
[trap] num=372 (0x174) pc=0x140004b14 args=[0x0,0x8,0x1400e0090,0x27ff46f,0x27ff5b8,0x1400647cc,0x0,0x0]
[trap] num=2147483648 (0x80000000) pc=0x14008194c args=[0x1400b9ee0,0x8,0x1400e0090,0x2,0x27ff5b8,0x1400647cc,0x0,0x0]
[retrace warn] dyld __mac_syscall(Sandbox) synthesized as success/unsandboxed (not forwarded; host would fault)
[trap] num=38 (0x26) pc=0x1400815a0 args=[0x0,0x0,0x0,0x27ff668,0x0,0x1400647cc,0x0,0x0]
[trap] num=-14 (0xfffffffffffffff2) pc=0x1400015b8 args=[0x203,0x1400bc000,0x200f0,0x0,0x3,0x1400647cc,0x0,0x0]
[trap] num=483 (0x1e3) pc=0x140004e08 args=[0x0,0x27ff62c,0x4,0x0,0x3,0x1400647cc,0x0,0x0]
[trap] num=38 (0x26) pc=0x1400815a0 args=[0x0,0x0,0x0,0x27ff5e8,0x0,0x1400647cc,0x0,0x0]
[trap] num=-14 (0xfffffffffffffff2) pc=0x1400015b8 args=[0x203,0x1400bc000,0x200f0,0x0,0x1,0x1400bc0f0,0x20000,0x0]
[trap] num=-14 (0xfffffffffffffff2) pc=0x1400015b8 args=[0x203,0x1400bc000,0x200f0,0x0,0x3,0x1400bc0f0,0x20000,0x0]
[trap] num=-14 (0xfffffffffffffff2) pc=0x1400015b8 args=[0x203,0x1400bc000,0x200f0,0x0,0x1,0x3d,0x20000,0xec0]
[trap] num=294 (0x126) pc=0x1400062f8 args=[0x27ff990,0x27ff990,0x27ff980,0x27ff990,0x27ffa00,0x3d,0x20000,0xec0]
[trap] num=-14 (0xfffffffffffffff2) pc=0x1400015b8 args=[0x203,0x1400bc000,0x200f0,0x0,0x3,0x3d,0x20000,0xec0]
[trap] num=-15 (0xfffffffffffffff1) pc=0x1400015c4 args=[0x203,0x27fee10,0x20000,0x3fff,0x3c000001,0x3,0x0,0x0]
[trap] num=20 (0x14) pc=0x140004f48 args=[0x0,0x3,0x74380663dfc,0x2,0x1,0x27ff560,0x65,0x0]
[trap] num=-12 (0xfffffffffffffff4) pc=0x1400015a0 args=[0x203,0x1003c0000,0x20000,0x0,0x0,0x0,0x0,0x0]
[trap] num=-14 (0xfffffffffffffff2) pc=0x1400015b8 args=[0x203,0x1400bc000,0x200f0,0x0,0x1,0x0,0x0,0x0]
[trap] num=38 (0x26) pc=0x1400815a0 args=[0x0,0x0,0x0,0x27ff778,0x1,0x0,0x0,0x0]
[trap] num=483 (0x1e3) pc=0x140004e08 args=[0x0,0x27ff78c,0x4,0x27ff7f8,0x1,0x0,0x0,0x0]
[trap] num=-14 (0xfffffffffffffff2) pc=0x1400015b8 args=[0x203,0x1400bc000,0x200f0,0x0,0x3,0x0,0x0,0x0]
[trap] num=-15 (0xfffffffffffffff1) pc=0x1400015c4 args=[0x203,0x27fee10,0x20000,0x3fff,0x3c000001,0x3,0x0,0x0]
[trap] num=-12 (0xfffffffffffffff4) pc=0x1400015a0 args=[0x203,0x1003c0000,0x20000,0x0,0x0,0x0,0x0,0x0]
[trap] num=-14 (0xfffffffffffffff2) pc=0x1400015b8 args=[0x203,0x1400bc000,0x200f0,0x0,0x1,0x0,0x0,0x0]
[trap] num=336 (0x150) pc=0x14000600c args=[0xf,0x10b59,0x0,0x0,0x1ec6f7f80,0x170,0x0,0x0]
[trap] num=-28 (0xffffffffffffffe4) pc=0x180115654 args=[0x1,0x0,0x0,0x0,0x0,0x0,0x0,0x0]
[trap] num=-26 (0xffffffffffffffe6) pc=0x18011563c args=[0x203,0x0,0x0,0x0,0x0,0x0,0x0,0x0]
[trap] num=372 (0x174) pc=0x180118b14 args=[0x0,0x0,0x0,0x0,0x0,0x0,0x0,0x0]
[trap] num=2147483648 (0x80000000) pc=0x18019594c args=[0x1ec6f9e60,0x0,0x0,0x2,0x0,0x0,0x0,0x0]
[retrace warn] dyld __mac_syscall(Sandbox) synthesized as success/unsandboxed (not forwarded; host would fault)
[trap] num=38 (0x26) pc=0x1801955a0 args=[0x0,0x0,0x0,0x27ff668,0x0,0x0,0x0,0x0]
[trap] num=-14 (0xfffffffffffffff2) pc=0x1801155b8 args=[0x203,0x1ec444000,0x24000,0x0,0x13,0x0,0x0,0x0]
[trap] num=483 (0x1e3) pc=0x180118e08 args=[0x0,0x27ff62c,0x4,0x0,0x13,0x0,0x0,0x0]
[trap] num=38 (0x26) pc=0x1801955a0 args=[0x0,0x0,0x0,0x27ff5e8,0x0,0x0,0x0,0x0]
[trap] num=-14 (0xfffffffffffffff2) pc=0x1801155b8 args=[0x203,0x1ec444000,0x24000,0x0,0x1,0x1ec444140,0x20000,0x0]
[trap] num=-14 (0xfffffffffffffff2) pc=0x1801155b8 args=[0x203,0x1ec444000,0x24000,0x0,0x13,0x1ec444140,0x20000,0x0]
[trap] num=-14 (0xfffffffffffffff2) pc=0x1801155b8 args=[0x203,0x1ec444000,0x24000,0x0,0x1,0x3d,0x20000,0xec0]
[trap] num=294 (0x126) pc=0x18011a2f8 args=[0x27ff990,0x27ff990,0x27ff980,0x27ff990,0x27ffa00,0x3d,0x20000,0xec0]
[trap] num=-19 (0xffffffffffffffed) pc=0x1801155e8 args=[0x203,0x203,0x0,0xffffffff,0x27ffa00,0x3d,0x20000,0xec0]
[trap] num=-14 (0xfffffffffffffff2) pc=0x1801155b8 args=[0x203,0x1ec444000,0x24000,0x0,0x3,0x3d,0x20000,0xec0]
[trap] num=-15 (0xfffffffffffffff1) pc=0x1801155c4 args=[0x203,0x27fee10,0x20000,0x3fff,0x3c000001,0x3,0x0,0x0]
[trap] num=20 (0x14) pc=0x180118f48 args=[0x0,0x3,0x7438067a5fc,0x2,0x1,0x27ff560,0x65,0x0]
[trap] num=-12 (0xfffffffffffffff4) pc=0x1801155a0 args=[0x203,0x1003c0000,0x20000,0x0,0x0,0x0,0x0,0x0]
[trap] num=-14 (0xfffffffffffffff2) pc=0x1801155b8 args=[0x203,0x1ec444000,0x24000,0x0,0x1,0x0,0x0,0x0]
[trap] num=73 (0x49) pc=0x18011823c args=[0x140000000,0xa8000,0x27ff6ef,0x2,0x8,0x0,0x0,0x0]
[trap] num=73 (0x49) pc=0x18011823c args=[0x1400a8000,0x4000,0x27ff6ef,0x2,0x8,0x0,0x0,0x0]
[trap] num=73 (0x49) pc=0x18011823c args=[0x1400ac000,0x8000,0x27ff6ef,0x2,0x8,0x0,0x0,0x0]
[trap] num=73 (0x49) pc=0x18011823c args=[0x1400b4000,0x4000,0x27ff6ef,0x2,0x8,0x0,0x0,0x0]
[trap] num=73 (0x49) pc=0x18011823c args=[0x1400bc000,0x24000,0x27ff6ef,0x2,0x8,0x0,0x0,0x0]
[trap] num=73 (0x49) pc=0x18011823c args=[0x1400e0000,0x60000,0x27ff6ef,0x2,0x8,0x0,0x0,0x0]
[trap] num=-14 (0xfffffffffffffff2) pc=0x1801155b8 args=[0x203,0x1ec444000,0x24000,0x0,0x3,0x0,0x0,0x0]
[trap] num=38 (0x26) pc=0x1801955a0 args=[0x0,0x0,0x0,0x27ff2a8,0x1,0x0,0x0,0x0]
[trap] num=5 (0x5) pc=0x180119f50 args=[0x27ffefd,0x0,0x0,0x0,0x1,0x0,0x0,0x0]
[trap] num=92 (0x5c) pc=0x1801180d8 args=[0x3,0x32,0x27feea8,0x0,0x1,0x0,0x0,0x0]
[trap] num=6 (0x6) pc=0x180116750 args=[0x3,0x32,0x27feea8,0x0,0x1,0x0,0x0,0x0]
[trap] num=483 (0x1e3) pc=0x180118e08 args=[0x0,0x27ff2bc,0x4,0xfffffffffffffff0,0x67,0x4d,0x0,0x120]
[trap] num=381 (0x17d) pc=0x180119ecc args=[0x1801b7eb4,0x2,0x27ff1e0,0xa,0x73,0x69,0x0,0x120]
[m47] num=381 args=[0x1801b7eb4,0x2,0x27ff1e0] policy="Sandbox" op="syscall-unix" ret=0xe err=true writes=0
[trap] num=483 (0x1e3) pc=0x180118e08 args=[0x0,0x27ff2cc,0x4,0xfffffffffffffff0,0x67,0x41,0x0,0xf20]
[trap] num=202 (0xca) pc=0x18011a37c args=[0x27ff280,0x2,0x27ff248,0x27ff240,0x1801ab70b,0x20,0x0,0xf20]
[trap] num=202 (0xca) pc=0x18011a37c args=[0x27ff248,0x3,0x27ff2dc,0x27ff2d0,0x0,0x0,0x0,0xf20]
[trap] num=381 (0x17d) pc=0x180119ecc args=[0x1801b4bf1,0x5a,0x27ff260,0x2,0x8,0x72,0x0,0xf20]
[m47] amfi policy_resident="AMFI\0"
[probe] AMFI dyld policy in=0x0 r=0 out=0x1df out_ptr=0x27ff258
[trap] num=202 (0xca) pc=0x18011a37c args=[0x27fe4d0,0x2,0x27fe498,0x27fe490,0x1801b698e,0xd,0x1ec444f10,0xf20]
[trap] num=202 (0xca) pc=0x18011a37c args=[0x27fe498,0x2,0x27fe548,0x27fe540,0x0,0x0,0x1ec444f10,0xf20]
[trap] num=5 (0x5) pc=0x180119f50 args=[0x1801aaaf1,0x20100000,0x0,0xfffffffffffffff0,0x0,0x72,0x0,0x80]
[trap] num=463 (0x1cf) pc=0x180119f7c args=[0x3,0x1801b4c4b,0x100000,0x0,0x0,0x72,0x0,0x80]
[trap] num=41 (0x29) pc=0x18011a484 args=[0x4,0x1801b625c,0x100000,0x0,0x0,0x72,0x0,0x80]
[trap] num=470 (0x1d6) pc=0x18011a5e4 args=[0x4,0x27fe021,0x27fdf90,0x0,0x27fe080,0x72,0x0,0x80]
[trap] num=463 (0x1cf) pc=0x180119f7c args=[0x4,0x27fe021,0x100000,0x0,0x27fe080,0x72,0x0,0x80]
[trap] num=92 (0x5c) pc=0x1801180d8 args=[0x6,0x32,0x27fe020,0x0,0x27fe080,0x72,0x0,0x80]
[trap] num=41 (0x29) pc=0x18011a484 args=[0x6,0x1801b6e25,0x27feeb0,0x0,0x27fe080,0x72,0x0,0x80]
[trap] num=41 (0x29) pc=0x18011a484 args=[0x5,0x1801b6e25,0x27feeb0,0x0,0x27fe080,0x72,0x0,0x80]
[trap] num=6 (0x6) pc=0x180116750 args=[0x3,0x1801b6cb4,0x27feeb0,0x0,0x27fe080,0x72,0x0,0x80]
[trap] num=6 (0x6) pc=0x180116750 args=[0x5,0x1801b6cf2,0x27feeb0,0x0,0x27fe080,0x72,0x0,0x80]
[trap] num=6 (0x6) pc=0x180116750 args=[0x4,0x1801b6d1f,0x27feeb0,0x0,0x27fe080,0x72,0x0,0x80]
[trap] num=6 (0x6) pc=0x180116750 args=[0x6,0x1801b6d4a,0x27feeb0,0x0,0x27fe080,0x72,0x0,0x80]
[trap] num=381 (0x17d) pc=0x180119ecc args=[0x1801b7eb4,0x2,0x27fed30,0xa,0x73,0x69,0x0,0x80]
[m47] num=381 args=[0x1801b7eb4,0x2,0x27fed30] policy="Sandbox" op="syscall-unix" ret=0xe err=true writes=0
[trap] num=294 (0x126) pc=0x18011a2f8 args=[0x27fed78,0x27fee48,0x27fee48,0x27fee74,0x73,0x69,0x0,0x80]
[trap] num=-14 (0xfffffffffffffff2) pc=0x1801155b8 args=[0x203,0x1ec444000,0x24000,0x0,0x3,0x0,0x0,0x5c0]
[trap] num=427 (0x1ab) pc=0x18011a5b8 args=[0x27feee0,0x400,0x27fee64,0x748e8,0x3,0x0,0x0,0x5c0]
[trap] num=92 (0x5c) pc=0x1801180d8 args=[0x8,0x32,0x27feee0,0x1ec445272,0xfffffffe163b9c80,0x20,0x0,0x5c0]
[trap] num=6 (0x6) pc=0x180116750 args=[0x8,0x1801b6a74,0x4,0x180115e30,0x1,0x20,0x0,0x5c0]
[trap] num=6 (0x6) pc=0x180116750 args=[0x7,0x1801b6a98,0x4,0x180115e30,0x1,0x20,0x0,0x5c0]
[trap] num=338 (0x152) pc=0x180116c48 args=[0x1ec445210,0x27fea00,0x1ec445210,0x27feaf8,0x27feb20,0x27feb00,0x0,0x27feb28]
[trap] num=5 (0x5) pc=0x180119f50 args=[0x1ec445210,0x0,0x0,0x27feaf8,0x27feb20,0x27feb00,0x0,0x27feb28]
[trap] num=197 (0xc5) pc=0x180119190 args=[0x0,0x388830,0x1,0x40002,0x3,0x0,0x0,0x27feb28]
[trap] num=92 (0x5c) pc=0x1801180d8 args=[0x3,0x32,0x27feb28,0x40002,0x3,0x0,0x0,0x27feb28]
[trap] num=73 (0x49) pc=0x18011823c args=[0xa00000000,0x388830,0x388830,0x0,0x27feb00,0x27feb28,0x3,0x27feb28]
[trap] num=6 (0x6) pc=0x180116750 args=[0x3,0x388830,0x388830,0x0,0x27feb00,0x27feb28,0x3,0x27feb28]
[trap] num=338 (0x152) pc=0x180116c48 args=[0x1ec445210,0x27fef80,0x27ff040,0x0,0x27feb00,0x27feb28,0x3,0x27feb28]
[trap] num=338 (0x152) pc=0x180116c48 args=[0x1000006b8,0x27fde80,0x27fdf80,0x27fdf68,0x1000006c2,0x1801ac864,0x73,0x900]
[M28 BANDSHRINK] syscall 338 band past ipa 0x1000006b8 len 65536 shrunk 64 -> 0 by an overlapping window of the same call
[trap] num=-10 (0xfffffffffffffff6) pc=0x180115588 args=[0x203,0x27fde40,0x4000,0x3c000001,0x1000006c2,0x1801ac864,0x73,0x900]
[trap] num=338 (0x152) pc=0x180116c48 args=[0x27fe470,0x27fde00,0x27fdf00,0x27fdee8,0x27fe49e,0x1801ac864,0x0,0x7c0]
[trap] num=-12 (0xfffffffffffffff4) pc=0x1801155a0 args=[0x203,0xa0038c000,0x4000,0x1a0500,0x0,0x0,0x0,0x140]
[trap] num=338 (0x152) pc=0x180116c48 args=[0x100000720,0x27fde80,0x27fdf80,0x27fdf68,0x75,0x41,0x27fe6c8,0x7c0]
[trap] num=-10 (0xfffffffffffffff6) pc=0x180115588 args=[0x203,0x27fde40,0x4000,0x3c000001,0x75,0x41,0x27fe6c8,0x7c0]
[trap] num=338 (0x152) pc=0x180116c48 args=[0x27fe4a0,0x27fde30,0x27fdf30,0x27fdf18,0x27fe4b4,0x1ec4452e4,0x0,0x7c0]
[trap] num=-12 (0xfffffffffffffff4) pc=0x1801155a0 args=[0x203,0xa00390000,0x4000,0x1a0500,0x0,0x0,0x0,0xbc0]
[trap] num=338 (0x152) pc=0x180116c48 args=[0x100000750,0x27fde80,0x27fdf80,0x27fdf68,0x75,0x41,0x27fe6c8,0x7c0]
[trap] num=-10 (0xfffffffffffffff6) pc=0x180115588 args=[0x203,0x27fde40,0x4000,0x3c000001,0x75,0x41,0x27fe6c8,0x7c0]
[trap] num=338 (0x152) pc=0x180116c48 args=[0x27fe4a0,0x27fde30,0x27fdf30,0x27fdf18,0x27fe4b4,0x1ec4452e4,0x0,0x7c0]
[trap] num=-12 (0xfffffffffffffff4) pc=0x1801155a0 args=[0x203,0xa00394000,0x4000,0x1a0500,0x0,0x0,0x0,0xbc0]
[trap] num=338 (0x152) pc=0x180116c48 args=[0x100000788,0x27fde80,0x27fdf80,0x27fdf68,0x100000792,0x1801ac864,0x27fe6c8,0x900]
[M28 BANDSHRINK] syscall 338 band past ipa 0x100000788 len 65536 shrunk 64 -> 0 by an overlapping window of the same call
[trap] num=-10 (0xfffffffffffffff6) pc=0x180115588 args=[0x203,0x27fde40,0x4000,0x3c000001,0x100000792,0x1801ac864,0x27fe6c8,0x900]
[trap] num=338 (0x152) pc=0x180116c48 args=[0x27fe4a0,0x27fde30,0x27fdf30,0x27fdf18,0x27fe4ce,0x1801ac864,0x0,0x7c0]
[trap] num=-12 (0xfffffffffffffff4) pc=0x1801155a0 args=[0x203,0xa00398000,0x4000,0x1a0500,0x0,0x0,0x0,0xbc0]
[trap] num=338 (0x152) pc=0x180116c48 args=[0x1000007c0,0x27fde80,0x27fdf80,0x27fdf68,0x1000007ca,0x1801ac864,0x6e,0x7c0]
[M28 BANDSHRINK] syscall 338 band past ipa 0x1000007c0 len 65536 shrunk 64 -> 0 by an overlapping window of the same call
[trap] num=-10 (0xfffffffffffffff6) pc=0x180115588 args=[0x203,0x27fde40,0x4000,0x3c000001,0x1000007ca,0x1801ac864,0x6e,0x7c0]
[trap] num=338 (0x152) pc=0x180116c48 args=[0x27fe470,0x27fde00,0x27fdf00,0x27fdee8,0x27fe49e,0x1801ac864,0x0,0x7c0]
[trap] num=-12 (0xfffffffffffffff4) pc=0x1801155a0 args=[0x203,0xa0039c000,0x4000,0x1a0500,0x0,0x0,0x0,0xbc0]
[trap] num=5 (0x5) pc=0x180119f50 args=[0x1ec447838,0x0,0x0,0x0,0x0,0x27fcba8,0x1,0x27fcb08]
[trap] num=381 (0x17d) pc=0x180119ecc args=[0x1801b7eb4,0x2,0x27fbe00,0xa,0x73,0x69,0x1,0x27fcb08]
[m47] num=381 args=[0x1801b7eb4,0x2,0x27fbe00] policy="Sandbox" op="syscall-unix" ret=0xe err=true writes=0
[trap] num=550 (0x226) pc=0x180119ef8 args=[0x27fb510,0x2,0x27fb560,0x858,0x1778,0x8,0x0,0x27fcba8]
[trap] num=6 (0x6) pc=0x180116750 args=[0x3,0x3,0x27fb5b2,0x3,0x1,0x8,0x0,0x27fcba8]
[trap] num=74 (0x4a) pc=0x180119f24 args=[0x1002ec000,0x10000,0x1,0x1,0x8,0x8,0x0,0x27fcba8]
[trap] num=-14 (0xfffffffffffffff2) pc=0x1801155b8 args=[0x203,0x1e5908000,0x2324000,0x0,0x13,0x13,0x4,0x4000]
[trap] num=-14 (0xfffffffffffffff2) pc=0x1801155b8 args=[0x203,0x1edc84000,0x7b90000,0x0,0x13,0x13,0x5,0x6380000]
[trap] num=-14 (0xfffffffffffffff2) pc=0x1801155b8 args=[0x203,0x28f64c000,0x2c2c000,0x0,0x13,0x13,0x4,0x4000]
[trap] num=-14 (0xfffffffffffffff2) pc=0x1801155b8 args=[0x203,0x29a1cc000,0x5678000,0x0,0x13,0x13,0x5,0x8b84000]
[trap] num=-14 (0xfffffffffffffff2) pc=0x1801155b8 args=[0x203,0x2d0bac000,0x2a4000,0x0,0x13,0x13,0x4,0x4000]
[trap] num=-14 (0xfffffffffffffff2) pc=0x1801155b8 args=[0x203,0x2d361c000,0xac8000,0x0,0x13,0x13,0x5,0xa74000]
[trap] num=-14 (0xfffffffffffffff2) pc=0x1801155b8 args=[0x203,0x1e5908000,0x2324000,0x0,0x1,0x1,0x4,0x4000]
[trap] num=-14 (0xfffffffffffffff2) pc=0x1801155b8 args=[0x203,0x1edc84000,0x7b90000,0x0,0x1,0x1,0x5,0x6380000]
[trap] num=-14 (0xfffffffffffffff2) pc=0x1801155b8 args=[0x203,0x28f64c000,0x2c2c000,0x0,0x1,0x1,0x4,0x4000]
[trap] num=-14 (0xfffffffffffffff2) pc=0x1801155b8 args=[0x203,0x29a1cc000,0x5678000,0x0,0x1,0x1,0x5,0x8b84000]
[trap] num=-14 (0xfffffffffffffff2) pc=0x1801155b8 args=[0x203,0x2d0bac000,0x2a4000,0x0,0x1,0x1,0x4,0x4000]
[trap] num=-14 (0xfffffffffffffff2) pc=0x1801155b8 args=[0x203,0x2d361c000,0xac8000,0x0,0x1,0x1,0x5,0xa74000]
[trap] num=-15 (0xfffffffffffffff1) pc=0x1801155c4 args=[0x203,0x27f7f40,0x20000,0x3fff,0x3c000001,0x3,0x0,0x0]
[trap] num=347 (0x15b) pc=0x18011a6ec args=[0x0,0x0,0x2,0x2,0x1,0x27f7ad0,0xa0,0x0]
[trap] num=-15 (0xfffffffffffffff1) pc=0x1801155c4 args=[0x203,0x27f7560,0x20000,0x3fff,0x3c000001,0x3,0x0,0x0]
[trap] num=347 (0x15b) pc=0x18011a6ec args=[0x1003e0060,0xb1d8,0x2,0x2,0x1,0x1003e0000,0x20000,0x0]
[M28 BANDSHRINK] syscall 347 band past ipa 0x1003e0000 len 65536 shrunk 64 -> 0 by an overlapping window of the same call
[trap] num=220 (0xdc) pc=0x180116e90 args=[0x1003e00b8,0x27f7a48,0x27f7b90,0x40,0x0,0x0,0x20000,0x0]
[trap] num=-12 (0xfffffffffffffff4) pc=0x1801155a0 args=[0x203,0x1003e0000,0x20000,0x87,0x2,0x1000038,0xffffffffffffffff,0x0]
[trap] num=-12 (0xfffffffffffffff4) pc=0x1801155a0 args=[0x203,0x1003c0000,0x20000,0x0,0x0,0x0,0x0,0x0]
[trap] num=5 (0x5) pc=0x180119f50 args=[0x1801ab41a,0x2,0x0,0xa,0x0,0x0,0x0,0x0]
[trap] num=54 (0x36) pc=0x180116724 args=[0x3,0x80086804,0x27f4c18,0xa,0x0,0x0,0x0,0x0]
[trap] num=6 (0x6) pc=0x180116750 args=[0x3,0xffffffffffffffff,0x27f4c18,0xa,0x0,0x0,0x0,0x0]
[trap] num=294 (0x126) pc=0x18011a2f8 args=[0xffffffffffffffff,0x1f070030,0x0,0x0,0x0,0x0,0x0,0x0]
[trap] num=-14 (0xfffffffffffffff2) pc=0x1801155b8 args=[0x203,0x1ec444000,0x24000,0x0,0x1,0x0,0x0,0x0]
[trap] num=-28 (0xffffffffffffffe4) pc=0x1804adb5c args=[0x0,0x1804e2db8,0x27ffe50,0x1ec445388,0x1ec445388,0x0,0x0,0x0]
[trap] num=-26 (0xffffffffffffffe6) pc=0x1804adb44 args=[0x203,0x1804e2db8,0x27ffe50,0x1ec445388,0x1ec445388,0x0,0x0,0x0]
[trap] num=33 (0x21) pc=0x1804ae668 args=[0x1804e2dda,0x0,0x27ffe50,0x1ec445388,0x1ec445388,0x0,0x0,0x0]
[trap] num=-15 (0xfffffffffffffff1) pc=0x1804adacc args=[0x203,0x27fb6e8,0x8000,0x0,0x49000001,0x3,0x0,0x0]
[trap] num=-29 (0xffffffffffffffe3) pc=0x1804adb68 args=[0x1eec6fd98,0x27ffe48,0x27ffe50,0x1ec445388,0x49000001,0x3,0x0,0x0]
[trap] num=-24 (0xffffffffffffffe8) pc=0x1804adb2c args=[0x203,0x27fb590,0x0,0x27fb5ac,0x49000001,0x3,0x0,0x0]
[trap] num=-47 (0xffffffffffffffd1) pc=0x1804adc34 args=[0x27fb5d0,0x200000003,0x2800001513,0x160300000b03,0xc800000000,0x160300000000,0x140,0x0]
[mach_msg2] msgh_id=200 dest=0xb03 reply=0x1603 options=0x200000003 bits=0x1513 send_size=40 rcv_size=320
  send+000: 13 15 00 00 28 00 00 00 03 0b 00 00 03 16 00 00
  send+010: 00 00 00 00 c8 00 00 00 00 00 00 00 01 00 00 00
  send+020: 05 00 00 00 08 00 00 00
[retrace] forwarding mach_msg2 host_info (msgh_id 200) to host (decided allowlist)
[mach_msg2] host ret=0x0 err=false
  reply@0x27fb5d0+000: 00 12 00 00 48 00 00 00 00 00 00 00 03 16 00 00
  reply@0x27fb5d0+010: 00 00 00 00 2c 01 00 00 00 00 00 00 01 00 00 00
  reply@0x27fb5d0+020: 00 00 00 00 08 00 00 00 50 00 00 00 50 00 00 00
  reply@0x27fb5d0+030: 40 00 00 00 1f 00 00 00 00 00 00 00 00 00 00 00
  reply@0x27fb5d0+040: 00 00 00 00 4f 00 00 00 00 00 00 00 08 00 00 00
  reply@0x27fb5d0+050: 00 00 00 00 00 00 00 00 00 00 00 00 00 00 00 00
  reply@0x27fb5d0+060: 00 00 00 00 00 00 00 00 00 00 00 00 00 00 00 00
  reply@0x27fb5d0+070: 00 00 00 00 00 00 00 00 00 00 00 00 00 00 00 00
  reply@0x27fb5d0+080: 00 00 00 00 00 00 00 00 00 00 00 00 00 00 00 00
  reply@0x27fb5d0+090: 00 00 00 00 00 00 00 00 00 00 00 00 00 00 00 00
  reply@0x27fb5d0+0a0: 00 00 00 00 00 00 00 00 00 00 00 00 00 00 00 00
  reply@0x27fb5d0+0b0: 00 00 00 00 00 00 00 00 00 00 00 00 00 00 00 00
  reply@0x27fb5d0+0c0: 00 00 00 00 00 00 00 00 00 00 00 00 00 00 00 00
  reply@0x27fb5d0+0d0: 00 00 00 00 00 00 00 00 00 00 00 00 00 00 00 00
  reply@0x27fb5d0+0e0: 00 00 00 00 00 00 00 00 00 00 00 00 00 00 00 00
  reply@0x27fb5d0+0f0: 00 00 00 00 00 00 00 00 00 00 00 00 00 00 00 00
[trap] num=-18 (0xffffffffffffffee) pc=0x1804adae4 args=[0x203,0xb03,0x0,0x27fb7c0,0xc800000000,0x160300000000,0x4f00000000,0x0]
[trap] num=202 (0xca) pc=0x1804af460 args=[0x27fb7c8,0x2,0x27fb798,0x27fb760,0x0,0x0,0x4f00000000,0x0]
[trap] num=-27 (0xffffffffffffffe5) pc=0x1804adb50 args=[0x2ff20,0x0,0x0,0x1804f8a01,0x0,0x0,0x4f00000000,0x0]
[trap] num=-24 (0xffffffffffffffe8) pc=0x1804adb2c args=[0x203,0x27fb710,0x0,0x27fb72c,0x0,0x0,0x4f00000000,0x0]
[trap] num=366 (0x16e) pc=0x1804b3d2c args=[0x1804ecc14,0x1804ecc08,0x4000,0x27fb760,0x38,0xa0,0x4f00000000,0x0]
[trap] num=-29 (0xffffffffffffffe3) pc=0x1804adb68 args=[0x10030,0x103,0x1804f8cd8,0x103,0x38,0xa0,0x4f00000000,0x0]
[trap] num=-47 (0xffffffffffffffd1) pc=0x1804adc34 args=[0x27fb7a0,0x200000003,0x2400001513,0x150300000b03,0xce00000000,0x150300000000,0x30,0x0]
[mach_msg2] msgh_id=206 dest=0xb03 reply=0x1503 options=0x200000003 bits=0x1513 send_size=36 rcv_size=48
  send+000: 13 15 00 00 24 00 00 00 03 0b 00 00 03 15 00 00
  send+010: 00 00 00 00 ce 00 00 00 00 00 00 00 01 00 00 00
  send+020: 00 00 00 00
[retrace] forwarding mach_msg2 host_get_clock_service (msgh_id 206) to host (decided allowlist)
[mach_msg2] host ret=0x0 err=false
  reply@0x27fb7a0+000: 00 12 00 80 28 00 00 00 00 00 00 00 03 15 00 00
  reply@0x27fb7a0+010: 00 00 00 00 32 01 00 00 01 00 00 00 03 1f 00 00
  reply@0x27fb7a0+020: 00 00 00 00 00 00 11 00 00 00 00 00 08 00 00 00
  reply@0x27fb7a0+030: b8 fd c6 ee 01 00 00 00 03 0b 00 00 00 00 00 00
  reply@0x27fb7a0+040: 00 b8 7f 02 00 00 00 00 14 e8 39 80 01 00 00 00
  reply@0x27fb7a0+050: b8 fd c6 ee 01 00 00 00 50 fe 7f 02 00 00 00 00
  reply@0x27fb7a0+060: 20 b8 7f 02 00 00 00 00 a0 e6 39 80 01 00 00 00
  reply@0x27fb7a0+070: 88 53 44 ec 01 00 00 00 50 fe 7f 02 00 00 00 00
  reply@0x27fb7a0+080: 90 b8 7f 02 00 00 00 00 04 13 34 90 01 00 00 00
  reply@0x27fb7a0+090: 48 02 34 90 01 00 00 00 a0 00 00 00 00 00 00 00
  reply@0x27fb7a0+0a0: 06 00 00 00 00 00 00 00 18 01 34 90 01 00 00 00
  reply@0x27fb7a0+0b0: c0 1b 34 90 01 00 00 00 10 53 44 ec 01 00 00 00
  reply@0x27fb7a0+0c0: 5c 12 34 90 01 00 00 00 b0 b8 7f 02 00 00 00 00
  reply@0x27fb7a0+0d0: c0 1b 34 90 01 00 00 00 10 53 44 ec 01 00 00 00
  reply@0x27fb7a0+0e0: 5c 12 34 90 01 00 00 00 b8 bd 7f 02 00 00 00 00
  reply@0x27fb7a0+0f0: 40 b9 7f 02 00 00 00 00 30 0e 16 80 01 00 00 00
[trap] num=-47 (0xffffffffffffffd1) pc=0x1804adc34 args=[0x27fb7a0,0x200000003,0x2800001513,0x150300000203,0xd5a00000000,0x150300000000,0x30,0x0]
[mach_msg2] msgh_id=3418 dest=0x203 reply=0x1503 options=0x200000003 bits=0x1513 send_size=40 rcv_size=48
  send+000: 13 15 00 00 28 00 00 00 03 02 00 00 03 15 00 00
  send+010: 00 00 00 00 5a 0d 00 00 00 00 00 00 01 00 00 00
  send+020: 00 00 00 00 00 00 00 00
[retrace] forwarding mach_msg2 semaphore_create (msgh_id 3418) to host (decided allowlist)
[mach_msg2] host ret=0x0 err=false
  reply@0x27fb7a0+000: 00 12 00 80 28 00 00 00 00 00 00 00 03 15 00 00
  reply@0x27fb7a0+010: 00 00 00 00 be 0d 00 00 01 00 00 00 03 12 00 00
  reply@0x27fb7a0+020: 00 00 00 00 00 00 11 00 00 00 00 00 08 00 00 00
  reply@0x27fb7a0+030: d8 5d 70 ec 01 00 00 00 03 0b 00 00 00 00 00 00
  reply@0x27fb7a0+040: 00 b8 7f 02 00 00 00 00 38 e8 39 80 01 00 00 00
  reply@0x27fb7a0+050: b8 fd c6 ee 01 00 00 00 50 fe 7f 02 00 00 00 00
  reply@0x27fb7a0+060: 20 b8 7f 02 00 00 00 00 a0 e6 39 80 01 00 00 00
  reply@0x27fb7a0+070: 88 53 44 ec 01 00 00 00 50 fe 7f 02 00 00 00 00
  reply@0x27fb7a0+080: 90 b8 7f 02 00 00 00 00 04 13 34 90 01 00 00 00
  reply@0x27fb7a0+090: 48 02 34 90 01 00 00 00 a0 00 00 00 00 00 00 00
  reply@0x27fb7a0+0a0: 06 00 00 00 00 00 00 00 18 01 34 90 01 00 00 00
  reply@0x27fb7a0+0b0: c0 1b 34 90 01 00 00 00 10 53 44 ec 01 00 00 00
  reply@0x27fb7a0+0c0: 5c 12 34 90 01 00 00 00 b0 b8 7f 02 00 00 00 00
  reply@0x27fb7a0+0d0: c0 1b 34 90 01 00 00 00 10 53 44 ec 01 00 00 00
  reply@0x27fb7a0+0e0: 5c 12 34 90 01 00 00 00 b8 bd 7f 02 00 00 00 00
  reply@0x27fb7a0+0f0: 40 b9 7f 02 00 00 00 00 30 0e 16 80 01 00 00 00
[trap] num=-18 (0xffffffffffffffee) pc=0x1804adae4 args=[0x203,0xb03,0x2800001513,0x150300000203,0xd5a00000000,0x150300000000,0x30,0x0]
[trap] num=20 (0x14) pc=0x1804ae198 args=[0x0,0x0,0x0,0x27fb680,0x27fb340,0x64,0x0,0xc80]
[trap] num=266 (0x10a) pc=0x1804af558 args=[0x18037ff36,0x0,0x18ce3a000,0x103,0x27fb340,0x64,0x0,0xc80]
[trap] num=339 (0x153) pc=0x1804bc288 args=[0x3,0x27fb110,0x18ce3a000,0x103,0x27fb340,0x64,0x0,0xc80]
[trap] num=197 (0xc5) pc=0x1804aea18 args=[0x0,0x8000,0x1,0x40001,0x3,0x0,0x0,0xc80]
[trap] num=6 (0x6) pc=0x1804ae8f0 args=[0x3,0x8000,0x1,0x40001,0x3,0x0,0x0,0xc80]
[trap] num=169 (0xa9) pc=0x1804af8dc args=[0x10b59,0x0,0x27fb26c,0x4,0x3,0x0,0x0,0xc80]
[trap] num=500 (0x1f4) pc=0x1804ae144 args=[0x1ec6fd858,0x10,0x4,0x1804f8a0c,0x75,0x61,0x38,0x830]
[trap] num=54 (0x36) pc=0x1804b2338 args=[0x2,0x4004667a,0x27fb1dc,0x103,0x75,0x61,0x38,0x830]
[trap] num=54 (0x36) pc=0x1804b2338 args=[0x2,0x40487413,0x27fb1e0,0x103,0x75,0x61,0x38,0x830]
[trap] num=116 (0x74) pc=0x1804b1b60 args=[0x27faf50,0x0,0x0,0xfffffc088,0x67,0x6d,0x38,0x420]
[trap] num=500 (0x1f4) pc=0x1804ae144 args=[0x27fb088,0x20,0x27fb088,0x1c725a0a,0x180267bdc,0x6d,0x38,0x420]
[trap] num=116 (0x74) pc=0x1804b1b60 args=[0x27faf70,0x0,0x0,0xfffffc088,0x180267bdc,0x6d,0x38,0x420]
[trap] num=116 (0x74) pc=0x1804b1b60 args=[0x27faf90,0x0,0x0,0xfffffc088,0x1ec6fcf70,0x1ec6fcfa8,0x1000,0x20]
[trap] num=116 (0x74) pc=0x1804b1b60 args=[0x27faf90,0x0,0x0,0xfffffc088,0x27faf00,0x1802361b0,0x356abcb9d571409a,0x27fafb0]
[trap] num=-47 (0xffffffffffffffd1) pc=0x1804adc34 args=[0x27fb128,0x200000003,0x6480001513,0x150300000203,0x12cb00000000,0x150300000001,0x34,0x0]
[mach_msg2] msgh_id=4811 dest=0x203 reply=0x1503 options=0x200000003 bits=0x80001513 send_size=100 rcv_size=52
  send+000: 13 15 00 80 64 00 00 00 03 02 00 00 03 15 00 00
  send+010: 00 00 00 00 cb 12 00 00 01 00 00 00 00 00 00 00
  send+020: 00 00 00 00 00 00 13 00 00 00 00 00 01 00 00 00
  send+030: 00 00 00 00 00 00 00 00 00 80 46 00 00 00 00 00
  send+040: 00 00 00 00 00 00 00 00 01 00 00 01 00 00 00 00
  send+050: 00 00 00 00 00 00 00 00 00 00 00 00 00 00 00 00
  send+060: 01 00 00 00
[trap] num=-12 (0xfffffffffffffff4) pc=0x1804adaa8 args=[0x203,0xa0050c000,0x100000,0x150300000203,0x12cb00000000,0x150300000001,0x34,0x0]
[trap] num=116 (0x74) pc=0x1804b1b60 args=[0x27fac70,0x0,0x0,0xfffffc088,0x12cb00000000,0x150300000001,0x34,0x0]
[trap] num=-15 (0xfffffffffffffff1) pc=0x1804adacc args=[0x203,0x27fad38,0x408000,0x0,0x1000001,0x3,0x0,0x0]
[trap] num=74 (0x4a) pc=0x1804b1b04 args=[0x4c000,0x4000,0x0,0x40000000,0x0,0x3,0x0,0x0]
[trap] num=74 (0x4a) pc=0x1804b1b04 args=[0x450000,0x4000,0x0,0x40000000,0x0,0x3,0x0,0x0]
[trap] num=-15 (0xfffffffffffffff1) pc=0x1804adacc args=[0x203,0x27fadb8,0x400000,0x0,0x7004000,0x3,0x0,0x0]
[trap] num=-89 (0xffffffffffffffa7) pc=0x1804add00 args=[0x1ec705d78,0x180327210,0x0,0x1804f8a08,0x7004000,0x3,0x0,0x0]
[trap] num=-15 (0xfffffffffffffff1) pc=0x1804adacc args=[0x203,0x27fada8,0x3e000,0x0,0x1000001,0x3,0x0,0x0]
[trap] num=-47 (0xffffffffffffffd1) pc=0x1804adc34 args=[0x27fad00,0x200000003,0x2800001513,0x150300000203,0x12d600000000,0x150300000000,0x3c,0x0]
[mach_msg2] msgh_id=4822 dest=0x203 reply=0x1503 options=0x200000003 bits=0x1513 send_size=40 rcv_size=60
  send+000: 13 15 00 00 28 00 00 00 03 02 00 00 03 15 00 00
  send+010: 00 00 00 00 d6 12 00 00 00 00 00 00 01 00 00 00
  send+020: f8 03 00 00 f8 03 40 00
[trap] num=-10 (0xfffffffffffffff6) pc=0x1804ada90 args=[0x203,0x27fa6f8,0x4000,0x1,0x180327599,0x27fadb0,0x3c,0x0]
[trap] num=336 (0x150) pc=0x1804af110 args=[0x2,0x10b59,0x11,0x0,0x27fa6d8,0x38,0x180327461,0xa00810028]
[trap] num=97 (0x61) pc=0x1804b1fa0 args=[0x1,0x2,0x0,0x103,0x27fa6d8,0x38,0x0,0xa00810028]
[trap] num=92 (0x5c) pc=0x1804ae8c4 args=[0x3,0x2,0x1,0x103,0x27fa6d8,0x38,0x0,0xa00810028]
[trap] num=98 (0x62) pc=0x1804b2364 args=[0x3,0x27f9d06,0x6a,0x27f9d18,0x27fa6d8,0x38,0x676f6c7379732f,0xa00810028]
[trap] num=133 (0x85) pc=0x1804b2390 args=[0x3,0x27f9e10,0xfa,0x0,0x0,0x0,0x0,0xa00810028]
[trap] num=-12 (0xfffffffffffffff4) pc=0x1804adaa8 args=[0x203,0xa00810000,0x4000,0x0,0x0,0x0,0x0,0xa00810028]
[trap] num=-47 (0xffffffffffffffd1) pc=0x1804adc34 args=[0x27fac98,0x200000003,0x6480001513,0x150300000203,0x12cb00000000,0x150300000001,0x34,0x0]
[mach_msg2] msgh_id=4811 dest=0x203 reply=0x1503 options=0x200000003 bits=0x80001513 send_size=100 rcv_size=52
  send+000: 13 15 00 80 64 00 00 00 03 02 00 00 03 15 00 00
  send+010: 00 00 00 00 cb 12 00 00 01 00 00 00 00 00 00 00
  send+020: 00 00 00 00 00 00 13 00 00 00 00 00 01 00 00 00
  send+030: 00 00 00 00 04 00 00 00 00 00 00 00 06 00 00 00
  send+040: 00 00 00 00 00 00 00 00 00 00 00 00 00 00 00 00
  send+050: 00 00 00 00 00 00 00 00 00 00 00 00 00 00 00 00
  send+060: 01 00 00 00
[trap] num=116 (0x74) pc=0x1804b1b60 args=[0x27fab80,0x0,0x0,0xfffffc088,0x0,0x700,0xa00537378,0x0]
[trap] num=-15 (0xfffffffffffffff1) pc=0x1804adacc args=[0x203,0x27fb1d8,0x4000,0x0,0x1000001,0x3,0x0,0x0]
[trap] num=74 (0x4a) pc=0x1804b1b04 args=[0xa0054c000,0x4000,0x1,0xa0054c008,0x1000001,0x3,0x0,0x0]
[trap] num=-14 (0xfffffffffffffff2) pc=0x1801155b8 args=[0x203,0x1ec444000,0x24000,0x0,0x3,0x3,0x0,0x0]
[trap] num=-14 (0xfffffffffffffff2) pc=0x1801155b8 args=[0x203,0x1ec444000,0x24000,0x0,0x1,0x3,0x0,0x0]
[trap] num=327 (0x147) pc=0x1804ad92c args=[0x10b59,0x3,0x103,0x103,0x1,0x3,0x0,0x0]
[trap] num=-47 (0xffffffffffffffd1) pc=0x1804adc34 args=[0x27fb2dc,0x200000003,0x7400001513,0x150300000203,0x1f4000000000,0x150300000000,0x2c,0x0]
[mach_msg2] msgh_id=8000 dest=0x203 reply=0x1503 options=0x200000003 bits=0x1513 send_size=116 rcv_size=44
  send+000: 13 15 00 00 74 00 00 00 03 02 00 00 03 15 00 00
  send+010: 00 00 00 00 40 1f 00 00 00 00 00 00 01 00 00 00
  send+020: 05 00 00 00 88 5c 09 80 01 00 00 00 78 00 78 00
  send+030: 00 00 00 00 20 58 09 80 01 00 00 00 5c 00 5c 00
  send+040: 00 00 00 00 38 5a 09 80 01 00 00 00 5c 00 5c 00
  send+050: 00 00 00 00 00 59 09 80 01 00 00 00 78 00 78 00
  send+060: 00 00 00 00 b8 5a 09 80 01 00 00 00 78 00 78 00
  send+070: 00 00 00 00
[trap] num=-47 (0xffffffffffffffd1) pc=0x1804adc34 args=[0x27fb6e0,0x200000003,0x1800001513,0x150300000203,0x1f4100000000,0x150300000000,0x2c,0x0]
[mach_msg2] msgh_id=8001 dest=0x203 reply=0x1503 options=0x200000003 bits=0x1513 send_size=24 rcv_size=44
  send+000: 13 15 00 00 18 00 00 00 03 02 00 00 03 15 00 00
  send+010: 00 00 00 00 41 1f 00 00
[trap] num=-14 (0xfffffffffffffff2) pc=0x1801155b8 args=[0x203,0x1ec444000,0x24000,0x0,0x3,0x53,0x2c,0x0]
[trap] num=-15 (0xfffffffffffffff1) pc=0x1804adacc args=[0x203,0x27f5018,0x8000,0x0,0x1000001,0x3,0x0,0x0]
[trap] num=-15 (0xfffffffffffffff1) pc=0x1804adacc args=[0x203,0x27f5078,0x8000,0x0,0xb004000,0x3,0x0,0x0]
[trap] num=116 (0x74) pc=0x1804b1b60 args=[0x27f4f60,0x0,0x0,0xfffffc088,0x8,0x41,0x0,0xb40]
[trap] num=116 (0x74) pc=0x1804b1b60 args=[0x27f4eb0,0x0,0x0,0xfffffc088,0x8,0x41,0xca6f46b7292d8853,0xb40]
[trap] num=116 (0x74) pc=0x1804b1b60 args=[0x27f4eb0,0x0,0x0,0xfffffc088,0x8,0x41,0x8c35c015b5a36f7c,0xb40]
[trap] num=116 (0x74) pc=0x1804b1b60 args=[0x27f4eb0,0x0,0x0,0xfffffc088,0x8,0x41,0x8f44d42d762d1e6a,0xb40]
[trap] num=116 (0x74) pc=0x1804b1b60 args=[0x27f4eb0,0x0,0x0,0xfffffc088,0x8,0x41,0xc03c5eb404f7d692,0xb40]
[trap] num=116 (0x74) pc=0x1804b1b60 args=[0x27f4eb0,0x0,0x0,0xfffffc088,0x8,0x41,0xe7602ca7e2dace50,0xb40]
[trap] num=116 (0x74) pc=0x1804b1b60 args=[0x27f4eb0,0x0,0x0,0xfffffc088,0x8,0x41,0x79f45d67442b892e,0xb40]
[trap] num=116 (0x74) pc=0x1804b1b60 args=[0x27f4eb0,0x0,0x0,0xfffffc088,0x8,0x41,0x32a8afe1f412cc98,0xb40]
[trap] num=-15 (0xfffffffffffffff1) pc=0x1804adacc args=[0x203,0x27f4ec8,0x400000,0x0,0x2004000,0x3,0x0,0x0]
[trap] num=-15 (0xfffffffffffffff1) pc=0x1804adacc args=[0x203,0x27f4e18,0x80000,0x3fff,0x1000001,0x3,0x0,0x0]
[trap] num=-14 (0xfffffffffffffff2) pc=0x1801155b8 args=[0x203,0x1ec444000,0x24000,0x0,0x1,0x0,0xffffffffbfc007ff,0xfffff0003ffff800]
[trap] num=202 (0xca) pc=0x1804af460 args=[0x27fb6d0,0x2,0x27fb698,0x27fb690,0x180205f3c,0x15,0xffffffffbfc007ff,0xfffff0003ffff800]
[trap] num=202 (0xca) pc=0x1804af460 args=[0x27fb698,0x2,0x27fb750,0x27fb740,0x0,0x0,0xffffffffbfc007ff,0xfffff0003ffff800]
[trap] num=202 (0xca) pc=0x1804af460 args=[0x27fb6d0,0x2,0x27fb698,0x27fb690,0x180205f9b,0x16,0xffffffffbfc007ff,0xfffff0003ffff800]
[trap] num=202 (0xca) pc=0x1804af460 args=[0x27fb698,0x2,0x27fb750,0x27fb740,0x0,0x0,0xffffffffbfc007ff,0xfffff0003ffff800]
[trap] num=202 (0xca) pc=0x1804af460 args=[0x27fb6d0,0x2,0x27fb698,0x27fb690,0x180205f3c,0x15,0xffffffffbfc007ff,0xfffff0003ffff800]
[trap] num=202 (0xca) pc=0x1804af460 args=[0x27fb698,0x2,0x27fb750,0x27fb740,0x0,0x0,0xffffffffbfc007ff,0xfffff0003ffff800]
[trap] num=-47 (0xffffffffffffffd1) pc=0x1804adc34 args=[0x27fb770,0x200000003,0x2400001513,0x150300000203,0xd5100000000,0x150300000000,0x30,0x0]
[mach_msg2] msgh_id=3409 dest=0x203 reply=0x1503 options=0x200000003 bits=0x1513 send_size=36 rcv_size=48
  send+000: 13 15 00 00 24 00 00 00 03 02 00 00 03 15 00 00
  send+010: 00 00 00 00 51 0d 00 00 00 00 00 00 01 00 00 00
  send+020: 04 00 00 00
[trap] num=-19 (0xffffffffffffffed) pc=0x1804adaf0 args=[0x203,0x1403,0x0,0x1,0xd5100000000,0x150300000000,0x30,0x0]
[trap] num=-19 (0xffffffffffffffed) pc=0x1804adaf0 args=[0x203,0x1403,0x0,0x1,0xd5100000000,0x150300000000,0x30,0x0]
[trap] num=-19 (0xffffffffffffffed) pc=0x1804adaf0 args=[0x203,0x1403,0x0,0x1,0x0,0x150300000000,0x30,0x0]
[trap] num=-15 (0xfffffffffffffff1) pc=0x1804adacc args=[0x203,0x27f9c28,0x400000,0x0,0x2004000,0x3,0x0,0x0]
[trap] num=-14 (0xfffffffffffffff2) pc=0x1801155b8 args=[0x203,0x1ec444000,0x24000,0x0,0x3,0x27fb59f,0xffffffffbfc007ff,0xa0]
[trap] num=-14 (0xfffffffffffffff2) pc=0x1801155b8 args=[0x203,0x1ec444000,0x24000,0x0,0x1,0x27fb59f,0xffffffffbfc007ff,0xa0]
[trap] num=5 (0x5) pc=0x180119f50 args=[0x63ae0,0x0,0x0,0x63ae0,0x0,0x27fb59f,0x0,0xa0]
[trap] num=92 (0x5c) pc=0x1801180d8 args=[0x4,0x32,0x27fb068,0x63ae0,0x0,0x27fb59f,0x0,0xa0]
[trap] num=6 (0x6) pc=0x180116750 args=[0x4,0x32,0x27fb068,0x63ae0,0x0,0x27fb59f,0x0,0xa0]
[trap] num=220 (0xdc) pc=0x1804ae63c args=[0x63ae0,0x27fb090,0x27fb0ac,0x40c,0x0,0x27fb59f,0x0,0xa0]
[trap] num=33 (0x21) pc=0x1804ae668 args=[0x63b60,0x4,0x639f0,0x63a80,0x0,0x56,0x0,0x470]
[M28 BANDSHRINK] syscall 33 band past ipa 0x639f0 len 65536 shrunk 64 -> 0 by an overlapping window of the same call
[M28 BANDSHRINK] syscall 33 band past ipa 0x63a80 len 65536 shrunk 64 -> 0 by an overlapping window of the same call
[trap] num=5 (0x5) pc=0x1804ae694 args=[0x63b60,0x0,0x0,0x63a80,0x0,0x56,0x0,0x470]
[M28 BANDSHRINK] syscall 5 band past ipa 0x63a80 len 65536 shrunk 64 -> 0 by an overlapping window of the same call
[trap] num=339 (0x153) pc=0x1804bc288 args=[0x4,0x639f0,0x0,0x63a80,0x0,0x56,0x0,0x470]
[M28 BANDSHRINK] syscall 339 band past ipa 0x639f0 len 65536 shrunk 64 -> 0 by an overlapping window of the same call
[trap] num=483 (0x1e3) pc=0x1804ae6f0 args=[0x0,0x27fb2bc,0x4,0x63a80,0x0,0x56,0x0,0x470]
[trap] num=228 (0xe4) pc=0x1804b1694 args=[0x4,0x27fb380,0x27fb2e0,0x28,0x0,0x56,0x0,0x470]
[trap] num=381 (0x17d) pc=0x1804af730 args=[0x18df1ac55,0x2,0x27fb2e0,0x28,0x0,0x56,0x0,0x470]
[m47] num=381 args=[0x18df1ac55,0x2,0x27fb2e0] policy="Sandbox" op="file-write-data" ret=0x16 err=true writes=0
[trap] num=92 (0x5c) pc=0x1804ae8c4 args=[0x4,0x32,0x27fafd8,0x27fb398,0x27fb040,0x56,0x0,0x470]
[trap] num=6 (0x6) pc=0x1804ae8f0 args=[0x4,0x27fb00b,0x0,0x63bd3,0x0,0x56,0x0,0x470]
[trap] num=5 (0x5) pc=0x1804ae694 args=[0x63be0,0x0,0x0,0x63c1d,0x18020b535,0x27fb4a0,0x74,0x470]
[M28 BANDSHRINK] syscall 5 band past ipa 0x63be0 len 65536 shrunk 64 -> 0 by an overlapping window of the same call
[trap] num=336 (0x150) pc=0x1804af110 args=[0x2,0x10b59,0xd,0x1,0x27fb710,0x40,0x74,0x470]
[trap] num=-24 (0xffffffffffffffe8) pc=0x1804adb2c args=[0x203,0x27fb7d0,0x71b75ace,0x27fb7cc,0x0,0x5,0x0,0x0]
[trap] num=-47 (0xffffffffffffffd1) pc=0x1804adc34 args=[0x27fb768,0x200000003,0x3480001513,0x150300000203,0xd5200000000,0x150300000001,0x2c,0x0]
[mach_msg2] msgh_id=3410 dest=0x203 reply=0x1503 options=0x200000003 bits=0x80001513 send_size=52 rcv_size=44
  send+000: 13 15 00 80 34 00 00 00 03 02 00 00 03 15 00 00
  send+010: 00 00 00 00 52 0d 00 00 01 00 00 00 03 13 00 00
  send+020: 00 00 00 00 00 00 13 00 00 00 00 00 01 00 00 00
  send+030: 0a 00 00 00
[trap] num=-47 (0xffffffffffffffd1) pc=0x1804adc34 args=[0x27fb4e8,0x200000003,0x2800001513,0x150300000203,0xd4d00000000,0x150300000000,0x1a8,0x0]
[mach_msg2] msgh_id=3405 dest=0x203 reply=0x1503 options=0x200000003 bits=0x1513 send_size=40 rcv_size=424
  send+000: 13 15 00 00 28 00 00 00 03 02 00 00 03 15 00 00
  send+010: 00 00 00 00 4d 0d 00 00 00 00 00 00 01 00 00 00
  send+020: 0f 00 00 00 08 00 00 00
[retrace] forwarding mach_msg2 task_info (msgh_id 3405) to host (decided allowlist)
[mach_msg2] host ret=0x0 err=false
  reply@0x27fb4e8+000: 00 12 00 00 48 00 00 00 00 00 00 00 03 15 00 00
  reply@0x27fb4e8+010: 00 00 00 00 b1 0d 00 00 00 00 00 00 01 00 00 00
  reply@0x27fb4e8+020: 00 00 00 00 08 00 00 00 f5 01 00 00 f5 01 00 00
  reply@0x27fb4e8+030: 14 00 00 00 f5 01 00 00 14 00 00 00 59 0b 01 00
  reply@0x27fb4e8+040: b9 86 01 00 a9 e9 48 00 00 00 00 00 08 00 00 00
  reply@0x27fb4e8+050: 00 00 00 00 00 00 00 00 00 00 00 00 00 00 00 00
  reply@0x27fb4e8+060: 00 00 00 00 00 00 00 00 00 00 00 00 00 00 00 00
  reply@0x27fb4e8+070: 00 00 00 00 00 00 00 00 00 00 00 00 00 00 00 00
  reply@0x27fb4e8+080: 00 00 00 00 00 00 00 00 00 00 00 00 00 00 00 00
  reply@0x27fb4e8+090: 00 00 00 00 00 00 00 00 00 00 00 00 00 00 00 00
  reply@0x27fb4e8+0a0: 00 00 00 00 00 00 00 00 00 00 00 00 00 00 00 00
  reply@0x27fb4e8+0b0: 00 00 00 00 00 00 00 00 00 00 00 00 00 00 00 00
  reply@0x27fb4e8+0c0: 00 00 00 00 00 00 00 00 00 00 00 00 00 00 00 00
  reply@0x27fb4e8+0d0: 00 00 00 00 00 00 00 00 00 00 00 00 00 00 00 00
  reply@0x27fb4e8+0e0: 00 00 00 00 00 00 00 00 00 00 00 00 00 00 00 00
  reply@0x27fb4e8+0f0: 00 00 00 00 00 00 00 00 00 00 00 00 00 00 00 00
[trap] num=170 (0xaa) pc=0x1804ae5d0 args=[0x10b59,0x10,0x27fb300,0x408,0x10478,0x150300000000,0x48e9a9000186b9,0x0]
[trap] num=202 (0xca) pc=0x1804af460 args=[0x27fb700,0x2,0x27fb6c8,0x27fb6c0,0x1844cfba7,0x15,0x72,0x400]
[trap] num=202 (0xca) pc=0x1804af460 args=[0x27fb6c8,0x2,0x27fb758,0x27fb750,0x0,0x0,0x72,0x400]
[trap] num=-14 (0xfffffffffffffff2) pc=0x1801155b8 args=[0x203,0x1ec444000,0x24000,0x0,0x3,0x0,0x0,0x0]
[trap] num=-15 (0xfffffffffffffff1) pc=0x1801155c4 args=[0x203,0x27fb3b0,0x20000,0x3fff,0x3c000001,0x3,0x0,0x0]
[trap] num=-12 (0xfffffffffffffff4) pc=0x1801155a0 args=[0x203,0x1003c0000,0x20000,0x103,0xffffffff13f7dfd0,0x10,0x63,0x0]
[trap] num=-14 (0xfffffffffffffff2) pc=0x1801155b8 args=[0x203,0x1ec444000,0x24000,0x0,0x1,0x0,0x0,0x0]
[trap] num=-14 (0xfffffffffffffff2) pc=0x1801155b8 args=[0x203,0x1ec444000,0x24000,0x0,0x3,0x0,0x0,0x0]
[trap] num=-14 (0xfffffffffffffff2) pc=0x1801155b8 args=[0x203,0x1ec444000,0x24000,0x0,0x1,0x0,0x0,0x0]
[trap] num=-14 (0xfffffffffffffff2) pc=0x1801155b8 args=[0x203,0x1ec444000,0x24000,0x0,0x3,0x0,0x0,0x0]
[trap] num=-14 (0xfffffffffffffff2) pc=0x1801155b8 args=[0x203,0x1ec444000,0x24000,0x0,0x1,0x0,0x0,0x0]
[trap] num=-14 (0xfffffffffffffff2) pc=0x1801155b8 args=[0x203,0x1ec444000,0x24000,0x0,0x3,0x0,0x0,0x0]
[trap] num=-14 (0xfffffffffffffff2) pc=0x1801155b8 args=[0x203,0x1ec444000,0x24000,0x0,0x1,0x0,0x0,0x0]
[trap] num=-14 (0xfffffffffffffff2) pc=0x1801155b8 args=[0x203,0x1ec444000,0x24000,0x0,0x3,0x0,0x0,0x0]
[trap] num=-14 (0xfffffffffffffff2) pc=0x1801155b8 args=[0x203,0x1ec444000,0x24000,0x0,0x1,0x0,0x0,0x0]
[trap] num=-14 (0xfffffffffffffff2) pc=0x1801155b8 args=[0x203,0x1ec444000,0x24000,0x0,0x3,0x0,0x0,0x0]
[trap] num=25 (0x19) pc=0x1804af050 args=[0x1edd8d978,0x180533098,0x180533098,0x103,0x1ec445388,0x0,0x0,0x0]
[trap] num=24 (0x18) pc=0x1804af858 args=[0x1f5,0x180533098,0x180533098,0x103,0x1ec445388,0x0,0x0,0x0]
[trap] num=202 (0xca) pc=0x1804af460 args=[0x27fa570,0x4,0x27fa580,0x27fa568,0x0,0x0,0x0,0x0]
[trap] num=286 (0x11e) pc=0x1804af884 args=[0x27fa820,0x27fa824,0x1805331c8,0x27fa568,0x0,0x0,0x0,0x0]
[trap] num=25 (0x19) pc=0x1804af050 args=[0xffffffffffffffff,0xffffffffffffffff,0x1805331c8,0x27fa568,0x0,0x0,0x0,0x0]
[trap] num=43 (0x2b) pc=0x1804af8b0 args=[0x1f5,0xffffffffffffffff,0x1805331c8,0x27fa568,0x0,0x0,0x0,0x0]
[trap] num=169 (0xa9) pc=0x1804af8dc args=[0x10b59,0x10,0x27f9da0,0x408,0x408,0x0,0x0,0x3f0]
[trap] num=169 (0xa9) pc=0x1804af8dc args=[0x10b59,0x10,0x27f9ec0,0x408,0x408,0x73,0x72,0x400]
[trap] num=-19 (0xffffffffffffffed) pc=0x1804adaf0 args=[0x203,0x1403,0x0,0x1,0x0,0x58,0x65,0x400]
[trap] num=-50 (0xffffffffffffffce) pc=0x1804adc58 args=[0x1ec6fbd20,0x103,0x103,0x0,0x6,0x0,0x73,0x400]
[trap] num=-29 (0xffffffffffffffe3) pc=0x1804adb68 args=[0x0,0x18035aad8,0x18035aad8,0x662a8,0x0,0x13,0x0,0x400]
[trap] num=-47 (0xffffffffffffffd1) pc=0x1804adc34 args=[0x27f9ea0,0x200000003,0x2800001513,0x150300000b03,0x19c00000000,0x150300000000,0x30,0x0]
[mach_msg2] msgh_id=412 dest=0xb03 reply=0x1503 options=0x200000003 bits=0x1513 send_size=40 rcv_size=48
  send+000: 13 15 00 00 28 00 00 00 03 0b 00 00 03 15 00 00
  send+010: 00 00 00 00 9c 01 00 00 00 00 00 00 01 00 00 00
  send+020: ff ff ff ff 01 00 00 00
[retrace] forwarding mach_msg2 host_get_special_port (msgh_id 412) to host (decided allowlist)
[mach_msg2] host ret=0x0 err=false
  reply@0x27f9ea0+000: 00 12 00 00 24 00 00 00 00 00 00 00 03 15 00 00
  reply@0x27f9ea0+010: 00 00 00 00 00 02 00 00 00 00 00 00 01 00 00 00
  reply@0x27f9ea0+020: 04 00 00 00 00 00 00 00 08 00 00 00 00 00 00 00
  reply@0x27f9ea0+030: 60 19 06 00 00 00 00 00 03 0b 00 00 00 00 00 00
  reply@0x27f9ea0+040: 10 9f 7f 02 00 00 00 00 08 ab 35 80 01 00 00 00
  reply@0x27f9ea0+050: 03 14 00 00 00 00 00 00 a0 3a 06 00 00 00 00 00
  reply@0x27f9ea0+060: 60 19 06 00 00 00 00 00 f0 fa 6f ec 01 00 00 00
  reply@0x27f9ea0+070: 20 9f 7f 02 00 00 00 00 b0 04 35 80 01 00 00 00
  reply@0x27f9ea0+080: 40 9f 7f 02 00 00 00 00 30 96 33 80 01 00 00 00
  reply@0x27f9ea0+090: 60 19 06 00 00 00 00 00 28 f9 6f ec 01 00 00 00
  reply@0x27f9ea0+0a0: 50 9f 7f 02 00 00 00 00 cc aa 35 80 01 00 00 00
  reply@0x27f9ea0+0b0: 70 9f 7f 02 00 00 00 00 34 c5 35 80 01 00 00 00
  reply@0x27f9ea0+0c0: 2e 00 00 00 00 00 00 00 6e 0a 2f a6 00 00 00 00
  reply@0x27f9ea0+0d0: 80 9f 7f 02 00 00 00 00 b0 04 35 80 01 00 00 00
  reply@0x27f9ea0+0e0: a0 9f 7f 02 00 00 00 00 30 96 33 80 01 00 00 00
  reply@0x27f9ea0+0f0: 60 19 06 00 00 00 00 00 a8 62 06 00 00 00 00 00
[trap] num=-70 (0xffffffffffffffba) pc=0x1804adcc4 args=[0xb03,0x180373fb0,0x10,0x27f9f6c,0x19c00000000,0x150300000000,0x30,0x0]
[trap] num=-47 (0xffffffffffffffd1) pc=0x1804adc34 args=[0x662a8,0x403114207,0xf880131513,0x200300001403,0x400000cf00000c03,0x200300000001,0xf8,0x0]
[mach_msg2] msgh_id=1073742031 dest=0x1403 reply=0x2003 options=0x403114207 bits=0x80131513 send_size=248 rcv_size=248
  send+000: 13 15 13 80 f8 00 00 00 03 14 00 00 03 20 00 00
  send+010: 03 0c 00 00 cf 00 00 40 01 00 00 00 03 14 00 00
  send+020: 00 00 00 00 00 00 13 00 43 50 58 40 05 00 00 00
  send+030: 00 f0 00 00 c0 00 00 00 07 00 00 00 68 61 6e 64
  send+040: 6c 65 00 00 00 40 00 00 00 00 00 00 00 00 00 00
  send+050: 69 6e 73 74 61 6e 63 65 00 00 00 00 00 a0 00 00
  send+060: 00 00 00 00 00 00 00 00 00 00 00 00 00 00 00 00
  send+070: 66 6c 61 67 73 00 00 00 00 40 00 00 08 00 00 00
  send+080: 00 00 00 00 6e 61 6d 65 00 00 00 00 00 90 00 00
  send+090: 25 00 00 00 63 6f 6d 2e 61 70 70 6c 65 2e 73 79
  send+0a0: 73 74 65 6d 2e 6e 6f 74 69 66 69 63 61 74 69 6f
  send+0b0: 6e 5f 63 65 6e 74 65 72 00 00 00 00 74 79 70 65
  send+0c0: 00 00 00 00 00 40 00 00 07 00 00 00 00 00 00 00
  send+0d0: 74 61 72 67 65 74 70 69 64 00 00 00 00 30 00 00
  send+0e0: 00 00 00 00 00 00 00 00 64 6f 6d 61 69 6e 2d 70
  send+0f0: 6f 72 74 00 00 d0 00 00
[retrace] refusing mach_msg2 message-queue send (msgh_id 0x400000cf dest 0x1403 send_size 248): the box hosts no message-queue receivers
[trap] num=-18 (0xffffffffffffffee) pc=0x1804adae4 args=[0x203,0x1403,0x1801c8220,0x660d0,0x66140,0x200300000001,0xf8,0x0]
[M28 BANDSHRINK] syscall -18 band past ipa 0x660d0 len 65536 shrunk 64 -> 0 by an overlapping window of the same call
[trap] num=327 (0x147) pc=0x1804ad92c args=[0x0,0x103,0x103,0x103,0x0,0x0,0x0,0x0]
[trap] num=327 (0x147) pc=0x1804ad92c args=[0x0,0x103,0x103,0x103,0x2,0x63,0x0,0x0]
[trap] num=327 (0x147) pc=0x1804ad92c args=[0x0,0x0,0x0,0x103,0x2,0x63,0x0,0x0]
[trap] num=25 (0x19) pc=0x1804af050 args=[0x1ec7182a0,0x0,0x1f5,0x2,0x66040,0x0,0x65,0x400]
[trap] num=194 (0xc2) pc=0x1804b00c8 args=[0x1008,0x27fa658,0x1804edb6c,0x2,0x66040,0x0,0x65,0x400]
[trap] num=398 (0x18e) pc=0x1804ae948 args=[0x18052cc13,0x0,0x0,0x2,0x66040,0x0,0x65,0x400]
[trap] num=339 (0x153) pc=0x1804bc288 args=[0x4,0x27fa660,0x120a8,0x1ec7035c0,0x27fa7d8,0x27fa7d0,0x65,0x400]
[trap] num=339 (0x153) pc=0x1804bc288 args=[0x4,0x27f9550,0x27f9614,0x1ec7035c0,0x27fa7d8,0x27fa7d0,0x65,0x400]
[trap] num=396 (0x18c) pc=0x1804afcac args=[0x4,0x65ff0,0x1000,0x100,0x0,0x27fa7d0,0x65,0x400]
[trap] num=396 (0x18c) pc=0x1804afcac args=[0x4,0x65ff0,0x1000,0x27f96f5,0x67040,0x0,0x65,0xfffff0003ffff800]
[M28 BANDSHRINK] syscall 396 band past ipa 0x65ff0 len 65536 shrunk 64 -> 0 by an overlapping window of the same call
[trap] num=396 (0x18c) pc=0x1804afcac args=[0x4,0x65ff0,0x1000,0x27f96ea,0x700c18080,0x27fa4d7,0x61,0xfffff0007ffff800]
[trap] num=396 (0x18c) pc=0x1804afcac args=[0x4,0x65ff0,0x1000,0xa,0x700c0c080,0x0,0x0,0xfffff0003ffff800]
[trap] num=399 (0x18f) pc=0x1804af584 args=[0x4,0x0,0x1804edb6c,0xa,0x700c0c080,0x0,0x0,0xfffff0003ffff800]
[trap] num=169 (0xa9) pc=0x1804af8dc args=[0x10b59,0x0,0x27fb5b4,0x4,0x701001e60,0x0,0xffffffffbfc007ff,0xfffff0003ffff800]
[trap] num=327 (0x147) pc=0x1804ad92c args=[0x0,0x1edd85ee8,0x180503ca0,0x1f5,0x2,0x0,0x0,0xfffff0003ffff800]
[trap] num=25 (0x19) pc=0x1804af050 args=[0x1ec7182a0,0x0,0x1f5,0x2,0x66280,0x0,0x65,0x400]
[trap] num=194 (0xc2) pc=0x1804b00c8 args=[0x1008,0x27fa628,0x1804edb6c,0x2,0x66280,0x0,0x65,0x400]
[trap] num=398 (0x18e) pc=0x1804ae948 args=[0x18052cc13,0x0,0x0,0x2,0x66280,0x0,0x65,0x400]
[trap] num=339 (0x153) pc=0x1804bc288 args=[0x4,0x27fa630,0x120a8,0x1ec7035c0,0x27fa7a8,0x27fa7a0,0x65,0x400]
[trap] num=339 (0x153) pc=0x1804bc288 args=[0x4,0x27f9520,0x27f95e4,0x1ec7035c0,0x27fa7a8,0x27fa7a0,0x65,0x400]
[trap] num=396 (0x18c) pc=0x1804afcac args=[0x4,0x701010000,0x1000,0x1,0x0,0x1,0x0,0x0]
[trap] num=396 (0x18c) pc=0x1804afcac args=[0x4,0x701010000,0x1000,0x27f96c5,0x700c18080,0x27fa4a7,0x65,0xfffff0007ffff800]
[trap] num=396 (0x18c) pc=0x1804afcac args=[0x4,0x701010000,0x1000,0x27f96ba,0x700c18080,0x27fa4a7,0x61,0xfffff0007ffff800]
[trap] num=396 (0x18c) pc=0x1804afcac args=[0x4,0x701010000,0x1000,0xa,0x700c0c080,0x0,0x0,0xfffff0003ffff800]
[trap] num=399 (0x18f) pc=0x1804af584 args=[0x4,0x0,0x1804edb6c,0xa,0x700c0c080,0x0,0x0,0xfffff0003ffff800]
[trap] num=327 (0x147) pc=0x1804ad92c args=[0x0,0x100,0x193c16a30,0x27ffe50,0x1ec445388,0x0,0x0,0x0]
[trap] num=169 (0xa9) pc=0x1804af8dc args=[0x10b59,0x0,0x27fb4d8,0x4,0x1ec445388,0x0,0x0,0x0]
[trap] num=327 (0x147) pc=0x1804ad92c args=[0x1,0x194057bf0,0xf,0x1804f8a01,0x1ec445388,0x0,0x0,0x0]
[trap] num=169 (0xa9) pc=0x1804af8dc args=[0x10b59,0x0,0x27fb4dc,0x4,0x1ec445388,0x0,0x0,0x0]
[trap] num=54 (0x36) pc=0x1804b2338 args=[0x1,0x4004667a,0x27fb45c,0x4,0x1ec445388,0x0,0x0,0x0]
[trap] num=54 (0x36) pc=0x1804b2338 args=[0x1,0x40487413,0x27fb460,0x4,0x1ec445388,0x0,0x0,0x0]
[trap] num=54 (0x36) pc=0x1804b2338 args=[0x1,0x4004667a,0x27fb45c,0x4,0x1ec445388,0x0,0x0,0x0]
[trap] num=54 (0x36) pc=0x1804b2338 args=[0x1,0x40487413,0x27fb460,0x4,0x1ec445388,0x0,0x0,0x0]
[trap] num=116 (0x74) pc=0x1804b1b60 args=[0x27fb330,0x0,0x0,0xfffffc088,0x1ec445388,0x0,0x0,0x0]
[trap] num=116 (0x74) pc=0x1804b1b60 args=[0x27fb330,0x0,0x0,0xfffffc088,0x1ec445388,0x0,0xe61c7823f80b8f,0x0]
[trap] num=483 (0x1e3) pc=0x1804ae6f0 args=[0x0,0x27fb58c,0x4,0x27ffe50,0x1ec445388,0x0,0x0,0x0]
[trap] num=-15 (0xfffffffffffffff1) pc=0x1801155c4 args=[0x203,0x27fb430,0x20000,0x3fff,0x3c000001,0x3,0x0,0x0]
[trap] num=-12 (0xfffffffffffffff4) pc=0x1801155a0 args=[0x203,0x1003c0000,0x20000,0x103,0xffffffff13f7dfd0,0x10,0x63,0x0]
[trap] num=-14 (0xfffffffffffffff2) pc=0x1801155b8 args=[0x203,0x1ec444000,0x24000,0x0,0x1,0x10,0x63,0x0]
[trap] num=116 (0x74) pc=0x1804b1b60 args=[0x27ff700,0x0,0x0,0xfffffc088,0x1,0x10,0x63,0x0]
[trap] num=5 (0x5) pc=0x1804ae694 args=[0x1002878e6,0x2,0x0,0xfffffc088,0x1,0x10,0x63,0x0]
[trap] num=6 (0x6) pc=0x1804ae8f0 args=[0x4,0x2,0x0,0xfffffc088,0x1,0x10,0x63,0x0]
[trap] num=48 (0x30) pc=0x1804b13d8 args=[0x2,0x27ff76c,0x0,0xfffffc088,0x1,0x10,0x63,0x0]
[trap] num=46 (0x2e) pc=0x1804b4478 args=[0xd,0x27ff6f8,0x27ff720,0xfffffc088,0x1,0x10,0x63,0x0]
[trap] num=33 (0x21) pc=0x1804ae668 args=[0x69c10,0x4,0x0,0x69c57,0x10027b3f7,0x27ff590,0x6769666e6f637469,0xfffff0003ffff800]
[M28 BANDSHRINK] syscall 33 band past ipa 0x69c10 len 65536 shrunk 64 -> 0 by an overlapping window of the same call
[trap] num=194 (0xc2) pc=0x1804b00c8 args=[0x1008,0x27ff418,0x1804edb6c,0x7,0x0,0x27ff590,0x6769666e6f637469,0xfffff0003ffff800]
[trap] num=398 (0x18e) pc=0x1804ae948 args=[0x69c10,0x0,0x0,0x7,0x0,0x27ff590,0x6769666e6f637469,0xfffff0003ffff800]
[trap] num=339 (0x153) pc=0x1804bc288 args=[0x4,0x27ff4e0,0x120a8,0x7,0x0,0x27ff590,0x6769666e6f637469,0xfffff0003ffff800]
[trap] num=339 (0x153) pc=0x1804bc288 args=[0x4,0x27ff280,0x27ff344,0x6a8af,0xfffffffffffff368,0x18,0x7,0x0]
[trap] num=396 (0x18c) pc=0x1804afcac args=[0x4,0x701012000,0x1000,0xa00513180,0x701012000,0x0,0xffffffffbfc007ff,0xfffff0003ffff800]
[trap] num=396 (0x18c) pc=0x1804afcac args=[0x4,0x701012000,0x1000,0xfffffffffffffff2,0x69,0x63,0xffffffffbfc007ff,0x370]
[trap] num=399 (0x18f) pc=0x1804af584 args=[0x4,0x0,0x1804edb6c,0xa0,0x6a200,0x63,0xffffffffbfc007ff,0x370]
[trap] num=33 (0x21) pc=0x1804ae668 args=[0x68ed0,0x4,0x1,0x103,0x6a200,0x63,0xffffffffbfc007ff,0x370]
[M28 BANDSHRINK] syscall 33 band past ipa 0x68ed0 len 65536 shrunk 64 -> 0 by an overlapping window of the same call
[trap] num=398 (0x18e) pc=0x1804ae948 args=[0x1803fd5e6,0x1000000,0x0,0x96,0x0,0x63,0xffffffffbfc007ff,0x370]
[trap] num=339 (0x153) pc=0x1804bc288 args=[0x4,0x27ff520,0x0,0x96,0x0,0x63,0xffffffffbfc007ff,0x370]
[trap] num=406 (0x196) pc=0x1804b2174 args=[0x4,0x32,0x27ff090,0x27ff450,0x27ff100,0x63,0xffffffffbfc007ff,0x370]
[trap] num=399 (0x18f) pc=0x1804af584 args=[0x4,0x32,0x27ff090,0x27ff450,0x27ff100,0x63,0xffffffffbfc007ff,0x370]
[trap] num=338 (0x152) pc=0x1804b988c args=[0x27ff090,0x27ff490,0x27ff090,0x27ff450,0x27ff100,0x63,0xffffffffbfc007ff,0x370]
[trap] num=12 (0xc) pc=0x1804af75c args=[0x27fff3b,0x10027a22e,0x0,0x16,0x43,0x2d,0xffffffffbfc007ff,0x370]
[trap] num=398 (0x18e) pc=0x1804ae948 args=[0x1803fd5e6,0x1000000,0x0,0x63,0x0,0x0,0x0,0x270]
[trap] num=339 (0x153) pc=0x1804bc288 args=[0x4,0x27ff0a0,0x0,0x63,0x0,0x0,0x0,0x270]
[trap] num=406 (0x196) pc=0x1804b2174 args=[0x4,0x32,0x27fec10,0x27fefd0,0x27fec80,0x0,0x0,0x270]
[trap] num=399 (0x18f) pc=0x1804af584 args=[0x4,0x32,0x27fec10,0x27fefd0,0x27fec80,0x0,0x0,0x270]
[trap] num=338 (0x152) pc=0x1804b988c args=[0x27fec10,0x27ff010,0x27fec10,0x27fefd0,0x27fec80,0x0,0x0,0x270]
[trap] num=398 (0x18e) pc=0x1804ae948 args=[0x1803fd5e6,0x1000000,0x0,0xa,0x6a040,0x20,0x0,0x270]
[trap] num=339 (0x153) pc=0x1804bc288 args=[0x4,0x27ff0a0,0x0,0xa,0x6a040,0x20,0x0,0x270]
[trap] num=406 (0x196) pc=0x1804b2174 args=[0x4,0x32,0x27fec10,0x27fefd0,0x27fec80,0x20,0x0,0x270]
[trap] num=399 (0x18f) pc=0x1804af584 args=[0x4,0x32,0x27fec10,0x27fefd0,0x27fec80,0x20,0x0,0x270]
[trap] num=338 (0x152) pc=0x1804b988c args=[0x27fec10,0x27ff010,0x27fec10,0x27fefd0,0x27fec80,0x20,0x0,0x270]
[trap] num=338 (0x152) pc=0x1804b988c args=[0x6a1a0,0x27ff170,0x103,0x103,0xfffffffffffffec0,0x20,0x0,0x270]
[trap] num=338 (0x152) pc=0x1804b988c args=[0x6a240,0x27ff150,0x0,0x6a2cf,0x6a200,0x20,0x74,0x270]
[M28 BANDSHRINK] syscall 338 band past ipa 0x6a240 len 65536 shrunk 64 -> 0 by an overlapping window of the same call
[M28 BANDSHRINK] syscall 338 band past ipa 0x6a200 len 65536 shrunk 64 -> 0 by an overlapping window of the same call
[trap] num=340 (0x154) pc=0x1804b9860 args=[0x6a3e0,0x27ff020,0x0,0x6a474,0x6a3c0,0x20,0x44,0x270]
[M28 BANDSHRINK] syscall 340 band past ipa 0x6a3e0 len 65536 shrunk 64 -> 0 by an overlapping window of the same call
[M28 BANDSHRINK] syscall 340 band past ipa 0x6a3c0 len 65536 shrunk 64 -> 0 by an overlapping window of the same call
[trap] num=5 (0x5) pc=0x1804ae694 args=[0x6a3e0,0x0,0x0,0x6a474,0x6a3c0,0x20,0x44,0x270]
[M28 BANDSHRINK] syscall 5 band past ipa 0x6a3e0 len 65536 shrunk 64 -> 0 by an overlapping window of the same call
[M28 BANDSHRINK] syscall 5 band past ipa 0x6a3c0 len 65536 shrunk 64 -> 0 by an overlapping window of the same call
[trap] num=3 (0x3) pc=0x1804ae91c args=[0x4,0x27ff0d8,0xff,0x6a474,0x6a3c0,0x20,0x44,0x270]
[M28 BANDSHRINK] syscall 3 band past ipa 0x6a3c0 len 65536 shrunk 64 -> 0 by an overlapping window of the same call
[trap] num=3 (0x3) pc=0x1804ae91c args=[0x4,0x27ff0ed,0xea,0x6a474,0x6a3c0,0x20,0x44,0x270]
[M28 BANDSHRINK] syscall 3 band past ipa 0x6a3c0 len 65536 shrunk 64 -> 0 by an overlapping window of the same call
[trap] num=6 (0x6) pc=0x1804ae8f0 args=[0x4,0x27ff0ed,0xea,0x6a474,0x6a3c0,0x20,0x44,0x270]
[M28 BANDSHRINK] syscall 6 band past ipa 0x6a3c0 len 65536 shrunk 64 -> 0 by an overlapping window of the same call
[trap] num=340 (0x154) pc=0x1804b9860 args=[0x6a4e0,0x27feef0,0x0,0x6a579,0xfffffffffffffd60,0x20,0x72,0x270]
[M28 BANDSHRINK] syscall 340 band past ipa 0x6a4e0 len 65536 shrunk 64 -> 0 by an overlapping window of the same call
[trap] num=33 (0x21) pc=0x1804ae668 args=[0x6a3e0,0x1,0x0,0x6a477,0x6a540,0x20,0x737463656a626f2f,0x270]
[M28 BANDSHRINK] syscall 33 band past ipa 0x6a3e0 len 65536 shrunk 64 -> 0 by an overlapping window of the same call
[M28 BANDSHRINK] syscall 33 band past ipa 0x6a477 len 65536 shrunk 64 -> 0 by an overlapping window of the same call
[trap] num=33 (0x21) pc=0x1804ae668 args=[0x6a3e0,0x1,0x0,0x6a474,0x6a540,0x20,0x73,0x270]
[M28 BANDSHRINK] syscall 33 band past ipa 0x6a3e0 len 65536 shrunk 64 -> 0 by an overlapping window of the same call
[M28 BANDSHRINK] syscall 33 band past ipa 0x6a474 len 65536 shrunk 64 -> 0 by an overlapping window of the same call
[trap] num=340 (0x154) pc=0x1804b9860 args=[0x6a240,0x27ff158,0x103,0x103,0xffffffffffffff00,0x20,0x73,0x270]
[trap] num=25 (0x19) pc=0x1804af050 args=[0x0,0x27ff158,0x103,0x103,0xffffffffffffff00,0x20,0x73,0x270]
[trap] num=340 (0x154) pc=0x1804b9860 args=[0x6a340,0x27ff158,0x103,0x103,0xffffffffffffff00,0x20,0x73,0x270]
[trap] num=25 (0x19) pc=0x1804af050 args=[0x0,0x27ff158,0x103,0x103,0xffffffffffffff00,0x20,0x73,0x270]
[trap] num=340 (0x154) pc=0x1804b9860 args=[0x6a1c0,0x27ff140,0x0,0x6a1ce,0x1002adcb8,0x27ff1e0,0x72,0x270]
[M28 BANDSHRINK] syscall 340 band past ipa 0x6a1c0 len 65536 shrunk 64 -> 0 by an overlapping window of the same call
[trap] num=194 (0xc2) pc=0x1804b00c8 args=[0x1008,0x27ff058,0x1804edb6c,0x0,0x0,0x27ff1e0,0x67,0x270]
[trap] num=398 (0x18e) pc=0x1804ae948 args=[0x6a210,0x0,0x0,0x0,0x0,0x27ff1e0,0x67,0x270]
[trap] num=339 (0x153) pc=0x1804bc288 args=[0x4,0x27ff120,0x120a8,0x0,0x0,0x27ff1e0,0x67,0x270]
[trap] num=339 (0x153) pc=0x1804bc288 args=[0x4,0x27feec0,0x27fef84,0x6a1e3,0x0,0x27ff300,0x67,0x0]
[trap] num=396 (0x18c) pc=0x1804afcac args=[0x4,0x701012000,0x1000,0xa00513180,0x701012000,0x0,0xffffffffbfc007ff,0xfffff0003ffff800]
[trap] num=396 (0x18c) pc=0x1804afcac args=[0x4,0x701012000,0x1000,0xfffffffffffffff5,0x70,0x77,0xffffffffbfc007ff,0x3f0]
[trap] num=399 (0x18f) pc=0x1804af584 args=[0x4,0x0,0x1804edb6c,0xa0,0x6ae40,0x77,0xffffffffbfc007ff,0x3f0]
[trap] num=398 (0x18e) pc=0x1804ae948 args=[0x1803fd5e6,0x1000000,0x0,0x3,0x0,0x77,0x0,0x3f0]
[trap] num=339 (0x153) pc=0x1804bc288 args=[0x4,0x27feec0,0x0,0x3,0x0,0x77,0x0,0x3f0]
[trap] num=406 (0x196) pc=0x1804b2174 args=[0x4,0x32,0x27fea30,0x27fedf0,0x27fea80,0x77,0x0,0x3f0]
[trap] num=399 (0x18f) pc=0x1804af584 args=[0x4,0x32,0x27fea30,0x27fedf0,0x27fea80,0x77,0x0,0x3f0]
[trap] num=338 (0x152) pc=0x1804b988c args=[0x27fea30,0x27fee30,0x27fea30,0x27fedf0,0x27fea80,0x77,0x0,0x3f0]
[trap] num=398 (0x18e) pc=0x1804ae948 args=[0x1803fd5e6,0x1000000,0x0,0xa,0x6a3c0,0x20,0x0,0x3f0]
[trap] num=339 (0x153) pc=0x1804bc288 args=[0x4,0x27feec0,0x0,0xa,0x6a3c0,0x20,0x0,0x3f0]
[trap] num=406 (0x196) pc=0x1804b2174 args=[0x4,0x32,0x27fea30,0x27fedf0,0x27fea80,0x20,0x0,0x3f0]
[trap] num=399 (0x18f) pc=0x1804af584 args=[0x4,0x32,0x27fea30,0x27fedf0,0x27fea80,0x20,0x0,0x3f0]
[trap] num=338 (0x152) pc=0x1804b988c args=[0x27fea30,0x27fee30,0x27fea30,0x27fedf0,0x27fea80,0x20,0x0,0x3f0]
[trap] num=338 (0x152) pc=0x1804b988c args=[0x100283d67,0x27ff140,0x27ff280,0x103,0x0,0x0,0x2e,0x290]
[trap] num=340 (0x154) pc=0x1804b9860 args=[0x6a340,0x27ff100,0x0,0x6a34e,0x1002adcb8,0x27ff1a0,0x72,0x290]
[M28 BANDSHRINK] syscall 340 band past ipa 0x6a340 len 65536 shrunk 64 -> 0 by an overlapping window of the same call
[trap] num=340 (0x154) pc=0x1804b9860 args=[0x69e20,0x27ff160,0x0,0x69e26,0x5,0x20,0x73,0x290]
[M28 BANDSHRINK] syscall 340 band past ipa 0x69e20 len 65536 shrunk 64 -> 0 by an overlapping window of the same call
[trap] num=340 (0x154) pc=0x1804b9860 args=[0x69e20,0x27ff160,0x0,0x69e32,0x0,0x20,0x6d,0x290]
[M28 BANDSHRINK] syscall 340 band past ipa 0x69e20 len 65536 shrunk 64 -> 0 by an overlapping window of the same call
[trap] num=340 (0x154) pc=0x1804b9860 args=[0x6a010,0x27ff160,0x0,0x6a02c,0x0,0x20,0x73,0x290]
[M28 BANDSHRINK] syscall 340 band past ipa 0x6a010 len 65536 shrunk 64 -> 0 by an overlapping window of the same call
[trap] num=340 (0x154) pc=0x1804b9860 args=[0x6a010,0x27ff160,0x0,0x6a033,0x0,0x20,0x62,0x290]
[M28 BANDSHRINK] syscall 340 band past ipa 0x6a010 len 65536 shrunk 64 -> 0 by an overlapping window of the same call
[trap] num=340 (0x154) pc=0x1804b9860 args=[0x6a010,0x27ff160,0x0,0x6a03b,0x0,0x20,0x65,0x290]
[M28 BANDSHRINK] syscall 340 band past ipa 0x6a010 len 65536 shrunk 64 -> 0 by an overlapping window of the same call
[trap] num=340 (0x154) pc=0x1804b9860 args=[0x6a010,0x27ff160,0x0,0x6a043,0x0,0x20,0x65,0x290]
[M28 BANDSHRINK] syscall 340 band past ipa 0x6a010 len 65536 shrunk 64 -> 0 by an overlapping window of the same call
[trap] num=340 (0x154) pc=0x1804b9860 args=[0x6a610,0x27ff160,0x0,0x6a64d,0x6a080,0x10,0x73,0x290]
[M28 BANDSHRINK] syscall 340 band past ipa 0x6a610 len 65536 shrunk 64 -> 0 by an overlapping window of the same call
[M28 BANDSHRINK] syscall 340 band past ipa 0x6a080 len 65536 shrunk 64 -> 0 by an overlapping window of the same call
[trap] num=340 (0x154) pc=0x1804b9860 args=[0x6a610,0x27ff160,0x0,0x6a65a,0x0,0x10,0x65,0x290]
[M28 BANDSHRINK] syscall 340 band past ipa 0x6a610 len 65536 shrunk 64 -> 0 by an overlapping window of the same call
[trap] num=33 (0x21) pc=0x1804ae668 args=[0x69c10,0x4,0x0,0x103,0x1002ade74,0x27ff2c0,0x656572746b726f77,0x290]
[trap] num=194 (0xc2) pc=0x1804b00c8 args=[0x1008,0x27ff0e8,0x1804edb6c,0x7,0x0,0x27ff2c0,0x656572746b726f77,0x290]
[trap] num=398 (0x18e) pc=0x1804ae948 args=[0x69c10,0x0,0x0,0x7,0x0,0x27ff2c0,0x656572746b726f77,0x290]
[trap] num=339 (0x153) pc=0x1804bc288 args=[0x4,0x27ff1b0,0x120a8,0x7,0x0,0x27ff2c0,0x656572746b726f77,0x290]
[trap] num=339 (0x153) pc=0x1804bc288 args=[0x4,0x27fef50,0x27ff014,0xff,0x6a8df,0x69c47,0x7,0x0]
[M28 BANDSHRINK] syscall 339 band past ipa 0x69c47 len 65536 shrunk 64 -> 0 by an overlapping window of the same call
[trap] num=396 (0x18c) pc=0x1804afcac args=[0x4,0x701012000,0x1000,0xa00513180,0x701012000,0x0,0xffffffffbfc007ff,0xfffff0003ffff800]
[trap] num=396 (0x18c) pc=0x1804afcac args=[0x4,0x701012000,0x1000,0xfffffffffffffff2,0x69,0x63,0xffffffffbfc007ff,0x370]
[trap] num=399 (0x18f) pc=0x1804af584 args=[0x4,0x0,0x1804edb6c,0xa0,0x6ae40,0x63,0xffffffffbfc007ff,0x370]
[trap] num=33 (0x21) pc=0x1804ae668 args=[0x6a3d0,0x4,0x0,0x103,0x6ae40,0x63,0xffffffffbfc007ff,0x370]
[M28 BANDSHRINK] syscall 33 band past ipa 0x6a3d0 len 65536 shrunk 64 -> 0 by an overlapping window of the same call
[trap] num=33 (0x21) pc=0x1804ae668 args=[0x6a5c0,0x4,0x0,0x103,0x6ae40,0x63,0xffffffffbfc007ff,0x370]
[M28 BANDSHRINK] syscall 33 band past ipa 0x6a5c0 len 65536 shrunk 64 -> 0 by an overlapping window of the same call
[trap] num=194 (0xc2) pc=0x1804b00c8 args=[0x1008,0x27ff0e8,0x1804edb6c,0x3,0x0,0x63,0xffffffffbfc007ff,0x370]
[trap] num=398 (0x18e) pc=0x1804ae948 args=[0x6a5c0,0x0,0x0,0x3,0x0,0x63,0xffffffffbfc007ff,0x370]
[trap] num=339 (0x153) pc=0x1804bc288 args=[0x4,0x27ff1b0,0x120a8,0x3,0x0,0x63,0xffffffffbfc007ff,0x370]
[trap] num=339 (0x153) pc=0x1804bc288 args=[0x4,0x27fef50,0x27ff014,0x0,0x67,0x67,0xffffffffbfc007ff,0xfffff0003ffff800]
[trap] num=396 (0x18c) pc=0x1804afcac args=[0x4,0x701012000,0x1000,0xa00513180,0x701012000,0x0,0xffffffffbfc007ff,0xfffff0003ffff800]
[trap] num=396 (0x18c) pc=0x1804afcac args=[0x4,0x701012000,0x1000,0xfffffffffffffff0,0x63,0x69,0xffffffffbfc007ff,0x370]
[trap] num=399 (0x18f) pc=0x1804af584 args=[0x4,0x0,0x1804edb6c,0xa,0x63,0x69,0xffffffffbfc007ff,0x370]
[trap] num=398 (0x18e) pc=0x1804ae948 args=[0x1803fd5e6,0x1000000,0x0,0xf,0x0,0x69,0xffffffffbfc007ff,0x370]
[trap] num=339 (0x153) pc=0x1804bc288 args=[0x4,0x27ff1c0,0x0,0xf,0x0,0x69,0xffffffffbfc007ff,0x370]
[trap] num=406 (0x196) pc=0x1804b2174 args=[0x4,0x32,0x27fed30,0x27ff0f0,0x27fed80,0x69,0xffffffffbfc007ff,0x370]
[trap] num=399 (0x18f) pc=0x1804af584 args=[0x4,0x32,0x27fed30,0x27ff0f0,0x27fed80,0x69,0xffffffffbfc007ff,0x370]
[trap] num=338 (0x152) pc=0x1804b988c args=[0x27fed30,0x27ff130,0x27fed30,0x27ff0f0,0x27fed80,0x69,0xffffffffbfc007ff,0x370]
[trap] num=398 (0x18e) pc=0x1804ae948 args=[0x1803fd5e6,0x1000000,0x0,0x19,0x6a280,0x10,0xffffffffbfc007ff,0x370]
[trap] num=339 (0x153) pc=0x1804bc288 args=[0x4,0x27ff1c0,0x0,0x19,0x6a280,0x10,0xffffffffbfc007ff,0x370]
[trap] num=406 (0x196) pc=0x1804b2174 args=[0x4,0x32,0x27fed30,0x27ff0f0,0x27fed80,0x10,0xffffffffbfc007ff,0x370]
[trap] num=399 (0x18f) pc=0x1804af584 args=[0x4,0x32,0x27fed30,0x27ff0f0,0x27fed80,0x10,0xffffffffbfc007ff,0x370]
[trap] num=338 (0x152) pc=0x1804b988c args=[0x27fed30,0x27ff130,0x27fed30,0x27ff0f0,0x27fed80,0x10,0xffffffffbfc007ff,0x370]
[trap] num=12 (0xc) pc=0x1804af75c args=[0x6a3e0,0x6a970,0xa,0x1804f8a10,0x2794440,0x10,0xffffffffbfc007ff,0x370]
[M28 BANDSHRINK] syscall 12 band past ipa 0x6a3e0 len 65536 shrunk 64 -> 0 by an overlapping window of the same call
[trap] num=33 (0x21) pc=0x1804ae668 args=[0x69c10,0x4,0x0,0x103,0x1002ade74,0x27ff220,0x656572746b726f77,0x370]
[trap] num=194 (0xc2) pc=0x1804b00c8 args=[0x1008,0x27ff048,0x1804edb6c,0x7,0x0,0x27ff220,0x656572746b726f77,0x370]
[trap] num=398 (0x18e) pc=0x1804ae948 args=[0x69c10,0x0,0x0,0x7,0x0,0x27ff220,0x656572746b726f77,0x370]
[trap] num=339 (0x153) pc=0x1804bc288 args=[0x4,0x27ff110,0x120a8,0x7,0x0,0x27ff220,0x656572746b726f77,0x370]
[trap] num=339 (0x153) pc=0x1804bc288 args=[0x4,0x27feeb0,0x27fef74,0xff,0x6a8df,0x69c47,0xffffffffbfc007ff,0xfffff0003ffff800]
[M28 BANDSHRINK] syscall 339 band past ipa 0x69c47 len 65536 shrunk 64 -> 0 by an overlapping window of the same call
[trap] num=396 (0x18c) pc=0x1804afcac args=[0x4,0x701012000,0x1000,0xa00513180,0x701012000,0x0,0xffffffffbfc007ff,0xfffff0003ffff800]
[trap] num=396 (0x18c) pc=0x1804afcac args=[0x4,0x701012000,0x1000,0xfffffffffffffff2,0x69,0x63,0x0,0x370]
[trap] num=399 (0x18f) pc=0x1804af584 args=[0x4,0x0,0x1804edb6c,0xfffff0007fc00000,0x69,0x63,0x0,0x370]
[trap] num=33 (0x21) pc=0x1804ae668 args=[0x6a3d0,0x4,0x0,0x103,0x69,0x63,0x0,0x370]
[trap] num=33 (0x21) pc=0x1804ae668 args=[0x6a610,0x4,0x0,0x103,0x69,0x63,0x0,0x370]
[trap] num=194 (0xc2) pc=0x1804b00c8 args=[0x1008,0x27ff048,0x1804edb6c,0x3,0x0,0x63,0x0,0x370]
[trap] num=398 (0x18e) pc=0x1804ae948 args=[0x6a610,0x0,0x0,0x3,0x0,0x63,0x0,0x370]
[trap] num=339 (0x153) pc=0x1804bc288 args=[0x4,0x27ff110,0x120a8,0x3,0x0,0x63,0x0,0x370]
[trap] num=339 (0x153) pc=0x1804bc288 args=[0x4,0x27feeb0,0x27fef74,0x0,0x67,0x67,0xffffffffbfc007ff,0xfffff0003ffff800]
[trap] num=396 (0x18c) pc=0x1804afcac args=[0x4,0x701012000,0x1000,0xa00513180,0x701012000,0x0,0xffffffffbfc007ff,0xfffff0003ffff800]
[trap] num=396 (0x18c) pc=0x1804afcac args=[0x4,0x701012000,0x1000,0xfffffffffffffff0,0x63,0x69,0xffffffffbfc007ff,0x370]
[trap] num=399 (0x18f) pc=0x1804af584 args=[0x4,0x0,0x1804edb6c,0xfffff0007fc00000,0x63,0x69,0xffffffffbfc007ff,0x370]
[trap] num=340 (0x154) pc=0x1804b9860 args=[0x6b6d0,0x27ff200,0x0,0x6b6de,0x1002adcb8,0x27ff2a0,0x72,0x370]
[M28 BANDSHRINK] syscall 340 band past ipa 0x6b6d0 len 65536 shrunk 64 -> 0 by an overlapping window of the same call
[trap] num=340 (0x154) pc=0x1804b9860 args=[0x6b760,0x27ff170,0x0,0x6b769,0x10027b3f7,0x27ff0d0,0x44,0xfffff0003ffff800]
[M28 BANDSHRINK] syscall 340 band past ipa 0x6b760 len 65536 shrunk 64 -> 0 by an overlapping window of the same call
[trap] num=5 (0x5) pc=0x1804ae694 args=[0x6b760,0x0,0x0,0x6b769,0x10027b3f7,0x27ff0d0,0x44,0xfffff0003ffff800]
[M28 BANDSHRINK] syscall 5 band past ipa 0x6b760 len 65536 shrunk 64 -> 0 by an overlapping window of the same call
[trap] num=3 (0x3) pc=0x1804ae91c args=[0x4,0x6b7b0,0x100,0x0,0x0,0x27ff0d0,0x44,0xfffff0003ffff800]
[trap] num=3 (0x3) pc=0x1804ae91c args=[0x4,0x6b7c5,0xeb,0x0,0x0,0x27ff0d0,0x44,0xfffff0003ffff800]
[trap] num=6 (0x6) pc=0x1804ae8f0 args=[0x4,0x6b7c5,0xeb,0x0,0x0,0x27ff0d0,0x44,0xfffff0003ffff800]
[trap] num=340 (0x154) pc=0x1804b9860 args=[0x6b760,0x27ff170,0x0,0x6b774,0x10027b3f7,0x27ff0d0,0x6e,0x8c0]
[M28 BANDSHRINK] syscall 340 band past ipa 0x6b760 len 65536 shrunk 64 -> 0 by an overlapping window of the same call
[trap] num=5 (0x5) pc=0x1804ae694 args=[0x6b760,0x0,0x0,0x6b774,0x10027b3f7,0x27ff0d0,0x6e,0x8c0]
[M28 BANDSHRINK] syscall 5 band past ipa 0x6b760 len 65536 shrunk 64 -> 0 by an overlapping window of the same call
[trap] num=3 (0x3) pc=0x1804ae91c args=[0x4,0x6b7b0,0x100,0x0,0x0,0x27ff0d0,0x6e,0x8c0]
[trap] num=3 (0x3) pc=0x1804ae91c args=[0x4,0x6b7d9,0xd7,0x0,0x0,0x27ff0d0,0x6e,0x8c0]
[trap] num=6 (0x6) pc=0x1804ae8f0 args=[0x4,0x6b7d9,0xd7,0x0,0x0,0x27ff0d0,0x6e,0x8c0]
[trap] num=340 (0x154) pc=0x1804b9860 args=[0x6b760,0x27ff310,0x0,0x6b790,0x0,0x6f,0x44,0xbe0]
[M28 BANDSHRINK] syscall 340 band past ipa 0x6b760 len 65536 shrunk 64 -> 0 by an overlapping window of the same call
[trap] num=340 (0x154) pc=0x1804b9860 args=[0x6b780,0x27ff120,0x0,0x6b795,0x10027b3f7,0x27ff080,0x444145485f4b4349,0xbe0]
[M28 BANDSHRINK] syscall 340 band past ipa 0x6b780 len 65536 shrunk 64 -> 0 by an overlapping window of the same call
[trap] num=5 (0x5) pc=0x1804ae694 args=[0x6b710,0x0,0x0,0x1,0x0,0x27ff11c,0x1001af3d4,0xbe0]
[trap] num=5 (0x5) pc=0x1804ae694 args=[0x6a570,0x0,0x0,0x1002cf1e9,0x100320cc8,0x10027b987,0x27ff240,0xbe0]
[trap] num=339 (0x153) pc=0x1804bc288 args=[0x4,0x27fe790,0x0,0x1002cf1e9,0x100320cc8,0x10027b987,0x27ff240,0xbe0]
[trap] num=197 (0xc5) pc=0x1804aea18 args=[0x0,0x89,0x1,0x40002,0x4,0x0,0x27ff240,0xbe0]
[trap] num=6 (0x6) pc=0x1804ae8f0 args=[0x4,0x89,0x1,0x40002,0x4,0x0,0x27ff240,0xbe0]
[trap] num=73 (0x49) pc=0x1804b1728 args=[0xa00814000,0x89,0x1002f5210,0x1002b4c3d,0x100320cc8,0x0,0x27fe690,0xbe0]
[trap] num=54 (0x36) pc=0x1804b2338 args=[0x2,0x4004667a,0x27ff28c,0x0,0x0,0x10027b987,0x27ff240,0xbe0]
[trap] num=54 (0x36) pc=0x1804b2338 args=[0x2,0x40487413,0x27ff290,0x0,0x0,0x10027b987,0x27ff240,0xbe0]
[trap] num=340 (0x154) pc=0x1804b9860 args=[0x6b974,0x27ff220,0x0,0x0,0x0,0x0,0x27ff360,0xbe0]
[trap] num=58 (0x3a) pc=0x1804b015c args=[0x6ba30,0x6ba50,0x20,0x0,0x0,0x0,0x78,0xbe0]
[M28 BANDSHRINK] syscall 58 band past ipa 0x6ba30 len 65536 shrunk 64 -> 0 by an overlapping window of the same call
[trap] num=398 (0x18e) pc=0x1804ae948 args=[0x1803fd5e6,0x1000000,0x0,0x0,0x0,0x0,0x6b,0xbe0]
[trap] num=339 (0x153) pc=0x1804bc288 args=[0x4,0x27feee0,0x0,0x0,0x0,0x0,0x6b,0xbe0]
[trap] num=406 (0x196) pc=0x1804b2174 args=[0x4,0x32,0x27fea50,0x27fee10,0x27feac0,0x0,0x6b,0xbe0]
[trap] num=399 (0x18f) pc=0x1804af584 args=[0x4,0x32,0x27fea50,0x27fee10,0x27feac0,0x0,0x6b,0xbe0]
[trap] num=338 (0x152) pc=0x1804b988c args=[0x27fea50,0x27fee50,0x27fea50,0x27fee10,0x27feac0,0x0,0x6b,0xbe0]
[trap] num=398 (0x18e) pc=0x1804ae948 args=[0x1803fd5e6,0x1000000,0x0,0xa,0x6bb00,0x20,0x6b,0xbe0]
[trap] num=339 (0x153) pc=0x1804bc288 args=[0x4,0x27feee0,0x0,0xa,0x6bb00,0x20,0x6b,0xbe0]
[trap] num=406 (0x196) pc=0x1804b2174 args=[0x4,0x32,0x27fea50,0x27fee10,0x27feac0,0x20,0x6b,0xbe0]
[trap] num=399 (0x18f) pc=0x1804af584 args=[0x4,0x32,0x27fea50,0x27fee10,0x27feac0,0x20,0x6b,0xbe0]
[trap] num=338 (0x152) pc=0x1804b988c args=[0x27fea50,0x27fee50,0x27fea50,0x27fee10,0x27feac0,0x20,0x6b,0xbe0]
[trap] num=5 (0x5) pc=0x1804ae694 args=[0x6bd20,0x1000a02,0x1b6,0x6bdba,0x6bbc0,0x20,0x6b,0xbe0]
[M28 BANDSHRINK] syscall 5 band past ipa 0x6bd20 len 65536 shrunk 64 -> 0 by an overlapping window of the same call
[M28 BANDSHRINK] syscall 5 band past ipa 0x6bbc0 len 65536 shrunk 64 -> 0 by an overlapping window of the same call
[trap] num=46 (0x2e) pc=0x1804b4478 args=[0x2,0x27ff1c8,0x27ff1f0,0x1c,0x0,0x20,0x6b,0xbe0]
[trap] num=46 (0x2e) pc=0x1804b4478 args=[0x1,0x27ff1c8,0x27ff1f0,0x10,0x0,0x20,0x6b,0xbe0]
[trap] num=46 (0x2e) pc=0x1804b4478 args=[0xf,0x27ff1c8,0x27ff1f0,0x4,0x0,0x20,0x6b,0xbe0]
[trap] num=46 (0x2e) pc=0x1804b4478 args=[0x3,0x27ff1c8,0x27ff1f0,0x0,0x0,0x20,0x6b,0xbe0]
[trap] num=46 (0x2e) pc=0x1804b4478 args=[0xd,0x27ff1e8,0x27ff210,0x0,0x0,0x20,0x6b,0xbe0]
[trap] num=340 (0x154) pc=0x1804b9860 args=[0x6bff0,0x27feec0,0x0,0x6bff9,0x10027b3f7,0x27fee20,0x44,0x8c0]
[M28 BANDSHRINK] syscall 340 band past ipa 0x6bff0 len 65536 shrunk 64 -> 0 by an overlapping window of the same call
[trap] num=5 (0x5) pc=0x1804ae694 args=[0x6bff0,0x0,0x0,0x6bff9,0x10027b3f7,0x27fee20,0x44,0x8c0]
[M28 BANDSHRINK] syscall 5 band past ipa 0x6bff0 len 65536 shrunk 64 -> 0 by an overlapping window of the same call
[trap] num=3 (0x3) pc=0x1804ae91c args=[0x5,0x6c040,0x100,0x0,0x0,0x27fee20,0x44,0x8c0]
[trap] num=3 (0x3) pc=0x1804ae91c args=[0x5,0x6c055,0xeb,0x0,0x0,0x27fee20,0x44,0x8c0]
[trap] num=6 (0x6) pc=0x1804ae8f0 args=[0x5,0x6c055,0xeb,0x0,0x0,0x27fee20,0x44,0x8c0]
[trap] num=340 (0x154) pc=0x1804b9860 args=[0x6bff0,0x27feec0,0x0,0x6c004,0x10027b3f7,0x27fee20,0x6e,0x8c0]
[M28 BANDSHRINK] syscall 340 band past ipa 0x6bff0 len 65536 shrunk 64 -> 0 by an overlapping window of the same call
[trap] num=5 (0x5) pc=0x1804ae694 args=[0x6bff0,0x0,0x0,0x6c004,0x10027b3f7,0x27fee20,0x6e,0x8c0]
[M28 BANDSHRINK] syscall 5 band past ipa 0x6bff0 len 65536 shrunk 64 -> 0 by an overlapping window of the same call
[trap] num=3 (0x3) pc=0x1804ae91c args=[0x5,0x6c040,0x100,0x0,0x0,0x27fee20,0x6e,0x8c0]
[trap] num=3 (0x3) pc=0x1804ae91c args=[0x5,0x6c069,0xd7,0x0,0x0,0x27fee20,0x6e,0x8c0]
[trap] num=6 (0x6) pc=0x1804ae8f0 args=[0x5,0x6c069,0xd7,0x0,0x0,0x27fee20,0x6e,0x8c0]
[trap] num=340 (0x154) pc=0x1804b9860 args=[0x6bff0,0x27feec0,0x0,0x6bffe,0x10027b3f7,0x27fee20,0x44,0x8c0]
[M28 BANDSHRINK] syscall 340 band past ipa 0x6bff0 len 65536 shrunk 64 -> 0 by an overlapping window of the same call
[trap] num=338 (0x152) pc=0x1804b988c args=[0x6b710,0x27fec80,0x1002d265f,0x100306f98,0x27ff030,0x27feebc,0x1001af3d4,0x8c0]
[trap] num=340 (0x154) pc=0x1804b9860 args=[0x6bff0,0x27feec0,0x0,0x6c003,0x10027b3f7,0x27fee20,0x44,0x8c0]
[M28 BANDSHRINK] syscall 340 band past ipa 0x6bff0 len 65536 shrunk 64 -> 0 by an overlapping window of the same call
[trap] num=338 (0x152) pc=0x1804b988c args=[0x6b710,0x27fec80,0x1002d265f,0x100306f98,0x27ff030,0x27feebc,0x1001af3d4,0x8c0]
[trap] num=340 (0x154) pc=0x1804b9860 args=[0x6bff0,0x27feec0,0x0,0x6c004,0x10027b3f7,0x27fee20,0x44,0x8c0]
[M28 BANDSHRINK] syscall 340 band past ipa 0x6bff0 len 65536 shrunk 64 -> 0 by an overlapping window of the same call
[trap] num=338 (0x152) pc=0x1804b988c args=[0x6b710,0x27fec80,0x1002d265f,0x100306f98,0x27ff030,0x27feebc,0x1001af3d4,0x8c0]
[trap] num=340 (0x154) pc=0x1804b9860 args=[0x6bff0,0x27feec0,0x0,0x6c006,0x10027b3f7,0x27fee20,0x44,0x8c0]
[M28 BANDSHRINK] syscall 340 band past ipa 0x6bff0 len 65536 shrunk 64 -> 0 by an overlapping window of the same call
[trap] num=338 (0x152) pc=0x1804b988c args=[0x6b710,0x27fec80,0x1002d265f,0x100306f98,0x27ff030,0x27feebc,0x1001af3d4,0x8c0]
[trap] num=340 (0x154) pc=0x1804b9860 args=[0x700c2c000,0x27feec0,0x0,0x700c2c01b,0x10027b3f7,0x27fee20,0x44,0x0]
[M28 BANDSHRINK] syscall 340 band past ipa 0x700c2c000 len 65536 shrunk 64 -> 0 by an overlapping window of the same call
[trap] num=338 (0x152) pc=0x1804b988c args=[0x6b710,0x27fec80,0x1002d265f,0x100306f98,0x27ff030,0x27feebc,0x1001af3d4,0x8c0]
[trap] num=116 (0x74) pc=0x1804b1b60 args=[0x27fe630,0x0,0x0,0xfffffc088,0x0,0x0,0x0,0x100279f56]
[trap] num=340 (0x154) pc=0x1804b9860 args=[0x6b974,0x27fe680,0x6b974,0x5,0x0,0x0,0x0,0x100279f56]
[trap] num=340 (0x154) pc=0x1804b9860 args=[0x700c2c050,0x27fe1c0,0x0,0x700c2c059,0x10027b3f7,0x27fe120,0x44,0xfffff0003ffff800]
[M28 BANDSHRINK] syscall 340 band past ipa 0x700c2c050 len 65536 shrunk 64 -> 0 by an overlapping window of the same call
[trap] num=5 (0x5) pc=0x1804ae694 args=[0x700c2c050,0x0,0x0,0x700c2c059,0x10027b3f7,0x27fe120,0x44,0xfffff0003ffff800]
[M28 BANDSHRINK] syscall 5 band past ipa 0x700c2c050 len 65536 shrunk 64 -> 0 by an overlapping window of the same call
[trap] num=3 (0x3) pc=0x1804ae91c args=[0x5,0x6c100,0x100,0x0,0x0,0x27fe120,0x44,0xfffff0003ffff800]
[trap] num=3 (0x3) pc=0x1804ae91c args=[0x5,0x6c115,0xeb,0x0,0x0,0x27fe120,0x44,0xfffff0003ffff800]
[trap] num=6 (0x6) pc=0x1804ae8f0 args=[0x5,0x6c115,0xeb,0x0,0x0,0x27fe120,0x44,0xfffff0003ffff800]
[trap] num=340 (0x154) pc=0x1804b9860 args=[0x700c2c050,0x27fe1c0,0x0,0x700c2c064,0x10027b3f7,0x27fe120,0x6e,0xfffff0003ffff800]
[M28 BANDSHRINK] syscall 340 band past ipa 0x700c2c050 len 65536 shrunk 64 -> 0 by an overlapping window of the same call
[trap] num=5 (0x5) pc=0x1804ae694 args=[0x700c2c050,0x0,0x0,0x700c2c064,0x10027b3f7,0x27fe120,0x6e,0xfffff0003ffff800]
[M28 BANDSHRINK] syscall 5 band past ipa 0x700c2c050 len 65536 shrunk 64 -> 0 by an overlapping window of the same call
[trap] num=3 (0x3) pc=0x1804ae91c args=[0x5,0x6c100,0x100,0x0,0x0,0x27fe120,0x6e,0xfffff0003ffff800]
[trap] num=3 (0x3) pc=0x1804ae91c args=[0x5,0x6c129,0xd7,0x0,0x0,0x27fe120,0x6e,0xfffff0003ffff800]
[trap] num=6 (0x6) pc=0x1804ae8f0 args=[0x5,0x6c129,0xd7,0x0,0x0,0x27fe120,0x6e,0xfffff0003ffff800]
[trap] num=340 (0x154) pc=0x1804b9860 args=[0x700c2c050,0x27fe1c0,0x0,0x700c2c05e,0x10027b3f7,0x27fe120,0x44,0xfffff0003ffff800]
[M28 BANDSHRINK] syscall 340 band past ipa 0x700c2c050 len 65536 shrunk 64 -> 0 by an overlapping window of the same call
[trap] num=338 (0x152) pc=0x1804b988c args=[0x6b710,0x27fdf80,0x1002d265f,0x100306f98,0x27fe330,0x27fe1bc,0x1001af3d4,0x8c0]
[trap] num=340 (0x154) pc=0x1804b9860 args=[0x700c2c050,0x27fe1c0,0x0,0x700c2c063,0x10027b3f7,0x27fe120,0x44,0xfffff0003ffff800]
[M28 BANDSHRINK] syscall 340 band past ipa 0x700c2c050 len 65536 shrunk 64 -> 0 by an overlapping window of the same call
[trap] num=338 (0x152) pc=0x1804b988c args=[0x6b710,0x27fdf80,0x1002d265f,0x100306f98,0x27fe330,0x27fe1bc,0x1001af3d4,0x8c0]
[trap] num=340 (0x154) pc=0x1804b9860 args=[0x700c2c050,0x27fe1c0,0x0,0x700c2c064,0x10027b3f7,0x27fe120,0x44,0xfffff0003ffff800]
[M28 BANDSHRINK] syscall 340 band past ipa 0x700c2c050 len 65536 shrunk 64 -> 0 by an overlapping window of the same call
[trap] num=338 (0x152) pc=0x1804b988c args=[0x6b710,0x27fdf80,0x1002d265f,0x100306f98,0x27fe330,0x27fe1bc,0x1001af3d4,0x8c0]
[trap] num=340 (0x154) pc=0x1804b9860 args=[0x700c2c050,0x27fe1c0,0x0,0x700c2c066,0x10027b3f7,0x27fe120,0x44,0xfffff0003ffff800]
[M28 BANDSHRINK] syscall 340 band past ipa 0x700c2c050 len 65536 shrunk 64 -> 0 by an overlapping window of the same call
[trap] num=338 (0x152) pc=0x1804b988c args=[0x6b710,0x27fdf80,0x1002d265f,0x100306f98,0x27fe330,0x27fe1bc,0x1001af3d4,0x8c0]
[trap] num=340 (0x154) pc=0x1804b9860 args=[0x700c2c050,0x27fe1c0,0x0,0x700c2c06b,0x10027b3f7,0x27fe120,0x44,0xfffff0003ffff800]
[M28 BANDSHRINK] syscall 340 band past ipa 0x700c2c050 len 65536 shrunk 64 -> 0 by an overlapping window of the same call
[trap] num=338 (0x152) pc=0x1804b988c args=[0x6b710,0x27fdf80,0x1002d265f,0x100306f98,0x27fe330,0x27fe1bc,0x1001af3d4,0x8c0]
[trap] num=398 (0x18e) pc=0x1804ae948 args=[0x700c2c000,0x1100000,0x0,0x0,0x0,0x27fe2d0,0x2f,0xfffff0003ffff800]
[trap] num=346 (0x15a) pc=0x1804b9980 args=[0x5,0x27fda40,0x0,0x0,0x0,0x27fe2d0,0x2f,0xfffff0003ffff800]
[trap] num=327 (0x147) pc=0x1804ad92c args=[0x1ec7f8110,0x0,0xfffffffffffffff8,0x1ec7f83f8,0x1ec7f8180,0x27fe2d0,0x2f,0xfffff0003ffff800]
[trap] num=-14 (0xfffffffffffffff2) pc=0x1801155b8 args=[0x203,0x1ec444000,0x24000,0x0,0x3,0x27fcf4f,0x0,0x100]
[trap] num=338 (0x152) pc=0x180116c48 args=[0x1ec7f8468,0x27fbd80,0x27fbe80,0x27fbe68,0x1ec7f8472,0x1801ac864,0x27fc5c8,0x700]
[trap] num=-10 (0xfffffffffffffff6) pc=0x180115588 args=[0x203,0x27fbd40,0x4000,0x3c000001,0x1ec7f8472,0x1801ac864,0x27fc5c8,0x700]
[trap] num=338 (0x152) pc=0x180116c48 args=[0x27fc3a0,0x27fbd30,0x27fbe30,0x27fbe18,0x27fc3ce,0x1801ac864,0x0,0x210]
[trap] num=-12 (0xfffffffffffffff4) pc=0x1801155a0 args=[0x203,0xa00818000,0x4000,0x1a0500,0x0,0x0,0x0,0xbc0]
[trap] num=-15 (0xfffffffffffffff1) pc=0x1801155c4 args=[0x203,0x27fb9d0,0x20000,0x3fff,0x3c000001,0x3,0x0,0x0]
[trap] num=-12 (0xfffffffffffffff4) pc=0x1801155a0 args=[0x203,0x1003c0000,0x20000,0x103,0x0,0x0,0x0,0x0]
[trap] num=-14 (0xfffffffffffffff2) pc=0x1801155b8 args=[0x203,0x1ec444000,0x24000,0x0,0x1,0x0,0x0,0x0]
[trap] num=5 (0x5) pc=0x1804ae694 args=[0x27fc428,0x1000000,0x0,0x27fc44a,0x190380f65,0x27fc410,0x62,0x0]
[trap] num=339 (0x153) pc=0x1804bc288 args=[0x6,0x27fc350,0x0,0x27fc44a,0x190380f65,0x27fc410,0x62,0x0]
[trap] num=197 (0xc5) pc=0x1804aea18 args=[0x0,0x7810,0x1,0x40002,0x6,0x0,0x62,0x0]
[trap] num=6 (0x6) pc=0x1804ae8f0 args=[0x6,0x7810,0x1,0x40002,0x6,0x0,0x62,0x0]
[trap] num=73 (0x49) pc=0x1804b1728 args=[0xa0081c000,0x7810,0xc06,0x2,0x0,0x0,0x0,0xf20]
[trap] num=5 (0x5) pc=0x1804ae694 args=[0x27fc428,0x1000000,0x0,0x27fc448,0x190380f65,0x27fc410,0x62,0xf20]
[trap] num=339 (0x153) pc=0x1804bc288 args=[0x6,0x27fc350,0x0,0x27fc448,0x190380f65,0x27fc410,0x62,0xf20]
[trap] num=197 (0xc5) pc=0x1804aea18 args=[0x0,0x3590,0x1,0x40002,0x6,0x0,0x62,0xf20]
[trap] num=6 (0x6) pc=0x1804ae8f0 args=[0x6,0x3590,0x1,0x40002,0x6,0x0,0x62,0xf20]
[trap] num=73 (0x49) pc=0x1804b1728 args=[0xa00824000,0x3590,0xc06,0x2,0x0,0x27fc870,0x62,0xf20]
[trap] num=5 (0x5) pc=0x1804ae694 args=[0x27fc914,0x1000000,0x0,0x27fc93b,0x190380d90,0x27fc8d0,0x62,0xf20]
[trap] num=339 (0x153) pc=0x1804bc288 args=[0x6,0x27fc810,0x0,0x27fc93b,0x190380d90,0x27fc8d0,0x62,0xf20]
[trap] num=197 (0xc5) pc=0x1804aea18 args=[0x0,0x170,0x1,0x40002,0x6,0x0,0x62,0xf20]
[trap] num=6 (0x6) pc=0x1804ae8f0 args=[0x6,0x170,0x1,0x40002,0x6,0x0,0x62,0xf20]
[trap] num=73 (0x49) pc=0x1804b1728 args=[0xa00828000,0x170,0xc06,0x2,0x0,0x305f656d616e7363,0x0,0xfffff0003ffff800]
[trap] num=5 (0x5) pc=0x1804ae694 args=[0x27fc428,0x1000000,0x0,0x27fc44a,0x190380f65,0x27fc410,0x62,0xfffff0003ffff800]
[trap] num=339 (0x153) pc=0x1804bc288 args=[0x6,0x27fc350,0x0,0x27fc44a,0x190380f65,0x27fc410,0x62,0xfffff0003ffff800]
[trap] num=197 (0xc5) pc=0x1804aea18 args=[0x0,0x7810,0x1,0x40002,0x6,0x0,0x62,0xfffff0003ffff800]
[trap] num=6 (0x6) pc=0x1804ae8f0 args=[0x6,0x7810,0x1,0x40002,0x6,0x0,0x62,0xfffff0003ffff800]
[trap] num=73 (0x49) pc=0x1804b1728 args=[0xa0082c000,0x7810,0xc06,0x2,0x0,0x0,0x0,0xf20]
[trap] num=5 (0x5) pc=0x1804ae694 args=[0x27fc428,0x1000000,0x0,0x27fc448,0x190380f65,0x27fc410,0x62,0xf20]
[trap] num=339 (0x153) pc=0x1804bc288 args=[0x6,0x27fc350,0x0,0x27fc448,0x190380f65,0x27fc410,0x62,0xf20]
[trap] num=197 (0xc5) pc=0x1804aea18 args=[0x0,0x3590,0x1,0x40002,0x6,0x0,0x62,0xf20]
[trap] num=6 (0x6) pc=0x1804ae8f0 args=[0x6,0x3590,0x1,0x40002,0x6,0x0,0x62,0xf20]
[trap] num=73 (0x49) pc=0x1804b1728 args=[0xa00834000,0x3590,0xc06,0x2,0x0,0x27fc870,0x62,0xf20]
[trap] num=5 (0x5) pc=0x1804ae694 args=[0x27fc914,0x1000000,0x0,0x27fc937,0x190380d90,0x27fc8d0,0x62,0xf20]
[trap] num=339 (0x153) pc=0x1804bc288 args=[0x6,0x27fc810,0x0,0x27fc937,0x190380d90,0x27fc8d0,0x62,0xf20]
[trap] num=197 (0xc5) pc=0x1804aea18 args=[0x0,0x170,0x1,0x40002,0x6,0x0,0x62,0xf20]
[trap] num=6 (0x6) pc=0x1804ae8f0 args=[0x6,0x170,0x1,0x40002,0x6,0x0,0x62,0xf20]
[trap] num=73 (0x49) pc=0x1804b1728 args=[0xa00838000,0x170,0xc06,0x2,0x0,0x305f656d616e7363,0x0,0xfffff0003ffff800]
[trap] num=-14 (0xfffffffffffffff2) pc=0x1801155b8 args=[0x203,0x1ec444000,0x24000,0x0,0x3,0x27fce5f,0x0,0xfffff0007ffff800]
[trap] num=338 (0x152) pc=0x180116c48 args=[0x1ec7f8468,0x27fbc90,0x27fbd90,0x27fbd78,0x1ec7f8472,0x1801ac864,0x27fc4d8,0x700]
[trap] num=-10 (0xfffffffffffffff6) pc=0x180115588 args=[0x203,0x27fbc50,0x4000,0x3c000001,0x1ec7f8472,0x1801ac864,0x27fc4d8,0x700]
[trap] num=338 (0x152) pc=0x180116c48 args=[0x27fc2b0,0x27fbc40,0x27fbd40,0x27fbd28,0x27fc2de,0x1801ac864,0x0,0x210]
[trap] num=-12 (0xfffffffffffffff4) pc=0x1801155a0 args=[0x203,0xa0083c000,0x4000,0x1a0500,0x0,0x0,0x0,0xbc0]
[trap] num=-15 (0xfffffffffffffff1) pc=0x1801155c4 args=[0x203,0x27fb8e0,0x20000,0x3fff,0x3c000001,0x3,0x0,0x0]
[trap] num=-12 (0xfffffffffffffff4) pc=0x1801155a0 args=[0x203,0x1003c0000,0x20000,0x103,0x0,0x0,0x0,0x0]
[trap] num=-14 (0xfffffffffffffff2) pc=0x1801155b8 args=[0x203,0x1ec444000,0x24000,0x0,0x1,0x0,0x0,0x0]
[trap] num=-14 (0xfffffffffffffff2) pc=0x1801155b8 args=[0x203,0x1ec444000,0x24000,0x0,0x3,0x27fce5f,0x0,0xfffff0003ffff800]
[trap] num=338 (0x152) pc=0x180116c48 args=[0x1ec7f8468,0x27fbc90,0x27fbd90,0x27fbd78,0x1ec7f8472,0x1801ac864,0x27fc4d8,0x700]
[trap] num=-10 (0xfffffffffffffff6) pc=0x180115588 args=[0x203,0x27fbc50,0x4000,0x3c000001,0x1ec7f8472,0x1801ac864,0x27fc4d8,0x700]
[trap] num=338 (0x152) pc=0x180116c48 args=[0x27fc2b0,0x27fbc40,0x27fbd40,0x27fbd28,0x27fc2de,0x1801ac864,0x0,0x210]
[trap] num=-12 (0xfffffffffffffff4) pc=0x1801155a0 args=[0x203,0xa00840000,0x4000,0x1a0500,0x0,0x0,0x0,0xbc0]
[trap] num=-15 (0xfffffffffffffff1) pc=0x1801155c4 args=[0x203,0x27fb8e0,0x20000,0x3fff,0x3c000001,0x3,0x0,0x0]
[trap] num=-12 (0xfffffffffffffff4) pc=0x1801155a0 args=[0x203,0x1003c0000,0x20000,0x103,0x0,0x0,0x0,0x0]
[trap] num=-14 (0xfffffffffffffff2) pc=0x1801155b8 args=[0x203,0x1ec444000,0x24000,0x0,0x1,0x0,0x0,0x0]
[trap] num=338 (0x152) pc=0x1804b988c args=[0x27fb038,0x27fafa0,0x0,0x27fb05b,0x190380d90,0x27faf90,0x72,0xfffff0003ffff800]
[trap] num=5 (0x5) pc=0x1804ae694 args=[0x27fafd8,0x1000000,0x0,0x27fb001,0x190380f65,0x27fafc0,0x62,0x100]
[trap] num=5 (0x5) pc=0x1804ae694 args=[0x190380d69,0x1000000,0x0,0x27fb001,0x190380f65,0x27fafc0,0x62,0x100]
[trap] num=5 (0x5) pc=0x1804ae694 args=[0x27fafd8,0x1000000,0x0,0x27fb001,0x190380f65,0x27fafc0,0x62,0x100]
[trap] num=5 (0x5) pc=0x1804ae694 args=[0x190380d69,0x1000000,0x0,0x27fb001,0x190380f65,0x27fafc0,0x62,0x100]
[trap] num=-14 (0xfffffffffffffff2) pc=0x1801155b8 args=[0x203,0x1ec444000,0x24000,0x0,0x3,0x27fad0f,0x0,0xfffff0003ffff800]
[trap] num=338 (0x152) pc=0x180116c48 args=[0x1ec7f8468,0x27f9b40,0x27f9c40,0x27f9c28,0x1ec7f8472,0x1801ac864,0x27fa388,0x700]
[trap] num=-10 (0xfffffffffffffff6) pc=0x180115588 args=[0x203,0x27f9b00,0x4000,0x3c000001,0x1ec7f8472,0x1801ac864,0x27fa388,0x700]
[trap] num=338 (0x152) pc=0x180116c48 args=[0x27fa160,0x27f9af0,0x27f9bf0,0x27f9bd8,0x27fa18e,0x1801ac864,0x0,0x210]
[trap] num=-12 (0xfffffffffffffff4) pc=0x1801155a0 args=[0x203,0xa00844000,0x4000,0x1a0500,0x0,0x0,0x0,0xbc0]
[trap] num=-15 (0xfffffffffffffff1) pc=0x1801155c4 args=[0x203,0x27f9790,0x20000,0x3fff,0x3c000001,0x3,0x0,0x0]
[trap] num=-12 (0xfffffffffffffff4) pc=0x1801155a0 args=[0x203,0x1003c0000,0x20000,0x103,0x0,0x0,0x0,0x0]
[trap] num=-14 (0xfffffffffffffff2) pc=0x1801155b8 args=[0x203,0x1ec444000,0x24000,0x0,0x1,0x0,0x0,0x0]
[trap] num=344 (0x158) pc=0x1804af9c4 args=[0x5,0x6d610,0x2000,0x6c598,0x6c600,0x0,0x2f,0xfffff0003ffff800]
[M28 BANDSHRINK] syscall 344 band past ipa 0x6c598 len 65536 shrunk 64 -> 0 by an overlapping window of the same call
[M28 BANDSHRINK] syscall 344 band past ipa 0x6c600 len 65536 shrunk 64 -> 0 by an overlapping window of the same call
[trap] num=399 (0x18f) pc=0x1804af584 args=[0x5,0xc50,0xc50,0xa,0x6c580,0x74,0x2f,0xfffff0003ffff800]
[trap] num=338 (0x152) pc=0x1804b988c args=[0x6b710,0x27fe1d0,0x1002d264c,0x1,0x1,0x68,0x1,0xa20]
[trap] num=194 (0xc2) pc=0x1804b00c8 args=[0x1008,0x27fe368,0x1804edb6c,0x103,0x6c580,0x68,0x0,0xa20]
[trap] num=398 (0x18e) pc=0x1804ae948 args=[0x6a520,0x0,0x0,0x103,0x6c580,0x68,0x0,0xa20]
[M28 BANDSHRINK] syscall 398 band past ipa 0x6a520 len 65536 shrunk 64 -> 0 by an overlapping window of the same call
[trap] num=194 (0xc2) pc=0x1804b00c8 args=[0x1008,0x27fdf18,0x1804edb6c,0x1,0x0,0x6f,0x77,0xa20]
[trap] num=398 (0x18e) pc=0x1804ae948 args=[0x6ce80,0x0,0x0,0x1,0x0,0x6f,0x77,0xa20]
[trap] num=5 (0x5) pc=0x1804ae694 args=[0x700c2c000,0x0,0x0,0x700c2c01c,0x1002ca5de,0x27fe500,0x736574616e726574,0xfffff0003ffff800]
[M28 BANDSHRINK] syscall 5 band past ipa 0x700c2c000 len 65536 shrunk 64 -> 0 by an overlapping window of the same call
[trap] num=5 (0x5) pc=0x1804ae694 args=[0x700c2c000,0x1000000,0x0,0x700c2c01e,0x1002b5469,0x27fe4b0,0x68,0xfffff0003ffff800]
[M28 BANDSHRINK] syscall 5 band past ipa 0x700c2c000 len 65536 shrunk 64 -> 0 by an overlapping window of the same call
[trap] num=5 (0x5) pc=0x1804ae694 args=[0x700c2c000,0x1000000,0x0,0x700c2c032,0x1002b547e,0x27fe4b0,0x6e,0xfffff0003ffff800]
[M28 BANDSHRINK] syscall 5 band past ipa 0x700c2c000 len 65536 shrunk 64 -> 0 by an overlapping window of the same call
[trap] num=5 (0x5) pc=0x1804ae694 args=[0x700c2c000,0x1000000,0x0,0x1,0x1002c7006,0x27fdf20,0x78,0xfffff0003ffff800]
[trap] num=5 (0x5) pc=0x1804ae694 args=[0x700c2c0a0,0x1000000,0x0,0x700c2c0db,0x1002c7026,0x27fdf20,0x6e,0xfffff0003ffff800]
[M28 BANDSHRINK] syscall 5 band past ipa 0x700c2c0a0 len 65536 shrunk 64 -> 0 by an overlapping window of the same call
[trap] num=398 (0x18e) pc=0x1804ae948 args=[0x6cea0,0x1100000,0x0,0x56,0x0,0x27fdf20,0x6b,0xfffff0003ffff800]
[trap] num=346 (0x15a) pc=0x1804b9980 args=[0x5,0x27fd780,0xc8e,0x4c,0x0,0x27fdf20,0x6b,0xfffff0003ffff800]
[trap] num=344 (0x158) pc=0x1804af9c4 args=[0x5,0x700c30000,0x2000,0x6c8d8,0x6d400,0x1,0x0,0x0]
[M28 BANDSHRINK] syscall 344 band past ipa 0x6c8d8 len 65536 shrunk 64 -> 0 by an overlapping window of the same call
[trap] num=399 (0x18f) pc=0x1804af584 args=[0x5,0xc84,0xc84,0xa,0x6c8c0,0x1,0x0,0x0]
[trap] num=5 (0x5) pc=0x1804ae694 args=[0x6c4b0,0x1000000,0x0,0x3,0x0,0x500,0x0,0x600]
[trap] num=339 (0x153) pc=0x1804bc288 args=[0x5,0x27fe1b0,0x27fe340,0x3,0x0,0x500,0x0,0x600]
[trap] num=197 (0xc5) pc=0x1804aea18 args=[0x0,0x78,0x1,0x40002,0x5,0x0,0x0,0x600]
[trap] num=6 (0x6) pc=0x1804ae8f0 args=[0x5,0x78,0x1,0x40002,0x5,0x0,0x0,0x600]
[trap] num=-15 (0xfffffffffffffff1) pc=0x1804adacc args=[0x203,0x27fdf08,0x400000,0x3fffff,0x2000001,0x3,0x0,0x0]
[trap] num=73 (0x49) pc=0x1804b1728 args=[0xa00848000,0x78,0xd39,0x1c0,0x6d400,0x74,0x3765666166666566,0x19028de90]
[trap] num=5 (0x5) pc=0x1804ae694 args=[0x6c4b0,0x1000000,0x0,0x6c4bc,0x6d400,0x74,0x73,0x19028de90]
[M28 BANDSHRINK] syscall 5 band past ipa 0x6c4b0 len 65536 shrunk 64 -> 0 by an overlapping window of the same call
[M28 BANDSHRINK] syscall 5 band past ipa 0x6c4bc len 65536 shrunk 64 -> 0 by an overlapping window of the same call
[trap] num=339 (0x153) pc=0x1804bc288 args=[0x5,0x27fe1b0,0x27fe340,0x6c4bc,0x6d400,0x74,0x73,0x19028de90]
[M28 BANDSHRINK] syscall 339 band past ipa 0x6c4bc len 65536 shrunk 64 -> 0 by an overlapping window of the same call
[trap] num=197 (0xc5) pc=0x1804aea18 args=[0x0,0x78,0x1,0x40002,0x5,0x0,0x73,0x19028de90]
[trap] num=6 (0x6) pc=0x1804ae8f0 args=[0x5,0x78,0x1,0x40002,0x5,0x0,0x73,0x19028de90]
[trap] num=73 (0x49) pc=0x1804b1728 args=[0xa00c4c000,0x78,0x0,0xa,0xfffff0007fc00000,0x74,0x3765666166666566,0x19028de90]
[trap] num=5 (0x5) pc=0x1804ae694 args=[0x6c4b0,0x1000000,0x0,0x6c4bc,0xfffff0007fc00000,0x74,0x73,0x19028de90]
[M28 BANDSHRINK] syscall 5 band past ipa 0x6c4b0 len 65536 shrunk 64 -> 0 by an overlapping window of the same call
[trap] num=339 (0x153) pc=0x1804bc288 args=[0x5,0x27fe1b0,0x27fe340,0x6c4bc,0xfffff0007fc00000,0x74,0x73,0x19028de90]
[trap] num=197 (0xc5) pc=0x1804aea18 args=[0x0,0x78,0x1,0x40002,0x5,0x0,0x73,0x19028de90]
[trap] num=6 (0x6) pc=0x1804ae8f0 args=[0x5,0x78,0x1,0x40002,0x5,0x0,0x73,0x19028de90]
[trap] num=73 (0x49) pc=0x1804b1728 args=[0xa00c50000,0x78,0xffffffffb0000000,0x60,0xfffff0007fc00000,0x0,0x700c50098,0x19028de90]
[trap] num=-15 (0xfffffffffffffff1) pc=0x1804adacc args=[0x203,0x27fe3b8,0x400000,0x0,0x2004000,0x3,0x0,0x0]
[trap] num=5 (0x5) pc=0x1804ae694 args=[0x6c4b0,0x1000000,0x0,0x6c4bc,0x2,0x0,0x73,0xb80]
[M28 BANDSHRINK] syscall 5 band past ipa 0x6c4b0 len 65536 shrunk 64 -> 0 by an overlapping window of the same call
[trap] num=339 (0x153) pc=0x1804bc288 args=[0x5,0x27fdcd0,0x27fde60,0x6c4bc,0x2,0x0,0x73,0xb80]
[trap] num=197 (0xc5) pc=0x1804aea18 args=[0x0,0x32,0x1,0x40002,0x5,0x0,0x73,0xb80]
[trap] num=6 (0x6) pc=0x1804ae8f0 args=[0x5,0x32,0x1,0x40002,0x5,0x0,0x73,0xb80]
[trap] num=73 (0x49) pc=0x1804b1728 args=[0xa00c54000,0x32,0xffffffffb0000000,0x60,0xfffff0007fc00000,0x0,0x700c50098,0xfffff0003ffff800]
[trap] num=33 (0x21) pc=0x1804ae668 args=[0x6c4f0,0x4,0x0,0x1,0x0,0x6f,0x65,0x20ff3b19]
[trap] num=5 (0x5) pc=0x1804ae694 args=[0x6c4f0,0x0,0x0,0x6db90,0x0,0x0,0x0,0x20ff3b19]
[M28 BANDSHRINK] syscall 5 band past ipa 0x6c4f0 len 65536 shrunk 64 -> 0 by an overlapping window of the same call
[trap] num=339 (0x153) pc=0x1804bc288 args=[0x5,0x27fddf8,0x0,0x6db90,0x0,0x0,0x0,0x20ff3b19]
[trap] num=3 (0x3) pc=0x1804ae91c args=[0x5,0x6c800,0xf0,0x4a,0x0,0x0,0x0,0x20ff3b19]
[trap] num=6 (0x6) pc=0x1804ae8f0 args=[0x5,0x6c800,0xf0,0x4a,0x0,0x0,0x0,0x20ff3b19]
[trap] num=116 (0x74) pc=0x1804b1b60 args=[0x27fe750,0x0,0x0,0xfffffc088,0x100320cc8,0x0,0x27fe780,0x20ff3b19]
[trap] num=33 (0x21) pc=0x1804ae668 args=[0x6c4f0,0x4,0x0,0x103,0x100320cc8,0x0,0x27fe780,0x20ff3b19]
[trap] num=5 (0x5) pc=0x1804ae694 args=[0x6c4f0,0x0,0x0,0x700c70000,0x0,0x0,0x0,0x0]
[trap] num=339 (0x153) pc=0x1804bc288 args=[0x5,0x27fe658,0x0,0x700c70000,0x0,0x0,0x0,0x0]
[trap] num=3 (0x3) pc=0x1804ae91c args=[0x5,0x700c74000,0xf0,0x1,0x0,0x1,0x0,0x0]
[trap] num=6 (0x6) pc=0x1804ae8f0 args=[0x5,0x700c74000,0xf0,0x1,0x0,0x1,0x0,0x0]
[trap] num=398 (0x18e) pc=0x1804ae948 args=[0x100283073,0x1100000,0x0,0x3c,0x0,0x0,0x0,0x10030c3e0]
[trap] num=346 (0x15a) pc=0x1804b9980 args=[0x5,0x27fdbf0,0xc9e,0x32,0x0,0x0,0x0,0x10030c3e0]
[trap] num=344 (0x158) pc=0x1804af9c4 args=[0x5,0x700c30000,0x2000,0x6c9d8,0x6d400,0x27fe397,0x3ff800,0xfffff0007ffff800]
[M28 BANDSHRINK] syscall 344 band past ipa 0x6c9d8 len 65536 shrunk 64 -> 0 by an overlapping window of the same call
[trap] num=202 (0xca) pc=0x1804af460 args=[0x27fe360,0x2,0x27fe354,0x27fe358,0x0,0x0,0xffffffffbfc007ff,0xfffff0003ffff800]
[trap] num=5 (0x5) pc=0x1804ae694 args=[0x6c510,0x100,0x0,0x700c70c00,0x69ac0,0x1,0x0,0xfffff0003ffff800]
[M28 BANDSHRINK] syscall 5 band past ipa 0x69ac0 len 65536 shrunk 64 -> 0 by an overlapping window of the same call
[trap] num=399 (0x18f) pc=0x1804af584 args=[0x5,0xc94,0xc94,0xa,0x6c9c0,0x0,0x10030c3e0,0x0]
[trap] num=116 (0x74) pc=0x1804b1b60 args=[0x27fe750,0x0,0x0,0xfffffc088,0xfffffffffffffe50,0x20,0x0,0xfffff0003ffff800]
[trap] num=338 (0x152) pc=0x1804b988c args=[0x6b760,0x27fe608,0x0,0xfffffffffffffff0,0x72,0x48,0x27fe780,0x870]
[trap] num=338 (0x152) pc=0x1804b988c args=[0x6cd70,0x27fe540,0xcd9,0x1,0x0,0x6f,0x79,0x870]
[trap] num=338 (0x152) pc=0x1804b988c args=[0x6c510,0x27fe540,0xcd9,0x1,0x0,0x6f,0x65,0x870]
[trap] num=340 (0x154) pc=0x1804b9860 args=[0x700c2c000,0x27fe3f0,0x0,0x700c2c015,0x10027b3f7,0x27fe350,0x444145485f4b4349,0xfffff0003ffff800]
[M28 BANDSHRINK] syscall 340 band past ipa 0x700c2c000 len 65536 shrunk 64 -> 0 by an overlapping window of the same call
[trap] num=338 (0x152) pc=0x1804b988c args=[0x6b710,0x27fe1b0,0x1002d265f,0x100306f98,0x27fe560,0x27fe3ec,0x1001af3d4,0xfffff0003ffff800]
[trap] num=338 (0x152) pc=0x1804b988c args=[0x6c530,0x27fe540,0xcd9,0x1,0x0,0x6f,0x47,0xfffff0003ffff800]
[trap] num=340 (0x154) pc=0x1804b9860 args=[0x700c2c000,0x27fe3f0,0x0,0x700c2c010,0x10027b3f7,0x27fe350,0x44,0xfffff0003ffff800]
[M28 BANDSHRINK] syscall 340 band past ipa 0x700c2c000 len 65536 shrunk 64 -> 0 by an overlapping window of the same call
[trap] num=338 (0x152) pc=0x1804b988c args=[0x6b710,0x27fe1b0,0x1002d265f,0x100306f98,0x27fe560,0x27fe3ec,0x1001af3d4,0xfffff0003ffff800]
[trap] num=5 (0x5) pc=0x1804ae694 args=[0x6c550,0x0,0x0,0x1,0x0,0x6f,0x6f,0xfffff0003ffff800]
[trap] num=5 (0x5) pc=0x1804ae694 args=[0x6a570,0x0,0x0,0x1,0x0,0x6f,0x6f,0xfffff0003ffff800]
[trap] num=339 (0x153) pc=0x1804bc288 args=[0x5,0x27ff2e8,0x0,0x1,0x0,0x6f,0x6f,0xfffff0003ffff800]
[trap] num=153 (0x99) pc=0x1804af650 args=[0x5,0x27ff378,0x14,0x75,0x0,0x6f,0x6f,0xfffff0003ffff800]
[trap] num=6 (0x6) pc=0x1804ae8f0 args=[0x5,0x27ff38c,0xfffffffffffffff4,0xff,0x69b64,0x27ff37c,0x6f,0xfffff0003ffff800]
[trap] num=116 (0x74) pc=0x1804b1b60 args=[0x27feed0,0x0,0x0,0xfffffc088,0x100320cc8,0x10027b987,0x27ff130,0xfffff0003ffff800]
[trap] num=340 (0x154) pc=0x1804b9860 args=[0x6b974,0x27ff028,0xcd9,0x1,0x0,0x1,0x1,0x0]
[trap] num=4 (0x4) pc=0x1804b1834 args=[0x4,0x7014a4000,0x75,0x6d3f9,0x0,0xe9192bc0,0xaa,0x67bfe454]
[trap] num=4 (0x4) pc=0x1804b1834 args=[0x4,0x7014a4000,0x14,0x69b74,0x0,0x8d2bb13,0x9e,0x1edc164f]
[trap] num=75 (0x4b) pc=0x1804b09b0 args=[0x7014a4000,0x20000,0x7,0x0,0x0,0x8d2bb13,0x9e,0x1edc164f]
[m47] num=75 args=[0x7014a4000,0x20000,0x7] policy="" op="" ret=0x0 err=false writes=0
[trap] num=6 (0x6) pc=0x1804ae8f0 args=[0x4,0x0,0xd39,0xa0,0x6d400,0x0,0x0,0x1edc164f]
[trap] num=338 (0x152) pc=0x1804b988c args=[0x6bd20,0x27ff028,0xd39,0xa0,0x6d400,0x0,0x0,0x1edc164f]
[M28 BANDSHRINK] syscall 338 band past ipa 0x6bd20 len 65536 shrunk 64 -> 0 by an overlapping window of the same call
[trap] num=128 (0x80) pc=0x1804b188c args=[0x6bd20,0x70101c000,0xfffffffffffffffa,0x0,0x0,0x0,0x0,0x0]
[trap] num=33 (0x21) pc=0x1804ae668 args=[0x6ba50,0x1,0xba9,0x1,0x0,0x6f,0x65,0xfffff0003ffff800]
[trap] num=54 (0x36) pc=0x1804b2338 args=[0x1,0x4004667a,0x27fe5fc,0x1002a569e,0x100320cc8,0x0,0x27fe6b0,0xfffff0003ffff800]
[trap] num=54 (0x36) pc=0x1804b2338 args=[0x1,0x40487413,0x27fe600,0x1002a569e,0x100320cc8,0x0,0x27fe6b0,0xfffff0003ffff800]
[trap] num=339 (0x153) pc=0x1804bc288 args=[0x1,0x27fe3f0,0x27fe4b4,0x1804f8a10,0x0,0x27fe6b0,0x20,0xfffff0003ffff800]
[trap] num=340 (0x154) pc=0x1804b9860 args=[0x700c2c000,0x27fe3e0,0x0,0x700c2c009,0x10027b3f7,0x27fe340,0x44,0xfffff0003ffff800]
[M28 BANDSHRINK] syscall 340 band past ipa 0x700c2c000 len 65536 shrunk 64 -> 0 by an overlapping window of the same call
[trap] num=5 (0x5) pc=0x1804ae694 args=[0x700c2c000,0x0,0x0,0x700c2c009,0x10027b3f7,0x27fe340,0x44,0xfffff0003ffff800]
[M28 BANDSHRINK] syscall 5 band past ipa 0x700c2c000 len 65536 shrunk 64 -> 0 by an overlapping window of the same call
[trap] num=3 (0x3) pc=0x1804ae91c args=[0x4,0x6c800,0x100,0x3c,0x0,0x27fe340,0x44,0xfffff0003ffff800]
[trap] num=3 (0x3) pc=0x1804ae91c args=[0x4,0x6c815,0xeb,0x3c,0x0,0x27fe340,0x44,0xfffff0003ffff800]
[trap] num=6 (0x6) pc=0x1804ae8f0 args=[0x4,0x6c815,0xeb,0x3c,0x0,0x27fe340,0x44,0xfffff0003ffff800]
[trap] num=340 (0x154) pc=0x1804b9860 args=[0x700c2c000,0x27fe3e0,0x0,0x700c2c014,0x10027b3f7,0x27fe340,0x6e,0xfffff0003ffff800]
[M28 BANDSHRINK] syscall 340 band past ipa 0x700c2c000 len 65536 shrunk 64 -> 0 by an overlapping window of the same call
[trap] num=5 (0x5) pc=0x1804ae694 args=[0x700c2c000,0x0,0x0,0x700c2c014,0x10027b3f7,0x27fe340,0x6e,0xfffff0003ffff800]
[M28 BANDSHRINK] syscall 5 band past ipa 0x700c2c000 len 65536 shrunk 64 -> 0 by an overlapping window of the same call
[trap] num=3 (0x3) pc=0x1804ae91c args=[0x4,0x700c7c000,0x100,0x1,0x0,0x1,0x0,0x0]
[trap] num=3 (0x3) pc=0x1804ae91c args=[0x4,0x700c7c029,0xd7,0x1,0x0,0x1,0x0,0x0]
[trap] num=6 (0x6) pc=0x1804ae8f0 args=[0x4,0x700c7c029,0xd7,0x1,0x0,0x1,0x0,0x0]
[trap] num=116 (0x74) pc=0x1804b1b60 args=[0x27fe680,0x0,0x0,0xfffffc088,0x6d,0x48,0x6e,0x9a0]
[trap] num=340 (0x154) pc=0x1804b9860 args=[0x700c2c0a0,0x27fd770,0x0,0x700c2c0b4,0x10027b3f7,0x27fd6d0,0x6e,0xfffff0003ffff800]
[M28 BANDSHRINK] syscall 340 band past ipa 0x700c2c0a0 len 65536 shrunk 64 -> 0 by an overlapping window of the same call
[trap] num=5 (0x5) pc=0x1804ae694 args=[0x700c2c0a0,0x0,0x0,0x700c2c0b4,0x10027b3f7,0x27fd6d0,0x6e,0xfffff0003ffff800]
[M28 BANDSHRINK] syscall 5 band past ipa 0x700c2c0a0 len 65536 shrunk 64 -> 0 by an overlapping window of the same call
[trap] num=3 (0x3) pc=0x1804ae91c args=[0x4,0x700c7c000,0x100,0xa0055c700,0x0,0x27fd657,0x3ff800,0xfffff0007ffff800]
[trap] num=3 (0x3) pc=0x1804ae91c args=[0x4,0x700c7c029,0xd7,0xa0055c700,0x0,0x27fd657,0x3ff800,0xfffff0007ffff800]
[trap] num=6 (0x6) pc=0x1804ae8f0 args=[0x4,0x700c7c029,0xd7,0xa0055c700,0x0,0x27fd657,0x3ff800,0xfffff0007ffff800]
[trap] num=339 (0x153) pc=0x1804bc288 args=[0x1,0x27ff478,0x120a8,0x1002a569e,0x100320cc8,0x0,0x27fe6b0,0xfffff0003ffff800]
[trap] num=397 (0x18d) pc=0x1804b1be4 args=[0x1,0x701012000,0x16a,0x1002a569e,0x100320cc8,0x0,0x27fe6b0,0xfffff0003ffff800]
[fd1 (console 1)] On branch main
Changes not staged for commit:
  (use "git add <file>..." to update what will be committed)
  (use "git restore <file>..." to discard changes in working directory)
	modified:   a.txt

Untracked files:
  (use "git add <file>..." to include in what will be committed)
	b.txt
	c.txt

no changes added to commit (use "git add" and/or "git commit -a")

[trap] num=399 (0x18f) pc=0x1804af584 args=[0x1,0x0,0x1804edb6c,0x1002a569e,0x100320cc8,0x0,0x27fe6b0,0xfffff0003ffff800]
[trap] num=1 (0x1) pc=0x1804b5584 args=[0x0,0x1,0x120a8,0x1ec701508,0x1803a78bc,0x0,0x27fe6b0,0xfffff0003ffff800]
[retrace] fall-throughs: 5
