    Finished `test` profile [unoptimized + debuginfo] target(s) in 0.01s
     Running tests/stackoverflow_rust_e2e.rs (target/aarch64-apple-darwin/debug/deps/stackoverflow_rust_e2e-3b35ee0c3f39e1ee)

running 1 test
test a_rust_stack_overflow_strikes_its_own_guard_page ... FAILED

failures:

---- a_rust_stack_overflow_strikes_its_own_guard_page stdout ----

thread 'a_rust_stack_overflow_strikes_its_own_guard_page' (28004463) panicked at crates/retrace/tests/stackoverflow_rust_e2e.rs:46:5:
libstd's handler must recognize the fault as a stack overflow by comparing si_addr against its own guard range; stderr:
[retrace warn] dyld __mac_syscall(Sandbox) synthesized as success/unsandboxed (not forwarded; host would fault)
[retrace warn] dyld __mac_syscall(Sandbox) synthesized as success/unsandboxed (not forwarded; host would fault)
[retrace] forwarding mach_msg2 host_info (msgh_id 200) to host (decided allowlist)
[retrace] forwarding mach_msg2 host_get_clock_service (msgh_id 206) to host (decided allowlist)
[retrace] forwarding mach_msg2 semaphore_create (msgh_id 3418) to host (decided allowlist)
[retrace] forwarding mach_msg2 task_info (msgh_id 3405) to host (decided allowlist)

thread 'main' (28004480) panicked at crates/retrace-core/src/lib.rs:216:21:
raising blocked signal 10 synchronously is not modelled: a fault cannot be deferred, POSIX leaves it undefined, and Darwin force-delivers. M11 models no pending set, so implement one — and revisit sigpending's always-empty answer — before a guest needs this.
note: run with `RUST_BACKTRACE=1` environment variable to display a backtrace

note: run with `RUST_BACKTRACE=1` environment variable to display a backtrace


failures:
    a_rust_stack_overflow_strikes_its_own_guard_page

test result: FAILED. 0 passed; 1 failed; 0 ignored; 0 measured; 1 filtered out; finished in 0.83s

error: test failed, to rerun pass `-p retrace --test stackoverflow_rust_e2e`
error: 1 target failed:
    `-p retrace --test stackoverflow_rust_e2e`
