recpid=91162
[trap] num=-28 (0xffffffffffffffe4) pc=0x140001654 args=[0x27ffad8,0x8,0x1400e0090,0x27ff57f,0x27ff6c8,0x570001400647cc]
[trap] num=-26 (0xffffffffffffffe6) pc=0x14000163c args=[0x203,0x8,0x1400e0090,0x27ff57f,0x27ff6c8,0x570001400647cc]
[trap] num=372 (0x174) pc=0x140004b14 args=[0x0,0x8,0x1400e0090,0x27ff57f,0x27ff6c8,0x570001400647cc]
[trap] num=2147483648 (0x80000000) pc=0x14008194c args=[0x1400b9ee0,0x8,0x1400e0090,0x2,0x27ff6c8,0x570001400647cc]
[retrace warn] dyld __mac_syscall(Sandbox) synthesized as success/unsandboxed (not forwarded; host would fault)
[trap] num=38 (0x26) pc=0x1400815a0 args=[0x0,0x0,0x0,0x27ff778,0x0,0x570001400647cc]
[trap] num=-14 (0xfffffffffffffff2) pc=0x1400015b8 args=[0x203,0x1400bc000,0x200f0,0x0,0x3,0x570001400647cc]
[trap] num=483 (0x1e3) pc=0x140004e08 args=[0x0,0x27ff73c,0x4,0x0,0x3,0x570001400647cc]
[trap] num=38 (0x26) pc=0x1400815a0 args=[0x0,0x0,0x0,0x27ff6f8,0x0,0x570001400647cc]
[trap] num=-14 (0xfffffffffffffff2) pc=0x1400015b8 args=[0x203,0x1400bc000,0x200f0,0x0,0x1,0x1400bc0f0]
[trap] num=-14 (0xfffffffffffffff2) pc=0x1400015b8 args=[0x203,0x1400bc000,0x200f0,0x0,0x3,0x1400bc0f0]
[trap] num=-14 (0xfffffffffffffff2) pc=0x1400015b8 args=[0x203,0x1400bc000,0x200f0,0x0,0x1,0x3d]
[trap] num=294 (0x126) pc=0x1400062f8 args=[0x27ffaa0,0x27ffaa0,0x27ffa90,0x27ffaa0,0x27ffb00,0x3d]
[trap] num=-14 (0xfffffffffffffff2) pc=0x1400015b8 args=[0x203,0x1400bc000,0x200f0,0x0,0x3,0x3d]
[trap] num=-15 (0xfffffffffffffff1) pc=0x1400015c4 args=[0x203,0x27fef20,0x20000,0x3fff,0x3c000001,0x3]
[trap] num=20 (0x14) pc=0x140004f48 args=[0x0,0x3,0xfffffa7cfc283489,0x2,0x1,0x27ff670]
[trap] num=-12 (0xfffffffffffffff4) pc=0x1400015a0 args=[0x203,0x1000a0000,0x20000,0x0,0x0,0x0]
[trap] num=-14 (0xfffffffffffffff2) pc=0x1400015b8 args=[0x203,0x1400bc000,0x200f0,0x0,0x1,0x0]
[trap] num=38 (0x26) pc=0x1400815a0 args=[0x0,0x0,0x0,0x27ff888,0x1,0x0]
[trap] num=483 (0x1e3) pc=0x140004e08 args=[0x0,0x27ff89c,0x4,0x27ff908,0x1,0x0]
[trap] num=-14 (0xfffffffffffffff2) pc=0x1400015b8 args=[0x203,0x1400bc000,0x200f0,0x0,0x3,0x0]
[trap] num=-15 (0xfffffffffffffff1) pc=0x1400015c4 args=[0x203,0x27fef20,0x20000,0x3fff,0x3c000001,0x3]
[trap] num=-12 (0xfffffffffffffff4) pc=0x1400015a0 args=[0x203,0x1000a0000,0x20000,0x0,0x0,0x0]
[trap] num=-14 (0xfffffffffffffff2) pc=0x1400015b8 args=[0x203,0x1400bc000,0x200f0,0x0,0x1,0x0]
[trap] num=336 (0x150) pc=0x14000600c args=[0xf,0x1641a,0x0,0x0,0x1ec6f7f80,0x170]
[trap] num=-28 (0xffffffffffffffe4) pc=0x180115654 args=[0x1,0x0,0x0,0x0,0x0,0x0]
[trap] num=-26 (0xffffffffffffffe6) pc=0x18011563c args=[0x203,0x0,0x0,0x0,0x0,0x0]
[trap] num=372 (0x174) pc=0x180118b14 args=[0x0,0x0,0x0,0x0,0x0,0x0]
[trap] num=2147483648 (0x80000000) pc=0x18019594c args=[0x1ec6f9e60,0x0,0x0,0x2,0x0,0x0]
[retrace warn] dyld __mac_syscall(Sandbox) synthesized as success/unsandboxed (not forwarded; host would fault)
[trap] num=38 (0x26) pc=0x1801955a0 args=[0x0,0x0,0x0,0x27ff778,0x0,0x0]
[trap] num=-14 (0xfffffffffffffff2) pc=0x1801155b8 args=[0x203,0x1ec444000,0x24000,0x0,0x13,0x0]
[trap] num=483 (0x1e3) pc=0x180118e08 args=[0x0,0x27ff73c,0x4,0x0,0x13,0x0]
[trap] num=38 (0x26) pc=0x1801955a0 args=[0x0,0x0,0x0,0x27ff6f8,0x0,0x0]
[trap] num=-14 (0xfffffffffffffff2) pc=0x1801155b8 args=[0x203,0x1ec444000,0x24000,0x0,0x1,0x1ec444140]
[trap] num=-14 (0xfffffffffffffff2) pc=0x1801155b8 args=[0x203,0x1ec444000,0x24000,0x0,0x13,0x1ec444140]
[trap] num=-14 (0xfffffffffffffff2) pc=0x1801155b8 args=[0x203,0x1ec444000,0x24000,0x0,0x1,0x3d]
[trap] num=294 (0x126) pc=0x18011a2f8 args=[0x27ffaa0,0x27ffaa0,0x27ffa90,0x27ffaa0,0x27ffb00,0x3d]
[trap] num=-19 (0xffffffffffffffed) pc=0x1801155e8 args=[0x203,0x203,0x0,0xffffffff,0x27ffb00,0x3d]
[trap] num=-14 (0xfffffffffffffff2) pc=0x1801155b8 args=[0x203,0x1ec444000,0x24000,0x0,0x3,0x3d]
[trap] num=-15 (0xfffffffffffffff1) pc=0x1801155c4 args=[0x203,0x27fef20,0x20000,0x3fff,0x3c000001,0x3]
[trap] num=20 (0x14) pc=0x180118f48 args=[0x0,0x3,0xfffffa7cfc299c89,0x2,0x1,0x27ff670]
[trap] num=-12 (0xfffffffffffffff4) pc=0x1801155a0 args=[0x203,0x1000a0000,0x20000,0x0,0x0,0x0]
[trap] num=-14 (0xfffffffffffffff2) pc=0x1801155b8 args=[0x203,0x1ec444000,0x24000,0x0,0x1,0x0]
[trap] num=73 (0x49) pc=0x18011823c args=[0x140000000,0xa8000,0x27ff7ff,0x2,0x8,0x0]
[trap] num=73 (0x49) pc=0x18011823c args=[0x1400a8000,0x4000,0x27ff7ff,0x2,0x8,0x0]
[trap] num=73 (0x49) pc=0x18011823c args=[0x1400ac000,0x8000,0x27ff7ff,0x2,0x8,0x0]
[trap] num=73 (0x49) pc=0x18011823c args=[0x1400b4000,0x4000,0x27ff7ff,0x2,0x8,0x0]
[trap] num=73 (0x49) pc=0x18011823c args=[0x1400bc000,0x24000,0x27ff7ff,0x2,0x8,0x0]
[trap] num=73 (0x49) pc=0x18011823c args=[0x1400e0000,0x60000,0x27ff7ff,0x2,0x8,0x0]
[trap] num=-14 (0xfffffffffffffff2) pc=0x1801155b8 args=[0x203,0x1ec444000,0x24000,0x0,0x3,0x0]
[trap] num=38 (0x26) pc=0x1801955a0 args=[0x0,0x0,0x0,0x27ff3b8,0x1,0x0]
[trap] num=5 (0x5) pc=0x180119f50 args=[0x27fffee,0x0,0x0,0x0,0x1,0x0]
[trap] num=92 (0x5c) pc=0x1801180d8 args=[0x3,0x32,0x27fefb8,0x0,0x1,0x0]
[trap] num=6 (0x6) pc=0x180116750 args=[0x3,0x32,0x27fefb8,0x0,0x1,0x0]
[trap] num=483 (0x1e3) pc=0x180118e08 args=[0x0,0x27ff3cc,0x4,0x16,0x63,0x4d]
[trap] num=381 (0x17d) pc=0x180119ecc args=[0x1801b7eb4,0x2,0x27ff2f0,0xa,0x73,0x69]
[trap] num=483 (0x1e3) pc=0x180118e08 args=[0x0,0x27ff3dc,0x4,0x22,0x63,0x41]
[trap] num=202 (0xca) pc=0x18011a37c args=[0x27ff390,0x2,0x27ff358,0x27ff350,0x1801ab70b,0x20]
[trap] num=202 (0xca) pc=0x18011a37c args=[0x27ff358,0x3,0x27ff3ec,0x27ff3e0,0x0,0x0]
[trap] num=381 (0x17d) pc=0x180119ecc args=[0x1801b4bf1,0x5a,0x27ff370,0x2,0x8,0x72]
[trap] num=202 (0xca) pc=0x18011a37c args=[0x27fe5e0,0x2,0x27fe5a8,0x27fe5a0,0x1801b698e,0xd]
[trap] num=202 (0xca) pc=0x18011a37c args=[0x27fe5a8,0x2,0x27fe658,0x27fe650,0x0,0x0]
[trap] num=5 (0x5) pc=0x180119f50 args=[0x1801aaaf1,0x20100000,0x0,0xfffffffffffffff0,0x0,0x72]
[trap] num=463 (0x1cf) pc=0x180119f7c args=[0x3,0x1801b4c4b,0x100000,0x0,0x0,0x72]
[trap] num=41 (0x29) pc=0x18011a484 args=[0x4,0x1801b625c,0x100000,0x0,0x0,0x72]
[trap] num=470 (0x1d6) pc=0x18011a5e4 args=[0x4,0x27fe131,0x27fe0a0,0x0,0x27fe180,0x72]
[trap] num=463 (0x1cf) pc=0x180119f7c args=[0x4,0x27fe131,0x100000,0x0,0x27fe180,0x72]
[trap] num=92 (0x5c) pc=0x1801180d8 args=[0x6,0x32,0x27fe130,0x0,0x27fe180,0x72]
[trap] num=41 (0x29) pc=0x18011a484 args=[0x6,0x1801b6e25,0x27fefc0,0x0,0x27fe180,0x72]
[trap] num=41 (0x29) pc=0x18011a484 args=[0x5,0x1801b6e25,0x27fefc0,0x0,0x27fe180,0x72]
[trap] num=6 (0x6) pc=0x180116750 args=[0x3,0x1801b6cb4,0x27fefc0,0x0,0x27fe180,0x72]
[trap] num=6 (0x6) pc=0x180116750 args=[0x5,0x1801b6cf2,0x27fefc0,0x0,0x27fe180,0x72]
[trap] num=6 (0x6) pc=0x180116750 args=[0x4,0x1801b6d1f,0x27fefc0,0x0,0x27fe180,0x72]
[trap] num=6 (0x6) pc=0x180116750 args=[0x6,0x1801b6d4a,0x27fefc0,0x0,0x27fe180,0x72]
[trap] num=381 (0x17d) pc=0x180119ecc args=[0x1801b7eb4,0x2,0x27fee40,0xa,0x73,0x69]
[trap] num=294 (0x126) pc=0x18011a2f8 args=[0x27fee88,0x27fef58,0x27fef58,0x27fef84,0x73,0x69]
[trap] num=-14 (0xfffffffffffffff2) pc=0x1801155b8 args=[0x203,0x1ec444000,0x24000,0x0,0x3,0x0]
[trap] num=427 (0x1ab) pc=0x18011a5b8 args=[0x27feff0,0x400,0x27fef74,0x748e8,0x3,0x0]
[trap] num=92 (0x5c) pc=0x1801180d8 args=[0x8,0x32,0x27feff0,0x1ec445212,0xfffffffe163b9df0,0x20]
[trap] num=6 (0x6) pc=0x180116750 args=[0x8,0x1801b6a74,0x4,0x180115e30,0x1,0x20]
[trap] num=6 (0x6) pc=0x180116750 args=[0x7,0x1801b6a98,0x4,0x180115e30,0x1,0x20]
[trap] num=338 (0x152) pc=0x180116c48 args=[0x1ec4451e0,0x27feb10,0x1ec4451e0,0x27fec08,0x27fec30,0x27fec10]
[trap] num=5 (0x5) pc=0x180119f50 args=[0x1ec4451e0,0x0,0x0,0x27fec08,0x27fec30,0x27fec10]
[trap] num=197 (0xc5) pc=0x180119190 args=[0x0,0x10b420,0x1,0x40002,0x3,0x0]
[trap] num=92 (0x5c) pc=0x1801180d8 args=[0x3,0x32,0x27fec38,0x40002,0x3,0x0]
[trap] num=73 (0x49) pc=0x18011823c args=[0xa00000000,0x10b420,0x0,0xff,0x100000030,0xa00084030]
[trap] num=6 (0x6) pc=0x180116750 args=[0x3,0x10b420,0x0,0xff,0x100000030,0xa00084030]
[trap] num=338 (0x152) pc=0x180116c48 args=[0x1ec4451e0,0x27ff090,0x27ff150,0x0,0x100000030,0xa00084030]
[trap] num=338 (0x152) pc=0x180116c48 args=[0x100000668,0x27fdf90,0x27fe090,0x27fe078,0x100000672,0x1801ac864]
[M28 BANDSHRINK] syscall 338 band past ipa 0x100000668 len 65536 shrunk 64 -> 0 by an overlapping window of the same call
[trap] num=-10 (0xfffffffffffffff6) pc=0x180115588 args=[0x203,0x27fdf50,0x4000,0x3c000001,0x100000672,0x1801ac864]
[trap] num=338 (0x152) pc=0x180116c48 args=[0x27fe5b0,0x27fdf40,0x27fe040,0x27fe028,0x27fe5de,0x1801ac864]
[trap] num=-12 (0xfffffffffffffff4) pc=0x1801155a0 args=[0x203,0xa0010c000,0x4000,0x1a0500,0x0,0x0]
[trap] num=338 (0x152) pc=0x180116c48 args=[0x1000006a0,0x27fdf90,0x27fe090,0x27fe078,0x1000006aa,0x1801ac864]
[M28 BANDSHRINK] syscall 338 band past ipa 0x1000006a0 len 65536 shrunk 64 -> 0 by an overlapping window of the same call
[trap] num=-10 (0xfffffffffffffff6) pc=0x180115588 args=[0x203,0x27fdf50,0x4000,0x3c000001,0x1000006aa,0x1801ac864]
[trap] num=338 (0x152) pc=0x180116c48 args=[0x27fe5b0,0x27fdf40,0x27fe040,0x27fe028,0x27fe5de,0x1801ac864]
[trap] num=-12 (0xfffffffffffffff4) pc=0x1801155a0 args=[0x203,0xa00110000,0x4000,0x1a0500,0x0,0x0]
[trap] num=5 (0x5) pc=0x180119f50 args=[0x1ec447800,0x0,0x0,0x0,0x84000,0x27fccb8]
[trap] num=381 (0x17d) pc=0x180119ecc args=[0x1801b7eb4,0x2,0x27fbf10,0xa,0x73,0x69]
[trap] num=550 (0x226) pc=0x180119ef8 args=[0x27fb990,0x1,0x27fb9c0,0x510,0x1458,0x18]
[trap] num=6 (0x6) pc=0x180116750 args=[0x3,0x3,0x0,0x0,0x0,0x18]
[trap] num=74 (0x4a) pc=0x180119f24 args=[0x100054000,0x4000,0x1,0x1,0x8,0x18]
[trap] num=-14 (0xfffffffffffffff2) pc=0x1801155b8 args=[0x203,0x1e5908000,0x2324000,0x0,0x13,0x13]
[trap] num=-14 (0xfffffffffffffff2) pc=0x1801155b8 args=[0x203,0x1edc84000,0x7b90000,0x0,0x13,0x13]
[trap] num=-14 (0xfffffffffffffff2) pc=0x1801155b8 args=[0x203,0x28f64c000,0x2c2c000,0x0,0x13,0x13]
[trap] num=-14 (0xfffffffffffffff2) pc=0x1801155b8 args=[0x203,0x29a1cc000,0x5678000,0x0,0x13,0x13]
[trap] num=-14 (0xfffffffffffffff2) pc=0x1801155b8 args=[0x203,0x2d0bac000,0x2a4000,0x0,0x13,0x13]
[trap] num=-14 (0xfffffffffffffff2) pc=0x1801155b8 args=[0x203,0x2d361c000,0xac8000,0x0,0x13,0x13]
[trap] num=-14 (0xfffffffffffffff2) pc=0x1801155b8 args=[0x203,0x1e5908000,0x2324000,0x0,0x1,0x1]
[trap] num=-14 (0xfffffffffffffff2) pc=0x1801155b8 args=[0x203,0x1edc84000,0x7b90000,0x0,0x1,0x1]
[trap] num=-14 (0xfffffffffffffff2) pc=0x1801155b8 args=[0x203,0x28f64c000,0x2c2c000,0x0,0x1,0x1]
[trap] num=-14 (0xfffffffffffffff2) pc=0x1801155b8 args=[0x203,0x29a1cc000,0x5678000,0x0,0x1,0x1]
[trap] num=-14 (0xfffffffffffffff2) pc=0x1801155b8 args=[0x203,0x2d0bac000,0x2a4000,0x0,0x1,0x1]
[trap] num=-14 (0xfffffffffffffff2) pc=0x1801155b8 args=[0x203,0x2d361c000,0xac8000,0x0,0x1,0x1]
[trap] num=-15 (0xfffffffffffffff1) pc=0x1801155c4 args=[0x203,0x27fb8c0,0x20000,0x3fff,0x3c000001,0x3]
[trap] num=347 (0x15b) pc=0x18011a6ec args=[0x0,0x0,0x2,0x2,0x1,0x27fb450]
[trap] num=-15 (0xfffffffffffffff1) pc=0x1801155c4 args=[0x203,0x27faee0,0x20000,0x3fff,0x3c000001,0x3]
[trap] num=347 (0x15b) pc=0x18011a6ec args=[0x1000c0060,0x8780,0x2,0x2,0x1,0x1000c0000]
[M28 BANDSHRINK] syscall 347 band past ipa 0x1000c0000 len 65536 shrunk 64 -> 0 by an overlapping window of the same call
[trap] num=220 (0xdc) pc=0x180116e90 args=[0x1000c00b8,0x27fb3c8,0x27fb510,0x40,0x0,0x0]
[trap] num=-12 (0xfffffffffffffff4) pc=0x1801155a0 args=[0x203,0x1000c0000,0x20000,0x86,0x2,0x50a254e]
[trap] num=-12 (0xfffffffffffffff4) pc=0x1801155a0 args=[0x203,0x1000a0000,0x20000,0x0,0x0,0x0]
[trap] num=5 (0x5) pc=0x180119f50 args=[0x1801ab41a,0x2,0x0,0x2,0x8,0x0]
[trap] num=54 (0x36) pc=0x180116724 args=[0x3,0x80086804,0x27fb4a8,0x2,0x8,0x0]
[trap] num=6 (0x6) pc=0x180116750 args=[0x3,0xffffffffffffffff,0x27fb4a8,0x2,0x8,0x0]
[trap] num=294 (0x126) pc=0x18011a2f8 args=[0xffffffffffffffff,0x1f070030,0x0,0x0,0x0,0x0]
[trap] num=-14 (0xfffffffffffffff2) pc=0x1801155b8 args=[0x203,0x1ec444000,0x24000,0x0,0x1,0x0]
[trap] num=-28 (0xffffffffffffffe4) pc=0x1804adb5c args=[0x0,0x1804e2db8,0x27fff48,0x1ec445328,0x1ec445328,0x0]
[trap] num=-26 (0xffffffffffffffe6) pc=0x1804adb44 args=[0x203,0x1804e2db8,0x27fff48,0x1ec445328,0x1ec445328,0x0]
[trap] num=33 (0x21) pc=0x1804ae668 args=[0x1804e2dda,0x0,0x27fff48,0x1ec445328,0x1ec445328,0x0]
[trap] num=-15 (0xfffffffffffffff1) pc=0x1804adacc args=[0x203,0x27fc168,0x8000,0x0,0x49000001,0x3]
[trap] num=-29 (0xffffffffffffffe3) pc=0x1804adb68 args=[0x1eec6fd98,0x27fff40,0x27fff48,0x1ec445328,0x49000001,0x3]
[trap] num=-24 (0xffffffffffffffe8) pc=0x1804adb2c args=[0x203,0x27fc010,0x0,0x27fc02c,0x49000001,0x3]
[trap] num=-47 (0xffffffffffffffd1) pc=0x1804adc34 args=[0x27fc050,0x200000003,0x2800001513,0x190300000b03,0xc800000000,0x190300000000]
[mach_msg2] msgh_id=200 dest=0xb03 reply=0x1903 options=0x200000003 bits=0x1513 send_size=40 rcv_size=320
  send+000: 13 15 00 00 28 00 00 00 03 0b 00 00 03 19 00 00
  send+010: 00 00 00 00 c8 00 00 00 00 00 00 00 01 00 00 00
  send+020: 05 00 00 00 08 00 00 00
[retrace] forwarding mach_msg2 host_info (msgh_id 200) to host (decided allowlist)
[mach_msg2] host ret=0x0 err=false
  reply@0x27fc050+000: 00 12 00 00 48 00 00 00 00 00 00 00 03 19 00 00
  reply@0x27fc050+010: 00 00 00 00 2c 01 00 00 00 00 00 00 01 00 00 00
  reply@0x27fc050+020: 00 00 00 00 08 00 00 00 50 00 00 00 50 00 00 00
  reply@0x27fc050+030: 40 00 00 00 1f 00 00 00 00 00 00 00 00 00 00 00
  reply@0x27fc050+040: 00 00 00 00 4f 00 00 00 00 00 00 00 08 00 00 00
  reply@0x27fc050+050: 00 00 00 00 00 00 00 00 00 00 00 00 00 00 00 00
  reply@0x27fc050+060: 00 00 00 00 00 00 00 00 00 00 00 00 00 00 00 00
  reply@0x27fc050+070: 00 00 00 00 00 00 00 00 00 00 00 00 00 00 00 00
  reply@0x27fc050+080: 00 00 00 00 00 00 00 00 00 00 00 00 00 00 00 00
  reply@0x27fc050+090: 00 00 00 00 00 00 00 00 00 00 00 00 00 00 00 00
  reply@0x27fc050+0a0: 00 00 00 00 00 00 00 00 00 00 00 00 00 00 00 00
  reply@0x27fc050+0b0: 00 00 00 00 00 00 00 00 00 00 00 00 00 00 00 00
  reply@0x27fc050+0c0: 00 00 00 00 00 00 00 00 00 00 00 00 00 00 00 00
  reply@0x27fc050+0d0: 00 00 00 00 00 00 00 00 00 00 00 00 00 00 00 00
  reply@0x27fc050+0e0: 00 00 00 00 00 00 00 00 00 00 00 00 00 00 00 00
  reply@0x27fc050+0f0: 00 00 00 00 00 00 00 00 00 00 00 00 00 00 00 00
[trap] num=-18 (0xffffffffffffffee) pc=0x1804adae4 args=[0x203,0xb03,0x0,0x27fc240,0xc800000000,0x190300000000]
[trap] num=202 (0xca) pc=0x1804af460 args=[0x27fc248,0x2,0x27fc218,0x27fc1e0,0x0,0x0]
[trap] num=-27 (0xffffffffffffffe5) pc=0x1804adb50 args=[0x2ff20,0x0,0x1,0x1804f8a10,0x0,0x0]
[trap] num=-24 (0xffffffffffffffe8) pc=0x1804adb2c args=[0x203,0x27fc190,0x0,0x27fc1ac,0x0,0x0]
[trap] num=366 (0x16e) pc=0x1804b3d2c args=[0x43190001804ecc14,0x55648001804ecc08,0x4000,0x27fc1e0,0x38,0xa0]
[trap] num=-29 (0xffffffffffffffe3) pc=0x1804adb68 args=[0x10030,0x103,0x7f168001804f8cd8,0x103,0x38,0xa0]
[trap] num=-47 (0xffffffffffffffd1) pc=0x1804adc34 args=[0x27fc220,0x200000003,0x2400001513,0x180300000b03,0xce00000000,0x180300000000]
[mach_msg2] msgh_id=206 dest=0xb03 reply=0x1803 options=0x200000003 bits=0x1513 send_size=36 rcv_size=48
  send+000: 13 15 00 00 24 00 00 00 03 0b 00 00 03 18 00 00
  send+010: 00 00 00 00 ce 00 00 00 00 00 00 00 01 00 00 00
  send+020: 00 00 00 00
[retrace] forwarding mach_msg2 host_get_clock_service (msgh_id 206) to host (decided allowlist)
[mach_msg2] host ret=0x0 err=false
  reply@0x27fc220+000: 00 12 00 80 28 00 00 00 00 00 00 00 03 18 00 00
  reply@0x27fc220+010: 00 00 00 00 32 01 00 00 01 00 00 00 03 1f 00 00
  reply@0x27fc220+020: 00 00 00 00 00 00 11 00 00 00 00 00 08 00 00 00
  reply@0x27fc220+030: b8 fd c6 ee 01 00 00 00 03 0b 00 00 00 00 00 00
  reply@0x27fc220+040: 80 c2 7f 02 00 00 00 00 14 e8 39 80 01 00 3b d6
  reply@0x27fc220+050: b8 fd c6 ee 01 00 00 00 48 ff 7f 02 00 00 00 00
  reply@0x27fc220+060: a0 c2 7f 02 00 00 00 00 a0 e6 39 80 01 80 6b c8
  reply@0x27fc220+070: 28 53 44 ec 01 00 00 00 48 ff 7f 02 00 00 00 00
  reply@0x27fc220+080: 10 c3 7f 02 00 00 00 00 04 13 34 90 01 80 2b 66
  reply@0x27fc220+090: 48 02 34 90 01 00 00 00 a0 00 00 00 00 00 00 00
  reply@0x27fc220+0a0: 06 00 00 00 00 00 00 00 18 01 34 90 01 00 00 00
  reply@0x27fc220+0b0: c0 1b 34 90 01 00 00 00 b0 52 44 ec 01 00 00 00
  reply@0x27fc220+0c0: 5c 12 34 90 01 00 00 00 30 c3 7f 02 00 00 00 00
  reply@0x27fc220+0d0: c0 1b 34 90 01 00 00 00 b0 52 44 ec 01 00 00 00
  reply@0x27fc220+0e0: 5c 12 34 90 01 00 00 00 38 c8 7f 02 00 00 00 00
  reply@0x27fc220+0f0: c0 c3 7f 02 00 00 00 00 30 0e 16 80 01 80 05 4e
[trap] num=-47 (0xffffffffffffffd1) pc=0x1804adc34 args=[0x27fc220,0x200000003,0x2800001513,0x180300000203,0xd5a00000000,0x180300000000]
[mach_msg2] msgh_id=3418 dest=0x203 reply=0x1803 options=0x200000003 bits=0x1513 send_size=40 rcv_size=48
  send+000: 13 15 00 00 28 00 00 00 03 02 00 00 03 18 00 00
  send+010: 00 00 00 00 5a 0d 00 00 00 00 00 00 01 00 00 00
  send+020: 00 00 00 00 00 00 00 00
[retrace] forwarding mach_msg2 semaphore_create (msgh_id 3418) to host (decided allowlist)
[mach_msg2] host ret=0x0 err=false
  reply@0x27fc220+000: 00 12 00 80 28 00 00 00 00 00 00 00 03 18 00 00
  reply@0x27fc220+010: 00 00 00 00 be 0d 00 00 01 00 00 00 03 15 00 00
  reply@0x27fc220+020: 00 00 00 00 00 00 11 00 00 00 00 00 08 00 00 00
  reply@0x27fc220+030: d8 5d 70 ec 01 00 00 00 03 0b 00 00 00 00 00 00
  reply@0x27fc220+040: 80 c2 7f 02 00 00 00 00 38 e8 39 80 01 80 69 56
  reply@0x27fc220+050: b8 fd c6 ee 01 00 00 00 48 ff 7f 02 00 00 00 00
  reply@0x27fc220+060: a0 c2 7f 02 00 00 00 00 a0 e6 39 80 01 80 6b c8
  reply@0x27fc220+070: 28 53 44 ec 01 00 00 00 48 ff 7f 02 00 00 00 00
  reply@0x27fc220+080: 10 c3 7f 02 00 00 00 00 04 13 34 90 01 80 2b 66
  reply@0x27fc220+090: 48 02 34 90 01 00 00 00 a0 00 00 00 00 00 00 00
  reply@0x27fc220+0a0: 06 00 00 00 00 00 00 00 18 01 34 90 01 00 00 00
  reply@0x27fc220+0b0: c0 1b 34 90 01 00 00 00 b0 52 44 ec 01 00 00 00
  reply@0x27fc220+0c0: 5c 12 34 90 01 00 00 00 30 c3 7f 02 00 00 00 00
  reply@0x27fc220+0d0: c0 1b 34 90 01 00 00 00 b0 52 44 ec 01 00 00 00
  reply@0x27fc220+0e0: 5c 12 34 90 01 00 00 00 38 c8 7f 02 00 00 00 00
  reply@0x27fc220+0f0: c0 c3 7f 02 00 00 00 00 30 0e 16 80 01 80 05 4e
[trap] num=-18 (0xffffffffffffffee) pc=0x1804adae4 args=[0x203,0xb03,0x2800001513,0x180300000203,0xd5a00000000,0x180300000000]
[trap] num=20 (0x14) pc=0x1804ae198 args=[0x0,0x0,0x0,0x27fc100,0x27fbdc0,0x64]
[trap] num=266 (0x10a) pc=0x1804af558 args=[0x18037ff36,0x0,0x1000a17b0,0x103,0x27fbdc0,0x64]
[trap] num=339 (0x153) pc=0x1804bc288 args=[0x3,0x27fbb90,0x1000a17b0,0x103,0x27fbdc0,0x64]
[trap] num=197 (0xc5) pc=0x1804aea18 args=[0x0,0x8000,0x1,0x40001,0x3,0x0]
[trap] num=6 (0x6) pc=0x1804ae8f0 args=[0x3,0x8000,0x1,0x40001,0x3,0x0]
[trap] num=169 (0xa9) pc=0x1804af8dc args=[0x1641a,0x0,0x27fbcec,0x4,0x3,0x0]
[trap] num=500 (0x1f4) pc=0x1804ae144 args=[0x1ec6fd858,0x10,0x4,0x1804f8a0c,0x79,0x79]
[trap] num=54 (0x36) pc=0x1804b2338 args=[0x2,0x4004667a,0x27fbc5c,0x103,0x79,0x79]
[trap] num=54 (0x36) pc=0x1804b2338 args=[0x2,0x40487413,0x27fbc60,0x103,0x79,0x79]
[trap] num=116 (0x74) pc=0x1804b1b60 args=[0x27fb9d0,0x0,0x0,0xfffffc088,0x63,0x6d]
[trap] num=500 (0x1f4) pc=0x1804ae144 args=[0x27fbb08,0x20,0x27fbb08,0x1c725a0a,0xd5a800180267bdc,0x6d]
[trap] num=116 (0x74) pc=0x1804b1b60 args=[0x27fb9f0,0x0,0x0,0xfffffc088,0xd5a800180267bdc,0x6d]
[trap] num=116 (0x74) pc=0x1804b1b60 args=[0x27fba10,0x0,0x0,0xfffffc088,0x1ec6fcf70,0x1ec6fcfa8]
[trap] num=116 (0x74) pc=0x1804b1b60 args=[0x27fba10,0x0,0x0,0xfffffc088,0x27fb980,0xa03a8001802361b0]
[trap] num=116 (0x74) pc=0x1804b1b60 args=[0x27fba10,0x0,0x0,0xfffffc088,0x27fb980,0xa03a8001802361b0]
[trap] num=-47 (0xffffffffffffffd1) pc=0x1804adc34 args=[0x27fbba8,0x200000003,0x6480001513,0x180300000203,0x12cb00000000,0x180300000001]
[mach_msg2] msgh_id=4811 dest=0x203 reply=0x1803 options=0x200000003 bits=0x80001513 send_size=100 rcv_size=52
  send+000: 13 15 00 80 64 00 00 00 03 02 00 00 03 18 00 00
  send+010: 00 00 00 00 cb 12 00 00 01 00 00 00 00 00 00 00
  send+020: 00 00 00 00 00 00 13 00 00 00 00 00 01 00 00 00
  send+030: 00 00 00 00 00 00 00 00 00 c0 4d 00 00 00 00 00
  send+040: 00 00 00 00 00 00 00 00 01 00 00 01 00 00 00 00
  send+050: 00 00 00 00 00 00 00 00 00 00 00 00 00 00 00 00
  send+060: 01 00 00 00
[trap] num=-12 (0xfffffffffffffff4) pc=0x1804adaa8 args=[0x203,0xa00378000,0x100000,0x180300000203,0x12cb00000000,0x180300000001]
[trap] num=116 (0x74) pc=0x1804b1b60 args=[0x27fb6f0,0x0,0x0,0xfffffc088,0x12cb00000000,0x180300000001]
[trap] num=-15 (0xfffffffffffffff1) pc=0x1804adacc args=[0x203,0x27fb7b8,0x408000,0x0,0x1000001,0x3]
[trap] num=74 (0x4a) pc=0x1804b1b04 args=[0x4c000,0x4000,0x0,0x40000000,0x0,0x3]
[trap] num=74 (0x4a) pc=0x1804b1b04 args=[0x450000,0x4000,0x0,0x40000000,0x0,0x3]
[trap] num=-15 (0xfffffffffffffff1) pc=0x1804adacc args=[0x203,0x27fb838,0x400000,0x0,0x7004000,0x3]
[trap] num=-89 (0xffffffffffffffa7) pc=0x1804add00 args=[0x1ec705d78,0x180327210,0x0,0x1804f8a08,0x7004000,0x3]
[trap] num=-15 (0xfffffffffffffff1) pc=0x1804adacc args=[0x203,0x27fb828,0x3e000,0x0,0x1000001,0x3]
[trap] num=-47 (0xffffffffffffffd1) pc=0x1804adc34 args=[0x27fb780,0x200000003,0x2800001513,0x180300000203,0x12d600000000,0x180300000000]
[mach_msg2] msgh_id=4822 dest=0x203 reply=0x1803 options=0x200000003 bits=0x1513 send_size=40 rcv_size=60
  send+000: 13 15 00 00 28 00 00 00 03 02 00 00 03 18 00 00
  send+010: 00 00 00 00 d6 12 00 00 00 00 00 00 01 00 00 00
  send+020: f8 03 00 00 f8 03 40 00
[trap] num=-10 (0xfffffffffffffff6) pc=0x1804ada90 args=[0x203,0x27fb178,0x4000,0x1,0x180327599,0x27fb830]
[trap] num=336 (0x150) pc=0x1804af110 args=[0x2,0x1641a,0x11,0x0,0x27fb158,0x38]
[trap] num=97 (0x61) pc=0x1804b1fa0 args=[0x1,0x2,0x0,0x103,0x27fb158,0x38]
[trap] num=92 (0x5c) pc=0x1804ae8c4 args=[0x3,0x2,0x1,0x103,0x27fb158,0x38]
[trap] num=98 (0x62) pc=0x1804b2364 args=[0x3,0x27fa786,0x6a,0x27fa798,0x27fb158,0x38]
[trap] num=133 (0x85) pc=0x1804b2390 args=[0x3,0x27fa890,0xfa,0x0,0x0,0x0]
[trap] num=-12 (0xfffffffffffffff4) pc=0x1804adaa8 args=[0x203,0x2800000,0x4000,0x0,0x0,0x0]
[trap] num=-47 (0xffffffffffffffd1) pc=0x1804adc34 args=[0x27fb718,0x200000003,0x6480001513,0x180300000203,0x12cb00000000,0x180300000001]
[mach_msg2] msgh_id=4811 dest=0x203 reply=0x1803 options=0x200000003 bits=0x80001513 send_size=100 rcv_size=52
  send+000: 13 15 00 80 64 00 00 00 03 02 00 00 03 18 00 00
  send+010: 00 00 00 00 cb 12 00 00 01 00 00 00 00 00 00 00
  send+020: 00 00 00 00 00 00 13 00 00 00 00 00 01 00 00 00
  send+030: 00 00 00 00 04 00 00 00 00 00 00 00 06 00 00 00
  send+040: 00 00 00 00 00 00 00 00 00 00 00 00 00 00 00 00
  send+050: 00 00 00 00 00 00 00 00 00 00 00 00 00 00 00 00
  send+060: 01 00 00 00
[trap] num=116 (0x74) pc=0x1804b1b60 args=[0x27fb600,0x0,0x0,0xfffffc088,0x0,0x700]
[trap] num=-15 (0xfffffffffffffff1) pc=0x1804adacc args=[0x203,0x27fbc58,0x4000,0x0,0x1000001,0x3]
[trap] num=74 (0x4a) pc=0x1804b1b04 args=[0xa003b8000,0x4000,0x1,0xa003b8008,0x1000001,0x3]
[trap] num=-14 (0xfffffffffffffff2) pc=0x1801155b8 args=[0x203,0x1ec444000,0x24000,0x0,0x3,0x3]
[trap] num=-14 (0xfffffffffffffff2) pc=0x1801155b8 args=[0x203,0x1ec444000,0x24000,0x0,0x1,0x3]
[trap] num=327 (0x147) pc=0x1804ad92c args=[0x1641a,0x3,0x103,0x103,0x1,0x3]
[trap] num=-47 (0xffffffffffffffd1) pc=0x1804adc34 args=[0x27fbd5c,0x200000003,0x7400001513,0x180300000203,0x1f4000000000,0x180300000000]
[mach_msg2] msgh_id=8000 dest=0x203 reply=0x1803 options=0x200000003 bits=0x1513 send_size=116 rcv_size=44
  send+000: 13 15 00 00 74 00 00 00 03 02 00 00 03 18 00 00
  send+010: 00 00 00 00 40 1f 00 00 00 00 00 00 01 00 00 00
  send+020: 05 00 00 00 88 5c 09 80 01 00 00 00 78 00 78 00
  send+030: 00 00 00 00 20 58 09 80 01 00 00 00 5c 00 5c 00
  send+040: 00 00 00 00 38 5a 09 80 01 00 00 00 5c 00 5c 00
  send+050: 00 00 00 00 00 59 09 80 01 00 00 00 78 00 78 00
  send+060: 00 00 00 00 b8 5a 09 80 01 00 00 00 78 00 78 00
  send+070: 00 00 00 00
[trap] num=-47 (0xffffffffffffffd1) pc=0x1804adc34 args=[0x27fc160,0x200000003,0x1800001513,0x180300000203,0x1f4100000000,0x180300000000]
[mach_msg2] msgh_id=8001 dest=0x203 reply=0x1803 options=0x200000003 bits=0x1513 send_size=24 rcv_size=44
  send+000: 13 15 00 00 18 00 00 00 03 02 00 00 03 18 00 00
  send+010: 00 00 00 00 41 1f 00 00
[trap] num=-14 (0xfffffffffffffff2) pc=0x1801155b8 args=[0x203,0x1ec444000,0x24000,0x0,0x3,0x53]
[trap] num=-15 (0xfffffffffffffff1) pc=0x1804adacc args=[0x203,0x27fb238,0x8000,0x0,0x1000001,0x3]
[trap] num=-15 (0xfffffffffffffff1) pc=0x1804adacc args=[0x203,0x27fb298,0x8000,0x0,0xb004000,0x3]
[trap] num=116 (0x74) pc=0x1804b1b60 args=[0x27fb180,0x0,0x0,0xfffffc088,0x8,0x41]
[trap] num=116 (0x74) pc=0x1804b1b60 args=[0x27fb0d0,0x0,0x0,0xfffffc088,0x8,0x41]
[trap] num=116 (0x74) pc=0x1804b1b60 args=[0x27fb0d0,0x0,0x0,0xfffffc088,0x8,0x41]
[trap] num=116 (0x74) pc=0x1804b1b60 args=[0x27fb0d0,0x0,0x0,0xfffffc088,0x8,0x41]
[trap] num=116 (0x74) pc=0x1804b1b60 args=[0x27fb0d0,0x0,0x0,0xfffffc088,0x8,0x41]
[trap] num=116 (0x74) pc=0x1804b1b60 args=[0x27fb0d0,0x0,0x0,0xfffffc088,0x8,0x41]
[trap] num=116 (0x74) pc=0x1804b1b60 args=[0x27fb0d0,0x0,0x0,0xfffffc088,0x8,0x41]
[trap] num=116 (0x74) pc=0x1804b1b60 args=[0x27fb0d0,0x0,0x0,0xfffffc088,0x8,0x41]
[trap] num=116 (0x74) pc=0x1804b1b60 args=[0x27fb0d0,0x0,0x0,0xfffffc088,0x8,0x41]
[trap] num=-15 (0xfffffffffffffff1) pc=0x1804adacc args=[0x203,0x27fb0e8,0x400000,0x0,0x2004000,0x3]
[trap] num=-15 (0xfffffffffffffff1) pc=0x1804adacc args=[0x203,0x27fb038,0x80000,0x3fff,0x1000001,0x3]
[trap] num=-14 (0xfffffffffffffff2) pc=0x1801155b8 args=[0x203,0x1ec444000,0x24000,0x0,0x1,0x0]
[trap] num=202 (0xca) pc=0x1804af460 args=[0x27fc150,0x2,0x27fc118,0x27fc110,0x180205f3c,0x15]
[trap] num=202 (0xca) pc=0x1804af460 args=[0x27fc118,0x2,0x27fc1d0,0x27fc1c0,0x0,0x0]
[trap] num=202 (0xca) pc=0x1804af460 args=[0x27fc150,0x2,0x27fc118,0x27fc110,0x180205f9b,0x16]
[trap] num=202 (0xca) pc=0x1804af460 args=[0x27fc118,0x2,0x27fc1d0,0x27fc1c0,0x0,0x0]
[trap] num=202 (0xca) pc=0x1804af460 args=[0x27fc150,0x2,0x27fc118,0x27fc110,0x180205f3c,0x15]
[trap] num=202 (0xca) pc=0x1804af460 args=[0x27fc118,0x2,0x27fc1d0,0x27fc1c0,0x0,0x0]
[trap] num=-47 (0xffffffffffffffd1) pc=0x1804adc34 args=[0x27fc1f0,0x200000003,0x2400001513,0x180300000203,0xd5100000000,0x180300000000]
[mach_msg2] msgh_id=3409 dest=0x203 reply=0x1803 options=0x200000003 bits=0x1513 send_size=36 rcv_size=48
  send+000: 13 15 00 00 24 00 00 00 03 02 00 00 03 18 00 00
  send+010: 00 00 00 00 51 0d 00 00 00 00 00 00 01 00 00 00
  send+020: 04 00 00 00
[trap] num=-19 (0xffffffffffffffed) pc=0x1804adaf0 args=[0x203,0x1603,0x0,0x1,0xd5100000000,0x180300000000]
[trap] num=-19 (0xffffffffffffffed) pc=0x1804adaf0 args=[0x203,0x1603,0x0,0x1,0xd5100000000,0x180300000000]
[trap] num=-19 (0xffffffffffffffed) pc=0x1804adaf0 args=[0x203,0x1603,0x0,0x1,0x0,0x180300000000]
[trap] num=-14 (0xfffffffffffffff2) pc=0x1801155b8 args=[0x203,0x1ec444000,0x24000,0x0,0x3,0x27fc01f]
[trap] num=-14 (0xfffffffffffffff2) pc=0x1801155b8 args=[0x203,0x1ec444000,0x24000,0x0,0x1,0x27fc01f]
[trap] num=5 (0x5) pc=0x180119f50 args=[0x606a0,0x0,0x0,0x606a0,0x0,0x27fc01f]
[trap] num=92 (0x5c) pc=0x1801180d8 args=[0x4,0x32,0x27fbae8,0x606a0,0x0,0x27fc01f]
[trap] num=6 (0x6) pc=0x180116750 args=[0x4,0x32,0x27fbae8,0x606a0,0x0,0x27fc01f]
[trap] num=220 (0xdc) pc=0x1804ae63c args=[0x606a0,0x27fbb10,0x27fbb2c,0x40c,0x0,0x27fc01f]
[trap] num=33 (0x21) pc=0x1804ae668 args=[0x614d0,0x4,0x613d0,0x61460,0x0,0x53]
[M28 BANDSHRINK] syscall 33 band past ipa 0x613d0 len 65536 shrunk 64 -> 0 by an overlapping window of the same call
[M28 BANDSHRINK] syscall 33 band past ipa 0x61460 len 65536 shrunk 64 -> 0 by an overlapping window of the same call
[trap] num=5 (0x5) pc=0x1804ae694 args=[0x614d0,0x0,0x0,0x61460,0x0,0x53]
[M28 BANDSHRINK] syscall 5 band past ipa 0x61460 len 65536 shrunk 64 -> 0 by an overlapping window of the same call
[trap] num=339 (0x153) pc=0x1804bc288 args=[0x4,0x613d0,0x0,0x61460,0x0,0x53]
[M28 BANDSHRINK] syscall 339 band past ipa 0x613d0 len 65536 shrunk 64 -> 0 by an overlapping window of the same call
[trap] num=483 (0x1e3) pc=0x1804ae6f0 args=[0x0,0x27fbd3c,0x4,0x61460,0x0,0x53]
[trap] num=228 (0xe4) pc=0x1804b1694 args=[0x4,0x27fbe00,0x27fbd60,0x28,0x0,0x53]
[trap] num=228 (0xe4) pc=0x1804b1694 args=[0x4,0x27fbe30,0x27fbe20,0xc,0x20,0x53]
[trap] num=92 (0x5c) pc=0x1804ae8c4 args=[0x4,0x32,0x27fba58,0x27fbe18,0x27fbac0,0x53]
[trap] num=6 (0x6) pc=0x1804ae8f0 args=[0x4,0x27fba5d,0x0,0x614e5,0x0,0x53]
[trap] num=5 (0x5) pc=0x1804ae694 args=[0x614f0,0x0,0x0,0x614ff,0x18020b535,0x27fbf20]
[M28 BANDSHRINK] syscall 5 band past ipa 0x614f0 len 65536 shrunk 64 -> 0 by an overlapping window of the same call
[trap] num=336 (0x150) pc=0x1804af110 args=[0x2,0x1641a,0xd,0x1,0x27fc190,0x40]
[trap] num=-24 (0xffffffffffffffe8) pc=0x1804adb2c args=[0x203,0x27fc250,0x71b75ace,0x27fc24c,0x0,0x5]
[trap] num=-47 (0xffffffffffffffd1) pc=0x1804adc34 args=[0x27fc1e8,0x200000003,0x3480001513,0x180300000203,0xd5200000000,0x180300000001]
[mach_msg2] msgh_id=3410 dest=0x203 reply=0x1803 options=0x200000003 bits=0x80001513 send_size=52 rcv_size=44
  send+000: 13 15 00 80 34 00 00 00 03 02 00 00 03 18 00 00
  send+010: 00 00 00 00 52 0d 00 00 01 00 00 00 03 17 00 00
  send+020: 00 00 00 00 00 00 13 00 00 00 00 00 01 00 00 00
  send+030: 0a 00 00 00
[trap] num=-47 (0xffffffffffffffd1) pc=0x1804adc34 args=[0x27fbf68,0x200000003,0x2800001513,0x180300000203,0xd4d00000000,0x180300000000]
[mach_msg2] msgh_id=3405 dest=0x203 reply=0x1803 options=0x200000003 bits=0x1513 send_size=40 rcv_size=424
  send+000: 13 15 00 00 28 00 00 00 03 02 00 00 03 18 00 00
  send+010: 00 00 00 00 4d 0d 00 00 00 00 00 00 01 00 00 00
  send+020: 0f 00 00 00 08 00 00 00
[retrace] forwarding mach_msg2 task_info (msgh_id 3405) to host (decided allowlist)
[mach_msg2] host ret=0x0 err=false
  reply@0x27fbf68+000: 00 12 00 00 48 00 00 00 00 00 00 00 03 18 00 00
  reply@0x27fbf68+010: 00 00 00 00 b1 0d 00 00 00 00 00 00 01 00 00 00
  reply@0x27fbf68+020: 00 00 00 00 08 00 00 00 f5 01 00 00 f5 01 00 00
  reply@0x27fbf68+030: 14 00 00 00 f5 01 00 00 14 00 00 00 1a 64 01 00
  reply@0x27fbf68+040: b9 86 01 00 9e d2 68 00 00 00 00 00 08 00 00 00
  reply@0x27fbf68+050: 00 00 00 00 00 00 00 00 00 00 00 00 00 00 00 00
  reply@0x27fbf68+060: 00 00 00 00 00 00 00 00 00 00 00 00 00 00 00 00
  reply@0x27fbf68+070: 00 00 00 00 00 00 00 00 00 00 00 00 00 00 00 00
  reply@0x27fbf68+080: 00 00 00 00 00 00 00 00 00 00 00 00 00 00 00 00
  reply@0x27fbf68+090: 00 00 00 00 00 00 00 00 00 00 00 00 00 00 00 00
  reply@0x27fbf68+0a0: 00 00 00 00 00 00 00 00 00 00 00 00 00 00 00 00
  reply@0x27fbf68+0b0: 00 00 00 00 00 00 00 00 00 00 00 00 00 00 00 00
  reply@0x27fbf68+0c0: 00 00 00 00 00 00 00 00 00 00 00 00 00 00 00 00
  reply@0x27fbf68+0d0: 00 00 00 00 00 00 00 00 00 00 00 00 00 00 00 00
  reply@0x27fbf68+0e0: 00 00 00 00 00 00 00 00 00 00 00 00 00 00 00 00
  reply@0x27fbf68+0f0: 00 00 00 00 00 00 00 00 00 00 00 00 00 00 00 00
[trap] num=170 (0xaa) pc=0x1804ae5d0 args=[0x1641a,0x10,0x27fbd80,0x408,0x10478,0x180300000000]
[trap] num=202 (0xca) pc=0x1804af460 args=[0x27fc180,0x2,0x27fc148,0x27fc140,0x1844cfba7,0x15]
[trap] num=202 (0xca) pc=0x1804af460 args=[0x27fc148,0x2,0x27fc1d8,0x27fc1d0,0x0,0x0]
[trap] num=-14 (0xfffffffffffffff2) pc=0x1801155b8 args=[0x203,0x1ec444000,0x24000,0x0,0x3,0x0]
[trap] num=-15 (0xfffffffffffffff1) pc=0x1801155c4 args=[0x203,0x27fbe30,0x20000,0x3fff,0x3c000001,0x3]
[trap] num=-12 (0xfffffffffffffff4) pc=0x1801155a0 args=[0x203,0x1000a0000,0x20000,0x103,0xffffffff13c608a0,0x10]
[trap] num=-14 (0xfffffffffffffff2) pc=0x1801155b8 args=[0x203,0x1ec444000,0x24000,0x0,0x1,0x0]
[trap] num=-14 (0xfffffffffffffff2) pc=0x1801155b8 args=[0x203,0x1ec444000,0x24000,0x0,0x3,0x0]
[trap] num=-14 (0xfffffffffffffff2) pc=0x1801155b8 args=[0x203,0x1ec444000,0x24000,0x0,0x1,0x0]
[trap] num=-14 (0xfffffffffffffff2) pc=0x1801155b8 args=[0x203,0x1ec444000,0x24000,0x0,0x3,0x0]
[trap] num=-14 (0xfffffffffffffff2) pc=0x1801155b8 args=[0x203,0x1ec444000,0x24000,0x0,0x1,0x0]
[trap] num=-14 (0xfffffffffffffff2) pc=0x1801155b8 args=[0x203,0x1ec444000,0x24000,0x0,0x3,0x0]
[trap] num=-14 (0xfffffffffffffff2) pc=0x1801155b8 args=[0x203,0x1ec444000,0x24000,0x0,0x1,0x0]
[trap] num=-14 (0xfffffffffffffff2) pc=0x1801155b8 args=[0x203,0x1ec444000,0x24000,0x0,0x3,0x0]
[trap] num=-14 (0xfffffffffffffff2) pc=0x1801155b8 args=[0x203,0x1ec444000,0x24000,0x0,0x1,0x0]
[trap] num=-14 (0xfffffffffffffff2) pc=0x1801155b8 args=[0x203,0x1ec444000,0x24000,0x0,0x3,0x0]
[trap] num=-15 (0xfffffffffffffff1) pc=0x1801155c4 args=[0x203,0x27fbeb0,0x20000,0x3fff,0x3c000001,0x3]
[trap] num=-12 (0xfffffffffffffff4) pc=0x1801155a0 args=[0x203,0x1000a0000,0x20000,0x103,0xffffffff13c608a0,0x10]
[trap] num=-14 (0xfffffffffffffff2) pc=0x1801155b8 args=[0x203,0x1ec444000,0x24000,0x0,0x1,0x10]
[trap] num=338 (0x152) pc=0x1804b988c args=[0x27ff458,0x27ff3c0,0x6,0x1804f8a0b,0x0,0x0]
[trap] num=338 (0x152) pc=0x1804b988c args=[0x27feea0,0x27fee00,0xc,0x1804f8a08,0x18039d0d8,0x10]
[trap] num=338 (0x152) pc=0x1804b988c args=[0x27feea0,0x27fee00,0x3,0x1804f8a0e,0x18039d0d8,0x10]
[trap] num=338 (0x152) pc=0x1804b988c args=[0x27feea0,0x27fee00,0xc,0x1804f8a08,0x18039d0d8,0x10]
[trap] num=338 (0x152) pc=0x1804b988c args=[0x27feea0,0x27fee00,0x3,0x1804f8a0e,0x18039d0d8,0x10]
[trap] num=116 (0x74) pc=0x1804b1b60 args=[0x10006e788,0x0,0x0,0xfffffc088,0x700c01da0,0x0]
[trap] num=117 (0x75) pc=0x1804b5804 args=[0x0,0x10006e698,0x0,0xfffffc088,0x700c01da0,0x0]
[trap] num=117 (0x75) pc=0x1804b5804 args=[0xffffffff,0x27ff280,0x0,0xfffffc088,0x700c01da0,0x0]
[trap] num=5 (0x5) pc=0x1804ae694 args=[0x10004e017,0x0,0x0,0xfffffc088,0x700c01da0,0x0]
[trap] num=6 (0x6) pc=0x1804ae8f0 args=[0x4,0x0,0x0,0xfffffc088,0x700c01da0,0x0]
[trap] num=24 (0x18) pc=0x1804af858 args=[0xffffffce,0x100059430,0x0,0x700c08324,0x700c08300,0x0]
[M28 BANDSHRINK] syscall 24 band past ipa 0x700c08300 len 65536 shrunk 64 -> 0 by an overlapping window of the same call
[trap] num=47 (0x2f) pc=0x1804b1f48 args=[0x1f5,0x100059430,0x0,0x700c08324,0x700c08300,0x0]
[M28 BANDSHRINK] syscall 47 band past ipa 0x700c08300 len 65536 shrunk 64 -> 0 by an overlapping window of the same call
[trap] num=25 (0x19) pc=0x1804af050 args=[0x14,0x100059430,0x0,0x700c08324,0x700c08300,0x0]
[M28 BANDSHRINK] syscall 25 band past ipa 0x700c08300 len 65536 shrunk 64 -> 0 by an overlapping window of the same call
[trap] num=43 (0x2b) pc=0x1804af8b0 args=[0x1f5,0x100059430,0x0,0x700c08324,0x700c08300,0x0]
[M28 BANDSHRINK] syscall 43 band past ipa 0x700c08300 len 65536 shrunk 64 -> 0 by an overlapping window of the same call
[trap] num=116 (0x74) pc=0x1804b1b60 args=[0x27ff310,0x0,0x0,0xfffffc088,0x0,0x0]
[trap] num=90 (0x5a) pc=0x1804b67bc args=[0x0,0x10,0x0,0xfffffc088,0x0,0x0]
[trap] num=92 (0x5c) pc=0x1804ae8c4 args=[0x10,0x2,0x1,0xfffffc088,0x0,0x0]
[trap] num=90 (0x5a) pc=0x1804b67bc args=[0x1,0x11,0x1,0xfffffc088,0x0,0x0]
[trap] num=92 (0x5c) pc=0x1804ae8c4 args=[0x11,0x2,0x1,0xfffffc088,0x0,0x0]
[trap] num=90 (0x5a) pc=0x1804b67bc args=[0x2,0x12,0x1,0xfffffc088,0x0,0x0]
[trap] num=92 (0x5c) pc=0x1804ae8c4 args=[0x12,0x2,0x1,0xfffffc088,0x0,0x0]
[trap] num=90 (0x5a) pc=0x1804b67bc args=[0x10,0x13,0x1,0xfffffc088,0x0,0x0]
[trap] num=92 (0x5c) pc=0x1804ae8c4 args=[0x13,0x2,0x1,0xfffffc088,0x0,0x0]
[trap] num=54 (0x36) pc=0x1804b2338 args=[0x12,0x4004667a,0x27ff28c,0xfffffc088,0x0,0x0]
[trap] num=54 (0x36) pc=0x1804b2338 args=[0x12,0x40487413,0x27ff290,0xfffffc088,0x0,0x0]
[trap] num=54 (0x36) pc=0x1804b2338 args=[0x11,0x4004667a,0x27ff28c,0xfffffc088,0x0,0x0]
[trap] num=54 (0x36) pc=0x1804b2338 args=[0x11,0x40487413,0x27ff290,0xfffffc088,0x0,0x0]
[trap] num=339 (0x153) pc=0x1804bc288 args=[0x10,0x27ff250,0x105,0x0,0x0,0x0]
[trap] num=54 (0x36) pc=0x1804b2338 args=[0x10,0x4004667a,0x27ff1dc,0x0,0x0,0x0]
[trap] num=-15 (0xfffffffffffffff1) pc=0x1804adacc args=[0x203,0x27ff0e8,0x400000,0x0,0x2004000,0x3]
[trap] num=46 (0x2e) pc=0x1804b4478 args=[0xe,0x27ff2d8,0x0,0x638b0,0x0,0x1]
[trap] num=48 (0x30) pc=0x1804b13d8 args=[0x2,0x27ff304,0x0,0x638b0,0x0,0x1]
[trap] num=398 (0x18e) pc=0x1804ae948 args=[0x1803fd5e6,0x1000000,0x0,0x40,0x0,0x0]
[trap] num=339 (0x153) pc=0x1804bc288 args=[0x4,0x27fef80,0x0,0x40,0x0,0x0]
[trap] num=406 (0x196) pc=0x1804b2174 args=[0x4,0x32,0x63ac0,0x40,0x0,0x0]
[trap] num=399 (0x18f) pc=0x1804af584 args=[0x4,0x32,0x63ac0,0x40,0x0,0x0]
[trap] num=338 (0x152) pc=0x1804b988c args=[0x63ac0,0x27feef0,0x63ac0,0x40,0x0,0x0]
[trap] num=338 (0x152) pc=0x1804b988c args=[0x63930,0x27ff260,0x1ec702420,0x1ec701f90,0x63b40,0x20]
[M28 BANDSHRINK] syscall 338 band past ipa 0x63930 len 65536 shrunk 64 -> 0 by an overlapping window of the same call
[trap] num=169 (0xa9) pc=0x1804af8dc args=[0x1641a,0x10,0x27fe7e0,0x408,0x408,0x0]
[trap] num=169 (0xa9) pc=0x1804af8dc args=[0x1641a,0x10,0x27fe900,0x408,0x408,0x73]
[trap] num=-19 (0xffffffffffffffed) pc=0x1804adaf0 args=[0x203,0x1603,0x0,0x1,0x700c083f0,0x0]
[trap] num=-50 (0xffffffffffffffce) pc=0x1804adc58 args=[0x1ec6fbd20,0x103,0x103,0x0,0x6,0x0]
[trap] num=-29 (0xffffffffffffffe3) pc=0x1804adb68 args=[0x0,0x7e5700018035aad8,0x7e5700018035aad8,0x662f8,0x0,0x13]
[trap] num=-47 (0xffffffffffffffd1) pc=0x1804adc34 args=[0x27fe8e0,0x200000003,0x2800001513,0x180300000b03,0x19c00000000,0x180300000000]
[mach_msg2] msgh_id=412 dest=0xb03 reply=0x1803 options=0x200000003 bits=0x1513 send_size=40 rcv_size=48
  send+000: 13 15 00 00 28 00 00 00 03 0b 00 00 03 18 00 00
  send+010: 00 00 00 00 9c 01 00 00 00 00 00 00 01 00 00 00
  send+020: ff ff ff ff 01 00 00 00
[retrace] forwarding mach_msg2 host_get_special_port (msgh_id 412) to host (decided allowlist)
[mach_msg2] host ret=0x0 err=false
  reply@0x27fe8e0+000: 00 12 00 00 24 00 00 00 00 00 00 00 03 18 00 00
  reply@0x27fe8e0+010: 00 00 00 00 00 02 00 00 00 00 00 00 01 00 00 00
  reply@0x27fe8e0+020: 04 00 00 00 00 00 00 00 08 00 00 00 00 00 00 00
  reply@0x27fe8e0+030: 80 12 06 00 00 00 00 00 03 0b 00 00 00 00 00 00
  reply@0x27fe8e0+040: 50 e9 7f 02 00 00 00 00 08 ab 35 80 01 00 61 9d
  reply@0x27fe8e0+050: 03 16 00 00 00 00 00 00 20 61 06 00 00 00 00 00
  reply@0x27fe8e0+060: 80 12 06 00 00 00 00 00 f0 fa 6f ec 01 00 00 00
  reply@0x27fe8e0+070: 60 e9 7f 02 00 00 00 00 b0 04 35 80 01 00 79 cb
  reply@0x27fe8e0+080: 80 e9 7f 02 00 00 00 00 30 96 33 80 01 80 2f ea
  reply@0x27fe8e0+090: 80 12 06 00 00 00 00 00 28 f9 6f ec 01 00 00 00
  reply@0x27fe8e0+0a0: 90 e9 7f 02 00 00 00 00 cc aa 35 80 01 00 32 4a
  reply@0x27fe8e0+0b0: b0 e9 7f 02 00 00 00 00 34 c5 35 80 01 80 00 b1
  reply@0x27fe8e0+0c0: 16 62 20 80 01 00 00 00 00 00 00 00 00 00 00 00
  reply@0x27fe8e0+0d0: c0 e9 7f 02 00 00 00 00 b0 04 35 80 01 80 4b 41
  reply@0x27fe8e0+0e0: e0 e9 7f 02 00 00 00 00 30 96 33 80 01 80 72 2a
  reply@0x27fe8e0+0f0: 80 12 06 00 00 00 00 00 f8 62 06 00 00 00 00 00
[trap] num=-70 (0xffffffffffffffba) pc=0x1804adcc4 args=[0xb03,0x180373fb0,0x10,0x27fe9ac,0x19c00000000,0x180300000000]
[trap] num=-47 (0xffffffffffffffd1) pc=0x1804adc34 args=[0x662f8,0x403114207,0xf880131513,0x200300001603,0x400000cf00001d03,0x200300000001]
[mach_msg2] msgh_id=1073742031 dest=0x1603 reply=0x2003 options=0x403114207 bits=0x80131513 send_size=248 rcv_size=248
  send+000: 13 15 13 80 f8 00 00 00 03 16 00 00 03 20 00 00
  send+010: 03 1d 00 00 cf 00 00 40 01 00 00 00 03 16 00 00
  send+020: 00 00 00 00 00 00 13 00 43 50 58 40 05 00 00 00
  send+030: 00 f0 00 00 c0 00 00 00 07 00 00 00 68 61 6e 64
  send+040: 6c 65 00 00 00 40 00 00 00 00 00 00 00 00 00 00
  send+050: 69 6e 73 74 61 6e 63 65 00 00 00 00 00 a0 00 00
  send+060: 00 00 00 00 00 00 00 00 00 00 00 00 00 00 00 00
  send+070: 66 6c 61 67 73 00 00 00 00 40 00 00 08 00 00 00
  send+080: 00 00 00 00 6e 61 6d 65 00 00 00 00 00 90 00 00
  send+090: 25 00 00 00 63 6f 6d 2e 61 70 70 6c 65 2e 73 79
  send+0a0: 73 74 65 6d 2e 6e 6f 74 69 66 69 63 61 74 69 6f
  send+0b0: 6e 5f 63 65 6e 74 65 72 00 00 00 00 74 79 70 65
  send+0c0: 00 00 00 00 00 40 00 00 07 00 00 00 00 00 00 00
  send+0d0: 74 61 72 67 65 74 70 69 64 00 00 00 00 30 00 00
  send+0e0: 00 00 00 00 00 00 00 00 64 6f 6d 61 69 6e 2d 70
  send+0f0: 6f 72 74 00 00 d0 00 00
[retrace] refusing mach_msg2 message-queue send (msgh_id 0x400000cf dest 0x1603 send_size 248): the box hosts no message-queue receivers
[trap] num=-18 (0xffffffffffffffee) pc=0x1804adae4 args=[0x203,0x1603,0x413a8001801c8220,0xfffff0007fc00000,0x701000380,0x200300000001]
[trap] num=327 (0x147) pc=0x1804ad92c args=[0x0,0x103,0x103,0x103,0x0,0x0]
[trap] num=327 (0x147) pc=0x1804ad92c args=[0x0,0x103,0x103,0x103,0x2,0x63]
[trap] num=327 (0x147) pc=0x1804ad92c args=[0x0,0x0,0x0,0x103,0x2,0x63]
[trap] num=25 (0x19) pc=0x1804af050 args=[0x1ec7182a0,0x0,0x1f5,0x2,0x66200,0x0]
[trap] num=194 (0xc2) pc=0x1804b00c8 args=[0x1008,0x27ff098,0x611c0001804edb6c,0x2,0x66200,0x0]
[trap] num=398 (0x18e) pc=0x1804ae948 args=[0x18052cc13,0x0,0x0,0x2,0x66200,0x0]
[trap] num=339 (0x153) pc=0x1804bc288 args=[0x4,0x27ff0a0,0x120a8,0x1ec7035c0,0x27ff218,0x27ff210]
[trap] num=339 (0x153) pc=0x1804bc288 args=[0x4,0x27fdf90,0x27fe054,0x1ec7035c0,0x27ff218,0x27ff210]
[trap] num=396 (0x18c) pc=0x1804afcac args=[0x4,0x66230,0x1000,0x100,0x0,0x27ff210]
[trap] num=396 (0x18c) pc=0x1804afcac args=[0x4,0x66230,0x1000,0x27fe135,0x66200,0x0]
[M28 BANDSHRINK] syscall 396 band past ipa 0x66200 len 65536 shrunk 64 -> 0 by an overlapping window of the same call
[trap] num=396 (0x18c) pc=0x1804afcac args=[0x4,0x66230,0x1000,0x27fe12a,0x700c10080,0x0]
[trap] num=396 (0x18c) pc=0x1804afcac args=[0x4,0x66230,0x1000,0xa,0x701004080,0x0]
[trap] num=399 (0x18f) pc=0x1804af584 args=[0x4,0x0,0x611c0001804edb6c,0xa,0x701004080,0x0]
[trap] num=327 (0x147) pc=0x1804ad92c args=[0x0,0x1edd85ee8,0xbb55800180503ca0,0x1f5,0x2,0x0]
[trap] num=25 (0x19) pc=0x1804af050 args=[0x1ec7182a0,0x0,0x1f5,0x2,0x66280,0x0]
[trap] num=194 (0xc2) pc=0x1804b00c8 args=[0x1008,0x27ff098,0x611c0001804edb6c,0x2,0x66280,0x0]
[trap] num=398 (0x18e) pc=0x1804ae948 args=[0x18052cc13,0x0,0x0,0x2,0x66280,0x0]
[trap] num=339 (0x153) pc=0x1804bc288 args=[0x4,0x27ff0a0,0x120a8,0x1ec7035c0,0x27ff218,0x27ff210]
[trap] num=339 (0x153) pc=0x1804bc288 args=[0x4,0x27fdf90,0x27fe054,0x1ec7035c0,0x27ff218,0x27ff210]
[trap] num=396 (0x18c) pc=0x1804afcac args=[0x4,0x701010000,0x1000,0x1,0x0,0x1]
[trap] num=396 (0x18c) pc=0x1804afcac args=[0x4,0x701010000,0x1000,0x27fe135,0x700c10080,0x0]
[trap] num=396 (0x18c) pc=0x1804afcac args=[0x4,0x701010000,0x1000,0x27fe12a,0x700c10080,0x0]
[trap] num=396 (0x18c) pc=0x1804afcac args=[0x4,0x701010000,0x1000,0xa,0x701004080,0x0]
[M28 BANDSHRINK] syscall 396 band past ipa 0x701004080 len 65536 shrunk 64 -> 0 by an overlapping window of the same call
[trap] num=399 (0x18f) pc=0x1804af584 args=[0x4,0x0,0x611c0001804edb6c,0xa,0x701004080,0x0]
[trap] num=327 (0x147) pc=0x1804ad92c args=[0x0,0x1edd85ee8,0xbb55800180503ca0,0x14,0x2,0x0]
[trap] num=194 (0xc2) pc=0x1804b00c8 args=[0x1008,0x27ff0f8,0x611c0001804edb6c,0x2,0x66300,0x0]
[trap] num=398 (0x18e) pc=0x1804ae948 args=[0x18052cc32,0x0,0x0,0x2,0x66300,0x0]
[trap] num=339 (0x153) pc=0x1804bc288 args=[0x4,0x27ff100,0x120a8,0x1ec7035c0,0x27ff230,0x27ff228]
[trap] num=339 (0x153) pc=0x1804bc288 args=[0x4,0x27fdff0,0x27fe0b4,0x1ec7035c0,0x27ff230,0x27ff228]
[trap] num=396 (0x18c) pc=0x1804afcac args=[0x4,0x701010000,0x1000,0xa003c8118,0x0,0x27fe047]
[trap] num=199 (0xc7) pc=0x1804af624 args=[0x4,0xfffffffffffff2a9,0x1,0x1,0x0,0x27ff097]
[trap] num=399 (0x18f) pc=0x1804af584 args=[0x4,0xfffffffffffff2a9,0x1,0x1,0x0,0x27ff097]
[trap] num=202 (0xca) pc=0x1804af460 args=[0x27ff300,0x2,0x27ff1ff,0x27ff1e8,0x0,0x0]
[trap] num=46 (0x2e) pc=0x1804b4478 args=[0x14,0x27fe298,0x0,0xa,0x700c100c0,0x0]
[trap] num=42 (0x2a) pc=0x1804b43ec args=[0x27ff300,0x27fe298,0x0,0xa,0x700c100c0,0x0]
[trap] num=41 (0x29) pc=0x1804b2498 args=[0x4,0xffffffff,0x0,0xa,0x700c100c0,0x0]
[trap] num=6 (0x6) pc=0x1804ae8f0 args=[0x4,0xffffffff,0x0,0xa,0x700c100c0,0x0]
[trap] num=92 (0x5c) pc=0x1804ae8c4 args=[0x6,0x2,0x1,0xa,0x700c100c0,0x0]
[trap] num=41 (0x29) pc=0x1804b2498 args=[0x5,0xffffffff,0x1,0xa,0x700c100c0,0x0]
[trap] num=41 (0x29) pc=0x1804b2498 args=[0x4,0xffffffff,0x1,0xa,0x700c100c0,0x0]
[trap] num=6 (0x6) pc=0x1804ae8f0 args=[0x4,0xffffffff,0x1,0xa,0x700c100c0,0x0]
[trap] num=6 (0x6) pc=0x1804ae8f0 args=[0x5,0xffffffff,0x1,0xa,0x700c100c0,0x0]
[trap] num=92 (0x5c) pc=0x1804ae8c4 args=[0x7,0x2,0x1,0xa,0x700c100c0,0x0]
[trap] num=-47 (0xffffffffffffffd1) pc=0x1804adc34 args=[0x27fe1c0,0x200000003,0x4080001513,0x180300000203,0xd4b00000000,0x180300000003]
[mach_msg2] msgh_id=3403 dest=0x203 reply=0x1803 options=0x200000003 bits=0x80001513 send_size=64 rcv_size=44
  send+000: 13 15 00 80 40 00 00 00 03 02 00 00 03 18 00 00
  send+010: 00 00 00 00 4b 0d 00 00 03 00 00 00 03 16 00 00
  send+020: 00 00 00 00 00 00 13 00 00 00 00 00 00 00 00 00
  send+030: 00 00 13 00 00 00 00 00 00 00 00 00 00 00 13 00
[regs]
x0 =0x00000000027fe1c0  x1 =0x0000000200000003  x2 =0x0000004080001513  x3 =0x0000180300000203  
x4 =0x00000d4b00000000  x5 =0x0000180300000003  x6 =0x000000000000002c  x7 =0x0000000000000000  
x8 =0x00000001804e2000  x9 =0x00000000233085e4  x10=0x00000001e9c5c200  x11=0x0000000000000000  
x12=0x0000000000000000  x13=0x0000000000000002  x14=0x0000000a003c4038  x15=0x000000000000001c  
x16=0xffffffffffffffd1  x17=0x00000001edd378a0  x18=0x0000000000000000  x19=0x0000000000000000  
x20=0x000000000000002c  x21=0x0000180300000003  x22=0x00000d4b00000000  x23=0x0000180300000203  
x24=0x0000000200000003  x25=0x00000000027fe1c0  x26=0x0000004080001513  x27=0xfffffffffffffbbf  
x28=0x0000000000000001  x29=0x00000000027fe1b0  x30=0x00000001804c0574  
sp=0x27fe160 pc=0x4404 elr=0x1804adc34 far=0x1804d8eac spsr=0x60000000
[bt]
  pc  0x4404
  ret 0x1804d8f34
  ret 0x1804b58a8
  ret 0x1801d7fa8
  ret 0x1903411c8
  ret 0x1803a31c4
  ret 0x100047e50
  ret 0x100001348
  ret 0x180133e00

RECORD ERROR: unsupported mach_msg2 at pc 0x1804adc34: msgh_id 3403 dest 0x203 (guest task port Some(515)) send_size 64
