[trap] num=-28 (0xffffffffffffffe4) pc=0x140001654 args=[0x27ffad8,0x8,0x1400e0090,0x27ff57f,0x27ff6c8,0x570001400647cc]
[trap] num=-26 (0xffffffffffffffe6) pc=0x14000163c args=[0x203,0x8,0x1400e0090,0x27ff57f,0x27ff6c8,0x570001400647cc]
[trap] num=372 (0x174) pc=0x140004b14 args=[0x0,0x8,0x1400e0090,0x27ff57f,0x27ff6c8,0x570001400647cc]
[trap] num=2147483648 (0x80000000) pc=0x14008194c args=[0x1400b9ee0,0x8,0x1400e0090,0x2,0x27ff6c8,0x570001400647cc]
[retrace warn] dyld __mac_syscall(Sandbox) synthesized as success/unsandboxed (not forwarded; host would fault)
[trap] num=38 (0x26) pc=0x1400815a0 args=[0x0,0x0,0x0,0x27ff778,0x0,0x570001400647cc]
[trap] num=-14 (0xfffffffffffffff2) pc=0x1400015b8 args=[0x203,0x1400bc000,0x200f0,0x0,0x3,0x570001400647cc]
[trap] num=483 (0x1e3) pc=0x140004e08 args=[0x0,0x27ff73c,0x4,0x0,0x3,0x570001400647cc]
[trap] num=38 (0x26) pc=0x1400815a0 args=[0x0,0x0,0x0,0x27ff6f8,0x0,0x570001400647cc]
[trap] num=-14 (0xfffffffffffffff2) pc=0x1400015b8 args=[0x203,0x1400bc000,0x200f0,0x0,0x1,0x1400bc0f0]
[trap] num=-14 (0xfffffffffffffff2) pc=0x1400015b8 args=[0x203,0x1400bc000,0x200f0,0x0,0x3,0x1400bc0f0]
[trap] num=-14 (0xfffffffffffffff2) pc=0x1400015b8 args=[0x203,0x1400bc000,0x200f0,0x0,0x1,0x3d]
[trap] num=294 (0x126) pc=0x1400062f8 args=[0x27ffaa0,0x27ffaa0,0x27ffa90,0x27ffaa0,0x27ffb00,0x3d]
[trap] num=-14 (0xfffffffffffffff2) pc=0x1400015b8 args=[0x203,0x1400bc000,0x200f0,0x0,0x3,0x3d]
[trap] num=-15 (0xfffffffffffffff1) pc=0x1400015c4 args=[0x203,0x27fef20,0x20000,0x3fff,0x3c000001,0x3]
[trap] num=20 (0x14) pc=0x140004f48 args=[0x0,0x3,0xfffffa7cfc283489,0x2,0x1,0x27ff670]
[trap] num=-12 (0xfffffffffffffff4) pc=0x1400015a0 args=[0x203,0x10001c000,0x20000,0x0,0x0,0x0]
[trap] num=-14 (0xfffffffffffffff2) pc=0x1400015b8 args=[0x203,0x1400bc000,0x200f0,0x0,0x1,0x0]
[trap] num=38 (0x26) pc=0x1400815a0 args=[0x0,0x0,0x0,0x27ff888,0x1,0x0]
[trap] num=483 (0x1e3) pc=0x140004e08 args=[0x0,0x27ff89c,0x4,0x27ff908,0x1,0x0]
[trap] num=-14 (0xfffffffffffffff2) pc=0x1400015b8 args=[0x203,0x1400bc000,0x200f0,0x0,0x3,0x0]
[trap] num=-15 (0xfffffffffffffff1) pc=0x1400015c4 args=[0x203,0x27fef20,0x20000,0x3fff,0x3c000001,0x3]
[trap] num=-12 (0xfffffffffffffff4) pc=0x1400015a0 args=[0x203,0x10001c000,0x20000,0x0,0x0,0x0]
[trap] num=-14 (0xfffffffffffffff2) pc=0x1400015b8 args=[0x203,0x1400bc000,0x200f0,0x0,0x1,0x0]
[trap] num=336 (0x150) pc=0x14000600c args=[0xf,0x16103,0x0,0x0,0x1ec6f7f80,0x170]
[trap] num=-28 (0xffffffffffffffe4) pc=0x180115654 args=[0x1,0x0,0x0,0x0,0x0,0x0]
[trap] num=-26 (0xffffffffffffffe6) pc=0x18011563c args=[0x203,0x0,0x0,0x0,0x0,0x0]
[trap] num=372 (0x174) pc=0x180118b14 args=[0x0,0x0,0x0,0x0,0x0,0x0]
[trap] num=2147483648 (0x80000000) pc=0x18019594c args=[0x1ec6f9e60,0x0,0x0,0x2,0x0,0x0]
[retrace warn] dyld __mac_syscall(Sandbox) synthesized as success/unsandboxed (not forwarded; host would fault)
[trap] num=38 (0x26) pc=0x1801955a0 args=[0x0,0x0,0x0,0x27ff778,0x0,0x0]
[trap] num=-14 (0xfffffffffffffff2) pc=0x1801155b8 args=[0x203,0x1ec444000,0x24000,0x0,0x13,0x0]
[trap] num=483 (0x1e3) pc=0x180118e08 args=[0x0,0x27ff73c,0x4,0x0,0x13,0x0]
[trap] num=38 (0x26) pc=0x1801955a0 args=[0x0,0x0,0x0,0x27ff6f8,0x0,0x0]
[trap] num=-14 (0xfffffffffffffff2) pc=0x1801155b8 args=[0x203,0x1ec444000,0x24000,0x0,0x1,0x1ec444140]
[trap] num=-14 (0xfffffffffffffff2) pc=0x1801155b8 args=[0x203,0x1ec444000,0x24000,0x0,0x13,0x1ec444140]
[trap] num=-14 (0xfffffffffffffff2) pc=0x1801155b8 args=[0x203,0x1ec444000,0x24000,0x0,0x1,0x3d]
[trap] num=294 (0x126) pc=0x18011a2f8 args=[0x27ffaa0,0x27ffaa0,0x27ffa90,0x27ffaa0,0x27ffb00,0x3d]
[trap] num=-19 (0xffffffffffffffed) pc=0x1801155e8 args=[0x203,0x203,0x0,0xffffffff,0x27ffb00,0x3d]
[trap] num=-14 (0xfffffffffffffff2) pc=0x1801155b8 args=[0x203,0x1ec444000,0x24000,0x0,0x3,0x3d]
[trap] num=-15 (0xfffffffffffffff1) pc=0x1801155c4 args=[0x203,0x27fef20,0x20000,0x3fff,0x3c000001,0x3]
[trap] num=20 (0x14) pc=0x180118f48 args=[0x0,0x3,0xfffffa7cfc299c89,0x2,0x1,0x27ff670]
[trap] num=-12 (0xfffffffffffffff4) pc=0x1801155a0 args=[0x203,0x10001c000,0x20000,0x0,0x0,0x0]
[trap] num=-14 (0xfffffffffffffff2) pc=0x1801155b8 args=[0x203,0x1ec444000,0x24000,0x0,0x1,0x0]
[trap] num=73 (0x49) pc=0x18011823c args=[0x140000000,0xa8000,0x27ff7ff,0x2,0x8,0x0]
[trap] num=73 (0x49) pc=0x18011823c args=[0x1400a8000,0x4000,0x27ff7ff,0x2,0x8,0x0]
[trap] num=73 (0x49) pc=0x18011823c args=[0x1400ac000,0x8000,0x27ff7ff,0x2,0x8,0x0]
[trap] num=73 (0x49) pc=0x18011823c args=[0x1400b4000,0x4000,0x27ff7ff,0x2,0x8,0x0]
[trap] num=73 (0x49) pc=0x18011823c args=[0x1400bc000,0x24000,0x27ff7ff,0x2,0x8,0x0]
[trap] num=73 (0x49) pc=0x18011823c args=[0x1400e0000,0x60000,0x27ff7ff,0x2,0x8,0x0]
[trap] num=-14 (0xfffffffffffffff2) pc=0x1801155b8 args=[0x203,0x1ec444000,0x24000,0x0,0x3,0x0]
[trap] num=38 (0x26) pc=0x1801955a0 args=[0x0,0x0,0x0,0x27ff3b8,0x1,0x0]
[trap] num=5 (0x5) pc=0x180119f50 args=[0x27ffff0,0x0,0x0,0x0,0x1,0x0]
[trap] num=92 (0x5c) pc=0x1801180d8 args=[0x3,0x32,0x27fefb8,0x0,0x1,0x0]
[trap] num=6 (0x6) pc=0x180116750 args=[0x3,0x32,0x27fefb8,0x0,0x1,0x0]
[trap] num=483 (0x1e3) pc=0x180118e08 args=[0x0,0x27ff3cc,0x4,0x18,0x65,0x4d]
[trap] num=381 (0x17d) pc=0x180119ecc args=[0x1801b7eb4,0x2,0x27ff2f0,0xa,0x73,0x69]
[trap] num=483 (0x1e3) pc=0x180118e08 args=[0x0,0x27ff3dc,0x4,0x24,0x65,0x41]
[trap] num=202 (0xca) pc=0x18011a37c args=[0x27ff390,0x2,0x27ff358,0x27ff350,0x1801ab70b,0x20]
[trap] num=202 (0xca) pc=0x18011a37c args=[0x27ff358,0x3,0x27ff3ec,0x27ff3e0,0x0,0x0]
[trap] num=381 (0x17d) pc=0x180119ecc args=[0x1801b4bf1,0x5a,0x27ff370,0x2,0x8,0x72]
[trap] num=202 (0xca) pc=0x18011a37c args=[0x27fe5e0,0x2,0x27fe5a8,0x27fe5a0,0x1801b698e,0xd]
[trap] num=202 (0xca) pc=0x18011a37c args=[0x27fe5a8,0x2,0x27fe658,0x27fe650,0x0,0x0]
[trap] num=5 (0x5) pc=0x180119f50 args=[0x1801aaaf1,0x20100000,0x0,0xfffffffffffffff0,0x0,0x72]
[trap] num=463 (0x1cf) pc=0x180119f7c args=[0x3,0x1801b4c4b,0x100000,0x0,0x0,0x72]
[trap] num=41 (0x29) pc=0x18011a484 args=[0x4,0x1801b625c,0x100000,0x0,0x0,0x72]
[trap] num=470 (0x1d6) pc=0x18011a5e4 args=[0x4,0x27fe131,0x27fe0a0,0x0,0x27fe180,0x72]
[trap] num=463 (0x1cf) pc=0x180119f7c args=[0x4,0x27fe131,0x100000,0x0,0x27fe180,0x72]
[trap] num=92 (0x5c) pc=0x1801180d8 args=[0x6,0x32,0x27fe130,0x0,0x27fe180,0x72]
[trap] num=41 (0x29) pc=0x18011a484 args=[0x6,0x1801b6e25,0x27fefc0,0x0,0x27fe180,0x72]
[trap] num=41 (0x29) pc=0x18011a484 args=[0x5,0x1801b6e25,0x27fefc0,0x0,0x27fe180,0x72]
[trap] num=6 (0x6) pc=0x180116750 args=[0x3,0x1801b6cb4,0x27fefc0,0x0,0x27fe180,0x72]
[trap] num=6 (0x6) pc=0x180116750 args=[0x5,0x1801b6cf2,0x27fefc0,0x0,0x27fe180,0x72]
[trap] num=6 (0x6) pc=0x180116750 args=[0x4,0x1801b6d1f,0x27fefc0,0x0,0x27fe180,0x72]
[trap] num=6 (0x6) pc=0x180116750 args=[0x6,0x1801b6d4a,0x27fefc0,0x0,0x27fe180,0x72]
[trap] num=381 (0x17d) pc=0x180119ecc args=[0x1801b7eb4,0x2,0x27fee40,0xa,0x73,0x69]
[trap] num=294 (0x126) pc=0x18011a2f8 args=[0x27fee88,0x27fef58,0x27fef58,0x27fef84,0x73,0x69]
[trap] num=-14 (0xfffffffffffffff2) pc=0x1801155b8 args=[0x203,0x1ec444000,0x24000,0x0,0x3,0x0]
[trap] num=427 (0x1ab) pc=0x18011a5b8 args=[0x27feff0,0x400,0x27fef74,0x748e8,0x3,0x0]
[trap] num=92 (0x5c) pc=0x1801180d8 args=[0x8,0x32,0x27feff0,0x1ec445202,0xfffffffe163b9e00,0x10]
[trap] num=6 (0x6) pc=0x180116750 args=[0x8,0x1801b6a74,0x4,0x180115e30,0x1,0x10]
[trap] num=6 (0x6) pc=0x180116750 args=[0x7,0x1801b6a98,0x4,0x180115e30,0x1,0x10]
[trap] num=338 (0x152) pc=0x180116c48 args=[0x1ec4451d0,0x27feb10,0x1ec4451d0,0x27fec08,0x27fec30,0x27fec10]
[trap] num=5 (0x5) pc=0x180119f50 args=[0x1ec4451d0,0x0,0x0,0x27fec08,0x27fec30,0x27fec10]
[trap] num=197 (0xc5) pc=0x180119190 args=[0x0,0x31720,0x1,0x40002,0x3,0x0]
[trap] num=92 (0x5c) pc=0x1801180d8 args=[0x3,0x32,0x27fec38,0x40002,0x3,0x0]
[trap] num=73 (0x49) pc=0x18011823c args=[0xa00000000,0x31720,0x0,0xff,0x100000030,0xa00018030]
[trap] num=6 (0x6) pc=0x180116750 args=[0x3,0x31720,0x0,0xff,0x100000030,0xa00018030]
[trap] num=338 (0x152) pc=0x180116c48 args=[0x1ec4451d0,0x27ff090,0x27ff150,0x0,0x100000030,0xa00018030]
[trap] num=338 (0x152) pc=0x180116c48 args=[0x1000005c8,0x27fdf90,0x27fe090,0x27fe078,0x1000005d2,0x1801ac864]
[trap] num=-10 (0xfffffffffffffff6) pc=0x180115588 args=[0x203,0x27fdf50,0x4000,0x3c000001,0x1000005d2,0x1801ac864]
[trap] num=338 (0x152) pc=0x180116c48 args=[0x27fe5b0,0x27fdf40,0x27fe040,0x27fe028,0x27fe5de,0x1801ac864]
[trap] num=-12 (0xfffffffffffffff4) pc=0x1801155a0 args=[0x203,0xa00034000,0x4000,0x1a0500,0x0,0x0]
[trap] num=5 (0x5) pc=0x180119f50 args=[0x1ec4477e8,0x0,0x0,0x0,0x18000,0x27fccb8]
[trap] num=381 (0x17d) pc=0x180119ecc args=[0x1801b7eb4,0x2,0x27fbf10,0xa,0x73,0x69]
[trap] num=550 (0x226) pc=0x180119ef8 args=[0x27fbc50,0x1,0x27fbc80,0x250,0x1198,0x18]
[trap] num=6 (0x6) pc=0x180116750 args=[0x3,0x3,0x27fbcb0,0x0,0x1,0x18]
[trap] num=74 (0x4a) pc=0x180119f24 args=[0x10000c000,0x4000,0x1,0x1,0x8,0x18]
[trap] num=-14 (0xfffffffffffffff2) pc=0x1801155b8 args=[0x203,0x1e5908000,0x2324000,0x0,0x13,0x13]
[trap] num=-14 (0xfffffffffffffff2) pc=0x1801155b8 args=[0x203,0x1edc84000,0x7b90000,0x0,0x13,0x13]
[trap] num=-14 (0xfffffffffffffff2) pc=0x1801155b8 args=[0x203,0x28f64c000,0x2c2c000,0x0,0x13,0x13]
[trap] num=-14 (0xfffffffffffffff2) pc=0x1801155b8 args=[0x203,0x29a1cc000,0x5678000,0x0,0x13,0x13]
[trap] num=-14 (0xfffffffffffffff2) pc=0x1801155b8 args=[0x203,0x2d0bac000,0x2a4000,0x0,0x13,0x13]
[trap] num=-14 (0xfffffffffffffff2) pc=0x1801155b8 args=[0x203,0x2d361c000,0xac8000,0x0,0x13,0x13]
[trap] num=-14 (0xfffffffffffffff2) pc=0x1801155b8 args=[0x203,0x1e5908000,0x2324000,0x0,0x1,0x1]
[trap] num=-14 (0xfffffffffffffff2) pc=0x1801155b8 args=[0x203,0x1edc84000,0x7b90000,0x0,0x1,0x1]
[trap] num=-14 (0xfffffffffffffff2) pc=0x1801155b8 args=[0x203,0x28f64c000,0x2c2c000,0x0,0x1,0x1]
[trap] num=-14 (0xfffffffffffffff2) pc=0x1801155b8 args=[0x203,0x29a1cc000,0x5678000,0x0,0x1,0x1]
[trap] num=-14 (0xfffffffffffffff2) pc=0x1801155b8 args=[0x203,0x2d0bac000,0x2a4000,0x0,0x1,0x1]
[trap] num=-14 (0xfffffffffffffff2) pc=0x1801155b8 args=[0x203,0x2d361c000,0xac8000,0x0,0x1,0x1]
[trap] num=-15 (0xfffffffffffffff1) pc=0x1801155c4 args=[0x203,0x27fb8f0,0x20000,0x3fff,0x3c000001,0x3]
[trap] num=347 (0x15b) pc=0x18011a6ec args=[0x0,0x0,0x2,0x2,0x1,0x27fb480]
[trap] num=-15 (0xfffffffffffffff1) pc=0x1801155c4 args=[0x203,0x27faf10,0x20000,0x3fff,0x3c000001,0x3]
[trap] num=347 (0x15b) pc=0x18011a6ec args=[0x10003c060,0x8780,0x2,0x2,0x1,0x10003c000]
[M28 BANDSHRINK] syscall 347 band past ipa 0x10003c000 len 65536 shrunk 64 -> 0 by an overlapping window of the same call
[trap] num=220 (0xdc) pc=0x180116e90 args=[0x10003c0b8,0x27fb3f8,0x27fb540,0x40,0x0,0x0]
[trap] num=-12 (0xfffffffffffffff4) pc=0x1801155a0 args=[0x203,0x10003c000,0x20000,0x86,0x2,0x50a254e]
[trap] num=-12 (0xfffffffffffffff4) pc=0x1801155a0 args=[0x203,0x10001c000,0x20000,0x0,0x0,0x0]
[trap] num=5 (0x5) pc=0x180119f50 args=[0x1801ab41a,0x2,0x0,0x2,0x8,0x0]
[trap] num=54 (0x36) pc=0x180116724 args=[0x3,0x80086804,0x27fb4f8,0x2,0x8,0x0]
[trap] num=6 (0x6) pc=0x180116750 args=[0x3,0xffffffffffffffff,0x27fb4f8,0x2,0x8,0x0]
[trap] num=294 (0x126) pc=0x18011a2f8 args=[0xffffffffffffffff,0x1f070030,0x0,0x0,0x0,0x0]
[trap] num=-14 (0xfffffffffffffff2) pc=0x1801155b8 args=[0x203,0x1ec444000,0x24000,0x0,0x1,0x0]
[trap] num=-28 (0xffffffffffffffe4) pc=0x1804adb5c args=[0x0,0x1804e2db8,0x27fff48,0x1ec445318,0x1ec445318,0x0]
[trap] num=-26 (0xffffffffffffffe6) pc=0x1804adb44 args=[0x203,0x1804e2db8,0x27fff48,0x1ec445318,0x1ec445318,0x0]
[trap] num=33 (0x21) pc=0x1804ae668 args=[0x1804e2dda,0x0,0x27fff48,0x1ec445318,0x1ec445318,0x0]
[trap] num=-15 (0xfffffffffffffff1) pc=0x1804adacc args=[0x203,0x27fc168,0x8000,0x0,0x49000001,0x3]
[trap] num=-29 (0xffffffffffffffe3) pc=0x1804adb68 args=[0x1eec6fd98,0x27fff40,0x27fff48,0x1ec445318,0x49000001,0x3]
[trap] num=-24 (0xffffffffffffffe8) pc=0x1804adb2c args=[0x203,0x27fc010,0x0,0x27fc02c,0x49000001,0x3]
[trap] num=-47 (0xffffffffffffffd1) pc=0x1804adc34 args=[0x27fc050,0x200000003,0x2800001513,0xf0300000a03,0xc800000000,0xf0300000000]
[mach_msg2] msgh_id=200 dest=0xa03 reply=0xf03 options=0x200000003 bits=0x1513 send_size=40 rcv_size=320
  send+000: 13 15 00 00 28 00 00 00 03 0a 00 00 03 0f 00 00
  send+010: 00 00 00 00 c8 00 00 00 00 00 00 00 01 00 00 00
  send+020: 05 00 00 00 08 00 00 00
[retrace] forwarding mach_msg2 host_info (msgh_id 200) to host (decided allowlist)
[mach_msg2] host ret=0x0 err=false
  reply@0x27fc050+000: 00 12 00 00 48 00 00 00 00 00 00 00 03 0f 00 00
  reply@0x27fc050+010: 00 00 00 00 2c 01 00 00 00 00 00 00 01 00 00 00
  reply@0x27fc050+020: 00 00 00 00 08 00 00 00 50 00 00 00 50 00 00 00
  reply@0x27fc050+030: 40 00 00 00 1f 00 00 00 00 00 00 00 00 00 00 00
  reply@0x27fc050+040: 00 00 00 00 4f 00 00 00 00 00 00 00 08 00 00 00
  reply@0x27fc050+050: 00 00 00 00 00 00 00 00 00 00 00 00 00 00 00 00
  reply@0x27fc050+060: 00 00 00 00 00 00 00 00 00 00 00 00 00 00 00 00
  reply@0x27fc050+070: 00 00 00 00 00 00 00 00 00 00 00 00 00 00 00 00
  reply@0x27fc050+080: 00 00 00 00 00 00 00 00 00 00 00 00 00 00 00 00
  reply@0x27fc050+090: 00 00 00 00 00 00 00 00 00 00 00 00 00 00 00 00
  reply@0x27fc050+0a0: 00 00 00 00 00 00 00 00 00 00 00 00 00 00 00 00
  reply@0x27fc050+0b0: 00 00 00 00 00 00 00 00 00 00 00 00 00 00 00 00
  reply@0x27fc050+0c0: 00 00 00 00 00 00 00 00 00 00 00 00 00 00 00 00
  reply@0x27fc050+0d0: 00 00 00 00 00 00 00 00 00 00 00 00 00 00 00 00
  reply@0x27fc050+0e0: 00 00 00 00 00 00 00 00 00 00 00 00 00 00 00 00
  reply@0x27fc050+0f0: 00 00 00 00 00 00 00 00 00 00 00 00 00 00 00 00
[trap] num=-18 (0xffffffffffffffee) pc=0x1804adae4 args=[0x203,0xa03,0x0,0x27fc240,0xc800000000,0xf0300000000]
[trap] num=202 (0xca) pc=0x1804af460 args=[0x27fc248,0x2,0x27fc218,0x27fc1e0,0x0,0x0]
[trap] num=-27 (0xffffffffffffffe5) pc=0x1804adb50 args=[0x2ff20,0x0,0x3,0x1804f8a0e,0x0,0x0]
[trap] num=-24 (0xffffffffffffffe8) pc=0x1804adb2c args=[0x203,0x27fc190,0x0,0x27fc1ac,0x0,0x0]
[trap] num=366 (0x16e) pc=0x1804b3d2c args=[0x43190001804ecc14,0x55648001804ecc08,0x4000,0x27fc1e0,0x38,0xa0]
[trap] num=-29 (0xffffffffffffffe3) pc=0x1804adb68 args=[0x10030,0x103,0x7f168001804f8cd8,0x103,0x38,0xa0]
[trap] num=-47 (0xffffffffffffffd1) pc=0x1804adc34 args=[0x27fc220,0x200000003,0x2400001513,0x100300000a03,0xce00000000,0x100300000000]
[mach_msg2] msgh_id=206 dest=0xa03 reply=0x1003 options=0x200000003 bits=0x1513 send_size=36 rcv_size=48
  send+000: 13 15 00 00 24 00 00 00 03 0a 00 00 03 10 00 00
  send+010: 00 00 00 00 ce 00 00 00 00 00 00 00 01 00 00 00
  send+020: 00 00 00 00
[retrace] forwarding mach_msg2 host_get_clock_service (msgh_id 206) to host (decided allowlist)
[mach_msg2] host ret=0x0 err=false
  reply@0x27fc220+000: 00 12 00 80 28 00 00 00 00 00 00 00 03 10 00 00
  reply@0x27fc220+010: 00 00 00 00 32 01 00 00 01 00 00 00 03 09 00 00
  reply@0x27fc220+020: 00 00 00 00 00 00 11 00 00 00 00 00 08 00 00 00
  reply@0x27fc220+030: b8 fd c6 ee 01 00 00 00 03 0a 00 00 00 00 00 00
  reply@0x27fc220+040: 80 c2 7f 02 00 00 00 00 14 e8 39 80 01 00 3b d6
  reply@0x27fc220+050: b8 fd c6 ee 01 00 00 00 48 ff 7f 02 00 00 00 00
  reply@0x27fc220+060: a0 c2 7f 02 00 00 00 00 a0 e6 39 80 01 80 6b c8
  reply@0x27fc220+070: 18 53 44 ec 01 00 00 00 48 ff 7f 02 00 00 00 00
  reply@0x27fc220+080: 10 c3 7f 02 00 00 00 00 04 13 34 90 01 80 2b 66
  reply@0x27fc220+090: 48 02 34 90 01 00 00 00 a0 00 00 00 00 00 00 00
  reply@0x27fc220+0a0: 06 00 00 00 00 00 00 00 18 01 34 90 01 00 00 00
  reply@0x27fc220+0b0: c0 1b 34 90 01 00 00 00 a0 52 44 ec 01 00 00 00
  reply@0x27fc220+0c0: 5c 12 34 90 01 00 00 00 30 c3 7f 02 00 00 00 00
  reply@0x27fc220+0d0: c0 1b 34 90 01 00 00 00 a0 52 44 ec 01 00 00 00
  reply@0x27fc220+0e0: 5c 12 34 90 01 00 00 00 38 c8 7f 02 00 00 00 00
  reply@0x27fc220+0f0: c0 c3 7f 02 00 00 00 00 30 0e 16 80 01 80 05 4e
[trap] num=-47 (0xffffffffffffffd1) pc=0x1804adc34 args=[0x27fc220,0x200000003,0x2800001513,0x100300000203,0xd5a00000000,0x100300000000]
[mach_msg2] msgh_id=3418 dest=0x203 reply=0x1003 options=0x200000003 bits=0x1513 send_size=40 rcv_size=48
  send+000: 13 15 00 00 28 00 00 00 03 02 00 00 03 10 00 00
  send+010: 00 00 00 00 5a 0d 00 00 00 00 00 00 01 00 00 00
  send+020: 00 00 00 00 00 00 00 00
[retrace] forwarding mach_msg2 semaphore_create (msgh_id 3418) to host (decided allowlist)
[mach_msg2] host ret=0x0 err=false
  reply@0x27fc220+000: 00 12 00 80 28 00 00 00 00 00 00 00 03 10 00 00
  reply@0x27fc220+010: 00 00 00 00 be 0d 00 00 01 00 00 00 03 13 00 00
  reply@0x27fc220+020: 00 00 00 00 00 00 11 00 00 00 00 00 08 00 00 00
  reply@0x27fc220+030: d8 5d 70 ec 01 00 00 00 03 0a 00 00 00 00 00 00
  reply@0x27fc220+040: 80 c2 7f 02 00 00 00 00 38 e8 39 80 01 80 69 56
  reply@0x27fc220+050: b8 fd c6 ee 01 00 00 00 48 ff 7f 02 00 00 00 00
  reply@0x27fc220+060: a0 c2 7f 02 00 00 00 00 a0 e6 39 80 01 80 6b c8
  reply@0x27fc220+070: 18 53 44 ec 01 00 00 00 48 ff 7f 02 00 00 00 00
  reply@0x27fc220+080: 10 c3 7f 02 00 00 00 00 04 13 34 90 01 80 2b 66
  reply@0x27fc220+090: 48 02 34 90 01 00 00 00 a0 00 00 00 00 00 00 00
  reply@0x27fc220+0a0: 06 00 00 00 00 00 00 00 18 01 34 90 01 00 00 00
  reply@0x27fc220+0b0: c0 1b 34 90 01 00 00 00 a0 52 44 ec 01 00 00 00
  reply@0x27fc220+0c0: 5c 12 34 90 01 00 00 00 30 c3 7f 02 00 00 00 00
  reply@0x27fc220+0d0: c0 1b 34 90 01 00 00 00 a0 52 44 ec 01 00 00 00
  reply@0x27fc220+0e0: 5c 12 34 90 01 00 00 00 38 c8 7f 02 00 00 00 00
  reply@0x27fc220+0f0: c0 c3 7f 02 00 00 00 00 30 0e 16 80 01 80 05 4e
[trap] num=-18 (0xffffffffffffffee) pc=0x1804adae4 args=[0x203,0xa03,0x2800001513,0x100300000203,0xd5a00000000,0x100300000000]
[trap] num=20 (0x14) pc=0x1804ae198 args=[0x0,0x0,0x0,0x27fc100,0x27fbdc0,0x64]
[trap] num=266 (0x10a) pc=0x1804af558 args=[0x18037ff36,0x0,0x0,0x103,0x27fbdc0,0x64]
[trap] num=339 (0x153) pc=0x1804bc288 args=[0x3,0x27fbb90,0x0,0x103,0x27fbdc0,0x64]
[trap] num=197 (0xc5) pc=0x1804aea18 args=[0x0,0x8000,0x1,0x40001,0x3,0x0]
[trap] num=6 (0x6) pc=0x1804ae8f0 args=[0x3,0x8000,0x1,0x40001,0x3,0x0]
[trap] num=169 (0xa9) pc=0x1804af8dc args=[0x16103,0x0,0x27fbcec,0x4,0x3,0x0]
[trap] num=500 (0x1f4) pc=0x1804ae144 args=[0x1ec6fd858,0x10,0x4,0x1804f8a0c,0x79,0x79]
[trap] num=54 (0x36) pc=0x1804b2338 args=[0x2,0x4004667a,0x27fbc5c,0x103,0x79,0x79]
[trap] num=54 (0x36) pc=0x1804b2338 args=[0x2,0x40487413,0x27fbc60,0x103,0x79,0x79]
[trap] num=116 (0x74) pc=0x1804b1b60 args=[0x27fb9d0,0x0,0x0,0xfffffc088,0x65,0x6d]
[trap] num=500 (0x1f4) pc=0x1804ae144 args=[0x27fbb08,0x20,0x27fbb08,0x1c725a0a,0xd5a800180267bdc,0x6d]
[trap] num=116 (0x74) pc=0x1804b1b60 args=[0x27fb9f0,0x0,0x0,0xfffffc088,0xd5a800180267bdc,0x6d]
[trap] num=116 (0x74) pc=0x1804b1b60 args=[0x27fba10,0x0,0x0,0xfffffc088,0x1ec6fcf70,0x1ec6fcfa8]
[trap] num=116 (0x74) pc=0x1804b1b60 args=[0x27fba10,0x0,0x0,0xfffffc088,0x27fb980,0xa03a8001802361b0]
[trap] num=-47 (0xffffffffffffffd1) pc=0x1804adc34 args=[0x27fbba8,0x200000003,0x6480001513,0x100300000203,0x12cb00000000,0x100300000001]
[mach_msg2] msgh_id=4811 dest=0x203 reply=0x1003 options=0x200000003 bits=0x80001513 send_size=100 rcv_size=52
  send+000: 13 15 00 80 64 00 00 00 03 02 00 00 03 10 00 00
  send+010: 00 00 00 00 cb 12 00 00 01 00 00 00 00 00 00 00
  send+020: 00 00 00 00 00 00 13 00 00 00 00 00 01 00 00 00
  send+030: 00 00 00 00 00 00 00 00 00 c0 4a 00 00 00 00 00
  send+040: 00 00 00 00 00 00 00 00 01 00 00 01 00 00 00 00
  send+050: 00 00 00 00 00 00 00 00 00 00 00 00 00 00 00 00
  send+060: 01 00 00 00
[trap] num=-12 (0xfffffffffffffff4) pc=0x1804adaa8 args=[0x203,0xa000b8000,0x100000,0x100300000203,0x12cb00000000,0x100300000001]
[trap] num=116 (0x74) pc=0x1804b1b60 args=[0x27fb6f0,0x0,0x0,0xfffffc088,0x12cb00000000,0x100300000001]
[trap] num=-15 (0xfffffffffffffff1) pc=0x1804adacc args=[0x203,0x27fb7b8,0x408000,0x0,0x1000001,0x3]
[trap] num=74 (0x4a) pc=0x1804b1b04 args=[0x4c000,0x4000,0x0,0x40000000,0x0,0x3]
[trap] num=74 (0x4a) pc=0x1804b1b04 args=[0x450000,0x4000,0x0,0x40000000,0x0,0x3]
[trap] num=-15 (0xfffffffffffffff1) pc=0x1804adacc args=[0x203,0x27fb838,0x400000,0x0,0x7004000,0x3]
[trap] num=-89 (0xffffffffffffffa7) pc=0x1804add00 args=[0x1ec705d78,0x180327210,0x0,0x1804f8a08,0x7004000,0x3]
[trap] num=-15 (0xfffffffffffffff1) pc=0x1804adacc args=[0x203,0x27fb828,0x3e000,0x0,0x1000001,0x3]
[trap] num=-47 (0xffffffffffffffd1) pc=0x1804adc34 args=[0x27fb780,0x200000003,0x2800001513,0x100300000203,0x12d600000000,0x100300000000]
[mach_msg2] msgh_id=4822 dest=0x203 reply=0x1003 options=0x200000003 bits=0x1513 send_size=40 rcv_size=60
  send+000: 13 15 00 00 28 00 00 00 03 02 00 00 03 10 00 00
  send+010: 00 00 00 00 d6 12 00 00 00 00 00 00 01 00 00 00
  send+020: f8 03 00 00 f8 03 40 00
[trap] num=-10 (0xfffffffffffffff6) pc=0x1804ada90 args=[0x203,0x27fb178,0x4000,0x1,0x180327599,0x27fb830]
[trap] num=336 (0x150) pc=0x1804af110 args=[0x2,0x16103,0x11,0x0,0x27fb158,0x38]
[trap] num=97 (0x61) pc=0x1804b1fa0 args=[0x1,0x2,0x0,0x103,0x27fb158,0x38]
[trap] num=92 (0x5c) pc=0x1804ae8c4 args=[0x3,0x2,0x1,0x103,0x27fb158,0x38]
[trap] num=98 (0x62) pc=0x1804b2364 args=[0x3,0x27fa786,0x6a,0x27fa798,0x27fb158,0x38]
[trap] num=133 (0x85) pc=0x1804b2390 args=[0x3,0x27fa890,0xf9,0x0,0x0,0x0]
[trap] num=-12 (0xfffffffffffffff4) pc=0x1804adaa8 args=[0x203,0xa004ec000,0x4000,0x0,0x0,0x0]
[trap] num=-47 (0xffffffffffffffd1) pc=0x1804adc34 args=[0x27fb718,0x200000003,0x6480001513,0x100300000203,0x12cb00000000,0x100300000001]
[mach_msg2] msgh_id=4811 dest=0x203 reply=0x1003 options=0x200000003 bits=0x80001513 send_size=100 rcv_size=52
  send+000: 13 15 00 80 64 00 00 00 03 02 00 00 03 10 00 00
  send+010: 00 00 00 00 cb 12 00 00 01 00 00 00 00 00 00 00
  send+020: 00 00 00 00 00 00 13 00 00 00 00 00 01 00 00 00
  send+030: 00 00 00 00 04 00 00 00 00 00 00 00 06 00 00 00
  send+040: 00 00 00 00 00 00 00 00 00 00 00 00 00 00 00 00
  send+050: 00 00 00 00 00 00 00 00 00 00 00 00 00 00 00 00
  send+060: 01 00 00 00
[trap] num=116 (0x74) pc=0x1804b1b60 args=[0x27fb600,0x0,0x0,0xfffffc088,0x0,0x700]
[trap] num=-15 (0xfffffffffffffff1) pc=0x1804adacc args=[0x203,0x27fbc58,0x4000,0x0,0x1000001,0x3]
[trap] num=74 (0x4a) pc=0x1804b1b04 args=[0xa000f8000,0x4000,0x1,0xa000f8008,0x1000001,0x3]
[trap] num=-14 (0xfffffffffffffff2) pc=0x1801155b8 args=[0x203,0x1ec444000,0x24000,0x0,0x3,0x3]
[trap] num=-14 (0xfffffffffffffff2) pc=0x1801155b8 args=[0x203,0x1ec444000,0x24000,0x0,0x1,0x3]
[trap] num=327 (0x147) pc=0x1804ad92c args=[0x16103,0x3,0x103,0x103,0x1,0x3]
[trap] num=-47 (0xffffffffffffffd1) pc=0x1804adc34 args=[0x27fbd5c,0x200000003,0x7400001513,0x100300000203,0x1f4000000000,0x100300000000]
[mach_msg2] msgh_id=8000 dest=0x203 reply=0x1003 options=0x200000003 bits=0x1513 send_size=116 rcv_size=44
  send+000: 13 15 00 00 74 00 00 00 03 02 00 00 03 10 00 00
  send+010: 00 00 00 00 40 1f 00 00 00 00 00 00 01 00 00 00
  send+020: 05 00 00 00 88 5c 09 80 01 00 00 00 78 00 78 00
  send+030: 00 00 00 00 20 58 09 80 01 00 00 00 5c 00 5c 00
  send+040: 00 00 00 00 38 5a 09 80 01 00 00 00 5c 00 5c 00
  send+050: 00 00 00 00 00 59 09 80 01 00 00 00 78 00 78 00
  send+060: 00 00 00 00 b8 5a 09 80 01 00 00 00 78 00 78 00
  send+070: 00 00 00 00
[trap] num=-47 (0xffffffffffffffd1) pc=0x1804adc34 args=[0x27fc160,0x200000003,0x1800001513,0x100300000203,0x1f4100000000,0x100300000000]
[mach_msg2] msgh_id=8001 dest=0x203 reply=0x1003 options=0x200000003 bits=0x1513 send_size=24 rcv_size=44
  send+000: 13 15 00 00 18 00 00 00 03 02 00 00 03 10 00 00
  send+010: 00 00 00 00 41 1f 00 00
[trap] num=-14 (0xfffffffffffffff2) pc=0x1801155b8 args=[0x203,0x1ec444000,0x24000,0x0,0x3,0x53]
[trap] num=-15 (0xfffffffffffffff1) pc=0x1804adacc args=[0x203,0x27fb278,0x8000,0x0,0x1000001,0x3]
[trap] num=-15 (0xfffffffffffffff1) pc=0x1804adacc args=[0x203,0x27fb2d8,0x8000,0x0,0xb004000,0x3]
[trap] num=116 (0x74) pc=0x1804b1b60 args=[0x27fb1c0,0x0,0x0,0xfffffc088,0x8,0x41]
[trap] num=116 (0x74) pc=0x1804b1b60 args=[0x27fb110,0x0,0x0,0xfffffc088,0x8,0x41]
[trap] num=116 (0x74) pc=0x1804b1b60 args=[0x27fb110,0x0,0x0,0xfffffc088,0x8,0x41]
[trap] num=116 (0x74) pc=0x1804b1b60 args=[0x27fb110,0x0,0x0,0xfffffc088,0x8,0x41]
[trap] num=116 (0x74) pc=0x1804b1b60 args=[0x27fb110,0x0,0x0,0xfffffc088,0x8,0x41]
[trap] num=116 (0x74) pc=0x1804b1b60 args=[0x27fb110,0x0,0x0,0xfffffc088,0x8,0x41]
[trap] num=116 (0x74) pc=0x1804b1b60 args=[0x27fb110,0x0,0x0,0xfffffc088,0x8,0x41]
[trap] num=116 (0x74) pc=0x1804b1b60 args=[0x27fb110,0x0,0x0,0xfffffc088,0x8,0x41]
[trap] num=116 (0x74) pc=0x1804b1b60 args=[0x27fb110,0x0,0x0,0xfffffc088,0x8,0x41]
[trap] num=116 (0x74) pc=0x1804b1b60 args=[0x27fb110,0x0,0x0,0xfffffc088,0x8,0x41]
[trap] num=116 (0x74) pc=0x1804b1b60 args=[0x27fb110,0x0,0x0,0xfffffc088,0x8,0x41]
[trap] num=116 (0x74) pc=0x1804b1b60 args=[0x27fb110,0x0,0x0,0xfffffc088,0x8,0x41]
[trap] num=116 (0x74) pc=0x1804b1b60 args=[0x27fb110,0x0,0x0,0xfffffc088,0x8,0x41]
[trap] num=116 (0x74) pc=0x1804b1b60 args=[0x27fb110,0x0,0x0,0xfffffc088,0x8,0x41]
[trap] num=-15 (0xfffffffffffffff1) pc=0x1804adacc args=[0x203,0x27fb128,0x400000,0x0,0x2004000,0x3]
[trap] num=-15 (0xfffffffffffffff1) pc=0x1804adacc args=[0x203,0x27fb078,0x80000,0x3fff,0x1000001,0x3]
[trap] num=-14 (0xfffffffffffffff2) pc=0x1801155b8 args=[0x203,0x1ec444000,0x24000,0x0,0x1,0x0]
[trap] num=202 (0xca) pc=0x1804af460 args=[0x27fc150,0x2,0x27fc118,0x27fc110,0x180205f3c,0x15]
[trap] num=202 (0xca) pc=0x1804af460 args=[0x27fc118,0x2,0x27fc1d0,0x27fc1c0,0x0,0x0]
[trap] num=202 (0xca) pc=0x1804af460 args=[0x27fc150,0x2,0x27fc118,0x27fc110,0x180205f9b,0x16]
[trap] num=202 (0xca) pc=0x1804af460 args=[0x27fc118,0x2,0x27fc1d0,0x27fc1c0,0x0,0x0]
[trap] num=202 (0xca) pc=0x1804af460 args=[0x27fc150,0x2,0x27fc118,0x27fc110,0x180205f3c,0x15]
[trap] num=202 (0xca) pc=0x1804af460 args=[0x27fc118,0x2,0x27fc1d0,0x27fc1c0,0x0,0x0]
[trap] num=-47 (0xffffffffffffffd1) pc=0x1804adc34 args=[0x27fc1f0,0x200000003,0x2400001513,0x100300000203,0xd5100000000,0x100300000000]
[mach_msg2] msgh_id=3409 dest=0x203 reply=0x1003 options=0x200000003 bits=0x1513 send_size=36 rcv_size=48
  send+000: 13 15 00 00 24 00 00 00 03 02 00 00 03 10 00 00
  send+010: 00 00 00 00 51 0d 00 00 00 00 00 00 01 00 00 00
  send+020: 04 00 00 00
[trap] num=-19 (0xffffffffffffffed) pc=0x1804adaf0 args=[0x203,0x1203,0x0,0x1,0xd5100000000,0x100300000000]
[trap] num=-19 (0xffffffffffffffed) pc=0x1804adaf0 args=[0x203,0x1203,0x0,0x1,0xd5100000000,0x100300000000]
[trap] num=-19 (0xffffffffffffffed) pc=0x1804adaf0 args=[0x203,0x1203,0x0,0x1,0x0,0x100300000000]
[trap] num=-14 (0xfffffffffffffff2) pc=0x1801155b8 args=[0x203,0x1ec444000,0x24000,0x0,0x3,0x27fc01f]
[trap] num=-14 (0xfffffffffffffff2) pc=0x1801155b8 args=[0x203,0x1ec444000,0x24000,0x0,0x1,0x27fc01f]
[trap] num=5 (0x5) pc=0x180119f50 args=[0x606a0,0x0,0x0,0x606a0,0x0,0x27fc01f]
[trap] num=92 (0x5c) pc=0x1801180d8 args=[0x4,0x32,0x27fbae8,0x606a0,0x0,0x27fc01f]
[trap] num=6 (0x6) pc=0x180116750 args=[0x4,0x32,0x27fbae8,0x606a0,0x0,0x27fc01f]
[trap] num=220 (0xdc) pc=0x1804ae63c args=[0x606a0,0x27fbb10,0x27fbb2c,0x40c,0x0,0x27fc01f]
[trap] num=33 (0x21) pc=0x1804ae668 args=[0x61550,0x4,0x61450,0x614e0,0x0,0x53]
[M28 BANDSHRINK] syscall 33 band past ipa 0x61450 len 65536 shrunk 64 -> 0 by an overlapping window of the same call
[M28 BANDSHRINK] syscall 33 band past ipa 0x614e0 len 65536 shrunk 64 -> 0 by an overlapping window of the same call
[trap] num=5 (0x5) pc=0x1804ae694 args=[0x61550,0x0,0x0,0x614e0,0x0,0x53]
[M28 BANDSHRINK] syscall 5 band past ipa 0x614e0 len 65536 shrunk 64 -> 0 by an overlapping window of the same call
[trap] num=339 (0x153) pc=0x1804bc288 args=[0x4,0x61450,0x0,0x614e0,0x0,0x53]
[M28 BANDSHRINK] syscall 339 band past ipa 0x61450 len 65536 shrunk 64 -> 0 by an overlapping window of the same call
[trap] num=483 (0x1e3) pc=0x1804ae6f0 args=[0x0,0x27fbd3c,0x4,0x614e0,0x0,0x53]
[trap] num=228 (0xe4) pc=0x1804b1694 args=[0x4,0x27fbe00,0x27fbd60,0x28,0x0,0x53]
[trap] num=228 (0xe4) pc=0x1804b1694 args=[0x4,0x27fbe30,0x27fbe20,0xc,0x20,0x53]
[trap] num=92 (0x5c) pc=0x1804ae8c4 args=[0x4,0x32,0x27fba58,0x27fbe18,0x27fbac0,0x53]
[trap] num=6 (0x6) pc=0x1804ae8f0 args=[0x4,0x27fba5d,0x0,0x61565,0x0,0x53]
[trap] num=5 (0x5) pc=0x1804ae694 args=[0x61570,0x0,0x0,0x6157f,0x18020b535,0x27fbf20]
[M28 BANDSHRINK] syscall 5 band past ipa 0x61570 len 65536 shrunk 64 -> 0 by an overlapping window of the same call
[trap] num=336 (0x150) pc=0x1804af110 args=[0x2,0x16103,0xd,0x1,0x27fc190,0x40]
[trap] num=-24 (0xffffffffffffffe8) pc=0x1804adb2c args=[0x203,0x27fc250,0x71b75ace,0x27fc24c,0x0,0x5]
[trap] num=-47 (0xffffffffffffffd1) pc=0x1804adc34 args=[0x27fc1e8,0x200000003,0x3480001513,0x100300000203,0xd5200000000,0x100300000001]
[mach_msg2] msgh_id=3410 dest=0x203 reply=0x1003 options=0x200000003 bits=0x80001513 send_size=52 rcv_size=44
  send+000: 13 15 00 80 34 00 00 00 03 02 00 00 03 10 00 00
  send+010: 00 00 00 00 52 0d 00 00 01 00 00 00 03 11 00 00
  send+020: 00 00 00 00 00 00 13 00 00 00 00 00 01 00 00 00
  send+030: 0a 00 00 00
[trap] num=-47 (0xffffffffffffffd1) pc=0x1804adc34 args=[0x27fbf68,0x200000003,0x2800001513,0x100300000203,0xd4d00000000,0x100300000000]
[mach_msg2] msgh_id=3405 dest=0x203 reply=0x1003 options=0x200000003 bits=0x1513 send_size=40 rcv_size=424
  send+000: 13 15 00 00 28 00 00 00 03 02 00 00 03 10 00 00
  send+010: 00 00 00 00 4d 0d 00 00 00 00 00 00 01 00 00 00
  send+020: 0f 00 00 00 08 00 00 00
[retrace] forwarding mach_msg2 task_info (msgh_id 3405) to host (decided allowlist)
[mach_msg2] host ret=0x0 err=false
  reply@0x27fbf68+000: 00 12 00 00 48 00 00 00 00 00 00 00 03 10 00 00
  reply@0x27fbf68+010: 00 00 00 00 b1 0d 00 00 00 00 00 00 01 00 00 00
  reply@0x27fbf68+020: 00 00 00 00 08 00 00 00 f5 01 00 00 f5 01 00 00
  reply@0x27fbf68+030: 14 00 00 00 f5 01 00 00 14 00 00 00 03 61 01 00
  reply@0x27fbf68+040: b9 86 01 00 1d cc 68 00 00 00 00 00 08 00 00 00
  reply@0x27fbf68+050: 00 00 00 00 00 00 00 00 00 00 00 00 00 00 00 00
  reply@0x27fbf68+060: 00 00 00 00 00 00 00 00 00 00 00 00 00 00 00 00
  reply@0x27fbf68+070: 00 00 00 00 00 00 00 00 00 00 00 00 00 00 00 00
  reply@0x27fbf68+080: 00 00 00 00 00 00 00 00 00 00 00 00 00 00 00 00
  reply@0x27fbf68+090: 00 00 00 00 00 00 00 00 00 00 00 00 00 00 00 00
  reply@0x27fbf68+0a0: 00 00 00 00 00 00 00 00 00 00 00 00 00 00 00 00
  reply@0x27fbf68+0b0: 00 00 00 00 00 00 00 00 00 00 00 00 00 00 00 00
  reply@0x27fbf68+0c0: 00 00 00 00 00 00 00 00 00 00 00 00 00 00 00 00
  reply@0x27fbf68+0d0: 00 00 00 00 00 00 00 00 00 00 00 00 00 00 00 00
  reply@0x27fbf68+0e0: 00 00 00 00 00 00 00 00 00 00 00 00 00 00 00 00
  reply@0x27fbf68+0f0: 00 00 00 00 00 00 00 00 00 00 00 00 00 00 00 00
[trap] num=170 (0xaa) pc=0x1804ae5d0 args=[0x16103,0x10,0x27fbd80,0x408,0x10478,0x100300000000]
[trap] num=202 (0xca) pc=0x1804af460 args=[0x27fc180,0x2,0x27fc148,0x27fc140,0x1844cfba7,0x15]
[trap] num=202 (0xca) pc=0x1804af460 args=[0x27fc148,0x2,0x27fc1d8,0x27fc1d0,0x0,0x0]
[trap] num=-14 (0xfffffffffffffff2) pc=0x1801155b8 args=[0x203,0x1ec444000,0x24000,0x0,0x3,0x0]
[trap] num=-15 (0xfffffffffffffff1) pc=0x1801155c4 args=[0x203,0x27fbe30,0x20000,0x3fff,0x3c000001,0x3]
[trap] num=-12 (0xfffffffffffffff4) pc=0x1801155a0 args=[0x203,0x10001c000,0x20000,0x103,0xffffffff13bdc8b0,0x20]
[trap] num=-14 (0xfffffffffffffff2) pc=0x1801155b8 args=[0x203,0x1ec444000,0x24000,0x0,0x1,0x0]
[trap] num=-14 (0xfffffffffffffff2) pc=0x1801155b8 args=[0x203,0x1ec444000,0x24000,0x0,0x3,0x0]
[trap] num=-14 (0xfffffffffffffff2) pc=0x1801155b8 args=[0x203,0x1ec444000,0x24000,0x0,0x1,0x0]
[trap] num=-14 (0xfffffffffffffff2) pc=0x1801155b8 args=[0x203,0x1ec444000,0x24000,0x0,0x3,0x0]
[trap] num=-14 (0xfffffffffffffff2) pc=0x1801155b8 args=[0x203,0x1ec444000,0x24000,0x0,0x1,0x0]
[trap] num=-14 (0xfffffffffffffff2) pc=0x1801155b8 args=[0x203,0x1ec444000,0x24000,0x0,0x3,0x0]
[trap] num=-14 (0xfffffffffffffff2) pc=0x1801155b8 args=[0x203,0x1ec444000,0x24000,0x0,0x1,0x0]
[trap] num=-14 (0xfffffffffffffff2) pc=0x1801155b8 args=[0x203,0x1ec444000,0x24000,0x0,0x3,0x0]
[trap] num=-14 (0xfffffffffffffff2) pc=0x1801155b8 args=[0x203,0x1ec444000,0x24000,0x0,0x1,0x0]
[trap] num=-14 (0xfffffffffffffff2) pc=0x1801155b8 args=[0x203,0x1ec444000,0x24000,0x0,0x3,0x0]
[trap] num=-15 (0xfffffffffffffff1) pc=0x1801155c4 args=[0x203,0x27fbeb0,0x20000,0x3fff,0x3c000001,0x3]
[trap] num=-12 (0xfffffffffffffff4) pc=0x1801155a0 args=[0x203,0x10001c000,0x20000,0x103,0xffffffff13bdc8b0,0x20]
[trap] num=-14 (0xfffffffffffffff2) pc=0x1801155b8 args=[0x203,0x1ec444000,0x24000,0x0,0x1,0x20]
[trap] num=54 (0x36) pc=0x1804b2338 args=[0x0,0x40087468,0x27ff818,0x1804f8a08,0x0,0x0]
[trap] num=54 (0x36) pc=0x1804b2338 args=[0x0,0x4004667a,0x27ff7cc,0x1804f8a08,0x0,0x0]
[trap] num=46 (0x2e) pc=0x1804b4478 args=[0x1,0x27ff7e8,0x27ff810,0x1804f8a08,0x0,0x0]
[trap] num=46 (0x2e) pc=0x1804b4478 args=[0x3,0x27ff7e8,0x27ff810,0x1804f8a08,0x0,0x0]
[trap] num=46 (0x2e) pc=0x1804b4478 args=[0x2,0x27ff7e8,0x27ff810,0x1804f8a08,0x0,0x0]
[trap] num=48 (0x30) pc=0x1804b13d8 args=[0x1,0x0,0x1000102b0,0x1804f8a08,0x0,0x0]
[trap] num=53 (0x35) pc=0x1804b1404 args=[0x0,0x27ff820,0x1000102b0,0x1804f8a08,0x0,0x0]
[trap] num=339 (0x153) pc=0x1804bc288 args=[0x0,0x27ff710,0x27ff7d4,0x1,0x0,0x0]
[trap] num=339 (0x153) pc=0x1804bc288 args=[0x1,0x27ff710,0x27ff7d4,0x0,0x0,0x0]
[trap] num=60 (0x3c) pc=0x1804b34b8 args=[0x3f,0x1,0x120a8,0x100,0x0,0x0]
[trap] num=116 (0x74) pc=0x1804b1b60 args=[0x27ff040,0x0,0x0,0xfffffc088,0xf84100018039e028,0x0]
[trap] num=116 (0x74) pc=0x1804b1b60 args=[0x27ff040,0x0,0x0,0xfffffc088,0xf84100018039e028,0x0]
[trap] num=116 (0x74) pc=0x1804b1b60 args=[0x27ff040,0x0,0x0,0xfffffc088,0xf84100018039e028,0x0]
[trap] num=116 (0x74) pc=0x1804b1b60 args=[0x27ff040,0x0,0x0,0xfffffc088,0xf84100018039e028,0x0]
[trap] num=116 (0x74) pc=0x1804b1b60 args=[0x27ff040,0x0,0x0,0xfffffc088,0xf84100018039e028,0x0]
[trap] num=116 (0x74) pc=0x1804b1b60 args=[0x27ff040,0x0,0x0,0xfffffc088,0xf84100018039e028,0x0]
[trap] num=470 (0x1d6) pc=0x1804bc2e0 args=[0xfffffffe,0x100010080,0x27ff2f0,0x0,0xf84100018039e028,0x0]
[trap] num=412 (0x19c) pc=0x1804bbd8c args=[0x2,0x27fef88,0x4,0x1804f8a08,0xf84100018039e028,0x0]
[trap] num=60 (0x3c) pc=0x1804b34b8 args=[0x12,0xffffffffffffffff,0x120a8,0x1804f8a08,0xf84100018039e028,0x0]
[trap] num=1 (0x1) pc=0x1804b5584 args=[0x2,0x1,0x120a8,0x1804f8a08,0xf84100018039e028,0x0]
[retrace] fall-throughs: 0
