recpid=91174
[trap] num=-28 (0xffffffffffffffe4) pc=0x140001654 args=[0x27ffac8,0x8,0x1400e0090,0x27ff56f,0x27ff6b8,0x308001400647cc]
[trap] num=-26 (0xffffffffffffffe6) pc=0x14000163c args=[0x203,0x8,0x1400e0090,0x27ff56f,0x27ff6b8,0x308001400647cc]
[trap] num=372 (0x174) pc=0x140004b14 args=[0x0,0x8,0x1400e0090,0x27ff56f,0x27ff6b8,0x308001400647cc]
[trap] num=2147483648 (0x80000000) pc=0x14008194c args=[0x1400b9ee0,0x8,0x1400e0090,0x2,0x27ff6b8,0x308001400647cc]
[retrace warn] dyld __mac_syscall(Sandbox) synthesized as success/unsandboxed (not forwarded; host would fault)
[trap] num=38 (0x26) pc=0x1400815a0 args=[0x0,0x0,0x0,0x27ff768,0x0,0x308001400647cc]
[trap] num=-14 (0xfffffffffffffff2) pc=0x1400015b8 args=[0x203,0x1400bc000,0x200f0,0x0,0x3,0x308001400647cc]
[trap] num=483 (0x1e3) pc=0x140004e08 args=[0x0,0x27ff72c,0x4,0x0,0x3,0x308001400647cc]
[trap] num=38 (0x26) pc=0x1400815a0 args=[0x0,0x0,0x0,0x27ff6e8,0x0,0x308001400647cc]
[trap] num=-14 (0xfffffffffffffff2) pc=0x1400015b8 args=[0x203,0x1400bc000,0x200f0,0x0,0x1,0x1400bc0f0]
[trap] num=-14 (0xfffffffffffffff2) pc=0x1400015b8 args=[0x203,0x1400bc000,0x200f0,0x0,0x3,0x1400bc0f0]
[trap] num=-14 (0xfffffffffffffff2) pc=0x1400015b8 args=[0x203,0x1400bc000,0x200f0,0x0,0x1,0x73]
[trap] num=294 (0x126) pc=0x1400062f8 args=[0x27ffa90,0x27ffa90,0x27ffa80,0x27ffa90,0x27ffb00,0x73]
[trap] num=-14 (0xfffffffffffffff2) pc=0x1400015b8 args=[0x203,0x1400bc000,0x200f0,0x0,0x3,0x73]
[trap] num=-15 (0xfffffffffffffff1) pc=0x1400015c4 args=[0x203,0x27fef10,0x20000,0x3fff,0x3c000001,0x3]
[trap] num=20 (0x14) pc=0x140004f48 args=[0x0,0x3,0xfffffa7cfc283489,0x2,0x1,0x27ff660]
[trap] num=-12 (0xfffffffffffffff4) pc=0x1400015a0 args=[0x203,0x1000a0000,0x20000,0x0,0x0,0x0]
[trap] num=-14 (0xfffffffffffffff2) pc=0x1400015b8 args=[0x203,0x1400bc000,0x200f0,0x0,0x1,0x0]
[trap] num=38 (0x26) pc=0x1400815a0 args=[0x0,0x0,0x0,0x27ff878,0x1,0x0]
[trap] num=483 (0x1e3) pc=0x140004e08 args=[0x0,0x27ff88c,0x4,0x27ff8f8,0x1,0x0]
[trap] num=-14 (0xfffffffffffffff2) pc=0x1400015b8 args=[0x203,0x1400bc000,0x200f0,0x0,0x3,0x0]
[trap] num=-15 (0xfffffffffffffff1) pc=0x1400015c4 args=[0x203,0x27fef10,0x20000,0x3fff,0x3c000001,0x3]
[trap] num=-12 (0xfffffffffffffff4) pc=0x1400015a0 args=[0x203,0x1000a0000,0x20000,0x0,0x0,0x0]
[trap] num=-14 (0xfffffffffffffff2) pc=0x1400015b8 args=[0x203,0x1400bc000,0x200f0,0x0,0x1,0x0]
[trap] num=336 (0x150) pc=0x14000600c args=[0xf,0x16426,0x0,0x0,0x1ec6f7f80,0x170]
[trap] num=-28 (0xffffffffffffffe4) pc=0x180115654 args=[0x1,0x0,0x0,0x0,0x0,0x0]
[trap] num=-26 (0xffffffffffffffe6) pc=0x18011563c args=[0x203,0x0,0x0,0x0,0x0,0x0]
[trap] num=372 (0x174) pc=0x180118b14 args=[0x0,0x0,0x0,0x0,0x0,0x0]
[trap] num=2147483648 (0x80000000) pc=0x18019594c args=[0x1ec6f9e60,0x0,0x0,0x2,0x0,0x0]
[retrace warn] dyld __mac_syscall(Sandbox) synthesized as success/unsandboxed (not forwarded; host would fault)
[trap] num=38 (0x26) pc=0x1801955a0 args=[0x0,0x0,0x0,0x27ff768,0x0,0x0]
[trap] num=-14 (0xfffffffffffffff2) pc=0x1801155b8 args=[0x203,0x1ec444000,0x24000,0x0,0x13,0x0]
[trap] num=483 (0x1e3) pc=0x180118e08 args=[0x0,0x27ff72c,0x4,0x0,0x13,0x0]
[trap] num=38 (0x26) pc=0x1801955a0 args=[0x0,0x0,0x0,0x27ff6e8,0x0,0x0]
[trap] num=-14 (0xfffffffffffffff2) pc=0x1801155b8 args=[0x203,0x1ec444000,0x24000,0x0,0x1,0x1ec444140]
[trap] num=-14 (0xfffffffffffffff2) pc=0x1801155b8 args=[0x203,0x1ec444000,0x24000,0x0,0x13,0x1ec444140]
[trap] num=-14 (0xfffffffffffffff2) pc=0x1801155b8 args=[0x203,0x1ec444000,0x24000,0x0,0x1,0x73]
[trap] num=294 (0x126) pc=0x18011a2f8 args=[0x27ffa90,0x27ffa90,0x27ffa80,0x27ffa90,0x27ffb00,0x73]
[trap] num=-19 (0xffffffffffffffed) pc=0x1801155e8 args=[0x203,0x203,0x0,0xffffffff,0x27ffb00,0x73]
[trap] num=-14 (0xfffffffffffffff2) pc=0x1801155b8 args=[0x203,0x1ec444000,0x24000,0x0,0x3,0x73]
[trap] num=-15 (0xfffffffffffffff1) pc=0x1801155c4 args=[0x203,0x27fef10,0x20000,0x3fff,0x3c000001,0x3]
[trap] num=20 (0x14) pc=0x180118f48 args=[0x0,0x3,0xfffffa7cfc299c89,0x2,0x1,0x27ff660]
[trap] num=-12 (0xfffffffffffffff4) pc=0x1801155a0 args=[0x203,0x1000a0000,0x20000,0x0,0x0,0x0]
[trap] num=-14 (0xfffffffffffffff2) pc=0x1801155b8 args=[0x203,0x1ec444000,0x24000,0x0,0x1,0x0]
[trap] num=73 (0x49) pc=0x18011823c args=[0x140000000,0xa8000,0x27ff7ef,0x2,0x8,0x0]
[trap] num=73 (0x49) pc=0x18011823c args=[0x1400a8000,0x4000,0x27ff7ef,0x2,0x8,0x0]
[trap] num=73 (0x49) pc=0x18011823c args=[0x1400ac000,0x8000,0x27ff7ef,0x2,0x8,0x0]
[trap] num=73 (0x49) pc=0x18011823c args=[0x1400b4000,0x4000,0x27ff7ef,0x2,0x8,0x0]
[trap] num=73 (0x49) pc=0x18011823c args=[0x1400bc000,0x24000,0x27ff7ef,0x2,0x8,0x0]
[trap] num=73 (0x49) pc=0x18011823c args=[0x1400e0000,0x60000,0x27ff7ef,0x2,0x8,0x0]
[trap] num=-14 (0xfffffffffffffff2) pc=0x1801155b8 args=[0x203,0x1ec444000,0x24000,0x0,0x3,0x0]
[trap] num=38 (0x26) pc=0x1801955a0 args=[0x0,0x0,0x0,0x27ff3a8,0x1,0x0]
[trap] num=5 (0x5) pc=0x180119f50 args=[0x27fffec,0x0,0x0,0x0,0x1,0x0]
[trap] num=92 (0x5c) pc=0x1801180d8 args=[0x3,0x32,0x27fefa8,0x0,0x1,0x0]
[trap] num=6 (0x6) pc=0x180116750 args=[0x3,0x32,0x27fefa8,0x0,0x1,0x0]
[trap] num=483 (0x1e3) pc=0x180118e08 args=[0x0,0x27ff3bc,0x4,0x27,0x74,0x4d]
[trap] num=381 (0x17d) pc=0x180119ecc args=[0x1801b7eb4,0x2,0x27ff2e0,0xa,0x73,0x69]
[trap] num=483 (0x1e3) pc=0x180118e08 args=[0x0,0x27ff3cc,0x4,0x33,0x74,0x41]
[trap] num=202 (0xca) pc=0x18011a37c args=[0x27ff380,0x2,0x27ff348,0x27ff340,0x1801ab70b,0x20]
[trap] num=202 (0xca) pc=0x18011a37c args=[0x27ff348,0x3,0x27ff3dc,0x27ff3d0,0x0,0x0]
[trap] num=381 (0x17d) pc=0x180119ecc args=[0x1801b4bf1,0x5a,0x27ff360,0x2,0x8,0x72]
[trap] num=202 (0xca) pc=0x18011a37c args=[0x27fe5d0,0x2,0x27fe598,0x27fe590,0x1801b698e,0xd]
[trap] num=202 (0xca) pc=0x18011a37c args=[0x27fe598,0x2,0x27fe648,0x27fe640,0x0,0x0]
[trap] num=5 (0x5) pc=0x180119f50 args=[0x1801aaaf1,0x20100000,0x0,0xfffffffffffffff0,0x0,0x72]
[trap] num=463 (0x1cf) pc=0x180119f7c args=[0x3,0x1801b4c4b,0x100000,0x0,0x0,0x72]
[trap] num=41 (0x29) pc=0x18011a484 args=[0x4,0x1801b625c,0x100000,0x0,0x0,0x72]
[trap] num=470 (0x1d6) pc=0x18011a5e4 args=[0x4,0x27fe121,0x27fe090,0x0,0x27fe180,0x72]
[trap] num=463 (0x1cf) pc=0x180119f7c args=[0x4,0x27fe121,0x100000,0x0,0x27fe180,0x72]
[trap] num=92 (0x5c) pc=0x1801180d8 args=[0x6,0x32,0x27fe120,0x0,0x27fe180,0x72]
[trap] num=41 (0x29) pc=0x18011a484 args=[0x6,0x1801b6e25,0x27fefb0,0x0,0x27fe180,0x72]
[trap] num=41 (0x29) pc=0x18011a484 args=[0x5,0x1801b6e25,0x27fefb0,0x0,0x27fe180,0x72]
[trap] num=6 (0x6) pc=0x180116750 args=[0x3,0x1801b6cb4,0x27fefb0,0x0,0x27fe180,0x72]
[trap] num=6 (0x6) pc=0x180116750 args=[0x5,0x1801b6cf2,0x27fefb0,0x0,0x27fe180,0x72]
[trap] num=6 (0x6) pc=0x180116750 args=[0x4,0x1801b6d1f,0x27fefb0,0x0,0x27fe180,0x72]
[trap] num=6 (0x6) pc=0x180116750 args=[0x6,0x1801b6d4a,0x27fefb0,0x0,0x27fe180,0x72]
[trap] num=381 (0x17d) pc=0x180119ecc args=[0x1801b7eb4,0x2,0x27fee30,0xa,0x73,0x69]
[trap] num=294 (0x126) pc=0x18011a2f8 args=[0x27fee78,0x27fef48,0x27fef48,0x27fef74,0x73,0x69]
[trap] num=-14 (0xfffffffffffffff2) pc=0x1801155b8 args=[0x203,0x1ec444000,0x24000,0x0,0x3,0x0]
[trap] num=427 (0x1ab) pc=0x18011a5b8 args=[0x27fefe0,0x400,0x27fef64,0x748e8,0x3,0x0]
[trap] num=92 (0x5c) pc=0x1801180d8 args=[0x8,0x32,0x27fefe0,0x1ec445212,0xfffffffe163b9de0,0x20]
[trap] num=6 (0x6) pc=0x180116750 args=[0x8,0x1801b6a74,0x4,0x180115e30,0x1,0x20]
[trap] num=6 (0x6) pc=0x180116750 args=[0x7,0x1801b6a98,0x4,0x180115e30,0x1,0x20]
[trap] num=338 (0x152) pc=0x180116c48 args=[0x1ec4451e0,0x27feb00,0x1ec4451e0,0x27febf8,0x27fec20,0x27fec00]
[trap] num=5 (0x5) pc=0x180119f50 args=[0x1ec4451e0,0x0,0x0,0x27febf8,0x27fec20,0x27fec00]
[trap] num=197 (0xc5) pc=0x180119190 args=[0x0,0x10b420,0x1,0x40002,0x3,0x0]
[trap] num=92 (0x5c) pc=0x1801180d8 args=[0x3,0x32,0x27fec28,0x40002,0x3,0x0]
[trap] num=73 (0x49) pc=0x18011823c args=[0xa00000000,0x10b420,0x0,0xff,0x100000030,0xa00084030]
[trap] num=6 (0x6) pc=0x180116750 args=[0x3,0x10b420,0x0,0xff,0x100000030,0xa00084030]
[trap] num=338 (0x152) pc=0x180116c48 args=[0x1ec4451e0,0x27ff080,0x27ff140,0x0,0x100000030,0xa00084030]
[trap] num=338 (0x152) pc=0x180116c48 args=[0x100000668,0x27fdf80,0x27fe080,0x27fe068,0x100000672,0x1801ac864]
[M28 BANDSHRINK] syscall 338 band past ipa 0x100000668 len 65536 shrunk 64 -> 0 by an overlapping window of the same call
[trap] num=-10 (0xfffffffffffffff6) pc=0x180115588 args=[0x203,0x27fdf40,0x4000,0x3c000001,0x100000672,0x1801ac864]
[trap] num=338 (0x152) pc=0x180116c48 args=[0x27fe5a0,0x27fdf30,0x27fe030,0x27fe018,0x27fe5ce,0x1801ac864]
[trap] num=-12 (0xfffffffffffffff4) pc=0x1801155a0 args=[0x203,0xa0010c000,0x4000,0x1a0500,0x0,0x0]
[trap] num=338 (0x152) pc=0x180116c48 args=[0x1000006a0,0x27fdf80,0x27fe080,0x27fe068,0x1000006aa,0x1801ac864]
[M28 BANDSHRINK] syscall 338 band past ipa 0x1000006a0 len 65536 shrunk 64 -> 0 by an overlapping window of the same call
[trap] num=-10 (0xfffffffffffffff6) pc=0x180115588 args=[0x203,0x27fdf40,0x4000,0x3c000001,0x1000006aa,0x1801ac864]
[trap] num=338 (0x152) pc=0x180116c48 args=[0x27fe5a0,0x27fdf30,0x27fe030,0x27fe018,0x27fe5ce,0x1801ac864]
[trap] num=-12 (0xfffffffffffffff4) pc=0x1801155a0 args=[0x203,0xa00110000,0x4000,0x1a0500,0x0,0x0]
[trap] num=5 (0x5) pc=0x180119f50 args=[0x1ec447800,0x0,0x0,0x0,0x84000,0x27fcca8]
[trap] num=381 (0x17d) pc=0x180119ecc args=[0x1801b7eb4,0x2,0x27fbf00,0xa,0x73,0x69]
[trap] num=550 (0x226) pc=0x180119ef8 args=[0x27fb980,0x1,0x27fb9b0,0x510,0x1458,0x8]
[trap] num=6 (0x6) pc=0x180116750 args=[0x3,0x3,0x0,0x0,0x0,0x8]
[trap] num=74 (0x4a) pc=0x180119f24 args=[0x100054000,0x4000,0x1,0x1,0x8,0x8]
[trap] num=-14 (0xfffffffffffffff2) pc=0x1801155b8 args=[0x203,0x1e5908000,0x2324000,0x0,0x13,0x13]
[trap] num=-14 (0xfffffffffffffff2) pc=0x1801155b8 args=[0x203,0x1edc84000,0x7b90000,0x0,0x13,0x13]
[trap] num=-14 (0xfffffffffffffff2) pc=0x1801155b8 args=[0x203,0x28f64c000,0x2c2c000,0x0,0x13,0x13]
[trap] num=-14 (0xfffffffffffffff2) pc=0x1801155b8 args=[0x203,0x29a1cc000,0x5678000,0x0,0x13,0x13]
[trap] num=-14 (0xfffffffffffffff2) pc=0x1801155b8 args=[0x203,0x2d0bac000,0x2a4000,0x0,0x13,0x13]
[trap] num=-14 (0xfffffffffffffff2) pc=0x1801155b8 args=[0x203,0x2d361c000,0xac8000,0x0,0x13,0x13]
[trap] num=-14 (0xfffffffffffffff2) pc=0x1801155b8 args=[0x203,0x1e5908000,0x2324000,0x0,0x1,0x1]
[trap] num=-14 (0xfffffffffffffff2) pc=0x1801155b8 args=[0x203,0x1edc84000,0x7b90000,0x0,0x1,0x1]
[trap] num=-14 (0xfffffffffffffff2) pc=0x1801155b8 args=[0x203,0x28f64c000,0x2c2c000,0x0,0x1,0x1]
[trap] num=-14 (0xfffffffffffffff2) pc=0x1801155b8 args=[0x203,0x29a1cc000,0x5678000,0x0,0x1,0x1]
[trap] num=-14 (0xfffffffffffffff2) pc=0x1801155b8 args=[0x203,0x2d0bac000,0x2a4000,0x0,0x1,0x1]
[trap] num=-14 (0xfffffffffffffff2) pc=0x1801155b8 args=[0x203,0x2d361c000,0xac8000,0x0,0x1,0x1]
[trap] num=-15 (0xfffffffffffffff1) pc=0x1801155c4 args=[0x203,0x27fb8b0,0x20000,0x3fff,0x3c000001,0x3]
[trap] num=347 (0x15b) pc=0x18011a6ec args=[0x0,0x0,0x2,0x2,0x1,0x27fb440]
[trap] num=-15 (0xfffffffffffffff1) pc=0x1801155c4 args=[0x203,0x27faed0,0x20000,0x3fff,0x3c000001,0x3]
[trap] num=347 (0x15b) pc=0x18011a6ec args=[0x1000c0060,0x8780,0x2,0x2,0x1,0x1000c0000]
[M28 BANDSHRINK] syscall 347 band past ipa 0x1000c0000 len 65536 shrunk 64 -> 0 by an overlapping window of the same call
[trap] num=220 (0xdc) pc=0x180116e90 args=[0x1000c00b8,0x27fb3b8,0x27fb500,0x40,0x0,0x0]
[trap] num=-12 (0xfffffffffffffff4) pc=0x1801155a0 args=[0x203,0x1000c0000,0x20000,0x86,0x2,0x50a254e]
[trap] num=-12 (0xfffffffffffffff4) pc=0x1801155a0 args=[0x203,0x1000a0000,0x20000,0x0,0x0,0x0]
[trap] num=5 (0x5) pc=0x180119f50 args=[0x1801ab41a,0x2,0x0,0x2,0x8,0x0]
[trap] num=54 (0x36) pc=0x180116724 args=[0x3,0x80086804,0x27fb498,0x2,0x8,0x0]
[trap] num=6 (0x6) pc=0x180116750 args=[0x3,0xffffffffffffffff,0x27fb498,0x2,0x8,0x0]
[trap] num=294 (0x126) pc=0x18011a2f8 args=[0xffffffffffffffff,0x1f070030,0x0,0x0,0x0,0x0]
[trap] num=-14 (0xfffffffffffffff2) pc=0x1801155b8 args=[0x203,0x1ec444000,0x24000,0x0,0x1,0x0]
[trap] num=-28 (0xffffffffffffffe4) pc=0x1804adb5c args=[0x0,0x1804e2db8,0x27fff38,0x1ec445328,0x1ec445328,0x0]
[trap] num=-26 (0xffffffffffffffe6) pc=0x1804adb44 args=[0x203,0x1804e2db8,0x27fff38,0x1ec445328,0x1ec445328,0x0]
[trap] num=33 (0x21) pc=0x1804ae668 args=[0x1804e2dda,0x0,0x27fff38,0x1ec445328,0x1ec445328,0x0]
[trap] num=-15 (0xfffffffffffffff1) pc=0x1804adacc args=[0x203,0x27fc158,0x8000,0x0,0x49000001,0x3]
[trap] num=-29 (0xffffffffffffffe3) pc=0x1804adb68 args=[0x1eec6fd98,0x27fff30,0x27fff38,0x1ec445328,0x49000001,0x3]
[trap] num=-24 (0xffffffffffffffe8) pc=0x1804adb2c args=[0x203,0x27fc000,0x0,0x27fc01c,0x49000001,0x3]
[trap] num=-47 (0xffffffffffffffd1) pc=0x1804adc34 args=[0x27fc040,0x200000003,0x2800001513,0x130300000d03,0xc800000000,0x130300000000]
[mach_msg2] msgh_id=200 dest=0xd03 reply=0x1303 options=0x200000003 bits=0x1513 send_size=40 rcv_size=320
  send+000: 13 15 00 00 28 00 00 00 03 0d 00 00 03 13 00 00
  send+010: 00 00 00 00 c8 00 00 00 00 00 00 00 01 00 00 00
  send+020: 05 00 00 00 08 00 00 00
[retrace] forwarding mach_msg2 host_info (msgh_id 200) to host (decided allowlist)
[mach_msg2] host ret=0x0 err=false
  reply@0x27fc040+000: 00 12 00 00 48 00 00 00 00 00 00 00 03 13 00 00
  reply@0x27fc040+010: 00 00 00 00 2c 01 00 00 00 00 00 00 01 00 00 00
  reply@0x27fc040+020: 00 00 00 00 08 00 00 00 50 00 00 00 50 00 00 00
  reply@0x27fc040+030: 40 00 00 00 1f 00 00 00 00 00 00 00 00 00 00 00
  reply@0x27fc040+040: 00 00 00 00 4f 00 00 00 00 00 00 00 08 00 00 00
  reply@0x27fc040+050: 00 00 00 00 00 00 00 00 00 00 00 00 00 00 00 00
  reply@0x27fc040+060: 00 00 00 00 00 00 00 00 00 00 00 00 00 00 00 00
  reply@0x27fc040+070: 00 00 00 00 00 00 00 00 00 00 00 00 00 00 00 00
  reply@0x27fc040+080: 00 00 00 00 00 00 00 00 00 00 00 00 00 00 00 00
  reply@0x27fc040+090: 00 00 00 00 00 00 00 00 00 00 00 00 00 00 00 00
  reply@0x27fc040+0a0: 00 00 00 00 00 00 00 00 00 00 00 00 00 00 00 00
  reply@0x27fc040+0b0: 00 00 00 00 00 00 00 00 00 00 00 00 00 00 00 00
  reply@0x27fc040+0c0: 00 00 00 00 00 00 00 00 00 00 00 00 00 00 00 00
  reply@0x27fc040+0d0: 00 00 00 00 00 00 00 00 00 00 00 00 00 00 00 00
  reply@0x27fc040+0e0: 00 00 00 00 00 00 00 00 00 00 00 00 00 00 00 00
  reply@0x27fc040+0f0: 00 00 00 00 00 00 00 00 00 00 00 00 00 00 00 00
[trap] num=-18 (0xffffffffffffffee) pc=0x1804adae4 args=[0x203,0xd03,0x0,0x27fc230,0xc800000000,0x130300000000]
[trap] num=202 (0xca) pc=0x1804af460 args=[0x27fc238,0x2,0x27fc208,0x27fc1d0,0x0,0x0]
[trap] num=-27 (0xffffffffffffffe5) pc=0x1804adb50 args=[0x2ff20,0x0,0xf,0x1804f8a02,0x0,0x0]
[trap] num=-24 (0xffffffffffffffe8) pc=0x1804adb2c args=[0x203,0x27fc180,0x0,0x27fc19c,0x0,0x0]
[trap] num=366 (0x16e) pc=0x1804b3d2c args=[0x43190001804ecc14,0x55648001804ecc08,0x4000,0x27fc1d0,0x38,0xa0]
[trap] num=-29 (0xffffffffffffffe3) pc=0x1804adb68 args=[0x10030,0x103,0x7f168001804f8cd8,0x103,0x38,0xa0]
[trap] num=-47 (0xffffffffffffffd1) pc=0x1804adc34 args=[0x27fc210,0x200000003,0x2400001513,0x140300000d03,0xce00000000,0x140300000000]
[mach_msg2] msgh_id=206 dest=0xd03 reply=0x1403 options=0x200000003 bits=0x1513 send_size=36 rcv_size=48
  send+000: 13 15 00 00 24 00 00 00 03 0d 00 00 03 14 00 00
  send+010: 00 00 00 00 ce 00 00 00 00 00 00 00 01 00 00 00
  send+020: 00 00 00 00
[retrace] forwarding mach_msg2 host_get_clock_service (msgh_id 206) to host (decided allowlist)
[mach_msg2] host ret=0x0 err=false
  reply@0x27fc210+000: 00 12 00 80 28 00 00 00 00 00 00 00 03 14 00 00
  reply@0x27fc210+010: 00 00 00 00 32 01 00 00 01 00 00 00 03 09 00 00
  reply@0x27fc210+020: 00 00 00 00 00 00 11 00 00 00 00 00 08 00 00 00
  reply@0x27fc210+030: b8 fd c6 ee 01 00 00 00 03 0d 00 00 00 00 00 00
  reply@0x27fc210+040: 70 c2 7f 02 00 00 00 00 14 e8 39 80 01 80 3d 5d
  reply@0x27fc210+050: b8 fd c6 ee 01 00 00 00 38 ff 7f 02 00 00 00 00
  reply@0x27fc210+060: 90 c2 7f 02 00 00 00 00 a0 e6 39 80 01 80 59 70
  reply@0x27fc210+070: 28 53 44 ec 01 00 00 00 38 ff 7f 02 00 00 00 00
  reply@0x27fc210+080: 00 c3 7f 02 00 00 00 00 04 13 34 90 01 80 75 52
  reply@0x27fc210+090: 48 02 34 90 01 00 00 00 a0 00 00 00 00 00 00 00
  reply@0x27fc210+0a0: 06 00 00 00 00 00 00 00 18 01 34 90 01 00 00 00
  reply@0x27fc210+0b0: c0 1b 34 90 01 00 00 00 b0 52 44 ec 01 00 00 00
  reply@0x27fc210+0c0: 5c 12 34 90 01 00 00 00 20 c3 7f 02 00 00 00 00
  reply@0x27fc210+0d0: c0 1b 34 90 01 00 00 00 b0 52 44 ec 01 00 00 00
  reply@0x27fc210+0e0: 5c 12 34 90 01 00 00 00 28 c8 7f 02 00 00 00 00
  reply@0x27fc210+0f0: b0 c3 7f 02 00 00 00 00 30 0e 16 80 01 80 45 7a
[trap] num=-47 (0xffffffffffffffd1) pc=0x1804adc34 args=[0x27fc210,0x200000003,0x2800001513,0x140300000203,0xd5a00000000,0x140300000000]
[mach_msg2] msgh_id=3418 dest=0x203 reply=0x1403 options=0x200000003 bits=0x1513 send_size=40 rcv_size=48
  send+000: 13 15 00 00 28 00 00 00 03 02 00 00 03 14 00 00
  send+010: 00 00 00 00 5a 0d 00 00 00 00 00 00 01 00 00 00
  send+020: 00 00 00 00 00 00 00 00
[retrace] forwarding mach_msg2 semaphore_create (msgh_id 3418) to host (decided allowlist)
[mach_msg2] host ret=0x0 err=false
  reply@0x27fc210+000: 00 12 00 80 28 00 00 00 00 00 00 00 03 14 00 00
  reply@0x27fc210+010: 00 00 00 00 be 0d 00 00 01 00 00 00 03 15 00 00
  reply@0x27fc210+020: 00 00 00 00 00 00 11 00 00 00 00 00 08 00 00 00
  reply@0x27fc210+030: d8 5d 70 ec 01 00 00 00 03 0d 00 00 00 00 00 00
  reply@0x27fc210+040: 70 c2 7f 02 00 00 00 00 38 e8 39 80 01 80 4b b1
  reply@0x27fc210+050: b8 fd c6 ee 01 00 00 00 38 ff 7f 02 00 00 00 00
  reply@0x27fc210+060: 90 c2 7f 02 00 00 00 00 a0 e6 39 80 01 80 59 70
  reply@0x27fc210+070: 28 53 44 ec 01 00 00 00 38 ff 7f 02 00 00 00 00
  reply@0x27fc210+080: 00 c3 7f 02 00 00 00 00 04 13 34 90 01 80 75 52
  reply@0x27fc210+090: 48 02 34 90 01 00 00 00 a0 00 00 00 00 00 00 00
  reply@0x27fc210+0a0: 06 00 00 00 00 00 00 00 18 01 34 90 01 00 00 00
  reply@0x27fc210+0b0: c0 1b 34 90 01 00 00 00 b0 52 44 ec 01 00 00 00
  reply@0x27fc210+0c0: 5c 12 34 90 01 00 00 00 20 c3 7f 02 00 00 00 00
  reply@0x27fc210+0d0: c0 1b 34 90 01 00 00 00 b0 52 44 ec 01 00 00 00
  reply@0x27fc210+0e0: 5c 12 34 90 01 00 00 00 28 c8 7f 02 00 00 00 00
  reply@0x27fc210+0f0: b0 c3 7f 02 00 00 00 00 30 0e 16 80 01 80 45 7a
[trap] num=-18 (0xffffffffffffffee) pc=0x1804adae4 args=[0x203,0xd03,0x2800001513,0x140300000203,0xd5a00000000,0x140300000000]
[trap] num=20 (0x14) pc=0x1804ae198 args=[0x0,0x0,0xfffffffffffffff0,0x27fc0f0,0x27fbd80,0x73]
[trap] num=266 (0x10a) pc=0x1804af558 args=[0x18037ff36,0x0,0x1000a17b0,0x103,0x27fbd80,0x73]
[trap] num=339 (0x153) pc=0x1804bc288 args=[0x3,0x27fbb80,0x1000a17b0,0x103,0x27fbd80,0x73]
[trap] num=197 (0xc5) pc=0x1804aea18 args=[0x0,0x8000,0x1,0x40001,0x3,0x0]
[trap] num=6 (0x6) pc=0x1804ae8f0 args=[0x3,0x8000,0x1,0x40001,0x3,0x0]
[trap] num=169 (0xa9) pc=0x1804af8dc args=[0x16426,0x0,0x27fbcdc,0x4,0x3,0x0]
[trap] num=500 (0x1f4) pc=0x1804ae144 args=[0x1ec6fd858,0x10,0x4,0x1804f8a0c,0x61,0x61]
[trap] num=54 (0x36) pc=0x1804b2338 args=[0x2,0x4004667a,0x27fbc4c,0x103,0x61,0x61]
[trap] num=54 (0x36) pc=0x1804b2338 args=[0x2,0x40487413,0x27fbc50,0x103,0x61,0x61]
[trap] num=116 (0x74) pc=0x1804b1b60 args=[0x27fb9c0,0x0,0x0,0xfffffc088,0x74,0x6d]
[trap] num=500 (0x1f4) pc=0x1804ae144 args=[0x27fbaf8,0x20,0x27fbaf8,0x1c725a0a,0xd5a800180267bdc,0x6d]
[trap] num=116 (0x74) pc=0x1804b1b60 args=[0x27fb9e0,0x0,0x0,0xfffffc088,0xd5a800180267bdc,0x6d]
[trap] num=116 (0x74) pc=0x1804b1b60 args=[0x27fba00,0x0,0x0,0xfffffc088,0x1ec6fcf70,0x1ec6fcfa8]
[trap] num=116 (0x74) pc=0x1804b1b60 args=[0x27fba00,0x0,0x0,0xfffffc088,0x27fb980,0xa03a8001802361b0]
[trap] num=-47 (0xffffffffffffffd1) pc=0x1804adc34 args=[0x27fbb98,0x200000003,0x6480001513,0x140300000203,0x12cb00000000,0x140300000001]
[mach_msg2] msgh_id=4811 dest=0x203 reply=0x1403 options=0x200000003 bits=0x80001513 send_size=100 rcv_size=52
  send+000: 13 15 00 80 64 00 00 00 03 02 00 00 03 14 00 00
  send+010: 00 00 00 00 cb 12 00 00 01 00 00 00 00 00 00 00
  send+020: 00 00 00 00 00 00 13 00 00 00 00 00 01 00 00 00
  send+030: 00 00 00 00 00 00 00 00 00 80 4a 00 00 00 00 00
  send+040: 00 00 00 00 00 00 00 00 01 00 00 01 00 00 00 00
  send+050: 00 00 00 00 00 00 00 00 00 00 00 00 00 00 00 00
  send+060: 01 00 00 00
[trap] num=-12 (0xfffffffffffffff4) pc=0x1804adaa8 args=[0x203,0xa0042c000,0x100000,0x140300000203,0x12cb00000000,0x140300000001]
[trap] num=116 (0x74) pc=0x1804b1b60 args=[0x27fb6e0,0x0,0x0,0xfffffc088,0x12cb00000000,0x140300000001]
[trap] num=-15 (0xfffffffffffffff1) pc=0x1804adacc args=[0x203,0x27fb7a8,0x408000,0x0,0x1000001,0x3]
[trap] num=74 (0x4a) pc=0x1804b1b04 args=[0x4c000,0x4000,0x0,0x40000000,0x0,0x3]
[trap] num=74 (0x4a) pc=0x1804b1b04 args=[0x450000,0x4000,0x0,0x40000000,0x0,0x3]
[trap] num=-15 (0xfffffffffffffff1) pc=0x1804adacc args=[0x203,0x27fb828,0x400000,0x0,0x7004000,0x3]
[trap] num=-89 (0xffffffffffffffa7) pc=0x1804add00 args=[0x1ec705d78,0x180327210,0x0,0x1804f8a08,0x7004000,0x3]
[trap] num=-15 (0xfffffffffffffff1) pc=0x1804adacc args=[0x203,0x27fb818,0x3e000,0x0,0x1000001,0x3]
[trap] num=-47 (0xffffffffffffffd1) pc=0x1804adc34 args=[0x27fb770,0x200000003,0x2800001513,0x140300000203,0x12d600000000,0x140300000000]
[mach_msg2] msgh_id=4822 dest=0x203 reply=0x1403 options=0x200000003 bits=0x1513 send_size=40 rcv_size=60
  send+000: 13 15 00 00 28 00 00 00 03 02 00 00 03 14 00 00
  send+010: 00 00 00 00 d6 12 00 00 00 00 00 00 01 00 00 00
  send+020: f8 03 00 00 f8 03 40 00
[trap] num=-10 (0xfffffffffffffff6) pc=0x1804ada90 args=[0x203,0x27fb168,0x4000,0x1,0x180327599,0x27fb820]
[trap] num=336 (0x150) pc=0x1804af110 args=[0x2,0x16426,0x11,0x0,0x27fb148,0x38]
[trap] num=97 (0x61) pc=0x1804b1fa0 args=[0x1,0x2,0x0,0x103,0x27fb148,0x38]
[trap] num=92 (0x5c) pc=0x1804ae8c4 args=[0x3,0x2,0x1,0x103,0x27fb148,0x38]
[trap] num=98 (0x62) pc=0x1804b2364 args=[0x3,0x27fa776,0x6a,0x27fa788,0x27fb148,0x38]
[trap] num=133 (0x85) pc=0x1804b2390 args=[0x3,0x27fa880,0xfb,0x0,0x0,0x0]
[trap] num=-12 (0xfffffffffffffff4) pc=0x1804adaa8 args=[0x203,0x2800000,0x4000,0x0,0x0,0x0]
[trap] num=-47 (0xffffffffffffffd1) pc=0x1804adc34 args=[0x27fb708,0x200000003,0x6480001513,0x140300000203,0x12cb00000000,0x140300000001]
[mach_msg2] msgh_id=4811 dest=0x203 reply=0x1403 options=0x200000003 bits=0x80001513 send_size=100 rcv_size=52
  send+000: 13 15 00 80 64 00 00 00 03 02 00 00 03 14 00 00
  send+010: 00 00 00 00 cb 12 00 00 01 00 00 00 00 00 00 00
  send+020: 00 00 00 00 00 00 13 00 00 00 00 00 01 00 00 00
  send+030: 00 00 00 00 04 00 00 00 00 00 00 00 06 00 00 00
  send+040: 00 00 00 00 00 00 00 00 00 00 00 00 00 00 00 00
  send+050: 00 00 00 00 00 00 00 00 00 00 00 00 00 00 00 00
  send+060: 01 00 00 00
[trap] num=116 (0x74) pc=0x1804b1b60 args=[0x27fb5f0,0x0,0x0,0xfffffc088,0x0,0x700]
[trap] num=-15 (0xfffffffffffffff1) pc=0x1804adacc args=[0x203,0x27fbc48,0x4000,0x0,0x1000001,0x3]
[trap] num=74 (0x4a) pc=0x1804b1b04 args=[0xa0046c000,0x4000,0x1,0xa0046c008,0x1000001,0x3]
[trap] num=-14 (0xfffffffffffffff2) pc=0x1801155b8 args=[0x203,0x1ec444000,0x24000,0x0,0x3,0x3]
[trap] num=-14 (0xfffffffffffffff2) pc=0x1801155b8 args=[0x203,0x1ec444000,0x24000,0x0,0x1,0x3]
[trap] num=327 (0x147) pc=0x1804ad92c args=[0x16426,0x3,0x103,0x103,0x1,0x3]
[trap] num=-47 (0xffffffffffffffd1) pc=0x1804adc34 args=[0x27fbd4c,0x200000003,0x7400001513,0x140300000203,0x1f4000000000,0x140300000000]
[mach_msg2] msgh_id=8000 dest=0x203 reply=0x1403 options=0x200000003 bits=0x1513 send_size=116 rcv_size=44
  send+000: 13 15 00 00 74 00 00 00 03 02 00 00 03 14 00 00
  send+010: 00 00 00 00 40 1f 00 00 00 00 00 00 01 00 00 00
  send+020: 05 00 00 00 88 5c 09 80 01 00 00 00 78 00 78 00
  send+030: 00 00 00 00 20 58 09 80 01 00 00 00 5c 00 5c 00
  send+040: 00 00 00 00 38 5a 09 80 01 00 00 00 5c 00 5c 00
  send+050: 00 00 00 00 00 59 09 80 01 00 00 00 78 00 78 00
  send+060: 00 00 00 00 b8 5a 09 80 01 00 00 00 78 00 78 00
  send+070: 00 00 00 00
[trap] num=-47 (0xffffffffffffffd1) pc=0x1804adc34 args=[0x27fc150,0x200000003,0x1800001513,0x140300000203,0x1f4100000000,0x140300000000]
[mach_msg2] msgh_id=8001 dest=0x203 reply=0x1403 options=0x200000003 bits=0x1513 send_size=24 rcv_size=44
  send+000: 13 15 00 00 18 00 00 00 03 02 00 00 03 14 00 00
  send+010: 00 00 00 00 41 1f 00 00
[trap] num=-14 (0xfffffffffffffff2) pc=0x1801155b8 args=[0x203,0x1ec444000,0x24000,0x0,0x3,0x53]
[trap] num=-15 (0xfffffffffffffff1) pc=0x1804adacc args=[0x203,0x27fb228,0x8000,0x0,0x1000001,0x3]
[trap] num=-15 (0xfffffffffffffff1) pc=0x1804adacc args=[0x203,0x27fb288,0x8000,0x0,0xb004000,0x3]
[trap] num=116 (0x74) pc=0x1804b1b60 args=[0x27fb170,0x0,0x0,0xfffffc088,0x8,0x41]
[trap] num=116 (0x74) pc=0x1804b1b60 args=[0x27fb0c0,0x0,0x0,0xfffffc088,0x8,0x41]
[trap] num=116 (0x74) pc=0x1804b1b60 args=[0x27fb0c0,0x0,0x0,0xfffffc088,0x8,0x41]
[trap] num=116 (0x74) pc=0x1804b1b60 args=[0x27fb0c0,0x0,0x0,0xfffffc088,0x8,0x41]
[trap] num=116 (0x74) pc=0x1804b1b60 args=[0x27fb0c0,0x0,0x0,0xfffffc088,0x8,0x41]
[trap] num=116 (0x74) pc=0x1804b1b60 args=[0x27fb0c0,0x0,0x0,0xfffffc088,0x8,0x41]
[trap] num=116 (0x74) pc=0x1804b1b60 args=[0x27fb0c0,0x0,0x0,0xfffffc088,0x8,0x41]
[trap] num=116 (0x74) pc=0x1804b1b60 args=[0x27fb0c0,0x0,0x0,0xfffffc088,0x8,0x41]
[trap] num=116 (0x74) pc=0x1804b1b60 args=[0x27fb0c0,0x0,0x0,0xfffffc088,0x8,0x41]
[trap] num=116 (0x74) pc=0x1804b1b60 args=[0x27fb0c0,0x0,0x0,0xfffffc088,0x8,0x41]
[trap] num=116 (0x74) pc=0x1804b1b60 args=[0x27fb0c0,0x0,0x0,0xfffffc088,0x8,0x41]
[trap] num=116 (0x74) pc=0x1804b1b60 args=[0x27fb0c0,0x0,0x0,0xfffffc088,0x8,0x41]
[trap] num=-15 (0xfffffffffffffff1) pc=0x1804adacc args=[0x203,0x27fb0d8,0x400000,0x0,0x2004000,0x3]
[trap] num=-15 (0xfffffffffffffff1) pc=0x1804adacc args=[0x203,0x27fb028,0x80000,0x3fff,0x1000001,0x3]
[trap] num=-14 (0xfffffffffffffff2) pc=0x1801155b8 args=[0x203,0x1ec444000,0x24000,0x0,0x1,0x0]
[trap] num=202 (0xca) pc=0x1804af460 args=[0x27fc140,0x2,0x27fc108,0x27fc100,0x180205f3c,0x15]
[trap] num=202 (0xca) pc=0x1804af460 args=[0x27fc108,0x2,0x27fc1c0,0x27fc1b0,0x0,0x0]
[trap] num=202 (0xca) pc=0x1804af460 args=[0x27fc140,0x2,0x27fc108,0x27fc100,0x180205f9b,0x16]
[trap] num=202 (0xca) pc=0x1804af460 args=[0x27fc108,0x2,0x27fc1c0,0x27fc1b0,0x0,0x0]
[trap] num=202 (0xca) pc=0x1804af460 args=[0x27fc140,0x2,0x27fc108,0x27fc100,0x180205f3c,0x15]
[trap] num=202 (0xca) pc=0x1804af460 args=[0x27fc108,0x2,0x27fc1c0,0x27fc1b0,0x0,0x0]
[trap] num=-47 (0xffffffffffffffd1) pc=0x1804adc34 args=[0x27fc1e0,0x200000003,0x2400001513,0x140300000203,0xd5100000000,0x140300000000]
[mach_msg2] msgh_id=3409 dest=0x203 reply=0x1403 options=0x200000003 bits=0x1513 send_size=36 rcv_size=48
  send+000: 13 15 00 00 24 00 00 00 03 02 00 00 03 14 00 00
  send+010: 00 00 00 00 51 0d 00 00 00 00 00 00 01 00 00 00
  send+020: 04 00 00 00
[trap] num=-19 (0xffffffffffffffed) pc=0x1804adaf0 args=[0x203,0x1603,0x0,0x1,0xd5100000000,0x140300000000]
[trap] num=-19 (0xffffffffffffffed) pc=0x1804adaf0 args=[0x203,0x1603,0x0,0x1,0xd5100000000,0x140300000000]
[trap] num=-19 (0xffffffffffffffed) pc=0x1804adaf0 args=[0x203,0x1603,0x0,0x1,0x0,0x140300000000]
[trap] num=-14 (0xfffffffffffffff2) pc=0x1801155b8 args=[0x203,0x1ec444000,0x24000,0x0,0x3,0x27fc00f]
[trap] num=-14 (0xfffffffffffffff2) pc=0x1801155b8 args=[0x203,0x1ec444000,0x24000,0x0,0x1,0x27fc00f]
[trap] num=5 (0x5) pc=0x180119f50 args=[0x606a0,0x0,0x0,0x606a0,0x0,0x27fc00f]
[trap] num=92 (0x5c) pc=0x1801180d8 args=[0x4,0x32,0x27fbad8,0x606a0,0x0,0x27fc00f]
[trap] num=6 (0x6) pc=0x180116750 args=[0x4,0x32,0x27fbad8,0x606a0,0x0,0x27fc00f]
[trap] num=220 (0xdc) pc=0x1804ae63c args=[0x606a0,0x27fbb00,0x27fbb1c,0x40c,0x0,0x27fc00f]
[trap] num=33 (0x21) pc=0x1804ae668 args=[0x61550,0x4,0x61450,0x614e0,0x0,0x53]
[M28 BANDSHRINK] syscall 33 band past ipa 0x61450 len 65536 shrunk 64 -> 0 by an overlapping window of the same call
[M28 BANDSHRINK] syscall 33 band past ipa 0x614e0 len 65536 shrunk 64 -> 0 by an overlapping window of the same call
[trap] num=5 (0x5) pc=0x1804ae694 args=[0x61550,0x0,0x0,0x614e0,0x0,0x53]
[M28 BANDSHRINK] syscall 5 band past ipa 0x614e0 len 65536 shrunk 64 -> 0 by an overlapping window of the same call
[trap] num=339 (0x153) pc=0x1804bc288 args=[0x4,0x61450,0x0,0x614e0,0x0,0x53]
[M28 BANDSHRINK] syscall 339 band past ipa 0x61450 len 65536 shrunk 64 -> 0 by an overlapping window of the same call
[trap] num=483 (0x1e3) pc=0x1804ae6f0 args=[0x0,0x27fbd2c,0x4,0x614e0,0x0,0x53]
[trap] num=228 (0xe4) pc=0x1804b1694 args=[0x4,0x27fbdf0,0x27fbd50,0x28,0x0,0x53]
[trap] num=228 (0xe4) pc=0x1804b1694 args=[0x4,0x27fbe20,0x27fbe10,0xc,0x20,0x53]
[trap] num=92 (0x5c) pc=0x1804ae8c4 args=[0x4,0x32,0x27fba48,0x27fbe08,0x27fbac0,0x53]
[trap] num=6 (0x6) pc=0x1804ae8f0 args=[0x4,0x27fba4d,0x0,0x61565,0x0,0x53]
[trap] num=5 (0x5) pc=0x1804ae694 args=[0x61570,0x0,0x0,0x6157f,0x18020b535,0x27fbf10]
[M28 BANDSHRINK] syscall 5 band past ipa 0x61570 len 65536 shrunk 64 -> 0 by an overlapping window of the same call
[trap] num=336 (0x150) pc=0x1804af110 args=[0x2,0x16426,0xd,0x1,0x27fc180,0x40]
[trap] num=-24 (0xffffffffffffffe8) pc=0x1804adb2c args=[0x203,0x27fc240,0x71b75ace,0x27fc23c,0x0,0x5]
[trap] num=-47 (0xffffffffffffffd1) pc=0x1804adc34 args=[0x27fc1d8,0x200000003,0x3480001513,0x140300000203,0xd5200000000,0x140300000001]
[mach_msg2] msgh_id=3410 dest=0x203 reply=0x1403 options=0x200000003 bits=0x80001513 send_size=52 rcv_size=44
  send+000: 13 15 00 80 34 00 00 00 03 02 00 00 03 14 00 00
  send+010: 00 00 00 00 52 0d 00 00 01 00 00 00 03 17 00 00
  send+020: 00 00 00 00 00 00 13 00 00 00 00 00 01 00 00 00
  send+030: 0a 00 00 00
[trap] num=-47 (0xffffffffffffffd1) pc=0x1804adc34 args=[0x27fbf58,0x200000003,0x2800001513,0x140300000203,0xd4d00000000,0x140300000000]
[mach_msg2] msgh_id=3405 dest=0x203 reply=0x1403 options=0x200000003 bits=0x1513 send_size=40 rcv_size=424
  send+000: 13 15 00 00 28 00 00 00 03 02 00 00 03 14 00 00
  send+010: 00 00 00 00 4d 0d 00 00 00 00 00 00 01 00 00 00
  send+020: 0f 00 00 00 08 00 00 00
[retrace] forwarding mach_msg2 task_info (msgh_id 3405) to host (decided allowlist)
[mach_msg2] host ret=0x0 err=false
  reply@0x27fbf58+000: 00 12 00 00 48 00 00 00 00 00 00 00 03 14 00 00
  reply@0x27fbf58+010: 00 00 00 00 b1 0d 00 00 00 00 00 00 01 00 00 00
  reply@0x27fbf58+020: 00 00 00 00 08 00 00 00 f5 01 00 00 f5 01 00 00
  reply@0x27fbf58+030: 14 00 00 00 f5 01 00 00 14 00 00 00 26 64 01 00
  reply@0x27fbf58+040: b9 86 01 00 b8 d2 68 00 00 00 00 00 08 00 00 00
  reply@0x27fbf58+050: 00 00 00 00 00 00 00 00 00 00 00 00 00 00 00 00
  reply@0x27fbf58+060: 00 00 00 00 00 00 00 00 00 00 00 00 00 00 00 00
  reply@0x27fbf58+070: 00 00 00 00 00 00 00 00 00 00 00 00 00 00 00 00
  reply@0x27fbf58+080: 00 00 00 00 00 00 00 00 00 00 00 00 00 00 00 00
  reply@0x27fbf58+090: 00 00 00 00 00 00 00 00 00 00 00 00 00 00 00 00
  reply@0x27fbf58+0a0: 00 00 00 00 00 00 00 00 00 00 00 00 00 00 00 00
  reply@0x27fbf58+0b0: 00 00 00 00 00 00 00 00 00 00 00 00 00 00 00 00
  reply@0x27fbf58+0c0: 00 00 00 00 00 00 00 00 00 00 00 00 00 00 00 00
  reply@0x27fbf58+0d0: 00 00 00 00 00 00 00 00 00 00 00 00 00 00 00 00
  reply@0x27fbf58+0e0: 00 00 00 00 00 00 00 00 00 00 00 00 00 00 00 00
  reply@0x27fbf58+0f0: 00 00 00 00 00 00 00 00 00 00 00 00 00 00 00 00
[trap] num=170 (0xaa) pc=0x1804ae5d0 args=[0x16426,0x10,0x27fbd70,0x408,0x10478,0x140300000000]
[trap] num=202 (0xca) pc=0x1804af460 args=[0x27fc170,0x2,0x27fc138,0x27fc130,0x1844cfba7,0x15]
[trap] num=202 (0xca) pc=0x1804af460 args=[0x27fc138,0x2,0x27fc1c8,0x27fc1c0,0x0,0x0]
[trap] num=-14 (0xfffffffffffffff2) pc=0x1801155b8 args=[0x203,0x1ec444000,0x24000,0x0,0x3,0x0]
[trap] num=-15 (0xfffffffffffffff1) pc=0x1801155c4 args=[0x203,0x27fbe20,0x20000,0x3fff,0x3c000001,0x3]
[trap] num=-12 (0xfffffffffffffff4) pc=0x1801155a0 args=[0x203,0x1000a0000,0x20000,0x103,0xffffffff13c608a0,0x10]
[trap] num=-14 (0xfffffffffffffff2) pc=0x1801155b8 args=[0x203,0x1ec444000,0x24000,0x0,0x1,0x0]
[trap] num=-14 (0xfffffffffffffff2) pc=0x1801155b8 args=[0x203,0x1ec444000,0x24000,0x0,0x3,0x0]
[trap] num=-14 (0xfffffffffffffff2) pc=0x1801155b8 args=[0x203,0x1ec444000,0x24000,0x0,0x1,0x0]
[trap] num=-14 (0xfffffffffffffff2) pc=0x1801155b8 args=[0x203,0x1ec444000,0x24000,0x0,0x3,0x0]
[trap] num=-14 (0xfffffffffffffff2) pc=0x1801155b8 args=[0x203,0x1ec444000,0x24000,0x0,0x1,0x0]
[trap] num=-14 (0xfffffffffffffff2) pc=0x1801155b8 args=[0x203,0x1ec444000,0x24000,0x0,0x3,0x0]
[trap] num=-14 (0xfffffffffffffff2) pc=0x1801155b8 args=[0x203,0x1ec444000,0x24000,0x0,0x1,0x0]
[trap] num=-14 (0xfffffffffffffff2) pc=0x1801155b8 args=[0x203,0x1ec444000,0x24000,0x0,0x3,0x0]
[trap] num=-14 (0xfffffffffffffff2) pc=0x1801155b8 args=[0x203,0x1ec444000,0x24000,0x0,0x1,0x0]
[trap] num=-14 (0xfffffffffffffff2) pc=0x1801155b8 args=[0x203,0x1ec444000,0x24000,0x0,0x3,0x0]
[trap] num=-15 (0xfffffffffffffff1) pc=0x1801155c4 args=[0x203,0x27fbea0,0x20000,0x3fff,0x3c000001,0x3]
[trap] num=-12 (0xfffffffffffffff4) pc=0x1801155a0 args=[0x203,0x1000a0000,0x20000,0x103,0xffffffff13c608a0,0x10]
[trap] num=-14 (0xfffffffffffffff2) pc=0x1801155b8 args=[0x203,0x1ec444000,0x24000,0x0,0x1,0x10]
[trap] num=338 (0x152) pc=0x1804b988c args=[0x27ff448,0x27ff3b0,0x6,0x1804f8a0b,0x0,0x0]
[trap] num=338 (0x152) pc=0x1804b988c args=[0x27fee90,0x27fedf0,0xc,0x1804f8a08,0x18039d058,0x10]
[trap] num=338 (0x152) pc=0x1804b988c args=[0x27fee90,0x27fedf0,0x3,0x1804f8a0e,0x18039d058,0x10]
[trap] num=338 (0x152) pc=0x1804b988c args=[0x27fee90,0x27fedf0,0xc,0x1804f8a08,0x18039d058,0x10]
[trap] num=338 (0x152) pc=0x1804b988c args=[0x27fee90,0x27fedf0,0x3,0x1804f8a0e,0x18039d058,0x10]
[trap] num=116 (0x74) pc=0x1804b1b60 args=[0x10006e788,0x0,0x0,0xfffffc088,0x701001d20,0x0]
[trap] num=117 (0x75) pc=0x1804b5804 args=[0x0,0x10006e698,0x0,0xfffffc088,0x701001d20,0x0]
[trap] num=117 (0x75) pc=0x1804b5804 args=[0xffffffff,0x27ff270,0x0,0xfffffc088,0x701001d20,0x0]
[trap] num=5 (0x5) pc=0x1804ae694 args=[0x10004e017,0x0,0x0,0xfffffc088,0x701001d20,0x0]
[trap] num=6 (0x6) pc=0x1804ae8f0 args=[0x4,0x0,0x0,0xfffffc088,0x701001d20,0x0]
[trap] num=24 (0x18) pc=0x1804af858 args=[0xffffffce,0x100059430,0x0,0x701008328,0x701008300,0x0]
[M28 BANDSHRINK] syscall 24 band past ipa 0x701008300 len 65536 shrunk 64 -> 0 by an overlapping window of the same call
[trap] num=47 (0x2f) pc=0x1804b1f48 args=[0x1f5,0x100059430,0x0,0x701008328,0x701008300,0x0]
[M28 BANDSHRINK] syscall 47 band past ipa 0x701008300 len 65536 shrunk 64 -> 0 by an overlapping window of the same call
[trap] num=25 (0x19) pc=0x1804af050 args=[0x14,0x100059430,0x0,0x701008328,0x701008300,0x0]
[M28 BANDSHRINK] syscall 25 band past ipa 0x701008300 len 65536 shrunk 64 -> 0 by an overlapping window of the same call
[trap] num=43 (0x2b) pc=0x1804af8b0 args=[0x1f5,0x100059430,0x0,0x701008328,0x701008300,0x0]
[M28 BANDSHRINK] syscall 43 band past ipa 0x701008300 len 65536 shrunk 64 -> 0 by an overlapping window of the same call
[trap] num=116 (0x74) pc=0x1804b1b60 args=[0x27ff300,0x0,0x0,0xfffffc088,0x0,0x0]
[trap] num=90 (0x5a) pc=0x1804b67bc args=[0x0,0x10,0x0,0xfffffc088,0x0,0x0]
[trap] num=92 (0x5c) pc=0x1804ae8c4 args=[0x10,0x2,0x1,0xfffffc088,0x0,0x0]
[trap] num=90 (0x5a) pc=0x1804b67bc args=[0x1,0x11,0x1,0xfffffc088,0x0,0x0]
[trap] num=92 (0x5c) pc=0x1804ae8c4 args=[0x11,0x2,0x1,0xfffffc088,0x0,0x0]
[trap] num=90 (0x5a) pc=0x1804b67bc args=[0x2,0x12,0x1,0xfffffc088,0x0,0x0]
[trap] num=92 (0x5c) pc=0x1804ae8c4 args=[0x12,0x2,0x1,0xfffffc088,0x0,0x0]
[trap] num=90 (0x5a) pc=0x1804b67bc args=[0x10,0x13,0x1,0xfffffc088,0x0,0x0]
[trap] num=92 (0x5c) pc=0x1804ae8c4 args=[0x13,0x2,0x1,0xfffffc088,0x0,0x0]
[trap] num=54 (0x36) pc=0x1804b2338 args=[0x12,0x4004667a,0x27ff27c,0xfffffc088,0x0,0x0]
[trap] num=54 (0x36) pc=0x1804b2338 args=[0x12,0x40487413,0x27ff280,0xfffffc088,0x0,0x0]
[trap] num=54 (0x36) pc=0x1804b2338 args=[0x11,0x4004667a,0x27ff27c,0xfffffc088,0x0,0x0]
[trap] num=54 (0x36) pc=0x1804b2338 args=[0x11,0x40487413,0x27ff280,0xfffffc088,0x0,0x0]
[trap] num=339 (0x153) pc=0x1804bc288 args=[0x10,0x27ff240,0x105,0x0,0x0,0x0]
[trap] num=54 (0x36) pc=0x1804b2338 args=[0x10,0x4004667a,0x27ff1cc,0x0,0x0,0x0]
[trap] num=46 (0x2e) pc=0x1804b4478 args=[0xe,0x27ff2c8,0x0,0x63970,0x0,0x0]
[trap] num=48 (0x30) pc=0x1804b13d8 args=[0x2,0x27ff2f4,0x0,0x63970,0x0,0x0]
[trap] num=398 (0x18e) pc=0x1804ae948 args=[0x1803fd5e6,0x1000000,0x0,0x40,0x0,0x0]
[trap] num=339 (0x153) pc=0x1804bc288 args=[0x4,0x27fef70,0x0,0x40,0x0,0x0]
[trap] num=406 (0x196) pc=0x1804b2174 args=[0x4,0x32,0x63b80,0x40,0x0,0x0]
[trap] num=399 (0x18f) pc=0x1804af584 args=[0x4,0x32,0x63b80,0x40,0x0,0x0]
[trap] num=338 (0x152) pc=0x1804b988c args=[0x63b80,0x27feee0,0x63b80,0x40,0x0,0x0]
[trap] num=338 (0x152) pc=0x1804b988c args=[0x639f0,0x27ff250,0x1ec702420,0x1ec701f90,0x63c00,0x20]
[M28 BANDSHRINK] syscall 338 band past ipa 0x639f0 len 65536 shrunk 64 -> 0 by an overlapping window of the same call
[trap] num=169 (0xa9) pc=0x1804af8dc args=[0x16426,0x10,0x27fe7d0,0x408,0x408,0x0]
[trap] num=169 (0xa9) pc=0x1804af8dc args=[0x16426,0x10,0x27fe8f0,0x408,0x408,0x73]
[trap] num=-19 (0xffffffffffffffed) pc=0x1804adaf0 args=[0x203,0x1603,0x0,0x1,0x0,0x58]
[trap] num=-50 (0xffffffffffffffce) pc=0x1804adc58 args=[0x1ec6fbd20,0x103,0x103,0x0,0x6,0x0]
[trap] num=-29 (0xffffffffffffffe3) pc=0x1804adb68 args=[0x0,0x7e5700018035aad8,0x7e5700018035aad8,0x66558,0x0,0x13]
[trap] num=-47 (0xffffffffffffffd1) pc=0x1804adc34 args=[0x27fe8d0,0x200000003,0x2800001513,0x140300000d03,0x19c00000000,0x140300000000]
[mach_msg2] msgh_id=412 dest=0xd03 reply=0x1403 options=0x200000003 bits=0x1513 send_size=40 rcv_size=48
  send+000: 13 15 00 00 28 00 00 00 03 0d 00 00 03 14 00 00
  send+010: 00 00 00 00 9c 01 00 00 00 00 00 00 01 00 00 00
  send+020: ff ff ff ff 01 00 00 00
[retrace] forwarding mach_msg2 host_get_special_port (msgh_id 412) to host (decided allowlist)
[mach_msg2] host ret=0x0 err=false
  reply@0x27fe8d0+000: 00 12 00 00 24 00 00 00 00 00 00 00 03 14 00 00
  reply@0x27fe8d0+010: 00 00 00 00 00 02 00 00 00 00 00 00 01 00 00 00
  reply@0x27fe8d0+020: 04 00 00 00 00 00 00 00 08 00 00 00 00 00 00 00
  reply@0x27fe8d0+030: 00 13 06 00 00 00 00 00 03 0d 00 00 00 00 00 00
  reply@0x27fe8d0+040: 40 e9 7f 02 00 00 00 00 08 ab 35 80 01 80 25 f7
  reply@0x27fe8d0+050: 03 16 00 00 00 00 00 00 c0 61 06 00 00 00 00 00
  reply@0x27fe8d0+060: 00 13 06 00 00 00 00 00 f0 fa 6f ec 01 00 00 00
  reply@0x27fe8d0+070: 50 e9 7f 02 00 00 00 00 b0 04 35 80 01 00 57 3a
  reply@0x27fe8d0+080: 70 e9 7f 02 00 00 00 00 30 96 33 80 01 80 63 54
  reply@0x27fe8d0+090: 00 13 06 00 00 00 00 00 28 f9 6f ec 01 00 00 00
  reply@0x27fe8d0+0a0: 80 e9 7f 02 00 00 00 00 cc aa 35 80 01 00 76 a8
  reply@0x27fe8d0+0b0: a0 e9 7f 02 00 00 00 00 34 c5 35 80 01 80 36 5c
  reply@0x27fe8d0+0c0: 2e 00 00 00 00 00 00 00 6e 0a 2f a6 00 00 00 00
  reply@0x27fe8d0+0d0: b0 e9 7f 02 00 00 00 00 b0 04 35 80 01 00 19 92
  reply@0x27fe8d0+0e0: d0 e9 7f 02 00 00 00 00 30 96 33 80 01 80 39 e5
  reply@0x27fe8d0+0f0: 00 13 06 00 00 00 00 00 58 65 06 00 00 00 00 00
[trap] num=-70 (0xffffffffffffffba) pc=0x1804adcc4 args=[0xd03,0x180373fb0,0x10,0x27fe99c,0x19c00000000,0x140300000000]
[trap] num=-47 (0xffffffffffffffd1) pc=0x1804adc34 args=[0x66558,0x403114207,0xf880131513,0x200300001603,0x400000cf00001f03,0x200300000001]
[mach_msg2] msgh_id=1073742031 dest=0x1603 reply=0x2003 options=0x403114207 bits=0x80131513 send_size=248 rcv_size=248
  send+000: 13 15 13 80 f8 00 00 00 03 16 00 00 03 20 00 00
  send+010: 03 1f 00 00 cf 00 00 40 01 00 00 00 03 16 00 00
  send+020: 00 00 00 00 00 00 13 00 43 50 58 40 05 00 00 00
  send+030: 00 f0 00 00 c0 00 00 00 07 00 00 00 68 61 6e 64
  send+040: 6c 65 00 00 00 40 00 00 00 00 00 00 00 00 00 00
  send+050: 69 6e 73 74 61 6e 63 65 00 00 00 00 00 a0 00 00
  send+060: 00 00 00 00 00 00 00 00 00 00 00 00 00 00 00 00
  send+070: 66 6c 61 67 73 00 00 00 00 40 00 00 08 00 00 00
  send+080: 00 00 00 00 6e 61 6d 65 00 00 00 00 00 90 00 00
  send+090: 25 00 00 00 63 6f 6d 2e 61 70 70 6c 65 2e 73 79
  send+0a0: 73 74 65 6d 2e 6e 6f 74 69 66 69 63 61 74 69 6f
  send+0b0: 6e 5f 63 65 6e 74 65 72 00 00 00 00 74 79 70 65
  send+0c0: 00 00 00 00 00 40 00 00 07 00 00 00 00 00 00 00
  send+0d0: 74 61 72 67 65 74 70 69 64 00 00 00 00 30 00 00
  send+0e0: 00 00 00 00 00 00 00 00 64 6f 6d 61 69 6e 2d 70
  send+0f0: 6f 72 74 00 00 d0 00 00
[retrace] refusing mach_msg2 message-queue send (msgh_id 0x400000cf dest 0x1603 send_size 248): the box hosts no message-queue receivers
[trap] num=-18 (0xffffffffffffffee) pc=0x1804adae4 args=[0x203,0x1603,0x413a8001801c8220,0x66380,0x66400,0x200300000001]
[M28 BANDSHRINK] syscall -18 band past ipa 0x66380 len 65536 shrunk 64 -> 0 by an overlapping window of the same call
[trap] num=327 (0x147) pc=0x1804ad92c args=[0x0,0x103,0x103,0x103,0x0,0x0]
[trap] num=327 (0x147) pc=0x1804ad92c args=[0x0,0x103,0x103,0x103,0x2,0x63]
[trap] num=327 (0x147) pc=0x1804ad92c args=[0x0,0x0,0x0,0x103,0x2,0x63]
[trap] num=25 (0x19) pc=0x1804af050 args=[0x1ec7182a0,0x0,0x1f5,0x2,0x66280,0x0]
[trap] num=194 (0xc2) pc=0x1804b00c8 args=[0x1008,0x27ff088,0x611c0001804edb6c,0x2,0x66280,0x0]
[trap] num=398 (0x18e) pc=0x1804ae948 args=[0x18052cc13,0x0,0x0,0x2,0x66280,0x0]
[trap] num=339 (0x153) pc=0x1804bc288 args=[0x4,0x27ff090,0x120a8,0x1ec7035c0,0x27ff208,0x27ff200]
[trap] num=339 (0x153) pc=0x1804bc288 args=[0x4,0x27fdf80,0x27fe044,0x1ec7035c0,0x27ff208,0x27ff200]
[trap] num=396 (0x18c) pc=0x1804afcac args=[0x4,0x66370,0x1000,0x100,0x0,0x27ff200]
[trap] num=-15 (0xfffffffffffffff1) pc=0x1804adacc args=[0x203,0x27fdf48,0x400000,0x0,0x2004000,0x3]
[trap] num=396 (0x18c) pc=0x1804afcac args=[0x4,0x66370,0x1000,0x27fe125,0x701014080,0x0]
[trap] num=396 (0x18c) pc=0x1804afcac args=[0x4,0x66370,0x1000,0x27fe11a,0x701014080,0x0]
[trap] num=396 (0x18c) pc=0x1804afcac args=[0x4,0x66370,0x1000,0xa,0x700c00080,0x0]
[trap] num=399 (0x18f) pc=0x1804af584 args=[0x4,0x0,0x611c0001804edb6c,0xa,0x700c00080,0x0]
[trap] num=327 (0x147) pc=0x1804ad92c args=[0x0,0x1edd85ee8,0xbb55800180503ca0,0x1f5,0x2,0x0]
[trap] num=25 (0x19) pc=0x1804af050 args=[0x1ec7182a0,0x0,0x1f5,0x2,0x66300,0x0]
[trap] num=194 (0xc2) pc=0x1804b00c8 args=[0x1008,0x27ff088,0x611c0001804edb6c,0x2,0x66300,0x0]
[trap] num=398 (0x18e) pc=0x1804ae948 args=[0x18052cc13,0x0,0x0,0x2,0x66300,0x0]
[trap] num=339 (0x153) pc=0x1804bc288 args=[0x4,0x27ff090,0x120a8,0x1ec7035c0,0x27ff208,0x27ff200]
[trap] num=339 (0x153) pc=0x1804bc288 args=[0x4,0x27fdf80,0x27fe044,0x1ec7035c0,0x27ff208,0x27ff200]
[trap] num=396 (0x18c) pc=0x1804afcac args=[0x4,0x701018000,0x1000,0x1,0x0,0x1]
[trap] num=396 (0x18c) pc=0x1804afcac args=[0x4,0x701018000,0x1000,0x27fe125,0x701014080,0x0]
[M28 BANDSHRINK] syscall 396 band past ipa 0x701014080 len 65536 shrunk 64 -> 0 by an overlapping window of the same call
[trap] num=396 (0x18c) pc=0x1804afcac args=[0x4,0x701018000,0x1000,0x27fe11a,0x701014080,0x0]
[M28 BANDSHRINK] syscall 396 band past ipa 0x701014080 len 65536 shrunk 64 -> 0 by an overlapping window of the same call
[trap] num=396 (0x18c) pc=0x1804afcac args=[0x4,0x701018000,0x1000,0xa,0x700c00080,0x0]
[trap] num=399 (0x18f) pc=0x1804af584 args=[0x4,0x0,0x611c0001804edb6c,0xa,0x700c00080,0x0]
[trap] num=327 (0x147) pc=0x1804ad92c args=[0x0,0x1edd85ee8,0xbb55800180503ca0,0x14,0x2,0x0]
[trap] num=194 (0xc2) pc=0x1804b00c8 args=[0x1008,0x27ff0e8,0x611c0001804edb6c,0x2,0x663c0,0x0]
[trap] num=398 (0x18e) pc=0x1804ae948 args=[0x18052cc32,0x0,0x0,0x2,0x663c0,0x0]
[trap] num=339 (0x153) pc=0x1804bc288 args=[0x4,0x27ff0f0,0x120a8,0x1ec7035c0,0x27ff220,0x27ff218]
[trap] num=339 (0x153) pc=0x1804bc288 args=[0x4,0x27fdfe0,0x27fe0a4,0x1ec7035c0,0x27ff220,0x27ff218]
[trap] num=396 (0x18c) pc=0x1804afcac args=[0x4,0x701018000,0x1000,0xa00478188,0x0,0x27fe037]
[trap] num=199 (0xc7) pc=0x1804af624 args=[0x4,0xfffffffffffff2a9,0x1,0x1,0x0,0x0]
[trap] num=399 (0x18f) pc=0x1804af584 args=[0x4,0xfffffffffffff2a9,0x1,0x1,0x0,0x0]
[trap] num=202 (0xca) pc=0x1804af460 args=[0x27ff2f0,0x2,0x27ff1ef,0x27ff1d8,0x0,0x0]
[trap] num=46 (0x2e) pc=0x1804b4478 args=[0x14,0x27fe288,0x0,0xa,0x7010140c0,0x0]
[trap] num=42 (0x2a) pc=0x1804b43ec args=[0x27ff2f0,0x27fe288,0x0,0xa,0x7010140c0,0x0]
[trap] num=41 (0x29) pc=0x1804b2498 args=[0x4,0xffffffff,0x0,0xa,0x7010140c0,0x0]
[trap] num=6 (0x6) pc=0x1804ae8f0 args=[0x4,0xffffffff,0x0,0xa,0x7010140c0,0x0]
[trap] num=92 (0x5c) pc=0x1804ae8c4 args=[0x6,0x2,0x1,0xa,0x7010140c0,0x0]
[trap] num=41 (0x29) pc=0x1804b2498 args=[0x5,0xffffffff,0x1,0xa,0x7010140c0,0x0]
[trap] num=41 (0x29) pc=0x1804b2498 args=[0x4,0xffffffff,0x1,0xa,0x7010140c0,0x0]
[trap] num=6 (0x6) pc=0x1804ae8f0 args=[0x4,0xffffffff,0x1,0xa,0x7010140c0,0x0]
[trap] num=6 (0x6) pc=0x1804ae8f0 args=[0x5,0xffffffff,0x1,0xa,0x7010140c0,0x0]
[trap] num=92 (0x5c) pc=0x1804ae8c4 args=[0x7,0x2,0x1,0xa,0x7010140c0,0x0]
[trap] num=-47 (0xffffffffffffffd1) pc=0x1804adc34 args=[0x27fe1b0,0x200000003,0x4080001513,0x140300000203,0xd4b00000000,0x140300000003]
[mach_msg2] msgh_id=3403 dest=0x203 reply=0x1403 options=0x200000003 bits=0x80001513 send_size=64 rcv_size=44
  send+000: 13 15 00 80 40 00 00 00 03 02 00 00 03 14 00 00
  send+010: 00 00 00 00 4b 0d 00 00 03 00 00 00 03 16 00 00
  send+020: 00 00 00 00 00 00 13 00 00 00 00 00 00 00 00 00
  send+030: 00 00 13 00 00 00 00 00 00 00 00 00 00 00 13 00
[regs]
x0 =0x00000000027fe1b0  x1 =0x0000000200000003  x2 =0x0000004080001513  x3 =0x0000140300000203  
x4 =0x00000d4b00000000  x5 =0x0000140300000003  x6 =0x000000000000002c  x7 =0x0000000000000000  
x8 =0x00000001804e2000  x9 =0x0000000023308814  x10=0x00000001e9c5c200  x11=0x0000000000000000  
x12=0x0000000000000000  x13=0x0000000000000002  x14=0x0000000a00478038  x15=0x000000000000001b  
x16=0xffffffffffffffd1  x17=0x00000001edd378a0  x18=0x0000000000000000  x19=0x0000000000000000  
x20=0x000000000000002c  x21=0x0000140300000003  x22=0x00000d4b00000000  x23=0x0000140300000203  
x24=0x0000000200000003  x25=0x00000000027fe1b0  x26=0x0000004080001513  x27=0xfffffffffffffbbf  
x28=0x0000000000000001  x29=0x00000000027fe1a0  x30=0x00000001804c0574  
sp=0x27fe150 pc=0x4404 elr=0x1804adc34 far=0x1804d8eac spsr=0x60000000
[bt]
  pc  0x4404
  ret 0x1804d8f34
  ret 0x1804b58a8
  ret 0x1801d7fa8
  ret 0x1903411c8
  ret 0x1803a31c4
  ret 0x100047e50
  ret 0x100001348
  ret 0x180133e00

RECORD ERROR: unsupported mach_msg2 at pc 0x1804adc34: msgh_id 3403 dest 0x203 (guest task port Some(515)) send_size 64
