[trap] num=-28 (0xffffffffffffffe4) pc=0x140001654 args=[0x27ff9b8,0x8,0x1400e0090,0x27ff45f,0x27ff5a8,0x1400647cc,0x0,0x0]
[trap] num=-26 (0xffffffffffffffe6) pc=0x14000163c args=[0x203,0x8,0x1400e0090,0x27ff45f,0x27ff5a8,0x1400647cc,0x0,0x0]
[trap] num=372 (0x174) pc=0x140004b14 args=[0x0,0x8,0x1400e0090,0x27ff45f,0x27ff5a8,0x1400647cc,0x0,0x0]
[trap] num=2147483648 (0x80000000) pc=0x14008194c args=[0x1400b9ee0,0x8,0x1400e0090,0x2,0x27ff5a8,0x1400647cc,0x0,0x0]
[retrace warn] dyld __mac_syscall(Sandbox) synthesized as success/unsandboxed (not forwarded; host would fault)
[trap] num=38 (0x26) pc=0x1400815a0 args=[0x0,0x0,0x0,0x27ff658,0x0,0x1400647cc,0x0,0x0]
[trap] num=-14 (0xfffffffffffffff2) pc=0x1400015b8 args=[0x203,0x1400bc000,0x200f0,0x0,0x3,0x1400647cc,0x0,0x0]
[trap] num=483 (0x1e3) pc=0x140004e08 args=[0x0,0x27ff61c,0x4,0x0,0x3,0x1400647cc,0x0,0x0]
[trap] num=38 (0x26) pc=0x1400815a0 args=[0x0,0x0,0x0,0x27ff5d8,0x0,0x1400647cc,0x0,0x0]
[trap] num=-14 (0xfffffffffffffff2) pc=0x1400015b8 args=[0x203,0x1400bc000,0x200f0,0x0,0x1,0x1400bc0f0,0x20000,0x0]
[trap] num=-14 (0xfffffffffffffff2) pc=0x1400015b8 args=[0x203,0x1400bc000,0x200f0,0x0,0x3,0x1400bc0f0,0x20000,0x0]
[trap] num=-14 (0xfffffffffffffff2) pc=0x1400015b8 args=[0x203,0x1400bc000,0x200f0,0x0,0x1,0x75,0x20000,0xec0]
[trap] num=294 (0x126) pc=0x1400062f8 args=[0x27ff980,0x27ff980,0x27ff970,0x27ff980,0x27ffa00,0x75,0x20000,0xec0]
[trap] num=-14 (0xfffffffffffffff2) pc=0x1400015b8 args=[0x203,0x1400bc000,0x200f0,0x0,0x3,0x75,0x20000,0xec0]
[trap] num=-15 (0xfffffffffffffff1) pc=0x1400015c4 args=[0x203,0x27fee00,0x20000,0x3fff,0x3c000001,0x3,0x0,0x0]
[trap] num=20 (0x14) pc=0x140004f48 args=[0x0,0x3,0x67ed7172456,0x2,0x1,0x27ff550,0x65,0x0]
[trap] num=-12 (0xfffffffffffffff4) pc=0x1400015a0 args=[0x203,0x100010000,0x20000,0x0,0x0,0x0,0x0,0x0]
[trap] num=-14 (0xfffffffffffffff2) pc=0x1400015b8 args=[0x203,0x1400bc000,0x200f0,0x0,0x1,0x0,0x0,0x0]
[trap] num=38 (0x26) pc=0x1400815a0 args=[0x0,0x0,0x0,0x27ff768,0x1,0x0,0x0,0x0]
[trap] num=483 (0x1e3) pc=0x140004e08 args=[0x0,0x27ff77c,0x4,0x27ff7e8,0x1,0x0,0x0,0x0]
[trap] num=-14 (0xfffffffffffffff2) pc=0x1400015b8 args=[0x203,0x1400bc000,0x200f0,0x0,0x3,0x0,0x0,0x0]
[trap] num=-15 (0xfffffffffffffff1) pc=0x1400015c4 args=[0x203,0x27fee00,0x20000,0x3fff,0x3c000001,0x3,0x0,0x0]
[trap] num=-12 (0xfffffffffffffff4) pc=0x1400015a0 args=[0x203,0x100010000,0x20000,0x0,0x0,0x0,0x0,0x0]
[trap] num=-14 (0xfffffffffffffff2) pc=0x1400015b8 args=[0x203,0x1400bc000,0x200f0,0x0,0x1,0x0,0x0,0x0]
[trap] num=336 (0x150) pc=0x14000600c args=[0xf,0xc865,0x0,0x0,0x1ec6f7f80,0x170,0x0,0x0]
[trap] num=-28 (0xffffffffffffffe4) pc=0x180115654 args=[0x1,0x0,0x0,0x0,0x0,0x0,0x0,0x0]
[trap] num=-26 (0xffffffffffffffe6) pc=0x18011563c args=[0x203,0x0,0x0,0x0,0x0,0x0,0x0,0x0]
[trap] num=372 (0x174) pc=0x180118b14 args=[0x0,0x0,0x0,0x0,0x0,0x0,0x0,0x0]
[trap] num=2147483648 (0x80000000) pc=0x18019594c args=[0x1ec6f9e60,0x0,0x0,0x2,0x0,0x0,0x0,0x0]
[retrace warn] dyld __mac_syscall(Sandbox) synthesized as success/unsandboxed (not forwarded; host would fault)
[trap] num=38 (0x26) pc=0x1801955a0 args=[0x0,0x0,0x0,0x27ff658,0x0,0x0,0x0,0x0]
[trap] num=-14 (0xfffffffffffffff2) pc=0x1801155b8 args=[0x203,0x1ec444000,0x24000,0x0,0x13,0x0,0x0,0x0]
[trap] num=483 (0x1e3) pc=0x180118e08 args=[0x0,0x27ff61c,0x4,0x0,0x13,0x0,0x0,0x0]
[trap] num=38 (0x26) pc=0x1801955a0 args=[0x0,0x0,0x0,0x27ff5d8,0x0,0x0,0x0,0x0]
[trap] num=-14 (0xfffffffffffffff2) pc=0x1801155b8 args=[0x203,0x1ec444000,0x24000,0x0,0x1,0x1ec444140,0x20000,0x0]
[trap] num=-14 (0xfffffffffffffff2) pc=0x1801155b8 args=[0x203,0x1ec444000,0x24000,0x0,0x13,0x1ec444140,0x20000,0x0]
[trap] num=-14 (0xfffffffffffffff2) pc=0x1801155b8 args=[0x203,0x1ec444000,0x24000,0x0,0x1,0x75,0x20000,0xec0]
[trap] num=294 (0x126) pc=0x18011a2f8 args=[0x27ff980,0x27ff980,0x27ff970,0x27ff980,0x27ffa00,0x75,0x20000,0xec0]
[trap] num=-19 (0xffffffffffffffed) pc=0x1801155e8 args=[0x203,0x203,0x0,0xffffffff,0x27ffa00,0x75,0x20000,0xec0]
[trap] num=-14 (0xfffffffffffffff2) pc=0x1801155b8 args=[0x203,0x1ec444000,0x24000,0x0,0x3,0x75,0x20000,0xec0]
[trap] num=-15 (0xfffffffffffffff1) pc=0x1801155c4 args=[0x203,0x27fee00,0x20000,0x3fff,0x3c000001,0x3,0x0,0x0]
[trap] num=20 (0x14) pc=0x180118f48 args=[0x0,0x3,0x67ed7188c56,0x2,0x1,0x27ff550,0x65,0x0]
[trap] num=-12 (0xfffffffffffffff4) pc=0x1801155a0 args=[0x203,0x100010000,0x20000,0x0,0x0,0x0,0x0,0x0]
[trap] num=-14 (0xfffffffffffffff2) pc=0x1801155b8 args=[0x203,0x1ec444000,0x24000,0x0,0x1,0x0,0x0,0x0]
[trap] num=73 (0x49) pc=0x18011823c args=[0x140000000,0xa8000,0x27ff6df,0x2,0x8,0x0,0x0,0x0]
[trap] num=73 (0x49) pc=0x18011823c args=[0x1400a8000,0x4000,0x27ff6df,0x2,0x8,0x0,0x0,0x0]
[trap] num=73 (0x49) pc=0x18011823c args=[0x1400ac000,0x8000,0x27ff6df,0x2,0x8,0x0,0x0,0x0]
[trap] num=73 (0x49) pc=0x18011823c args=[0x1400b4000,0x4000,0x27ff6df,0x2,0x8,0x0,0x0,0x0]
[trap] num=73 (0x49) pc=0x18011823c args=[0x1400bc000,0x24000,0x27ff6df,0x2,0x8,0x0,0x0,0x0]
[trap] num=73 (0x49) pc=0x18011823c args=[0x1400e0000,0x60000,0x27ff6df,0x2,0x8,0x0,0x0,0x0]
[trap] num=-14 (0xfffffffffffffff2) pc=0x1801155b8 args=[0x203,0x1ec444000,0x24000,0x0,0x3,0x0,0x0,0x0]
[trap] num=38 (0x26) pc=0x1801955a0 args=[0x0,0x0,0x0,0x27ff298,0x1,0x0,0x0,0x0]
[trap] num=5 (0x5) pc=0x180119f50 args=[0x27ffee4,0x0,0x0,0x0,0x1,0x0,0x0,0x0]
[trap] num=92 (0x5c) pc=0x1801180d8 args=[0x3,0x32,0x27fee98,0x0,0x1,0x0,0x0,0x0]
[trap] num=6 (0x6) pc=0x180116750 args=[0x3,0x32,0x27fee98,0x0,0x1,0x0,0x0,0x0]
[trap] num=483 (0x1e3) pc=0x180118e08 args=[0x0,0x27ff2ac,0x4,0x14,0x61,0x4d,0x0,0x0]
[trap] num=381 (0x17d) pc=0x180119ecc args=[0x1801b7eb4,0x2,0x27ff1d0,0xa,0x73,0x69,0x0,0x0]
[trap] num=483 (0x1e3) pc=0x180118e08 args=[0x0,0x27ff2bc,0x4,0x20,0x61,0x41,0x0,0x90]
[trap] num=202 (0xca) pc=0x18011a37c args=[0x27ff270,0x2,0x27ff238,0x27ff230,0x1801ab70b,0x20,0x0,0x90]
[trap] num=202 (0xca) pc=0x18011a37c args=[0x27ff238,0x3,0x27ff2cc,0x27ff2c0,0x0,0x0,0x0,0x90]
[trap] num=381 (0x17d) pc=0x180119ecc args=[0x1801b4bf1,0x5a,0x27ff250,0x2,0x8,0x0,0x0,0x90]
[trap] num=202 (0xca) pc=0x18011a37c args=[0x27fe4c0,0x2,0x27fe488,0x27fe480,0x1801b698e,0xd,0x1ec444f50,0x90]
[trap] num=202 (0xca) pc=0x18011a37c args=[0x27fe488,0x2,0x27fe538,0x27fe530,0x0,0x0,0x1ec444f50,0x90]
[trap] num=5 (0x5) pc=0x180119f50 args=[0x1801aaaf1,0x20100000,0x0,0xfffffffffffffff0,0x0,0x72,0x0,0x80]
[trap] num=463 (0x1cf) pc=0x180119f7c args=[0x3,0x1801b4c4b,0x100000,0x0,0x0,0x72,0x0,0x80]
[trap] num=41 (0x29) pc=0x18011a484 args=[0x4,0x1801b625c,0x100000,0x0,0x0,0x72,0x0,0x80]
[trap] num=470 (0x1d6) pc=0x18011a5e4 args=[0x4,0x27fe011,0x27fdf80,0x0,0x27fe080,0x72,0x0,0x80]
[trap] num=463 (0x1cf) pc=0x180119f7c args=[0x4,0x27fe011,0x100000,0x0,0x27fe080,0x72,0x0,0x80]
[trap] num=92 (0x5c) pc=0x1801180d8 args=[0x6,0x32,0x27fe010,0x0,0x27fe080,0x72,0x0,0x80]
[trap] num=41 (0x29) pc=0x18011a484 args=[0x6,0x1801b6e25,0x27feea0,0x0,0x27fe080,0x72,0x0,0x80]
[trap] num=41 (0x29) pc=0x18011a484 args=[0x5,0x1801b6e25,0x27feea0,0x0,0x27fe080,0x72,0x0,0x80]
[trap] num=6 (0x6) pc=0x180116750 args=[0x3,0x1801b6cb4,0x27feea0,0x0,0x27fe080,0x72,0x0,0x80]
[trap] num=6 (0x6) pc=0x180116750 args=[0x5,0x1801b6cf2,0x27feea0,0x0,0x27fe080,0x72,0x0,0x80]
[trap] num=6 (0x6) pc=0x180116750 args=[0x4,0x1801b6d1f,0x27feea0,0x0,0x27fe080,0x72,0x0,0x80]
[trap] num=6 (0x6) pc=0x180116750 args=[0x6,0x1801b6d4a,0x27feea0,0x0,0x27fe080,0x72,0x0,0x80]
[trap] num=381 (0x17d) pc=0x180119ecc args=[0x1801b7eb4,0x2,0x27fed20,0xa,0x73,0x69,0x0,0x80]
[trap] num=294 (0x126) pc=0x18011a2f8 args=[0x27fed68,0x27fee38,0x27fee38,0x27fee64,0x73,0x69,0x0,0x80]
[trap] num=-14 (0xfffffffffffffff2) pc=0x1801155b8 args=[0x203,0x1ec444000,0x24000,0x0,0x3,0x0,0x0,0x5c0]
[trap] num=427 (0x1ab) pc=0x18011a5b8 args=[0x27feed0,0x400,0x27fee54,0x748e8,0x3,0x0,0x0,0x5c0]
[trap] num=92 (0x5c) pc=0x1801180d8 args=[0x8,0x32,0x27feed0,0x1ec445302,0xfffffffe163b9be0,0x10,0x0,0x5c0]
[trap] num=6 (0x6) pc=0x180116750 args=[0x8,0x1801b6a74,0x4,0x180115e30,0x1,0x10,0x0,0x5c0]
[trap] num=6 (0x6) pc=0x180116750 args=[0x7,0x1801b6a98,0x4,0x180115e30,0x1,0x10,0x0,0x5c0]
[trap] num=338 (0x152) pc=0x180116c48 args=[0x1ec445250,0x27fe9f0,0x1ec445250,0x27feae8,0x27feb10,0x27feaf0,0x0,0x27feb18]
[trap] num=5 (0x5) pc=0x180119f50 args=[0x1ec445250,0x0,0x0,0x27feae8,0x27feb10,0x27feaf0,0x0,0x27feb18]
[trap] num=197 (0xc5) pc=0x180119190 args=[0x0,0x87c8,0x1,0x40002,0x3,0x0,0x0,0x27feb18]
[trap] num=92 (0x5c) pc=0x1801180d8 args=[0x3,0x32,0x27feb18,0x40002,0x3,0x0,0x0,0x27feb18]
[trap] num=73 (0x49) pc=0x18011823c args=[0xa00000000,0x87c8,0x87c8,0x0,0x27feaf0,0x27feb18,0x3,0x27feb18]
[trap] num=6 (0x6) pc=0x180116750 args=[0x3,0x87c8,0x87c8,0x0,0x27feaf0,0x27feb18,0x3,0x27feb18]
[trap] num=338 (0x152) pc=0x180116c48 args=[0x1ec445250,0x27fef70,0x27ff030,0x0,0x27feaf0,0x27feb18,0x3,0x27feb18]
[trap] num=338 (0x152) pc=0x180116c48 args=[0x1000004d8,0x27fde70,0x27fdf70,0x27fdf58,0x1000004e2,0x1801ac864,0x27fe6b8,0x900]
[trap] num=-10 (0xfffffffffffffff6) pc=0x180115588 args=[0x203,0x27fde30,0x4000,0x3c000001,0x1000004e2,0x1801ac864,0x27fe6b8,0x900]
[trap] num=338 (0x152) pc=0x180116c48 args=[0x27fe490,0x27fde20,0x27fdf20,0x27fdf08,0x27fe4be,0x1801ac864,0x0,0x750]
[trap] num=-12 (0xfffffffffffffff4) pc=0x1801155a0 args=[0x203,0xa0000c000,0x4000,0x1a0500,0x0,0x0,0x0,0xbc0]
[trap] num=5 (0x5) pc=0x180119f50 args=[0x1ec4478a8,0x0,0x0,0x0,0x0,0x27fcb98,0x1,0x27fcaf8]
[trap] num=381 (0x17d) pc=0x180119ecc args=[0x1801b7eb4,0x2,0x27fbdf0,0xa,0x73,0x69,0x1,0x27fcaf8]
[trap] num=550 (0x226) pc=0x180119ef8 args=[0x27fbcb0,0x1,0x27fbce0,0xd0,0x1018,0x18,0x100000000,0x27fcb98]
[trap] num=6 (0x6) pc=0x180116750 args=[0x3,0x3,0x27fbd10,0x0,0x1,0x18,0x100000000,0x27fcb98]
[trap] num=74 (0x4a) pc=0x180119f24 args=[0x100004000,0x4000,0x1,0x1,0x8,0x18,0x100000000,0x27fcb98]
[trap] num=-14 (0xfffffffffffffff2) pc=0x1801155b8 args=[0x203,0x1e5908000,0x2324000,0x0,0x13,0x13,0x4,0x4000]
[trap] num=-14 (0xfffffffffffffff2) pc=0x1801155b8 args=[0x203,0x1edc84000,0x7b90000,0x0,0x13,0x13,0x5,0x6380000]
[trap] num=-14 (0xfffffffffffffff2) pc=0x1801155b8 args=[0x203,0x28f64c000,0x2c2c000,0x0,0x13,0x13,0x4,0x4000]
[trap] num=-14 (0xfffffffffffffff2) pc=0x1801155b8 args=[0x203,0x29a1cc000,0x5678000,0x0,0x13,0x13,0x5,0x8b84000]
[trap] num=-14 (0xfffffffffffffff2) pc=0x1801155b8 args=[0x203,0x2d0bac000,0x2a4000,0x0,0x13,0x13,0x4,0x4000]
[trap] num=-14 (0xfffffffffffffff2) pc=0x1801155b8 args=[0x203,0x2d361c000,0xac8000,0x0,0x13,0x13,0x5,0xa74000]
[trap] num=-14 (0xfffffffffffffff2) pc=0x1801155b8 args=[0x203,0x1e5908000,0x2324000,0x0,0x1,0x1,0x4,0x4000]
[trap] num=-14 (0xfffffffffffffff2) pc=0x1801155b8 args=[0x203,0x1edc84000,0x7b90000,0x0,0x1,0x1,0x5,0x6380000]
[trap] num=-14 (0xfffffffffffffff2) pc=0x1801155b8 args=[0x203,0x28f64c000,0x2c2c000,0x0,0x1,0x1,0x4,0x4000]
[trap] num=-14 (0xfffffffffffffff2) pc=0x1801155b8 args=[0x203,0x29a1cc000,0x5678000,0x0,0x1,0x1,0x5,0x8b84000]
[trap] num=-14 (0xfffffffffffffff2) pc=0x1801155b8 args=[0x203,0x2d0bac000,0x2a4000,0x0,0x1,0x1,0x4,0x4000]
[trap] num=-14 (0xfffffffffffffff2) pc=0x1801155b8 args=[0x203,0x2d361c000,0xac8000,0x0,0x1,0x1,0x5,0xa74000]
[trap] num=-15 (0xfffffffffffffff1) pc=0x1801155c4 args=[0x203,0x27fb7d0,0x20000,0x3fff,0x3c000001,0x3,0x0,0x0]
[trap] num=347 (0x15b) pc=0x18011a6ec args=[0x0,0x0,0x2,0x2,0x1,0x27fb360,0xa0,0x0]
[trap] num=-15 (0xfffffffffffffff1) pc=0x1801155c4 args=[0x203,0x27fadf0,0x20000,0x3fff,0x3c000001,0x3,0x0,0x0]
[trap] num=347 (0x15b) pc=0x18011a6ec args=[0x100030060,0xb1d8,0x2,0x2,0x1,0x100030000,0x20000,0x0]
[M28 BANDSHRINK] syscall 347 band past ipa 0x100030000 len 65536 shrunk 64 -> 0 by an overlapping window of the same call
[trap] num=220 (0xdc) pc=0x180116e90 args=[0x1000300b8,0x27fb2d8,0x27fb420,0x40,0x0,0x0,0x20000,0x0]
[trap] num=-12 (0xfffffffffffffff4) pc=0x1801155a0 args=[0x203,0x100030000,0x20000,0x87,0x2,0x1000038,0xffffffffffffffff,0x0]
[trap] num=-12 (0xfffffffffffffff4) pc=0x1801155a0 args=[0x203,0x100010000,0x20000,0x0,0x0,0x0,0x0,0x0]
[trap] num=5 (0x5) pc=0x180119f50 args=[0x1801ab41a,0x2,0x0,0x2,0x8,0x0,0x62696c79642e41,0x0]
[trap] num=54 (0x36) pc=0x180116724 args=[0x3,0x80086804,0x27fb3d8,0x2,0x8,0x0,0x62696c79642e41,0x0]
[trap] num=6 (0x6) pc=0x180116750 args=[0x3,0xffffffffffffffff,0x27fb3d8,0x2,0x8,0x0,0x62696c79642e41,0x0]
[trap] num=294 (0x126) pc=0x18011a2f8 args=[0xffffffffffffffff,0x1f070030,0x0,0x0,0x0,0x0,0x0,0x0]
[trap] num=-14 (0xfffffffffffffff2) pc=0x1801155b8 args=[0x203,0x1ec444000,0x24000,0x0,0x1,0x0,0x0,0x0]
[trap] num=-28 (0xffffffffffffffe4) pc=0x1804adb5c args=[0x0,0x1804e2db8,0x27ffe30,0x1ec445418,0x1ec445418,0x0,0x0,0x0]
[trap] num=-26 (0xffffffffffffffe6) pc=0x1804adb44 args=[0x203,0x1804e2db8,0x27ffe30,0x1ec445418,0x1ec445418,0x0,0x0,0x0]
[trap] num=33 (0x21) pc=0x1804ae668 args=[0x1804e2dda,0x0,0x27ffe30,0x1ec445418,0x1ec445418,0x0,0x0,0x0]
[trap] num=-15 (0xfffffffffffffff1) pc=0x1804adacc args=[0x203,0x27fc048,0x8000,0x0,0x49000001,0x3,0x0,0x0]
[trap] num=-29 (0xffffffffffffffe3) pc=0x1804adb68 args=[0x1eec6fd98,0x27ffe28,0x27ffe30,0x1ec445418,0x49000001,0x3,0x0,0x0]
[trap] num=-24 (0xffffffffffffffe8) pc=0x1804adb2c args=[0x203,0x27fbef0,0x0,0x27fbf0c,0x49000001,0x3,0x0,0x0]
[trap] num=-47 (0xffffffffffffffd1) pc=0x1804adc34 args=[0x27fbf30,0x200000003,0x2800001513,0x120300000c03,0xc800000000,0x120300000000,0x140,0x0]
[mach_msg2] msgh_id=200 dest=0xc03 reply=0x1203 options=0x200000003 bits=0x1513 send_size=40 rcv_size=320
  send+000: 13 15 00 00 28 00 00 00 03 0c 00 00 03 12 00 00
  send+010: 00 00 00 00 c8 00 00 00 00 00 00 00 01 00 00 00
  send+020: 05 00 00 00 08 00 00 00
[retrace] forwarding mach_msg2 host_info (msgh_id 200) to host (decided allowlist)
[mach_msg2] host ret=0x0 err=false
  reply@0x27fbf30+000: 00 12 00 00 48 00 00 00 00 00 00 00 03 12 00 00
  reply@0x27fbf30+010: 00 00 00 00 2c 01 00 00 00 00 00 00 01 00 00 00
  reply@0x27fbf30+020: 00 00 00 00 08 00 00 00 50 00 00 00 50 00 00 00
  reply@0x27fbf30+030: 40 00 00 00 1f 00 00 00 00 00 00 00 00 00 00 00
  reply@0x27fbf30+040: 00 00 00 00 4f 00 00 00 00 00 00 00 08 00 00 00
  reply@0x27fbf30+050: 00 00 00 00 00 00 00 00 00 00 00 00 00 00 00 00
  reply@0x27fbf30+060: 00 00 00 00 00 00 00 00 00 00 00 00 00 00 00 00
  reply@0x27fbf30+070: 00 00 00 00 00 00 00 00 00 00 00 00 00 00 00 00
  reply@0x27fbf30+080: 00 00 00 00 00 00 00 00 00 00 00 00 00 00 00 00
  reply@0x27fbf30+090: 00 00 00 00 00 00 00 00 00 00 00 00 00 00 00 00
  reply@0x27fbf30+0a0: 00 00 00 00 00 00 00 00 00 00 00 00 00 00 00 00
  reply@0x27fbf30+0b0: 00 00 00 00 00 00 00 00 00 00 00 00 00 00 00 00
  reply@0x27fbf30+0c0: 00 00 00 00 00 00 00 00 00 00 00 00 00 00 00 00
  reply@0x27fbf30+0d0: 00 00 00 00 00 00 00 00 00 00 00 00 00 00 00 00
  reply@0x27fbf30+0e0: 00 00 00 00 00 00 00 00 00 00 00 00 00 00 00 00
  reply@0x27fbf30+0f0: 00 00 00 00 00 00 00 00 00 00 00 00 00 00 00 00
[trap] num=-18 (0xffffffffffffffee) pc=0x1804adae4 args=[0x203,0xc03,0x0,0x27fc120,0xc800000000,0x120300000000,0x4f00000000,0x0]
[trap] num=202 (0xca) pc=0x1804af460 args=[0x27fc128,0x2,0x27fc0f8,0x27fc0c0,0x0,0x0,0x4f00000000,0x0]
[trap] num=-27 (0xffffffffffffffe5) pc=0x1804adb50 args=[0x2ff20,0x0,0x7,0x1804f8a0a,0x0,0x0,0x4f00000000,0x0]
[trap] num=-24 (0xffffffffffffffe8) pc=0x1804adb2c args=[0x203,0x27fc070,0x0,0x27fc08c,0x0,0x0,0x4f00000000,0x0]
[trap] num=366 (0x16e) pc=0x1804b3d2c args=[0x1804ecc14,0x1804ecc08,0x4000,0x27fc0c0,0x38,0xa0,0x4f00000000,0x0]
[trap] num=-29 (0xffffffffffffffe3) pc=0x1804adb68 args=[0x10030,0x103,0x1804f8cd8,0x103,0x38,0xa0,0x4f00000000,0x0]
[trap] num=-47 (0xffffffffffffffd1) pc=0x1804adc34 args=[0x27fc100,0x200000003,0x2400001513,0x190300000c03,0xce00000000,0x190300000000,0x30,0x0]
[mach_msg2] msgh_id=206 dest=0xc03 reply=0x1903 options=0x200000003 bits=0x1513 send_size=36 rcv_size=48
  send+000: 13 15 00 00 24 00 00 00 03 0c 00 00 03 19 00 00
  send+010: 00 00 00 00 ce 00 00 00 00 00 00 00 01 00 00 00
  send+020: 00 00 00 00
[retrace] forwarding mach_msg2 host_get_clock_service (msgh_id 206) to host (decided allowlist)
[mach_msg2] host ret=0x0 err=false
  reply@0x27fc100+000: 00 12 00 80 28 00 00 00 00 00 00 00 03 19 00 00
  reply@0x27fc100+010: 00 00 00 00 32 01 00 00 01 00 00 00 03 09 00 00
  reply@0x27fc100+020: 00 00 00 00 00 00 11 00 00 00 00 00 08 00 00 00
  reply@0x27fc100+030: b8 fd c6 ee 01 00 00 00 03 0c 00 00 00 00 00 00
  reply@0x27fc100+040: 60 c1 7f 02 00 00 00 00 14 e8 39 80 01 00 00 00
  reply@0x27fc100+050: b8 fd c6 ee 01 00 00 00 30 fe 7f 02 00 00 00 00
  reply@0x27fc100+060: 80 c1 7f 02 00 00 00 00 a0 e6 39 80 01 00 00 00
  reply@0x27fc100+070: 18 54 44 ec 01 00 00 00 30 fe 7f 02 00 00 00 00
  reply@0x27fc100+080: f0 c1 7f 02 00 00 00 00 04 13 34 90 01 00 00 00
  reply@0x27fc100+090: 48 02 34 90 01 00 00 00 a0 00 00 00 00 00 00 00
  reply@0x27fc100+0a0: 06 00 00 00 00 00 00 00 18 01 34 90 01 00 00 00
  reply@0x27fc100+0b0: c0 1b 34 90 01 00 00 00 a0 53 44 ec 01 00 00 00
  reply@0x27fc100+0c0: 5c 12 34 90 01 00 00 00 10 c2 7f 02 00 00 00 00
  reply@0x27fc100+0d0: c0 1b 34 90 01 00 00 00 a0 53 44 ec 01 00 00 00
  reply@0x27fc100+0e0: 5c 12 34 90 01 00 00 00 18 c7 7f 02 00 00 00 00
  reply@0x27fc100+0f0: a0 c2 7f 02 00 00 00 00 30 0e 16 80 01 00 00 00
[trap] num=-47 (0xffffffffffffffd1) pc=0x1804adc34 args=[0x27fc100,0x200000003,0x2800001513,0x190300000203,0xd5a00000000,0x190300000000,0x30,0x0]
[mach_msg2] msgh_id=3418 dest=0x203 reply=0x1903 options=0x200000003 bits=0x1513 send_size=40 rcv_size=48
  send+000: 13 15 00 00 28 00 00 00 03 02 00 00 03 19 00 00
  send+010: 00 00 00 00 5a 0d 00 00 00 00 00 00 01 00 00 00
  send+020: 00 00 00 00 00 00 00 00
[retrace] forwarding mach_msg2 semaphore_create (msgh_id 3418) to host (decided allowlist)
[mach_msg2] host ret=0x0 err=false
  reply@0x27fc100+000: 00 12 00 80 28 00 00 00 00 00 00 00 03 19 00 00
  reply@0x27fc100+010: 00 00 00 00 be 0d 00 00 01 00 00 00 03 18 00 00
  reply@0x27fc100+020: 00 00 00 00 00 00 11 00 00 00 00 00 08 00 00 00
  reply@0x27fc100+030: d8 5d 70 ec 01 00 00 00 03 0c 00 00 00 00 00 00
  reply@0x27fc100+040: 60 c1 7f 02 00 00 00 00 38 e8 39 80 01 00 00 00
  reply@0x27fc100+050: b8 fd c6 ee 01 00 00 00 30 fe 7f 02 00 00 00 00
  reply@0x27fc100+060: 80 c1 7f 02 00 00 00 00 a0 e6 39 80 01 00 00 00
  reply@0x27fc100+070: 18 54 44 ec 01 00 00 00 30 fe 7f 02 00 00 00 00
  reply@0x27fc100+080: f0 c1 7f 02 00 00 00 00 04 13 34 90 01 00 00 00
  reply@0x27fc100+090: 48 02 34 90 01 00 00 00 a0 00 00 00 00 00 00 00
  reply@0x27fc100+0a0: 06 00 00 00 00 00 00 00 18 01 34 90 01 00 00 00
  reply@0x27fc100+0b0: c0 1b 34 90 01 00 00 00 a0 53 44 ec 01 00 00 00
  reply@0x27fc100+0c0: 5c 12 34 90 01 00 00 00 10 c2 7f 02 00 00 00 00
  reply@0x27fc100+0d0: c0 1b 34 90 01 00 00 00 a0 53 44 ec 01 00 00 00
  reply@0x27fc100+0e0: 5c 12 34 90 01 00 00 00 18 c7 7f 02 00 00 00 00
  reply@0x27fc100+0f0: a0 c2 7f 02 00 00 00 00 30 0e 16 80 01 00 00 00
[trap] num=-18 (0xffffffffffffffee) pc=0x1804adae4 args=[0x203,0xc03,0x2800001513,0x190300000203,0xd5a00000000,0x190300000000,0x30,0x0]
[trap] num=20 (0x14) pc=0x1804ae198 args=[0x0,0x0,0xffffffffffffffe0,0x27fbfe0,0x27fbc80,0x75,0x0,0xc70]
[trap] num=266 (0x10a) pc=0x1804af558 args=[0x18037ff36,0x0,0x0,0x103,0x27fbc80,0x75,0x0,0xc70]
[trap] num=339 (0x153) pc=0x1804bc288 args=[0x3,0x27fba70,0x0,0x103,0x27fbc80,0x75,0x0,0xc70]
[trap] num=197 (0xc5) pc=0x1804aea18 args=[0x0,0x8000,0x1,0x40001,0x3,0x0,0x0,0xc70]
[trap] num=6 (0x6) pc=0x1804ae8f0 args=[0x3,0x8000,0x1,0x40001,0x3,0x0,0x0,0xc70]
[trap] num=169 (0xa9) pc=0x1804af8dc args=[0xc865,0x0,0x27fbbcc,0x4,0x3,0x0,0x0,0xc70]
[trap] num=500 (0x1f4) pc=0x1804ae144 args=[0x1ec6fd858,0x10,0x4,0x1804f8a0c,0x74,0x74,0x38,0x830]
[trap] num=54 (0x36) pc=0x1804b2338 args=[0x2,0x4004667a,0x27fbb3c,0x103,0x74,0x74,0x38,0x830]
[trap] num=54 (0x36) pc=0x1804b2338 args=[0x2,0x40487413,0x27fbb40,0x103,0x74,0x74,0x38,0x830]
[trap] num=116 (0x74) pc=0x1804b1b60 args=[0x27fb8b0,0x0,0x0,0xfffffc088,0x61,0x6d,0x38,0x830]
[trap] num=500 (0x1f4) pc=0x1804ae144 args=[0x27fb9e8,0x20,0x27fb9e8,0x1c725a0a,0x180267bdc,0x6d,0x38,0x830]
[trap] num=116 (0x74) pc=0x1804b1b60 args=[0x27fb8d0,0x0,0x0,0xfffffc088,0x180267bdc,0x6d,0x38,0x830]
[trap] num=116 (0x74) pc=0x1804b1b60 args=[0x27fb8f0,0x0,0x0,0xfffffc088,0x1ec6fcf70,0x1ec6fcfa8,0x1000,0x20]
[trap] num=116 (0x74) pc=0x1804b1b60 args=[0x27fb8f0,0x0,0x0,0xfffffc088,0x27fb840,0x1802361b0,0x8e4c46181650fee4,0x27fb910]
[trap] num=116 (0x74) pc=0x1804b1b60 args=[0x27fb8f0,0x0,0x0,0xfffffc088,0x27fb840,0x1802361b0,0x778cdba86b54bf98,0x27fb910]
[trap] num=-47 (0xffffffffffffffd1) pc=0x1804adc34 args=[0x27fba88,0x200000003,0x6480001513,0x190300000203,0x12cb00000000,0x190300000001,0x34,0x0]
[mach_msg2] msgh_id=4811 dest=0x203 reply=0x1903 options=0x200000003 bits=0x80001513 send_size=100 rcv_size=52
  send+000: 13 15 00 80 64 00 00 00 03 02 00 00 03 19 00 00
  send+010: 00 00 00 00 cb 12 00 00 01 00 00 00 00 00 00 00
  send+020: 00 00 00 00 00 00 13 00 00 00 00 00 01 00 00 00
  send+030: 00 00 00 00 00 00 00 00 00 00 46 00 00 00 00 00
  send+040: 00 00 00 00 00 00 00 00 01 00 00 01 00 00 00 00
  send+050: 00 00 00 00 00 00 00 00 00 00 00 00 00 00 00 00
  send+060: 01 00 00 00
[trap] num=-12 (0xfffffffffffffff4) pc=0x1804adaa8 args=[0x203,0xa001d4000,0x100000,0x190300000203,0x12cb00000000,0x190300000001,0x34,0x0]
[trap] num=116 (0x74) pc=0x1804b1b60 args=[0x27fb5d0,0x0,0x0,0xfffffc088,0x12cb00000000,0x190300000001,0x34,0x0]
[trap] num=-15 (0xfffffffffffffff1) pc=0x1804adacc args=[0x203,0x27fb698,0x408000,0x0,0x1000001,0x3,0x0,0x0]
[trap] num=74 (0x4a) pc=0x1804b1b04 args=[0x4c000,0x4000,0x0,0x40000000,0x0,0x3,0x0,0x0]
[trap] num=74 (0x4a) pc=0x1804b1b04 args=[0x450000,0x4000,0x0,0x40000000,0x0,0x3,0x0,0x0]
[trap] num=-15 (0xfffffffffffffff1) pc=0x1804adacc args=[0x203,0x27fb718,0x400000,0x0,0x7004000,0x3,0x0,0x0]
[trap] num=-89 (0xffffffffffffffa7) pc=0x1804add00 args=[0x1ec705d78,0x180327210,0x0,0x1804f8a08,0x7004000,0x3,0x0,0x0]
[trap] num=-15 (0xfffffffffffffff1) pc=0x1804adacc args=[0x203,0x27fb708,0x3e000,0x0,0x1000001,0x3,0x0,0x0]
[trap] num=-47 (0xffffffffffffffd1) pc=0x1804adc34 args=[0x27fb660,0x200000003,0x2800001513,0x190300000203,0x12d600000000,0x190300000000,0x3c,0x0]
[mach_msg2] msgh_id=4822 dest=0x203 reply=0x1903 options=0x200000003 bits=0x1513 send_size=40 rcv_size=60
  send+000: 13 15 00 00 28 00 00 00 03 02 00 00 03 19 00 00
  send+010: 00 00 00 00 d6 12 00 00 00 00 00 00 01 00 00 00
  send+020: f8 03 00 00 f8 03 40 00
[trap] num=-10 (0xfffffffffffffff6) pc=0x1804ada90 args=[0x203,0x27fb058,0x4000,0x1,0x180327599,0x27fb710,0x3c,0x0]
[trap] num=336 (0x150) pc=0x1804af110 args=[0x2,0xc865,0x11,0x0,0x27fb038,0x38,0x180327461,0x300000028]
[trap] num=97 (0x61) pc=0x1804b1fa0 args=[0x1,0x2,0x0,0x103,0x27fb038,0x38,0x0,0x300000028]
[trap] num=92 (0x5c) pc=0x1804ae8c4 args=[0x3,0x2,0x1,0x103,0x27fb038,0x38,0x0,0x300000028]
[trap] num=98 (0x62) pc=0x1804b2364 args=[0x3,0x27fa666,0x6a,0x27fa678,0x27fb038,0x38,0x676f6c7379732f,0x300000028]
[trap] num=133 (0x85) pc=0x1804b2390 args=[0x3,0x27fa770,0x100,0x0,0x0,0x0,0x0,0x300000028]
[trap] num=-12 (0xfffffffffffffff4) pc=0x1804adaa8 args=[0x203,0x300000000,0x4000,0x0,0x0,0x0,0x0,0x300000028]
[trap] num=-47 (0xffffffffffffffd1) pc=0x1804adc34 args=[0x27fb5f8,0x200000003,0x6480001513,0x190300000203,0x12cb00000000,0x190300000001,0x34,0x0]
[mach_msg2] msgh_id=4811 dest=0x203 reply=0x1903 options=0x200000003 bits=0x80001513 send_size=100 rcv_size=52
  send+000: 13 15 00 80 64 00 00 00 03 02 00 00 03 19 00 00
  send+010: 00 00 00 00 cb 12 00 00 01 00 00 00 00 00 00 00
  send+020: 00 00 00 00 00 00 13 00 00 00 00 00 01 00 00 00
  send+030: 00 00 00 00 04 00 00 00 00 00 00 00 06 00 00 00
  send+040: 00 00 00 00 00 00 00 00 00 00 00 00 00 00 00 00
  send+050: 00 00 00 00 00 00 00 00 00 00 00 00 00 00 00 00
  send+060: 01 00 00 00
[trap] num=116 (0x74) pc=0x1804b1b60 args=[0x27fb4e0,0x0,0x0,0xfffffc088,0x0,0x700,0xa001ff378,0x0]
[trap] num=-15 (0xfffffffffffffff1) pc=0x1804adacc args=[0x203,0x27fbb38,0x4000,0x0,0x1000001,0x3,0x0,0x0]
[trap] num=74 (0x4a) pc=0x1804b1b04 args=[0xa00214000,0x4000,0x1,0xa00214008,0x1000001,0x3,0x0,0x0]
[trap] num=-14 (0xfffffffffffffff2) pc=0x1801155b8 args=[0x203,0x1ec444000,0x24000,0x0,0x3,0x3,0x0,0x0]
[trap] num=-14 (0xfffffffffffffff2) pc=0x1801155b8 args=[0x203,0x1ec444000,0x24000,0x0,0x1,0x3,0x0,0x0]
[trap] num=327 (0x147) pc=0x1804ad92c args=[0xc865,0x3,0x103,0x103,0x1,0x3,0x0,0x0]
[trap] num=-47 (0xffffffffffffffd1) pc=0x1804adc34 args=[0x27fbc3c,0x200000003,0x7400001513,0x190300000203,0x1f4000000000,0x190300000000,0x2c,0x0]
[mach_msg2] msgh_id=8000 dest=0x203 reply=0x1903 options=0x200000003 bits=0x1513 send_size=116 rcv_size=44
  send+000: 13 15 00 00 74 00 00 00 03 02 00 00 03 19 00 00
  send+010: 00 00 00 00 40 1f 00 00 00 00 00 00 01 00 00 00
  send+020: 05 00 00 00 88 5c 09 80 01 00 00 00 78 00 78 00
  send+030: 00 00 00 00 20 58 09 80 01 00 00 00 5c 00 5c 00
  send+040: 00 00 00 00 38 5a 09 80 01 00 00 00 5c 00 5c 00
  send+050: 00 00 00 00 00 59 09 80 01 00 00 00 78 00 78 00
  send+060: 00 00 00 00 b8 5a 09 80 01 00 00 00 78 00 78 00
  send+070: 00 00 00 00
[trap] num=-47 (0xffffffffffffffd1) pc=0x1804adc34 args=[0x27fc040,0x200000003,0x1800001513,0x190300000203,0x1f4100000000,0x190300000000,0x2c,0x0]
[mach_msg2] msgh_id=8001 dest=0x203 reply=0x1903 options=0x200000003 bits=0x1513 send_size=24 rcv_size=44
  send+000: 13 15 00 00 18 00 00 00 03 02 00 00 03 19 00 00
  send+010: 00 00 00 00 41 1f 00 00
[trap] num=-14 (0xfffffffffffffff2) pc=0x1801155b8 args=[0x203,0x1ec444000,0x24000,0x0,0x3,0x53,0x2c,0x0]
[trap] num=-15 (0xfffffffffffffff1) pc=0x1804adacc args=[0x203,0x27fb158,0x8000,0x0,0x1000001,0x3,0x0,0x0]
[trap] num=-15 (0xfffffffffffffff1) pc=0x1804adacc args=[0x203,0x27fb1b8,0x8000,0x0,0xb004000,0x3,0x0,0x0]
[trap] num=116 (0x74) pc=0x1804b1b60 args=[0x27fb0a0,0x0,0x0,0xfffffc088,0x8,0x41,0x0,0xb40]
[trap] num=116 (0x74) pc=0x1804b1b60 args=[0x27faff0,0x0,0x0,0xfffffc088,0x8,0x41,0xbdd6d516a76c3659,0xb40]
[trap] num=116 (0x74) pc=0x1804b1b60 args=[0x27faff0,0x0,0x0,0xfffffc088,0x8,0x41,0xd8e187fb312209a4,0xb40]
[trap] num=116 (0x74) pc=0x1804b1b60 args=[0x27faff0,0x0,0x0,0xfffffc088,0x8,0x41,0x34ffddb0664d55ba,0xb40]
[trap] num=116 (0x74) pc=0x1804b1b60 args=[0x27faff0,0x0,0x0,0xfffffc088,0x8,0x41,0xa7b8be9b98eee820,0xb40]
[trap] num=116 (0x74) pc=0x1804b1b60 args=[0x27faff0,0x0,0x0,0xfffffc088,0x8,0x41,0xb2d6ca3b6bf66170,0xb40]
[trap] num=116 (0x74) pc=0x1804b1b60 args=[0x27faff0,0x0,0x0,0xfffffc088,0x8,0x41,0x7c01e0d98e5ec161,0xb40]
[trap] num=116 (0x74) pc=0x1804b1b60 args=[0x27faff0,0x0,0x0,0xfffffc088,0x8,0x41,0xfe99b2b5a86eb297,0xb40]
[trap] num=116 (0x74) pc=0x1804b1b60 args=[0x27faff0,0x0,0x0,0xfffffc088,0x8,0x41,0x92da04a2e422dd84,0xb40]
[trap] num=116 (0x74) pc=0x1804b1b60 args=[0x27faff0,0x0,0x0,0xfffffc088,0x8,0x41,0x76334d37cf6b6bdf,0xb40]
[trap] num=116 (0x74) pc=0x1804b1b60 args=[0x27faff0,0x0,0x0,0xfffffc088,0x8,0x41,0x85da91f95c6f2697,0xb40]
[trap] num=-15 (0xfffffffffffffff1) pc=0x1804adacc args=[0x203,0x27faf48,0x400000,0x0,0x2004000,0x3,0x0,0x0]
[trap] num=-15 (0xfffffffffffffff1) pc=0x1804adacc args=[0x203,0x27fae98,0x80000,0x3fff,0x1000001,0x3,0x0,0x0]
[trap] num=-14 (0xfffffffffffffff2) pc=0x1801155b8 args=[0x203,0x1ec444000,0x24000,0x0,0x1,0x0,0xffffffffbfc007ff,0xfffff0003ffff800]
[trap] num=202 (0xca) pc=0x1804af460 args=[0x27fc030,0x2,0x27fbff8,0x27fbff0,0x180205f3c,0x15,0xffffffffbfc007ff,0xfffff0003ffff800]
[trap] num=202 (0xca) pc=0x1804af460 args=[0x27fbff8,0x2,0x27fc0b0,0x27fc0a0,0x0,0x0,0xffffffffbfc007ff,0xfffff0003ffff800]
[trap] num=202 (0xca) pc=0x1804af460 args=[0x27fc030,0x2,0x27fbff8,0x27fbff0,0x180205f9b,0x16,0xffffffffbfc007ff,0xfffff0003ffff800]
[trap] num=202 (0xca) pc=0x1804af460 args=[0x27fbff8,0x2,0x27fc0b0,0x27fc0a0,0x0,0x0,0xffffffffbfc007ff,0xfffff0003ffff800]
[trap] num=202 (0xca) pc=0x1804af460 args=[0x27fc030,0x2,0x27fbff8,0x27fbff0,0x180205f3c,0x15,0xffffffffbfc007ff,0xfffff0003ffff800]
[trap] num=202 (0xca) pc=0x1804af460 args=[0x27fbff8,0x2,0x27fc0b0,0x27fc0a0,0x0,0x0,0xffffffffbfc007ff,0xfffff0003ffff800]
[trap] num=-47 (0xffffffffffffffd1) pc=0x1804adc34 args=[0x27fc0d0,0x200000003,0x2400001513,0x190300000203,0xd5100000000,0x190300000000,0x30,0x0]
[mach_msg2] msgh_id=3409 dest=0x203 reply=0x1903 options=0x200000003 bits=0x1513 send_size=36 rcv_size=48
  send+000: 13 15 00 00 24 00 00 00 03 02 00 00 03 19 00 00
  send+010: 00 00 00 00 51 0d 00 00 00 00 00 00 01 00 00 00
  send+020: 04 00 00 00
[trap] num=-19 (0xffffffffffffffed) pc=0x1804adaf0 args=[0x203,0x1303,0x0,0x1,0xd5100000000,0x190300000000,0x30,0x0]
[trap] num=-19 (0xffffffffffffffed) pc=0x1804adaf0 args=[0x203,0x1303,0x0,0x1,0xd5100000000,0x190300000000,0x30,0x0]
[trap] num=-19 (0xffffffffffffffed) pc=0x1804adaf0 args=[0x203,0x1303,0x0,0x1,0x0,0x190300000000,0x30,0x0]
[trap] num=-14 (0xfffffffffffffff2) pc=0x1801155b8 args=[0x203,0x1ec444000,0x24000,0x0,0x3,0x27fbeff,0x30,0xa0]
[trap] num=-14 (0xfffffffffffffff2) pc=0x1801155b8 args=[0x203,0x1ec444000,0x24000,0x0,0x1,0x27fbeff,0x30,0xa0]
[trap] num=5 (0x5) pc=0x180119f50 args=[0x614e0,0x0,0x0,0x614e0,0x279a7d8,0x20,0x30,0xa0]
[trap] num=92 (0x5c) pc=0x1801180d8 args=[0x4,0x32,0x27fb9c8,0x614e0,0x279a7d8,0x20,0x30,0xa0]
[trap] num=6 (0x6) pc=0x180116750 args=[0x4,0x32,0x27fb9c8,0x614e0,0x279a7d8,0x20,0x30,0xa0]
[trap] num=220 (0xdc) pc=0x1804ae63c args=[0x614e0,0x27fb9f0,0x27fba0c,0x40c,0x0,0x20,0x30,0xa0]
[trap] num=33 (0x21) pc=0x1804ae668 args=[0x61620,0x4,0x613f0,0x61480,0xffffffffffffff60,0x20,0x30,0x470]
[M28 BANDSHRINK] syscall 33 band past ipa 0x613f0 len 65536 shrunk 64 -> 0 by an overlapping window of the same call
[M28 BANDSHRINK] syscall 33 band past ipa 0x61480 len 65536 shrunk 64 -> 0 by an overlapping window of the same call
[trap] num=5 (0x5) pc=0x1804ae694 args=[0x61620,0x0,0x0,0x61480,0xffffffffffffff60,0x20,0x30,0x470]
[M28 BANDSHRINK] syscall 5 band past ipa 0x61480 len 65536 shrunk 64 -> 0 by an overlapping window of the same call
[trap] num=339 (0x153) pc=0x1804bc288 args=[0x4,0x613f0,0x0,0x61480,0xffffffffffffff60,0x20,0x30,0x470]
[M28 BANDSHRINK] syscall 339 band past ipa 0x613f0 len 65536 shrunk 64 -> 0 by an overlapping window of the same call
[trap] num=483 (0x1e3) pc=0x1804ae6f0 args=[0x0,0x27fbc1c,0x4,0x61480,0xffffffffffffff60,0x20,0x30,0x470]
[trap] num=228 (0xe4) pc=0x1804b1694 args=[0x4,0x27fbce0,0x27fbc40,0x28,0x0,0x20,0x30,0x470]
[trap] num=381 (0x17d) pc=0x1804af730 args=[0x18df1ac55,0x2,0x27fbc40,0x28,0x0,0x20,0x30,0x470]
[trap] num=92 (0x5c) pc=0x1804ae8c4 args=[0x4,0x32,0x27fb938,0x27fbcf8,0x27fb980,0x20,0x30,0x470]
[trap] num=6 (0x6) pc=0x1804ae8f0 args=[0x4,0x27fb999,0xffffffffffffffe1,0x61701,0x279a278,0x20,0x30,0x470]
[trap] num=5 (0x5) pc=0x1804ae694 args=[0x61760,0x0,0x0,0x617eb,0xffffffffffffff60,0x20,0x74,0x470]
[M28 BANDSHRINK] syscall 5 band past ipa 0x61760 len 65536 shrunk 64 -> 0 by an overlapping window of the same call
[trap] num=-15 (0xfffffffffffffff1) pc=0x1804adacc args=[0x203,0x27fbab8,0x400000,0x0,0x2004000,0x3,0x0,0x0]
[trap] num=336 (0x150) pc=0x1804af110 args=[0x2,0xc865,0xd,0x1,0x27fc070,0x40,0x74,0x470]
[trap] num=-24 (0xffffffffffffffe8) pc=0x1804adb2c args=[0x203,0x27fc130,0x71b75ace,0x27fc12c,0x0,0x5,0x0,0x0]
[trap] num=-47 (0xffffffffffffffd1) pc=0x1804adc34 args=[0x27fc0c8,0x200000003,0x3480001513,0x190300000203,0xd5200000000,0x190300000001,0x2c,0x0]
[mach_msg2] msgh_id=3410 dest=0x203 reply=0x1903 options=0x200000003 bits=0x80001513 send_size=52 rcv_size=44
  send+000: 13 15 00 80 34 00 00 00 03 02 00 00 03 19 00 00
  send+010: 00 00 00 00 52 0d 00 00 01 00 00 00 03 17 00 00
  send+020: 00 00 00 00 00 00 13 00 00 00 00 00 01 00 00 00
  send+030: 0a 00 00 00
[trap] num=-47 (0xffffffffffffffd1) pc=0x1804adc34 args=[0x27fbe48,0x200000003,0x2800001513,0x190300000203,0xd4d00000000,0x190300000000,0x1a8,0x0]
[mach_msg2] msgh_id=3405 dest=0x203 reply=0x1903 options=0x200000003 bits=0x1513 send_size=40 rcv_size=424
  send+000: 13 15 00 00 28 00 00 00 03 02 00 00 03 19 00 00
  send+010: 00 00 00 00 4d 0d 00 00 00 00 00 00 01 00 00 00
  send+020: 0f 00 00 00 08 00 00 00
[retrace] forwarding mach_msg2 task_info (msgh_id 3405) to host (decided allowlist)
[mach_msg2] host ret=0x0 err=false
  reply@0x27fbe48+000: 00 12 00 00 48 00 00 00 00 00 00 00 03 19 00 00
  reply@0x27fbe48+010: 00 00 00 00 b1 0d 00 00 00 00 00 00 01 00 00 00
  reply@0x27fbe48+020: 00 00 00 00 08 00 00 00 f5 01 00 00 f5 01 00 00
  reply@0x27fbe48+030: 14 00 00 00 f5 01 00 00 14 00 00 00 65 c8 00 00
  reply@0x27fbe48+040: b9 86 01 00 2a 8c 2a 00 00 00 00 00 08 00 00 00
  reply@0x27fbe48+050: 00 00 00 00 00 00 00 00 00 00 00 00 00 00 00 00
  reply@0x27fbe48+060: 00 00 00 00 00 00 00 00 00 00 00 00 00 00 00 00
  reply@0x27fbe48+070: 00 00 00 00 00 00 00 00 00 00 00 00 00 00 00 00
  reply@0x27fbe48+080: 00 00 00 00 00 00 00 00 00 00 00 00 00 00 00 00
  reply@0x27fbe48+090: 00 00 00 00 00 00 00 00 00 00 00 00 00 00 00 00
  reply@0x27fbe48+0a0: 00 00 00 00 00 00 00 00 00 00 00 00 00 00 00 00
  reply@0x27fbe48+0b0: 00 00 00 00 00 00 00 00 00 00 00 00 00 00 00 00
  reply@0x27fbe48+0c0: 00 00 00 00 00 00 00 00 00 00 00 00 00 00 00 00
  reply@0x27fbe48+0d0: 00 00 00 00 00 00 00 00 00 00 00 00 00 00 00 00
  reply@0x27fbe48+0e0: 00 00 00 00 00 00 00 00 00 00 00 00 00 00 00 00
  reply@0x27fbe48+0f0: 00 00 00 00 00 00 00 00 00 00 00 00 00 00 00 00
[trap] num=170 (0xaa) pc=0x1804ae5d0 args=[0xc865,0x10,0x27fbc60,0x408,0x10478,0x190300000000,0x2a8c2a000186b9,0x0]
[trap] num=202 (0xca) pc=0x1804af460 args=[0x27fc060,0x2,0x27fc028,0x27fc020,0x1844cfba7,0x15,0x72,0x400]
[trap] num=202 (0xca) pc=0x1804af460 args=[0x27fc028,0x2,0x27fc0b8,0x27fc0b0,0x0,0x0,0x72,0x400]
[trap] num=-14 (0xfffffffffffffff2) pc=0x1801155b8 args=[0x203,0x1ec444000,0x24000,0x0,0x3,0x0,0x0,0x0]
[trap] num=-15 (0xfffffffffffffff1) pc=0x1801155c4 args=[0x203,0x27fbd10,0x20000,0x3fff,0x3c000001,0x3,0x0,0x0]
[trap] num=-12 (0xfffffffffffffff4) pc=0x1801155a0 args=[0x203,0x100010000,0x20000,0x103,0xffffffff13bd0fb0,0x20,0x63,0x0]
[trap] num=-14 (0xfffffffffffffff2) pc=0x1801155b8 args=[0x203,0x1ec444000,0x24000,0x0,0x1,0x0,0x0,0x0]
[trap] num=-14 (0xfffffffffffffff2) pc=0x1801155b8 args=[0x203,0x1ec444000,0x24000,0x0,0x3,0x0,0x0,0x0]
[trap] num=-14 (0xfffffffffffffff2) pc=0x1801155b8 args=[0x203,0x1ec444000,0x24000,0x0,0x1,0x0,0x0,0x0]
[trap] num=-14 (0xfffffffffffffff2) pc=0x1801155b8 args=[0x203,0x1ec444000,0x24000,0x0,0x3,0x0,0x0,0x0]
[trap] num=-14 (0xfffffffffffffff2) pc=0x1801155b8 args=[0x203,0x1ec444000,0x24000,0x0,0x1,0x0,0x0,0x0]
[trap] num=-14 (0xfffffffffffffff2) pc=0x1801155b8 args=[0x203,0x1ec444000,0x24000,0x0,0x3,0x0,0x0,0x0]
[trap] num=-14 (0xfffffffffffffff2) pc=0x1801155b8 args=[0x203,0x1ec444000,0x24000,0x0,0x1,0x0,0x0,0x0]
[trap] num=-14 (0xfffffffffffffff2) pc=0x1801155b8 args=[0x203,0x1ec444000,0x24000,0x0,0x3,0x0,0x0,0x0]
[trap] num=-14 (0xfffffffffffffff2) pc=0x1801155b8 args=[0x203,0x1ec444000,0x24000,0x0,0x1,0x0,0x0,0x0]
[trap] num=-14 (0xfffffffffffffff2) pc=0x1801155b8 args=[0x203,0x1ec444000,0x24000,0x0,0x3,0x0,0x0,0x0]
[trap] num=-15 (0xfffffffffffffff1) pc=0x1801155c4 args=[0x203,0x27fbd90,0x20000,0x3fff,0x3c000001,0x3,0x0,0x0]
[trap] num=-12 (0xfffffffffffffff4) pc=0x1801155a0 args=[0x203,0x100010000,0x20000,0x103,0xffffffff13bd0fb0,0x20,0x63,0x0]
[trap] num=-14 (0xfffffffffffffff2) pc=0x1801155b8 args=[0x203,0x1ec444000,0x24000,0x0,0x1,0x20,0x63,0x0]
[trap] num=116 (0x74) pc=0x1804b1b30 args=[0x27ff5d8,0x0,0x27ff5e8,0xfffffc088,0x0,0x0,0x0,0x0]
[trap] num=339 (0x153) pc=0x1804bc288 args=[0x1,0x27ff3d0,0x27ff494,0x1ec701f90,0x100000b16,0x27ff630,0x0,0x0]
[trap] num=397 (0x18d) pc=0x1804b1be4 args=[0x1,0x61a90,0xa,0x61a9a,0x0,0x27ff630,0xa,0x0]
[fd1 (console 1)] clock bad

[trap] num=1 (0x1) pc=0x1804b5584 args=[0x0,0x1,0x120a8,0x61a9a,0x0,0x27ff630,0xa,0x0]
[retrace] fall-throughs: 0
