> x 0xfffffc120 0x28
0xfffffc120: 85 0f 9e 4c 99 06 00 00 40 4e bc 6a 00 00 00 00 0f ff e1 e0 7d e9 c7 b3 3e fe 1f f5 b2 00 00 00 00 36 6e 01 00 00 00 00
> break 0x1804b1b30
breakpoint at 0x1804b1b30
> continue
hit 0x1804b1b30 at (245, 0)
> x 0x27ff5e8 8
0x27ff5e8: 27 d9 4e 4d 99 06 00 00
> stepi
> regs
x0 =0x0000000000000000  x1 =0x0000000000000000  x2 =0x00000000027ff5e8  x3 =0x0000000fffffc088  
x4 =0x0000000000000000  x5 =0x0000000000000000  x6 =0x0000000000000000  x7 =0x0000000000000000  
x8 =0x0000000000000001  x9 =0x000000006abc4e40  x10=0xb3c7e97de0e1ff0f  x11=0x000000b2f51ffe3e  
x12=0x00000000016e3600  x13=0xffffffe58a7fb0d1  x14=0x00000001ffc47adb  x15=0x0000000000000055  
x16=0x0000000000000074  x17=0x00000001edd39330  x18=0x0000000000000000  x19=0x00000000027ff738  
x20=0x00000000027ff748  x21=0x00000000027ff750  x22=0x000004ae170d2e71  x23=0x0000000fffffc098  
x24=0x00000001ec4441a0  x25=0x00000000027ff990  x26=0x00000001ec6fb670  x27=0x0000000000000000  
x28=0x0000000000000000  x29=0x00000000027ff620  x30=0x00000001804afd34  
sp=0x27ff5d0 pc=0x1804b1b50 elr=0x1804b1b30 far=0x1800bc878 spsr=0xa0000000
> x 0x27ff5e8 8
0x27ff5e8: 27 d9 4e 4d 99 06 00 00
