[trap] num=-28 (0xffffffffffffffe4) pc=0x140001654 args=[0x27ff9c8,0x8,0x1400e0090,0x27ff46f,0x27ff5b8,0x1400647cc,0x0,0x0]
[trap] num=-26 (0xffffffffffffffe6) pc=0x14000163c args=[0x203,0x8,0x1400e0090,0x27ff46f,0x27ff5b8,0x1400647cc,0x0,0x0]
[trap] num=372 (0x174) pc=0x140004b14 args=[0x0,0x8,0x1400e0090,0x27ff46f,0x27ff5b8,0x1400647cc,0x0,0x0]
[trap] num=2147483648 (0x80000000) pc=0x14008194c args=[0x1400b9ee0,0x8,0x1400e0090,0x2,0x27ff5b8,0x1400647cc,0x0,0x0]
[retrace warn] dyld __mac_syscall(Sandbox) synthesized as success/unsandboxed (not forwarded; host would fault)
[trap] num=38 (0x26) pc=0x1400815a0 args=[0x0,0x0,0x0,0x27ff668,0x0,0x1400647cc,0x0,0x0]
[trap] num=-14 (0xfffffffffffffff2) pc=0x1400015b8 args=[0x203,0x1400bc000,0x200f0,0x0,0x3,0x1400647cc,0x0,0x0]
[trap] num=483 (0x1e3) pc=0x140004e08 args=[0x0,0x27ff62c,0x4,0x0,0x3,0x1400647cc,0x0,0x0]
[trap] num=38 (0x26) pc=0x1400815a0 args=[0x0,0x0,0x0,0x27ff5e8,0x0,0x1400647cc,0x0,0x0]
[trap] num=-14 (0xfffffffffffffff2) pc=0x1400015b8 args=[0x203,0x1400bc000,0x200f0,0x0,0x1,0x1400bc0f0,0x20000,0x0]
[trap] num=-14 (0xfffffffffffffff2) pc=0x1400015b8 args=[0x203,0x1400bc000,0x200f0,0x0,0x3,0x1400bc0f0,0x20000,0x0]
[trap] num=-14 (0xfffffffffffffff2) pc=0x1400015b8 args=[0x203,0x1400bc000,0x200f0,0x0,0x1,0x63,0x20000,0xec0]
[trap] num=294 (0x126) pc=0x1400062f8 args=[0x27ff990,0x27ff990,0x27ff980,0x27ff990,0x27ffa00,0x63,0x20000,0xec0]
[trap] num=-14 (0xfffffffffffffff2) pc=0x1400015b8 args=[0x203,0x1400bc000,0x200f0,0x0,0x3,0x63,0x20000,0xec0]
[trap] num=-15 (0xfffffffffffffff1) pc=0x1400015c4 args=[0x203,0x27fee10,0x20000,0x3fff,0x3c000001,0x3,0x0,0x0]
[trap] num=20 (0x14) pc=0x140004f48 args=[0x0,0x3,0x74380663dfc,0x2,0x1,0x27ff560,0x65,0x0]
[trap] num=-12 (0xfffffffffffffff4) pc=0x1400015a0 args=[0x203,0x10000c000,0x20000,0x0,0x0,0x0,0x0,0x0]
[trap] num=-14 (0xfffffffffffffff2) pc=0x1400015b8 args=[0x203,0x1400bc000,0x200f0,0x0,0x1,0x0,0x0,0x0]
[trap] num=38 (0x26) pc=0x1400815a0 args=[0x0,0x0,0x0,0x27ff778,0x1,0x0,0x0,0x0]
[trap] num=483 (0x1e3) pc=0x140004e08 args=[0x0,0x27ff78c,0x4,0x27ff7f8,0x1,0x0,0x0,0x0]
[trap] num=-14 (0xfffffffffffffff2) pc=0x1400015b8 args=[0x203,0x1400bc000,0x200f0,0x0,0x3,0x0,0x0,0x0]
[trap] num=-15 (0xfffffffffffffff1) pc=0x1400015c4 args=[0x203,0x27fee10,0x20000,0x3fff,0x3c000001,0x3,0x0,0x0]
[trap] num=-12 (0xfffffffffffffff4) pc=0x1400015a0 args=[0x203,0x10000c000,0x20000,0x0,0x0,0x0,0x0,0x0]
[trap] num=-14 (0xfffffffffffffff2) pc=0x1400015b8 args=[0x203,0x1400bc000,0x200f0,0x0,0x1,0x0,0x0,0x0]
[trap] num=336 (0x150) pc=0x14000600c args=[0xf,0xf1c3,0x0,0x0,0x1ec6f7f80,0x170,0x0,0x0]
[trap] num=-28 (0xffffffffffffffe4) pc=0x180115654 args=[0x1,0x0,0x0,0x0,0x0,0x0,0x0,0x0]
[trap] num=-26 (0xffffffffffffffe6) pc=0x18011563c args=[0x203,0x0,0x0,0x0,0x0,0x0,0x0,0x0]
[trap] num=372 (0x174) pc=0x180118b14 args=[0x0,0x0,0x0,0x0,0x0,0x0,0x0,0x0]
[trap] num=2147483648 (0x80000000) pc=0x18019594c args=[0x1ec6f9e60,0x0,0x0,0x2,0x0,0x0,0x0,0x0]
[retrace warn] dyld __mac_syscall(Sandbox) synthesized as success/unsandboxed (not forwarded; host would fault)
[trap] num=38 (0x26) pc=0x1801955a0 args=[0x0,0x0,0x0,0x27ff668,0x0,0x0,0x0,0x0]
[trap] num=-14 (0xfffffffffffffff2) pc=0x1801155b8 args=[0x203,0x1ec444000,0x24000,0x0,0x13,0x0,0x0,0x0]
[trap] num=483 (0x1e3) pc=0x180118e08 args=[0x0,0x27ff62c,0x4,0x0,0x13,0x0,0x0,0x0]
[trap] num=38 (0x26) pc=0x1801955a0 args=[0x0,0x0,0x0,0x27ff5e8,0x0,0x0,0x0,0x0]
[trap] num=-14 (0xfffffffffffffff2) pc=0x1801155b8 args=[0x203,0x1ec444000,0x24000,0x0,0x1,0x1ec444140,0x20000,0x0]
[trap] num=-14 (0xfffffffffffffff2) pc=0x1801155b8 args=[0x203,0x1ec444000,0x24000,0x0,0x13,0x1ec444140,0x20000,0x0]
[trap] num=-14 (0xfffffffffffffff2) pc=0x1801155b8 args=[0x203,0x1ec444000,0x24000,0x0,0x1,0x63,0x20000,0xec0]
[trap] num=294 (0x126) pc=0x18011a2f8 args=[0x27ff990,0x27ff990,0x27ff980,0x27ff990,0x27ffa00,0x63,0x20000,0xec0]
[trap] num=-19 (0xffffffffffffffed) pc=0x1801155e8 args=[0x203,0x203,0x0,0xffffffff,0x27ffa00,0x63,0x20000,0xec0]
[trap] num=-14 (0xfffffffffffffff2) pc=0x1801155b8 args=[0x203,0x1ec444000,0x24000,0x0,0x3,0x63,0x20000,0xec0]
[trap] num=-15 (0xfffffffffffffff1) pc=0x1801155c4 args=[0x203,0x27fee10,0x20000,0x3fff,0x3c000001,0x3,0x0,0x0]
[trap] num=20 (0x14) pc=0x180118f48 args=[0x0,0x3,0x7438067a5fc,0x2,0x1,0x27ff560,0x65,0x0]
[trap] num=-12 (0xfffffffffffffff4) pc=0x1801155a0 args=[0x203,0x10000c000,0x20000,0x0,0x0,0x0,0x0,0x0]
[trap] num=-14 (0xfffffffffffffff2) pc=0x1801155b8 args=[0x203,0x1ec444000,0x24000,0x0,0x1,0x0,0x0,0x0]
[trap] num=73 (0x49) pc=0x18011823c args=[0x140000000,0xa8000,0x27ff6ef,0x2,0x8,0x0,0x0,0x0]
[trap] num=73 (0x49) pc=0x18011823c args=[0x1400a8000,0x4000,0x27ff6ef,0x2,0x8,0x0,0x0,0x0]
[trap] num=73 (0x49) pc=0x18011823c args=[0x1400ac000,0x8000,0x27ff6ef,0x2,0x8,0x0,0x0,0x0]
[trap] num=73 (0x49) pc=0x18011823c args=[0x1400b4000,0x4000,0x27ff6ef,0x2,0x8,0x0,0x0,0x0]
[trap] num=73 (0x49) pc=0x18011823c args=[0x1400bc000,0x24000,0x27ff6ef,0x2,0x8,0x0,0x0,0x0]
[trap] num=73 (0x49) pc=0x18011823c args=[0x1400e0000,0x60000,0x27ff6ef,0x2,0x8,0x0,0x0,0x0]
[trap] num=-14 (0xfffffffffffffff2) pc=0x1801155b8 args=[0x203,0x1ec444000,0x24000,0x0,0x3,0x0,0x0,0x0]
[trap] num=38 (0x26) pc=0x1801955a0 args=[0x0,0x0,0x0,0x27ff2a8,0x1,0x0,0x0,0x0]
[trap] num=5 (0x5) pc=0x180119f50 args=[0x27ffee8,0x0,0x0,0x0,0x1,0x0,0x0,0x0]
[trap] num=92 (0x5c) pc=0x1801180d8 args=[0x3,0x32,0x27feea8,0x0,0x1,0x0,0x0,0x0]
[trap] num=6 (0x6) pc=0x180116750 args=[0x3,0x32,0x27feea8,0x0,0x1,0x0,0x0,0x0]
[trap] num=483 (0x1e3) pc=0x180118e08 args=[0x0,0x27ff2bc,0x4,0x19,0x66,0x4d,0x0,0x0]
[trap] num=381 (0x17d) pc=0x180119ecc args=[0x1801b7eb4,0x2,0x27ff1e0,0xa,0x73,0x69,0x0,0x0]
[m47] num=381 args=[0x1801b7eb4,0x2,0x27ff1e0] policy="Sandbox" op="syscall-unix" ret=0xe err=true writes=0
[trap] num=483 (0x1e3) pc=0x180118e08 args=[0x0,0x27ff2cc,0x4,0x25,0x66,0x41,0x0,0x90]
[trap] num=202 (0xca) pc=0x18011a37c args=[0x27ff280,0x2,0x27ff248,0x27ff240,0x1801ab70b,0x20,0x0,0x90]
[trap] num=202 (0xca) pc=0x18011a37c args=[0x27ff248,0x3,0x27ff2dc,0x27ff2d0,0x0,0x0,0x0,0x90]
[trap] num=381 (0x17d) pc=0x180119ecc args=[0x1801b4bf1,0x5a,0x27ff260,0xa,0x0,0x0,0x0,0x90]
[m47] amfi policy_resident="AMFI\0"
[probe] AMFI dyld policy in=0x0 r=0 out=0x1df out_ptr=0x27ff258
[trap] num=202 (0xca) pc=0x18011a37c args=[0x27fe4d0,0x2,0x27fe498,0x27fe490,0x1801b698e,0xd,0x1ec444f20,0x90]
[trap] num=202 (0xca) pc=0x18011a37c args=[0x27fe498,0x2,0x27fe548,0x27fe540,0x0,0x0,0x1ec444f20,0x90]
[trap] num=5 (0x5) pc=0x180119f50 args=[0x1801aaaf1,0x20100000,0x0,0xfffffffffffffff0,0x0,0x72,0x0,0x80]
[trap] num=463 (0x1cf) pc=0x180119f7c args=[0x3,0x1801b4c4b,0x100000,0x0,0x0,0x72,0x0,0x80]
[trap] num=41 (0x29) pc=0x18011a484 args=[0x4,0x1801b625c,0x100000,0x0,0x0,0x72,0x0,0x80]
[trap] num=470 (0x1d6) pc=0x18011a5e4 args=[0x4,0x27fe021,0x27fdf90,0x0,0x27fe080,0x72,0x0,0x80]
[trap] num=463 (0x1cf) pc=0x180119f7c args=[0x4,0x27fe021,0x100000,0x0,0x27fe080,0x72,0x0,0x80]
[trap] num=92 (0x5c) pc=0x1801180d8 args=[0x6,0x32,0x27fe020,0x0,0x27fe080,0x72,0x0,0x80]
[trap] num=41 (0x29) pc=0x18011a484 args=[0x6,0x1801b6e25,0x27feeb0,0x0,0x27fe080,0x72,0x0,0x80]
[trap] num=41 (0x29) pc=0x18011a484 args=[0x5,0x1801b6e25,0x27feeb0,0x0,0x27fe080,0x72,0x0,0x80]
[trap] num=6 (0x6) pc=0x180116750 args=[0x3,0x1801b6cb4,0x27feeb0,0x0,0x27fe080,0x72,0x0,0x80]
[trap] num=6 (0x6) pc=0x180116750 args=[0x5,0x1801b6cf2,0x27feeb0,0x0,0x27fe080,0x72,0x0,0x80]
[trap] num=6 (0x6) pc=0x180116750 args=[0x4,0x1801b6d1f,0x27feeb0,0x0,0x27fe080,0x72,0x0,0x80]
[trap] num=6 (0x6) pc=0x180116750 args=[0x6,0x1801b6d4a,0x27feeb0,0x0,0x27fe080,0x72,0x0,0x80]
[trap] num=381 (0x17d) pc=0x180119ecc args=[0x1801b7eb4,0x2,0x27fed30,0xa,0x73,0x69,0x0,0x80]
[m47] num=381 args=[0x1801b7eb4,0x2,0x27fed30] policy="Sandbox" op="syscall-unix" ret=0xe err=true writes=0
[trap] num=294 (0x126) pc=0x18011a2f8 args=[0x27fed78,0x27fee48,0x27fee48,0x27fee74,0x73,0x69,0x0,0x80]
[trap] num=-14 (0xfffffffffffffff2) pc=0x1801155b8 args=[0x203,0x1ec444000,0x24000,0x0,0x3,0x0,0x0,0x5c0]
[trap] num=427 (0x1ab) pc=0x18011a5b8 args=[0x27feee0,0x400,0x27fee64,0x748e8,0x3,0x0,0x0,0x5c0]
[trap] num=92 (0x5c) pc=0x1801180d8 args=[0x8,0x32,0x27feee0,0x1ec4452d2,0xfffffffe163b9c20,0x20,0x0,0x5c0]
[trap] num=6 (0x6) pc=0x180116750 args=[0x8,0x1801b6a74,0x4,0x180115e30,0x1,0x20,0x0,0x5c0]
[trap] num=6 (0x6) pc=0x180116750 args=[0x7,0x1801b6a98,0x4,0x180115e30,0x1,0x20,0x0,0x5c0]
[trap] num=338 (0x152) pc=0x180116c48 args=[0x1ec445220,0x27fea00,0x1ec445220,0x27feaf8,0x27feb20,0x27feb00,0x0,0x27feb28]
[trap] num=5 (0x5) pc=0x180119f50 args=[0x1ec445220,0x0,0x0,0x27feaf8,0x27feb20,0x27feb00,0x0,0x27feb28]
[trap] num=197 (0xc5) pc=0x180119190 args=[0x0,0x8380,0x1,0x40002,0x3,0x0,0x0,0x27feb28]
[trap] num=92 (0x5c) pc=0x1801180d8 args=[0x3,0x32,0x27feb28,0x40002,0x3,0x0,0x0,0x27feb28]
[trap] num=73 (0x49) pc=0x18011823c args=[0xa00000000,0x8380,0x8380,0x0,0x27feb00,0x27feb28,0x3,0x27feb28]
[trap] num=6 (0x6) pc=0x180116750 args=[0x3,0x8380,0x8380,0x0,0x27feb00,0x27feb28,0x3,0x27feb28]
[trap] num=338 (0x152) pc=0x180116c48 args=[0x1ec445220,0x27fef80,0x27ff040,0x0,0x27feb00,0x27feb28,0x3,0x27feb28]
[trap] num=338 (0x152) pc=0x180116c48 args=[0x100000440,0x27fde80,0x27fdf80,0x27fdf68,0x10000044a,0x1801ac864,0x27fe6c8,0x780]
[trap] num=-10 (0xfffffffffffffff6) pc=0x180115588 args=[0x203,0x27fde40,0x4000,0x3c000001,0x10000044a,0x1801ac864,0x27fe6c8,0x780]
[trap] num=338 (0x152) pc=0x180116c48 args=[0x27fe4a0,0x27fde30,0x27fdf30,0x27fdf18,0x27fe4ce,0x1801ac864,0x0,0x780]
[trap] num=-12 (0xfffffffffffffff4) pc=0x1801155a0 args=[0x203,0xa0000c000,0x4000,0x1a0500,0x0,0x0,0x0,0xbc0]
[trap] num=5 (0x5) pc=0x180119f50 args=[0x1ec447878,0x0,0x0,0x0,0x0,0x27fcba8,0x1,0x27fcb08]
[trap] num=381 (0x17d) pc=0x180119ecc args=[0x1801b7eb4,0x2,0x27fbe00,0xa,0x73,0x69,0x1,0x27fcb08]
[m47] num=381 args=[0x1801b7eb4,0x2,0x27fbe00] policy="Sandbox" op="syscall-unix" ret=0xe err=true writes=0
[trap] num=550 (0x226) pc=0x180119ef8 args=[0x27fbd10,0x1,0x27fbd40,0x78,0x27fbdc0,0x0,0x100000000,0x27fcba8]
[trap] num=6 (0x6) pc=0x180116750 args=[0x3,0x3,0x27fbd70,0x0,0x1,0x0,0x100000000,0x27fcba8]
[trap] num=74 (0x4a) pc=0x180119f24 args=[0x100004000,0x4000,0x1,0x1,0x8,0x0,0x100000000,0x27fcba8]
[trap] num=-14 (0xfffffffffffffff2) pc=0x1801155b8 args=[0x203,0x1e5908000,0x2324000,0x0,0x13,0x13,0x4,0x4000]
[trap] num=-14 (0xfffffffffffffff2) pc=0x1801155b8 args=[0x203,0x1edc84000,0x7b90000,0x0,0x13,0x13,0x5,0x6380000]
[trap] num=-14 (0xfffffffffffffff2) pc=0x1801155b8 args=[0x203,0x28f64c000,0x2c2c000,0x0,0x13,0x13,0x4,0x4000]
[trap] num=-14 (0xfffffffffffffff2) pc=0x1801155b8 args=[0x203,0x29a1cc000,0x5678000,0x0,0x13,0x13,0x5,0x8b84000]
[trap] num=-14 (0xfffffffffffffff2) pc=0x1801155b8 args=[0x203,0x2d0bac000,0x2a4000,0x0,0x13,0x13,0x4,0x4000]
[trap] num=-14 (0xfffffffffffffff2) pc=0x1801155b8 args=[0x203,0x2d361c000,0xac8000,0x0,0x13,0x13,0x5,0xa74000]
[trap] num=-14 (0xfffffffffffffff2) pc=0x1801155b8 args=[0x203,0x1e5908000,0x2324000,0x0,0x1,0x1,0x4,0x4000]
[trap] num=-14 (0xfffffffffffffff2) pc=0x1801155b8 args=[0x203,0x1edc84000,0x7b90000,0x0,0x1,0x1,0x5,0x6380000]
[trap] num=-14 (0xfffffffffffffff2) pc=0x1801155b8 args=[0x203,0x28f64c000,0x2c2c000,0x0,0x1,0x1,0x4,0x4000]
[trap] num=-14 (0xfffffffffffffff2) pc=0x1801155b8 args=[0x203,0x29a1cc000,0x5678000,0x0,0x1,0x1,0x5,0x8b84000]
[trap] num=-14 (0xfffffffffffffff2) pc=0x1801155b8 args=[0x203,0x2d0bac000,0x2a4000,0x0,0x1,0x1,0x4,0x4000]
[trap] num=-14 (0xfffffffffffffff2) pc=0x1801155b8 args=[0x203,0x2d361c000,0xac8000,0x0,0x1,0x1,0x5,0xa74000]
[trap] num=-15 (0xfffffffffffffff1) pc=0x1801155c4 args=[0x203,0x27fb7e0,0x20000,0x3fff,0x3c000001,0x3,0x0,0x0]
[trap] num=347 (0x15b) pc=0x18011a6ec args=[0x0,0x0,0x2,0x2,0x1,0x27fb370,0xa0,0x0]
[trap] num=-15 (0xfffffffffffffff1) pc=0x1801155c4 args=[0x203,0x27fae00,0x20000,0x3fff,0x3c000001,0x3,0x0,0x0]
[trap] num=347 (0x15b) pc=0x18011a6ec args=[0x10002c060,0xb1d8,0x2,0x2,0x1,0x10002c000,0x20000,0x0]
[M28 BANDSHRINK] syscall 347 band past ipa 0x10002c000 len 65536 shrunk 64 -> 0 by an overlapping window of the same call
[trap] num=220 (0xdc) pc=0x180116e90 args=[0x10002c0b8,0x27fb2e8,0x27fb430,0x40,0x0,0x0,0x20000,0x0]
[trap] num=-12 (0xfffffffffffffff4) pc=0x1801155a0 args=[0x203,0x10002c000,0x20000,0x87,0x2,0x1000038,0xffffffffffffffff,0x0]
[trap] num=-12 (0xfffffffffffffff4) pc=0x1801155a0 args=[0x203,0x10000c000,0x20000,0x0,0x0,0x0,0x0,0x0]
[trap] num=5 (0x5) pc=0x180119f50 args=[0x1801ab41a,0x2,0x0,0x2,0x8,0x0,0x62696c79642e41,0x0]
[trap] num=54 (0x36) pc=0x180116724 args=[0x3,0x80086804,0x27fb3e8,0x2,0x8,0x0,0x62696c79642e41,0x0]
[trap] num=6 (0x6) pc=0x180116750 args=[0x3,0xffffffffffffffff,0x27fb3e8,0x2,0x8,0x0,0x62696c79642e41,0x0]
[trap] num=294 (0x126) pc=0x18011a2f8 args=[0xffffffffffffffff,0x1f070030,0x0,0x0,0x0,0x0,0x0,0x0]
[trap] num=-14 (0xfffffffffffffff2) pc=0x1801155b8 args=[0x203,0x1ec444000,0x24000,0x0,0x1,0x0,0x0,0x0]
[trap] num=-28 (0xffffffffffffffe4) pc=0x1804adb5c args=[0x0,0x1804e2db8,0x27ffe38,0x1ec4453e8,0x1ec4453e8,0x0,0x0,0x0]
[trap] num=-26 (0xffffffffffffffe6) pc=0x1804adb44 args=[0x203,0x1804e2db8,0x27ffe38,0x1ec4453e8,0x1ec4453e8,0x0,0x0,0x0]
[trap] num=33 (0x21) pc=0x1804ae668 args=[0x1804e2dda,0x0,0x27ffe38,0x1ec4453e8,0x1ec4453e8,0x0,0x0,0x0]
[trap] num=-15 (0xfffffffffffffff1) pc=0x1804adacc args=[0x203,0x27fc058,0x8000,0x0,0x49000001,0x3,0x0,0x0]
[trap] num=-29 (0xffffffffffffffe3) pc=0x1804adb68 args=[0x1eec6fd98,0x27ffe30,0x27ffe38,0x1ec4453e8,0x49000001,0x3,0x0,0x0]
[trap] num=-24 (0xffffffffffffffe8) pc=0x1804adb2c args=[0x203,0x27fbf00,0x0,0x27fbf1c,0x49000001,0x3,0x0,0x0]
[trap] num=-47 (0xffffffffffffffd1) pc=0x1804adc34 args=[0x27fbf40,0x200000003,0x2800001513,0x180300000b03,0xc800000000,0x180300000000,0x140,0x0]
[mach_msg2] msgh_id=200 dest=0xb03 reply=0x1803 options=0x200000003 bits=0x1513 send_size=40 rcv_size=320
  send+000: 13 15 00 00 28 00 00 00 03 0b 00 00 03 18 00 00
  send+010: 00 00 00 00 c8 00 00 00 00 00 00 00 01 00 00 00
  send+020: 05 00 00 00 08 00 00 00
[retrace] forwarding mach_msg2 host_info (msgh_id 200) to host (decided allowlist)
[mach_msg2] host ret=0x0 err=false
  reply@0x27fbf40+000: 00 12 00 00 48 00 00 00 00 00 00 00 03 18 00 00
  reply@0x27fbf40+010: 00 00 00 00 2c 01 00 00 00 00 00 00 01 00 00 00
  reply@0x27fbf40+020: 00 00 00 00 08 00 00 00 50 00 00 00 50 00 00 00
  reply@0x27fbf40+030: 40 00 00 00 1f 00 00 00 00 00 00 00 00 00 00 00
  reply@0x27fbf40+040: 00 00 00 00 4f 00 00 00 00 00 00 00 08 00 00 00
  reply@0x27fbf40+050: 00 00 00 00 00 00 00 00 00 00 00 00 00 00 00 00
  reply@0x27fbf40+060: 00 00 00 00 00 00 00 00 00 00 00 00 00 00 00 00
  reply@0x27fbf40+070: 00 00 00 00 00 00 00 00 00 00 00 00 00 00 00 00
  reply@0x27fbf40+080: 00 00 00 00 00 00 00 00 00 00 00 00 00 00 00 00
  reply@0x27fbf40+090: 00 00 00 00 00 00 00 00 00 00 00 00 00 00 00 00
  reply@0x27fbf40+0a0: 00 00 00 00 00 00 00 00 00 00 00 00 00 00 00 00
  reply@0x27fbf40+0b0: 00 00 00 00 00 00 00 00 00 00 00 00 00 00 00 00
  reply@0x27fbf40+0c0: 00 00 00 00 00 00 00 00 00 00 00 00 00 00 00 00
  reply@0x27fbf40+0d0: 00 00 00 00 00 00 00 00 00 00 00 00 00 00 00 00
  reply@0x27fbf40+0e0: 00 00 00 00 00 00 00 00 00 00 00 00 00 00 00 00
  reply@0x27fbf40+0f0: 00 00 00 00 00 00 00 00 00 00 00 00 00 00 00 00
[trap] num=-18 (0xffffffffffffffee) pc=0x1804adae4 args=[0x203,0xb03,0x0,0x27fc130,0xc800000000,0x180300000000,0x4f00000000,0x0]
[trap] num=202 (0xca) pc=0x1804af460 args=[0x27fc138,0x2,0x27fc108,0x27fc0d0,0x0,0x0,0x4f00000000,0x0]
[trap] num=-27 (0xffffffffffffffe5) pc=0x1804adb50 args=[0x2ff20,0x0,0xb,0x1804f8a06,0x0,0x0,0x4f00000000,0x0]
[trap] num=-24 (0xffffffffffffffe8) pc=0x1804adb2c args=[0x203,0x27fc080,0x0,0x27fc09c,0x0,0x0,0x4f00000000,0x0]
[trap] num=366 (0x16e) pc=0x1804b3d2c args=[0x1804ecc14,0x1804ecc08,0x4000,0x27fc0d0,0x38,0xa0,0x4f00000000,0x0]
[trap] num=-29 (0xffffffffffffffe3) pc=0x1804adb68 args=[0x10030,0x103,0x1804f8cd8,0x103,0x38,0xa0,0x4f00000000,0x0]
[trap] num=-47 (0xffffffffffffffd1) pc=0x1804adc34 args=[0x27fc110,0x200000003,0x2400001513,0x140300000b03,0xce00000000,0x140300000000,0x30,0x0]
[mach_msg2] msgh_id=206 dest=0xb03 reply=0x1403 options=0x200000003 bits=0x1513 send_size=36 rcv_size=48
  send+000: 13 15 00 00 24 00 00 00 03 0b 00 00 03 14 00 00
  send+010: 00 00 00 00 ce 00 00 00 00 00 00 00 01 00 00 00
  send+020: 00 00 00 00
[retrace] forwarding mach_msg2 host_get_clock_service (msgh_id 206) to host (decided allowlist)
[mach_msg2] host ret=0x0 err=false
  reply@0x27fc110+000: 00 12 00 80 28 00 00 00 00 00 00 00 03 14 00 00
  reply@0x27fc110+010: 00 00 00 00 32 01 00 00 01 00 00 00 03 1f 00 00
  reply@0x27fc110+020: 00 00 00 00 00 00 11 00 00 00 00 00 08 00 00 00
  reply@0x27fc110+030: b8 fd c6 ee 01 00 00 00 03 0b 00 00 00 00 00 00
  reply@0x27fc110+040: 70 c1 7f 02 00 00 00 00 14 e8 39 80 01 00 00 00
  reply@0x27fc110+050: b8 fd c6 ee 01 00 00 00 38 fe 7f 02 00 00 00 00
  reply@0x27fc110+060: 90 c1 7f 02 00 00 00 00 a0 e6 39 80 01 00 00 00
  reply@0x27fc110+070: e8 53 44 ec 01 00 00 00 38 fe 7f 02 00 00 00 00
  reply@0x27fc110+080: 00 c2 7f 02 00 00 00 00 04 13 34 90 01 00 00 00
  reply@0x27fc110+090: 48 02 34 90 01 00 00 00 a0 00 00 00 00 00 00 00
  reply@0x27fc110+0a0: 06 00 00 00 00 00 00 00 18 01 34 90 01 00 00 00
  reply@0x27fc110+0b0: c0 1b 34 90 01 00 00 00 70 53 44 ec 01 00 00 00
  reply@0x27fc110+0c0: 5c 12 34 90 01 00 00 00 20 c2 7f 02 00 00 00 00
  reply@0x27fc110+0d0: c0 1b 34 90 01 00 00 00 70 53 44 ec 01 00 00 00
  reply@0x27fc110+0e0: 5c 12 34 90 01 00 00 00 28 c7 7f 02 00 00 00 00
  reply@0x27fc110+0f0: b0 c2 7f 02 00 00 00 00 30 0e 16 80 01 00 00 00
[trap] num=-47 (0xffffffffffffffd1) pc=0x1804adc34 args=[0x27fc110,0x200000003,0x2800001513,0x140300000203,0xd5a00000000,0x140300000000,0x30,0x0]
[mach_msg2] msgh_id=3418 dest=0x203 reply=0x1403 options=0x200000003 bits=0x1513 send_size=40 rcv_size=48
  send+000: 13 15 00 00 28 00 00 00 03 02 00 00 03 14 00 00
  send+010: 00 00 00 00 5a 0d 00 00 00 00 00 00 01 00 00 00
  send+020: 00 00 00 00 00 00 00 00
[retrace] forwarding mach_msg2 semaphore_create (msgh_id 3418) to host (decided allowlist)
[mach_msg2] host ret=0x0 err=false
  reply@0x27fc110+000: 00 12 00 80 28 00 00 00 00 00 00 00 03 14 00 00
  reply@0x27fc110+010: 00 00 00 00 be 0d 00 00 01 00 00 00 03 17 00 00
  reply@0x27fc110+020: 00 00 00 00 00 00 11 00 00 00 00 00 08 00 00 00
  reply@0x27fc110+030: d8 5d 70 ec 01 00 00 00 03 0b 00 00 00 00 00 00
  reply@0x27fc110+040: 70 c1 7f 02 00 00 00 00 38 e8 39 80 01 00 00 00
  reply@0x27fc110+050: b8 fd c6 ee 01 00 00 00 38 fe 7f 02 00 00 00 00
  reply@0x27fc110+060: 90 c1 7f 02 00 00 00 00 a0 e6 39 80 01 00 00 00
  reply@0x27fc110+070: e8 53 44 ec 01 00 00 00 38 fe 7f 02 00 00 00 00
  reply@0x27fc110+080: 00 c2 7f 02 00 00 00 00 04 13 34 90 01 00 00 00
  reply@0x27fc110+090: 48 02 34 90 01 00 00 00 a0 00 00 00 00 00 00 00
  reply@0x27fc110+0a0: 06 00 00 00 00 00 00 00 18 01 34 90 01 00 00 00
  reply@0x27fc110+0b0: c0 1b 34 90 01 00 00 00 70 53 44 ec 01 00 00 00
  reply@0x27fc110+0c0: 5c 12 34 90 01 00 00 00 20 c2 7f 02 00 00 00 00
  reply@0x27fc110+0d0: c0 1b 34 90 01 00 00 00 70 53 44 ec 01 00 00 00
  reply@0x27fc110+0e0: 5c 12 34 90 01 00 00 00 28 c7 7f 02 00 00 00 00
  reply@0x27fc110+0f0: b0 c2 7f 02 00 00 00 00 30 0e 16 80 01 00 00 00
[trap] num=-18 (0xffffffffffffffee) pc=0x1804adae4 args=[0x203,0xb03,0x2800001513,0x140300000203,0xd5a00000000,0x140300000000,0x30,0x0]
[trap] num=20 (0x14) pc=0x1804ae198 args=[0x0,0x0,0xfffffffffffffff0,0x27fbff0,0x27fbc80,0x63,0x0,0xc80]
[trap] num=266 (0x10a) pc=0x1804af558 args=[0x18037ff36,0x0,0x0,0x103,0x27fbc80,0x63,0x0,0xc80]
[trap] num=339 (0x153) pc=0x1804bc288 args=[0x3,0x27fba80,0x0,0x103,0x27fbc80,0x63,0x0,0xc80]
[trap] num=197 (0xc5) pc=0x1804aea18 args=[0x0,0x8000,0x1,0x40001,0x3,0x0,0x0,0xc80]
[trap] num=6 (0x6) pc=0x1804ae8f0 args=[0x3,0x8000,0x1,0x40001,0x3,0x0,0x0,0xc80]
[trap] num=169 (0xa9) pc=0x1804af8dc args=[0xf1c3,0x0,0x27fbbdc,0x4,0x3,0x0,0x0,0xc80]
[trap] num=500 (0x1f4) pc=0x1804ae144 args=[0x1ec6fd858,0x10,0x4,0x1804f8a0c,0x63,0x63,0x38,0x830]
[trap] num=54 (0x36) pc=0x1804b2338 args=[0x2,0x4004667a,0x27fbb4c,0x103,0x63,0x63,0x38,0x830]
[trap] num=54 (0x36) pc=0x1804b2338 args=[0x2,0x40487413,0x27fbb50,0x103,0x63,0x63,0x38,0x830]
[trap] num=116 (0x74) pc=0x1804b1b60 args=[0x27fb8c0,0x0,0x0,0xfffffc088,0x66,0x6d,0x38,0x830]
[trap] num=500 (0x1f4) pc=0x1804ae144 args=[0x27fb9f8,0x20,0x27fb9f8,0x1c725a0a,0x180267bdc,0x6d,0x38,0x830]
[trap] num=116 (0x74) pc=0x1804b1b60 args=[0x27fb8e0,0x0,0x0,0xfffffc088,0x180267bdc,0x6d,0x38,0x830]
[trap] num=116 (0x74) pc=0x1804b1b60 args=[0x27fb900,0x0,0x0,0xfffffc088,0x1ec6fcf70,0x1ec6fcfa8,0x1000,0x20]
[trap] num=116 (0x74) pc=0x1804b1b60 args=[0x27fb900,0x0,0x0,0xfffffc088,0x27fb880,0x1802361b0,0xd0ba30c0fcb5de9b,0x27fb920]
[trap] num=116 (0x74) pc=0x1804b1b60 args=[0x27fb900,0x0,0x0,0xfffffc088,0x27fb880,0x1802361b0,0xa093adcad98de2f6,0x27fb920]
[trap] num=-47 (0xffffffffffffffd1) pc=0x1804adc34 args=[0x27fba98,0x200000003,0x6480001513,0x140300000203,0x12cb00000000,0x140300000001,0x34,0x0]
[mach_msg2] msgh_id=4811 dest=0x203 reply=0x1403 options=0x200000003 bits=0x80001513 send_size=100 rcv_size=52
  send+000: 13 15 00 80 64 00 00 00 03 02 00 00 03 14 00 00
  send+010: 00 00 00 00 cb 12 00 00 01 00 00 00 00 00 00 00
  send+020: 00 00 00 00 00 00 13 00 00 00 00 00 01 00 00 00
  send+030: 00 00 00 00 00 00 00 00 00 c0 46 00 00 00 00 00
  send+040: 00 00 00 00 00 00 00 00 01 00 00 01 00 00 00 00
  send+050: 00 00 00 00 00 00 00 00 00 00 00 00 00 00 00 00
  send+060: 01 00 00 00
[trap] num=-12 (0xfffffffffffffff4) pc=0x1804adaa8 args=[0x203,0xa001a0000,0x100000,0x140300000203,0x12cb00000000,0x140300000001,0x34,0x0]
[trap] num=116 (0x74) pc=0x1804b1b60 args=[0x27fb5e0,0x0,0x0,0xfffffc088,0x12cb00000000,0x140300000001,0x34,0x0]
[trap] num=-15 (0xfffffffffffffff1) pc=0x1804adacc args=[0x203,0x27fb6a8,0x408000,0x0,0x1000001,0x3,0x0,0x0]
[trap] num=74 (0x4a) pc=0x1804b1b04 args=[0x4c000,0x4000,0x0,0x40000000,0x0,0x3,0x0,0x0]
[trap] num=74 (0x4a) pc=0x1804b1b04 args=[0x450000,0x4000,0x0,0x40000000,0x0,0x3,0x0,0x0]
[trap] num=-15 (0xfffffffffffffff1) pc=0x1804adacc args=[0x203,0x27fb728,0x400000,0x0,0x7004000,0x3,0x0,0x0]
[trap] num=-89 (0xffffffffffffffa7) pc=0x1804add00 args=[0x1ec705d78,0x180327210,0x0,0x1804f8a08,0x7004000,0x3,0x0,0x0]
[trap] num=-15 (0xfffffffffffffff1) pc=0x1804adacc args=[0x203,0x27fb718,0x3e000,0x0,0x1000001,0x3,0x0,0x0]
[trap] num=-47 (0xffffffffffffffd1) pc=0x1804adc34 args=[0x27fb670,0x200000003,0x2800001513,0x140300000203,0x12d600000000,0x140300000000,0x3c,0x0]
[mach_msg2] msgh_id=4822 dest=0x203 reply=0x1403 options=0x200000003 bits=0x1513 send_size=40 rcv_size=60
  send+000: 13 15 00 00 28 00 00 00 03 02 00 00 03 14 00 00
  send+010: 00 00 00 00 d6 12 00 00 00 00 00 00 01 00 00 00
  send+020: f8 03 00 00 f8 03 40 00
[trap] num=-10 (0xfffffffffffffff6) pc=0x1804ada90 args=[0x203,0x27fb068,0x4000,0x1,0x180327599,0x27fb720,0x3c,0x0]
[trap] num=336 (0x150) pc=0x1804af110 args=[0x2,0xf1c3,0x11,0x0,0x27fb048,0x38,0x180327461,0x300000028]
[trap] num=97 (0x61) pc=0x1804b1fa0 args=[0x1,0x2,0x0,0x103,0x27fb048,0x38,0x0,0x300000028]
[trap] num=92 (0x5c) pc=0x1804ae8c4 args=[0x3,0x2,0x1,0x103,0x27fb048,0x38,0x0,0x300000028]
[trap] num=98 (0x62) pc=0x1804b2364 args=[0x3,0x27fa676,0x6a,0x27fa688,0x27fb048,0x38,0x676f6c7379732f,0x300000028]
[trap] num=133 (0x85) pc=0x1804b2390 args=[0x3,0x27fa780,0x103,0x0,0x0,0x0,0x0,0x300000028]
[trap] num=-12 (0xfffffffffffffff4) pc=0x1804adaa8 args=[0x203,0x300000000,0x4000,0x0,0x0,0x0,0x0,0x300000028]
[trap] num=-47 (0xffffffffffffffd1) pc=0x1804adc34 args=[0x27fb608,0x200000003,0x6480001513,0x140300000203,0x12cb00000000,0x140300000001,0x34,0x0]
[mach_msg2] msgh_id=4811 dest=0x203 reply=0x1403 options=0x200000003 bits=0x80001513 send_size=100 rcv_size=52
  send+000: 13 15 00 80 64 00 00 00 03 02 00 00 03 14 00 00
  send+010: 00 00 00 00 cb 12 00 00 01 00 00 00 00 00 00 00
  send+020: 00 00 00 00 00 00 13 00 00 00 00 00 01 00 00 00
  send+030: 00 00 00 00 04 00 00 00 00 00 00 00 06 00 00 00
  send+040: 00 00 00 00 00 00 00 00 00 00 00 00 00 00 00 00
  send+050: 00 00 00 00 00 00 00 00 00 00 00 00 00 00 00 00
  send+060: 01 00 00 00
[trap] num=116 (0x74) pc=0x1804b1b60 args=[0x27fb4f0,0x0,0x0,0xfffffc088,0x0,0x700,0xa001cb378,0x0]
[trap] num=-15 (0xfffffffffffffff1) pc=0x1804adacc args=[0x203,0x27fbb48,0x4000,0x0,0x1000001,0x3,0x0,0x0]
[trap] num=74 (0x4a) pc=0x1804b1b04 args=[0xa001e0000,0x4000,0x1,0xa001e0008,0x1000001,0x3,0x0,0x0]
[trap] num=-14 (0xfffffffffffffff2) pc=0x1801155b8 args=[0x203,0x1ec444000,0x24000,0x0,0x3,0x3,0x0,0x0]
[trap] num=-14 (0xfffffffffffffff2) pc=0x1801155b8 args=[0x203,0x1ec444000,0x24000,0x0,0x1,0x3,0x0,0x0]
[trap] num=327 (0x147) pc=0x1804ad92c args=[0xf1c3,0x3,0x103,0x103,0x1,0x3,0x0,0x0]
[trap] num=-47 (0xffffffffffffffd1) pc=0x1804adc34 args=[0x27fbc4c,0x200000003,0x7400001513,0x140300000203,0x1f4000000000,0x140300000000,0x2c,0x0]
[mach_msg2] msgh_id=8000 dest=0x203 reply=0x1403 options=0x200000003 bits=0x1513 send_size=116 rcv_size=44
  send+000: 13 15 00 00 74 00 00 00 03 02 00 00 03 14 00 00
  send+010: 00 00 00 00 40 1f 00 00 00 00 00 00 01 00 00 00
  send+020: 05 00 00 00 88 5c 09 80 01 00 00 00 78 00 78 00
  send+030: 00 00 00 00 20 58 09 80 01 00 00 00 5c 00 5c 00
  send+040: 00 00 00 00 38 5a 09 80 01 00 00 00 5c 00 5c 00
  send+050: 00 00 00 00 00 59 09 80 01 00 00 00 78 00 78 00
  send+060: 00 00 00 00 b8 5a 09 80 01 00 00 00 78 00 78 00
  send+070: 00 00 00 00
[trap] num=-47 (0xffffffffffffffd1) pc=0x1804adc34 args=[0x27fc050,0x200000003,0x1800001513,0x140300000203,0x1f4100000000,0x140300000000,0x2c,0x0]
[mach_msg2] msgh_id=8001 dest=0x203 reply=0x1403 options=0x200000003 bits=0x1513 send_size=24 rcv_size=44
  send+000: 13 15 00 00 18 00 00 00 03 02 00 00 03 14 00 00
  send+010: 00 00 00 00 41 1f 00 00
[trap] num=-14 (0xfffffffffffffff2) pc=0x1801155b8 args=[0x203,0x1ec444000,0x24000,0x0,0x3,0x53,0x2c,0x0]
[trap] num=-15 (0xfffffffffffffff1) pc=0x1804adacc args=[0x203,0x27fb168,0x8000,0x0,0x1000001,0x3,0x0,0x0]
[trap] num=-15 (0xfffffffffffffff1) pc=0x1804adacc args=[0x203,0x27fb1c8,0x8000,0x0,0xb004000,0x3,0x0,0x0]
[trap] num=116 (0x74) pc=0x1804b1b60 args=[0x27fb0b0,0x0,0x0,0xfffffc088,0x8,0x41,0x0,0xb40]
[trap] num=116 (0x74) pc=0x1804b1b60 args=[0x27fb000,0x0,0x0,0xfffffc088,0x8,0x41,0xd6d32aaf5d2799ad,0xb40]
[trap] num=116 (0x74) pc=0x1804b1b60 args=[0x27fb000,0x0,0x0,0xfffffc088,0x8,0x41,0x550dfdaefb723443,0xb40]
[trap] num=116 (0x74) pc=0x1804b1b60 args=[0x27fb000,0x0,0x0,0xfffffc088,0x8,0x41,0x2e0007921edbf9e1,0xb40]
[trap] num=116 (0x74) pc=0x1804b1b60 args=[0x27fb000,0x0,0x0,0xfffffc088,0x8,0x41,0x5af601b1b537e7ba,0xb40]
[trap] num=116 (0x74) pc=0x1804b1b60 args=[0x27fb000,0x0,0x0,0xfffffc088,0x8,0x41,0xdff792760efa0bf,0xb40]
[trap] num=116 (0x74) pc=0x1804b1b60 args=[0x27fb000,0x0,0x0,0xfffffc088,0x8,0x41,0x97e2fecc065fe5be,0xb40]
[trap] num=116 (0x74) pc=0x1804b1b60 args=[0x27fb000,0x0,0x0,0xfffffc088,0x8,0x41,0x1685b4e366d05edc,0xb40]
[trap] num=116 (0x74) pc=0x1804b1b60 args=[0x27fb000,0x0,0x0,0xfffffc088,0x8,0x41,0x3ab60e342888587f,0xb40]
[trap] num=116 (0x74) pc=0x1804b1b60 args=[0x27fb000,0x0,0x0,0xfffffc088,0x8,0x41,0xc670ebd71c24294d,0xb40]
[trap] num=116 (0x74) pc=0x1804b1b60 args=[0x27fb000,0x0,0x0,0xfffffc088,0x8,0x41,0x27779ce21a9c9996,0xb40]
[trap] num=116 (0x74) pc=0x1804b1b60 args=[0x27fb000,0x0,0x0,0xfffffc088,0x8,0x41,0xf6ca54197c88404b,0xb40]
[trap] num=116 (0x74) pc=0x1804b1b60 args=[0x27fb000,0x0,0x0,0xfffffc088,0x8,0x41,0x3d50d073cd67842,0xb40]
[trap] num=116 (0x74) pc=0x1804b1b60 args=[0x27fb000,0x0,0x0,0xfffffc088,0x8,0x41,0x15340d1175b571fb,0xb40]
[trap] num=116 (0x74) pc=0x1804b1b60 args=[0x27fb000,0x0,0x0,0xfffffc088,0x8,0x41,0x699f761660d33e5a,0xb40]
[trap] num=116 (0x74) pc=0x1804b1b60 args=[0x27fb000,0x0,0x0,0xfffffc088,0x8,0x41,0xc16eb260dc9c1b16,0xb40]
[trap] num=116 (0x74) pc=0x1804b1b60 args=[0x27fb000,0x0,0x0,0xfffffc088,0x8,0x41,0x6a12050d535ecacb,0xb40]
[trap] num=116 (0x74) pc=0x1804b1b60 args=[0x27fb000,0x0,0x0,0xfffffc088,0x8,0x41,0xad40b4b83147ec36,0xb40]
[trap] num=116 (0x74) pc=0x1804b1b60 args=[0x27fb000,0x0,0x0,0xfffffc088,0x8,0x41,0xbcb33d38dc050f51,0xb40]
[trap] num=-15 (0xfffffffffffffff1) pc=0x1804adacc args=[0x203,0x27fb018,0x400000,0x0,0x2004000,0x3,0x0,0x0]
[trap] num=-15 (0xfffffffffffffff1) pc=0x1804adacc args=[0x203,0x27faf68,0x80000,0x3fff,0x1000001,0x3,0x0,0x0]
[trap] num=-14 (0xfffffffffffffff2) pc=0x1801155b8 args=[0x203,0x1ec444000,0x24000,0x0,0x1,0x0,0xffffffffbfc007ff,0xfffff0003ffff800]
[trap] num=202 (0xca) pc=0x1804af460 args=[0x27fc040,0x2,0x27fc008,0x27fc000,0x180205f3c,0x15,0xffffffffbfc007ff,0xfffff0003ffff800]
[trap] num=202 (0xca) pc=0x1804af460 args=[0x27fc008,0x2,0x27fc0c0,0x27fc0b0,0x0,0x0,0xffffffffbfc007ff,0xfffff0003ffff800]
[trap] num=202 (0xca) pc=0x1804af460 args=[0x27fc040,0x2,0x27fc008,0x27fc000,0x180205f9b,0x16,0xffffffffbfc007ff,0xfffff0003ffff800]
[trap] num=202 (0xca) pc=0x1804af460 args=[0x27fc008,0x2,0x27fc0c0,0x27fc0b0,0x0,0x0,0xffffffffbfc007ff,0xfffff0003ffff800]
[trap] num=202 (0xca) pc=0x1804af460 args=[0x27fc040,0x2,0x27fc008,0x27fc000,0x180205f3c,0x15,0xffffffffbfc007ff,0xfffff0003ffff800]
[trap] num=202 (0xca) pc=0x1804af460 args=[0x27fc008,0x2,0x27fc0c0,0x27fc0b0,0x0,0x0,0xffffffffbfc007ff,0xfffff0003ffff800]
[trap] num=-47 (0xffffffffffffffd1) pc=0x1804adc34 args=[0x27fc0e0,0x200000003,0x2400001513,0x140300000203,0xd5100000000,0x140300000000,0x30,0x0]
[mach_msg2] msgh_id=3409 dest=0x203 reply=0x1403 options=0x200000003 bits=0x1513 send_size=36 rcv_size=48
  send+000: 13 15 00 00 24 00 00 00 03 02 00 00 03 14 00 00
  send+010: 00 00 00 00 51 0d 00 00 00 00 00 00 01 00 00 00
  send+020: 04 00 00 00
[trap] num=-19 (0xffffffffffffffed) pc=0x1804adaf0 args=[0x203,0x1603,0x0,0x1,0xd5100000000,0x140300000000,0x30,0x0]
[trap] num=-19 (0xffffffffffffffed) pc=0x1804adaf0 args=[0x203,0x1603,0x0,0x1,0xd5100000000,0x140300000000,0x30,0x0]
[trap] num=-19 (0xffffffffffffffed) pc=0x1804adaf0 args=[0x203,0x1603,0x0,0x1,0x0,0x140300000000,0x30,0x0]
[trap] num=-14 (0xfffffffffffffff2) pc=0x1801155b8 args=[0x203,0x1ec444000,0x24000,0x0,0x3,0x27fbf0f,0x30,0xa0]
[trap] num=-14 (0xfffffffffffffff2) pc=0x1801155b8 args=[0x203,0x1ec444000,0x24000,0x0,0x1,0x27fbf0f,0x30,0xa0]
[trap] num=5 (0x5) pc=0x180119f50 args=[0x614c0,0x0,0x0,0x614c0,0x279a808,0x20,0x30,0xa0]
[trap] num=92 (0x5c) pc=0x1801180d8 args=[0x4,0x32,0x27fb9d8,0x614c0,0x279a808,0x20,0x30,0xa0]
[trap] num=6 (0x6) pc=0x180116750 args=[0x4,0x32,0x27fb9d8,0x614c0,0x279a808,0x20,0x30,0xa0]
[trap] num=220 (0xdc) pc=0x1804ae63c args=[0x614c0,0x27fba00,0x27fba1c,0x40c,0x0,0x20,0x30,0xa0]
[trap] num=33 (0x21) pc=0x1804ae668 args=[0x61600,0x4,0x613d0,0x61460,0xffffffffffffff60,0x20,0x30,0x470]
[M28 BANDSHRINK] syscall 33 band past ipa 0x613d0 len 65536 shrunk 64 -> 0 by an overlapping window of the same call
[M28 BANDSHRINK] syscall 33 band past ipa 0x61460 len 65536 shrunk 64 -> 0 by an overlapping window of the same call
[trap] num=5 (0x5) pc=0x1804ae694 args=[0x61600,0x0,0x0,0x61460,0xffffffffffffff60,0x20,0x30,0x470]
[M28 BANDSHRINK] syscall 5 band past ipa 0x61460 len 65536 shrunk 64 -> 0 by an overlapping window of the same call
[trap] num=339 (0x153) pc=0x1804bc288 args=[0x4,0x613d0,0x0,0x61460,0xffffffffffffff60,0x20,0x30,0x470]
[M28 BANDSHRINK] syscall 339 band past ipa 0x613d0 len 65536 shrunk 64 -> 0 by an overlapping window of the same call
[trap] num=483 (0x1e3) pc=0x1804ae6f0 args=[0x0,0x27fbc2c,0x4,0x61460,0xffffffffffffff60,0x20,0x30,0x470]
[trap] num=228 (0xe4) pc=0x1804b1694 args=[0x4,0x27fbcf0,0x27fbc50,0x28,0x0,0x20,0x30,0x470]
[trap] num=381 (0x17d) pc=0x1804af730 args=[0x18df1ac55,0x2,0x27fbc50,0x28,0x0,0x20,0x30,0x470]
[m47] num=381 args=[0x18df1ac55,0x2,0x27fbc50] policy="Sandbox" op="file-write-data" ret=0x16 err=true writes=0
[trap] num=92 (0x5c) pc=0x1804ae8c4 args=[0x4,0x32,0x27fb948,0x27fbd08,0x27fb9c0,0x20,0x30,0x470]
[trap] num=6 (0x6) pc=0x1804ae8f0 args=[0x4,0x27fb9a7,0xffffffffffffffff,0x616df,0x279a2a8,0x20,0x30,0x470]
[trap] num=5 (0x5) pc=0x1804ae694 args=[0x61720,0x0,0x0,0x617a9,0x61680,0x20,0x74,0x470]
[M28 BANDSHRINK] syscall 5 band past ipa 0x61720 len 65536 shrunk 64 -> 0 by an overlapping window of the same call
[M28 BANDSHRINK] syscall 5 band past ipa 0x61680 len 65536 shrunk 64 -> 0 by an overlapping window of the same call
[trap] num=-15 (0xfffffffffffffff1) pc=0x1804adacc args=[0x203,0x27fbac8,0x400000,0x0,0x2004000,0x3,0x0,0x0]
[trap] num=336 (0x150) pc=0x1804af110 args=[0x2,0xf1c3,0xd,0x1,0x27fc080,0x40,0x74,0x470]
[trap] num=-24 (0xffffffffffffffe8) pc=0x1804adb2c args=[0x203,0x27fc140,0x71b75ace,0x27fc13c,0x0,0x5,0x0,0x0]
[trap] num=-47 (0xffffffffffffffd1) pc=0x1804adc34 args=[0x27fc0d8,0x200000003,0x3480001513,0x140300000203,0xd5200000000,0x140300000001,0x2c,0x0]
[mach_msg2] msgh_id=3410 dest=0x203 reply=0x1403 options=0x200000003 bits=0x80001513 send_size=52 rcv_size=44
  send+000: 13 15 00 80 34 00 00 00 03 02 00 00 03 14 00 00
  send+010: 00 00 00 00 52 0d 00 00 01 00 00 00 03 15 00 00
  send+020: 00 00 00 00 00 00 13 00 00 00 00 00 01 00 00 00
  send+030: 0a 00 00 00
[trap] num=-47 (0xffffffffffffffd1) pc=0x1804adc34 args=[0x27fbe58,0x200000003,0x2800001513,0x140300000203,0xd4d00000000,0x140300000000,0x1a8,0x0]
[mach_msg2] msgh_id=3405 dest=0x203 reply=0x1403 options=0x200000003 bits=0x1513 send_size=40 rcv_size=424
  send+000: 13 15 00 00 28 00 00 00 03 02 00 00 03 14 00 00
  send+010: 00 00 00 00 4d 0d 00 00 00 00 00 00 01 00 00 00
  send+020: 0f 00 00 00 08 00 00 00
[retrace] forwarding mach_msg2 task_info (msgh_id 3405) to host (decided allowlist)
[mach_msg2] host ret=0x0 err=false
  reply@0x27fbe58+000: 00 12 00 00 48 00 00 00 00 00 00 00 03 14 00 00
  reply@0x27fbe58+010: 00 00 00 00 b1 0d 00 00 00 00 00 00 01 00 00 00
  reply@0x27fbe58+020: 00 00 00 00 08 00 00 00 f5 01 00 00 f5 01 00 00
  reply@0x27fbe58+030: 14 00 00 00 f5 01 00 00 14 00 00 00 c3 f1 00 00
  reply@0x27fbe58+040: b9 86 01 00 3d b6 48 00 00 00 00 00 08 00 00 00
  reply@0x27fbe58+050: 00 00 00 00 00 00 00 00 00 00 00 00 00 00 00 00
  reply@0x27fbe58+060: 00 00 00 00 00 00 00 00 00 00 00 00 00 00 00 00
  reply@0x27fbe58+070: 00 00 00 00 00 00 00 00 00 00 00 00 00 00 00 00
  reply@0x27fbe58+080: 00 00 00 00 00 00 00 00 00 00 00 00 00 00 00 00
  reply@0x27fbe58+090: 00 00 00 00 00 00 00 00 00 00 00 00 00 00 00 00
  reply@0x27fbe58+0a0: 00 00 00 00 00 00 00 00 00 00 00 00 00 00 00 00
  reply@0x27fbe58+0b0: 00 00 00 00 00 00 00 00 00 00 00 00 00 00 00 00
  reply@0x27fbe58+0c0: 00 00 00 00 00 00 00 00 00 00 00 00 00 00 00 00
  reply@0x27fbe58+0d0: 00 00 00 00 00 00 00 00 00 00 00 00 00 00 00 00
  reply@0x27fbe58+0e0: 00 00 00 00 00 00 00 00 00 00 00 00 00 00 00 00
  reply@0x27fbe58+0f0: 00 00 00 00 00 00 00 00 00 00 00 00 00 00 00 00
[trap] num=170 (0xaa) pc=0x1804ae5d0 args=[0xf1c3,0x10,0x27fbc70,0x408,0x10478,0x140300000000,0x48b63d000186b9,0x0]
[trap] num=202 (0xca) pc=0x1804af460 args=[0x27fc070,0x2,0x27fc038,0x27fc030,0x1844cfba7,0x15,0x72,0x400]
[trap] num=202 (0xca) pc=0x1804af460 args=[0x27fc038,0x2,0x27fc0c8,0x27fc0c0,0x0,0x0,0x72,0x400]
[trap] num=-14 (0xfffffffffffffff2) pc=0x1801155b8 args=[0x203,0x1ec444000,0x24000,0x0,0x3,0x0,0x0,0x0]
[trap] num=-15 (0xfffffffffffffff1) pc=0x1801155c4 args=[0x203,0x27fbd20,0x20000,0x3fff,0x3c000001,0x3,0x0,0x0]
[trap] num=-12 (0xfffffffffffffff4) pc=0x1801155a0 args=[0x203,0x10000c000,0x20000,0x103,0xffffffff13bcc860,0x10,0x63,0x0]
[trap] num=-14 (0xfffffffffffffff2) pc=0x1801155b8 args=[0x203,0x1ec444000,0x24000,0x0,0x1,0x0,0x0,0x0]
[trap] num=-14 (0xfffffffffffffff2) pc=0x1801155b8 args=[0x203,0x1ec444000,0x24000,0x0,0x3,0x0,0x0,0x0]
[trap] num=-14 (0xfffffffffffffff2) pc=0x1801155b8 args=[0x203,0x1ec444000,0x24000,0x0,0x1,0x0,0x0,0x0]
[trap] num=-14 (0xfffffffffffffff2) pc=0x1801155b8 args=[0x203,0x1ec444000,0x24000,0x0,0x3,0x0,0x0,0x0]
[trap] num=-14 (0xfffffffffffffff2) pc=0x1801155b8 args=[0x203,0x1ec444000,0x24000,0x0,0x1,0x0,0x0,0x0]
[trap] num=-14 (0xfffffffffffffff2) pc=0x1801155b8 args=[0x203,0x1ec444000,0x24000,0x0,0x3,0x0,0x0,0x0]
[trap] num=-14 (0xfffffffffffffff2) pc=0x1801155b8 args=[0x203,0x1ec444000,0x24000,0x0,0x1,0x0,0x0,0x0]
[trap] num=-14 (0xfffffffffffffff2) pc=0x1801155b8 args=[0x203,0x1ec444000,0x24000,0x0,0x3,0x0,0x0,0x0]
[trap] num=-14 (0xfffffffffffffff2) pc=0x1801155b8 args=[0x203,0x1ec444000,0x24000,0x0,0x1,0x0,0x0,0x0]
[trap] num=-14 (0xfffffffffffffff2) pc=0x1801155b8 args=[0x203,0x1ec444000,0x24000,0x0,0x3,0x0,0x0,0x0]
[trap] num=-15 (0xfffffffffffffff1) pc=0x1801155c4 args=[0x203,0x27fbda0,0x20000,0x3fff,0x3c000001,0x3,0x0,0x0]
[trap] num=-12 (0xfffffffffffffff4) pc=0x1801155a0 args=[0x203,0x10000c000,0x20000,0x103,0xffffffff13bcc860,0x10,0x63,0x0]
[trap] num=-14 (0xfffffffffffffff2) pc=0x1801155b8 args=[0x203,0x1ec444000,0x24000,0x0,0x1,0x10,0x63,0x0]
[trap] num=195 (0xc3) pc=0x1804b0a10 args=[0x1007,0x27ff780,0x27ffe30,0x27ffe38,0x1,0x10,0x63,0x0]
[trap] num=-47 (0xffffffffffffffd1) pc=0x1804adc34 args=[0x27ff670,0x200000003,0x4080001513,0x140300000203,0xd4b00000000,0x140300000003,0x2c,0x0]
[mach_msg2] msgh_id=3403 dest=0x203 reply=0x1403 options=0x200000003 bits=0x80001513 send_size=64 rcv_size=44
  send+000: 13 15 00 80 40 00 00 00 03 02 00 00 03 14 00 00
  send+010: 00 00 00 00 4b 0d 00 00 03 00 00 00 03 16 00 00
  send+020: 00 00 00 00 00 00 13 00 00 00 00 00 00 00 00 00
  send+030: 00 00 13 00 00 00 00 00 00 00 00 00 00 00 13 00
[m47-scratch] 3403 answered KERN_SUCCESS (mig_reply_error)
[trap] num=2 (0x2) pc=0x1804b5900 args=[0x2ff68,0x50000,0x1804f8cd8,0x103,0xd4b00000000,0x140300000003,0x2c,0x0]
[m47-scratch] fork (2) refused EAGAIN
[trap] num=339 (0x153) pc=0x1804bc288 args=[0x1,0x27ff510,0x27ff5d4,0x1ec701f90,0x1000005da,0x27ff770,0x2c,0x0]
[trap] num=397 (0x18d) pc=0x1804b1be4 args=[0x1,0x61a70,0x15,0x61a85,0x0,0x27ff770,0xa,0x0]
[fd1 (console 1)] fork failed errno=35

[trap] num=1 (0x1) pc=0x1804b5584 args=[0x0,0x1,0x120a8,0x61a85,0x0,0x27ff770,0xa,0x0]
[retrace] fall-throughs: 0
