[trap] num=-28 (0xffffffffffffffe4) pc=0x140001654 args=[0x27ff978,0x8,0x1400e0090,0x27ff41f,0x27ff568,0x1400647cc,0x0,0x0]
[trap] num=-26 (0xffffffffffffffe6) pc=0x14000163c args=[0x203,0x8,0x1400e0090,0x27ff41f,0x27ff568,0x1400647cc,0x0,0x0]
[trap] num=372 (0x174) pc=0x140004b14 args=[0x0,0x8,0x1400e0090,0x27ff41f,0x27ff568,0x1400647cc,0x0,0x0]
[trap] num=2147483648 (0x80000000) pc=0x14008194c args=[0x1400b9ee0,0x8,0x1400e0090,0x2,0x27ff568,0x1400647cc,0x0,0x0]
[retrace warn] dyld __mac_syscall(Sandbox) synthesized as success/unsandboxed (not forwarded; host would fault)
[trap] num=38 (0x26) pc=0x1400815a0 args=[0x0,0x0,0x0,0x27ff618,0x0,0x1400647cc,0x0,0x0]
[trap] num=-14 (0xfffffffffffffff2) pc=0x1400015b8 args=[0x203,0x1400bc000,0x200f0,0x0,0x3,0x1400647cc,0x0,0x0]
[trap] num=483 (0x1e3) pc=0x140004e08 args=[0x0,0x27ff5dc,0x4,0x0,0x3,0x1400647cc,0x0,0x0]
[trap] num=38 (0x26) pc=0x1400815a0 args=[0x0,0x0,0x0,0x27ff598,0x0,0x1400647cc,0x0,0x0]
[trap] num=-14 (0xfffffffffffffff2) pc=0x1400015b8 args=[0x203,0x1400bc000,0x200f0,0x0,0x1,0x1400bc0f0,0x20000,0x0]
[trap] num=-14 (0xfffffffffffffff2) pc=0x1400015b8 args=[0x203,0x1400bc000,0x200f0,0x0,0x3,0x1400bc0f0,0x20000,0x0]
[trap] num=-14 (0xfffffffffffffff2) pc=0x1400015b8 args=[0x203,0x1400bc000,0x200f0,0x0,0x1,0x3d,0x20000,0xec0]
[trap] num=294 (0x126) pc=0x1400062f8 args=[0x27ff940,0x27ff940,0x27ff930,0x27ff940,0x27ff9c0,0x3d,0x20000,0xec0]
[trap] num=-14 (0xfffffffffffffff2) pc=0x1400015b8 args=[0x203,0x1400bc000,0x200f0,0x0,0x3,0x3d,0x20000,0xec0]
[trap] num=-15 (0xfffffffffffffff1) pc=0x1400015c4 args=[0x203,0x27fedc0,0x20000,0x3fff,0x3c000001,0x3,0x0,0x0]
[trap] num=20 (0x14) pc=0x140004f48 args=[0x0,0x3,0x74380663dfc,0x2,0x1,0x27ff510,0x65,0x0]
[trap] num=-12 (0xfffffffffffffff4) pc=0x1400015a0 args=[0x203,0x1003c0000,0x20000,0x0,0x0,0x0,0x0,0x0]
[trap] num=-14 (0xfffffffffffffff2) pc=0x1400015b8 args=[0x203,0x1400bc000,0x200f0,0x0,0x1,0x0,0x0,0x0]
[trap] num=38 (0x26) pc=0x1400815a0 args=[0x0,0x0,0x0,0x27ff728,0x1,0x0,0x0,0x0]
[trap] num=483 (0x1e3) pc=0x140004e08 args=[0x0,0x27ff73c,0x4,0x27ff7a8,0x1,0x0,0x0,0x0]
[trap] num=-14 (0xfffffffffffffff2) pc=0x1400015b8 args=[0x203,0x1400bc000,0x200f0,0x0,0x3,0x0,0x0,0x0]
[trap] num=-15 (0xfffffffffffffff1) pc=0x1400015c4 args=[0x203,0x27fedc0,0x20000,0x3fff,0x3c000001,0x3,0x0,0x0]
[trap] num=-12 (0xfffffffffffffff4) pc=0x1400015a0 args=[0x203,0x1003c0000,0x20000,0x0,0x0,0x0,0x0,0x0]
[trap] num=-14 (0xfffffffffffffff2) pc=0x1400015b8 args=[0x203,0x1400bc000,0x200f0,0x0,0x1,0x0,0x0,0x0]
[trap] num=336 (0x150) pc=0x14000600c args=[0xf,0xf637,0x0,0x0,0x1ec6f7f80,0x170,0x0,0x0]
[trap] num=-28 (0xffffffffffffffe4) pc=0x180115654 args=[0x1,0x0,0x0,0x0,0x0,0x0,0x0,0x0]
[trap] num=-26 (0xffffffffffffffe6) pc=0x18011563c args=[0x203,0x0,0x0,0x0,0x0,0x0,0x0,0x0]
[trap] num=372 (0x174) pc=0x180118b14 args=[0x0,0x0,0x0,0x0,0x0,0x0,0x0,0x0]
[trap] num=2147483648 (0x80000000) pc=0x18019594c args=[0x1ec6f9e60,0x0,0x0,0x2,0x0,0x0,0x0,0x0]
[retrace warn] dyld __mac_syscall(Sandbox) synthesized as success/unsandboxed (not forwarded; host would fault)
[trap] num=38 (0x26) pc=0x1801955a0 args=[0x0,0x0,0x0,0x27ff618,0x0,0x0,0x0,0x0]
[trap] num=-14 (0xfffffffffffffff2) pc=0x1801155b8 args=[0x203,0x1ec444000,0x24000,0x0,0x13,0x0,0x0,0x0]
[trap] num=483 (0x1e3) pc=0x180118e08 args=[0x0,0x27ff5dc,0x4,0x0,0x13,0x0,0x0,0x0]
[trap] num=38 (0x26) pc=0x1801955a0 args=[0x0,0x0,0x0,0x27ff598,0x0,0x0,0x0,0x0]
[trap] num=-14 (0xfffffffffffffff2) pc=0x1801155b8 args=[0x203,0x1ec444000,0x24000,0x0,0x1,0x1ec444140,0x20000,0x0]
[trap] num=-14 (0xfffffffffffffff2) pc=0x1801155b8 args=[0x203,0x1ec444000,0x24000,0x0,0x13,0x1ec444140,0x20000,0x0]
[trap] num=-14 (0xfffffffffffffff2) pc=0x1801155b8 args=[0x203,0x1ec444000,0x24000,0x0,0x1,0x3d,0x20000,0xec0]
[trap] num=294 (0x126) pc=0x18011a2f8 args=[0x27ff940,0x27ff940,0x27ff930,0x27ff940,0x27ff9c0,0x3d,0x20000,0xec0]
[trap] num=-19 (0xffffffffffffffed) pc=0x1801155e8 args=[0x203,0x203,0x0,0xffffffff,0x27ff9c0,0x3d,0x20000,0xec0]
[trap] num=-14 (0xfffffffffffffff2) pc=0x1801155b8 args=[0x203,0x1ec444000,0x24000,0x0,0x3,0x3d,0x20000,0xec0]
[trap] num=-15 (0xfffffffffffffff1) pc=0x1801155c4 args=[0x203,0x27fedc0,0x20000,0x3fff,0x3c000001,0x3,0x0,0x0]
[trap] num=20 (0x14) pc=0x180118f48 args=[0x0,0x3,0x7438067a5fc,0x2,0x1,0x27ff510,0x65,0x0]
[trap] num=-12 (0xfffffffffffffff4) pc=0x1801155a0 args=[0x203,0x1003c0000,0x20000,0x0,0x0,0x0,0x0,0x0]
[trap] num=-14 (0xfffffffffffffff2) pc=0x1801155b8 args=[0x203,0x1ec444000,0x24000,0x0,0x1,0x0,0x0,0x0]
[trap] num=73 (0x49) pc=0x18011823c args=[0x140000000,0xa8000,0x27ff69f,0x2,0x8,0x0,0x0,0x0]
[trap] num=73 (0x49) pc=0x18011823c args=[0x1400a8000,0x4000,0x27ff69f,0x2,0x8,0x0,0x0,0x0]
[trap] num=73 (0x49) pc=0x18011823c args=[0x1400ac000,0x8000,0x27ff69f,0x2,0x8,0x0,0x0,0x0]
[trap] num=73 (0x49) pc=0x18011823c args=[0x1400b4000,0x4000,0x27ff69f,0x2,0x8,0x0,0x0,0x0]
[trap] num=73 (0x49) pc=0x18011823c args=[0x1400bc000,0x24000,0x27ff69f,0x2,0x8,0x0,0x0,0x0]
[trap] num=73 (0x49) pc=0x18011823c args=[0x1400e0000,0x60000,0x27ff69f,0x2,0x8,0x0,0x0,0x0]
[trap] num=-14 (0xfffffffffffffff2) pc=0x1801155b8 args=[0x203,0x1ec444000,0x24000,0x0,0x3,0x0,0x0,0x0]
[trap] num=38 (0x26) pc=0x1801955a0 args=[0x0,0x0,0x0,0x27ff258,0x1,0x0,0x0,0x0]
[trap] num=5 (0x5) pc=0x180119f50 args=[0x27ffefd,0x0,0x0,0x0,0x1,0x0,0x0,0x0]
[trap] num=92 (0x5c) pc=0x1801180d8 args=[0x3,0x32,0x27fee58,0x0,0x1,0x0,0x0,0x0]
[trap] num=6 (0x6) pc=0x180116750 args=[0x3,0x32,0x27fee58,0x0,0x1,0x0,0x0,0x0]
[trap] num=483 (0x1e3) pc=0x180118e08 args=[0x0,0x27ff26c,0x4,0xfffffffffffffff0,0x67,0x4d,0x0,0x120]
[trap] num=381 (0x17d) pc=0x180119ecc args=[0x1801b7eb4,0x2,0x27ff190,0xa,0x73,0x69,0x0,0x120]
[m47] num=381 args=[0x1801b7eb4,0x2,0x27ff190] policy="Sandbox" op="syscall-unix" ret=0xe err=true writes=0
[trap] num=483 (0x1e3) pc=0x180118e08 args=[0x0,0x27ff27c,0x4,0xfffffffffffffff0,0x67,0x41,0x0,0xf20]
[trap] num=202 (0xca) pc=0x18011a37c args=[0x27ff230,0x2,0x27ff1f8,0x27ff1f0,0x1801ab70b,0x20,0x0,0xf20]
[trap] num=202 (0xca) pc=0x18011a37c args=[0x27ff1f8,0x3,0x27ff28c,0x27ff280,0x0,0x0,0x0,0xf20]
[trap] num=381 (0x17d) pc=0x180119ecc args=[0x1801b4bf1,0x5a,0x27ff210,0x2,0x8,0x72,0x0,0xf20]
[m47] amfi policy_resident="AMFI\0"
[probe] AMFI dyld policy in=0x0 r=0 out=0x1df out_ptr=0x27ff208
[trap] num=202 (0xca) pc=0x18011a37c args=[0x27fe480,0x2,0x27fe448,0x27fe440,0x1801b698e,0xd,0x1ec444f10,0xf20]
[trap] num=202 (0xca) pc=0x18011a37c args=[0x27fe448,0x2,0x27fe4f8,0x27fe4f0,0x0,0x0,0x1ec444f10,0xf20]
[trap] num=5 (0x5) pc=0x180119f50 args=[0x1801aaaf1,0x20100000,0x0,0xfffffffffffffff0,0x0,0x72,0x0,0x80]
[trap] num=463 (0x1cf) pc=0x180119f7c args=[0x3,0x1801b4c4b,0x100000,0x0,0x0,0x72,0x0,0x80]
[trap] num=41 (0x29) pc=0x18011a484 args=[0x4,0x1801b625c,0x100000,0x0,0x0,0x72,0x0,0x80]
[trap] num=470 (0x1d6) pc=0x18011a5e4 args=[0x4,0x27fdfd1,0x27fdf40,0x0,0x27fe040,0x72,0x0,0x80]
[trap] num=463 (0x1cf) pc=0x180119f7c args=[0x4,0x27fdfd1,0x100000,0x0,0x27fe040,0x72,0x0,0x80]
[trap] num=92 (0x5c) pc=0x1801180d8 args=[0x6,0x32,0x27fdfd0,0x0,0x27fe040,0x72,0x0,0x80]
[trap] num=41 (0x29) pc=0x18011a484 args=[0x6,0x1801b6e25,0x27fee60,0x0,0x27fe040,0x72,0x0,0x80]
[trap] num=41 (0x29) pc=0x18011a484 args=[0x5,0x1801b6e25,0x27fee60,0x0,0x27fe040,0x72,0x0,0x80]
[trap] num=6 (0x6) pc=0x180116750 args=[0x3,0x1801b6cb4,0x27fee60,0x0,0x27fe040,0x72,0x0,0x80]
[trap] num=6 (0x6) pc=0x180116750 args=[0x5,0x1801b6cf2,0x27fee60,0x0,0x27fe040,0x72,0x0,0x80]
[trap] num=6 (0x6) pc=0x180116750 args=[0x4,0x1801b6d1f,0x27fee60,0x0,0x27fe040,0x72,0x0,0x80]
[trap] num=6 (0x6) pc=0x180116750 args=[0x6,0x1801b6d4a,0x27fee60,0x0,0x27fe040,0x72,0x0,0x80]
[trap] num=381 (0x17d) pc=0x180119ecc args=[0x1801b7eb4,0x2,0x27fece0,0xa,0x73,0x69,0x0,0x80]
[m47] num=381 args=[0x1801b7eb4,0x2,0x27fece0] policy="Sandbox" op="syscall-unix" ret=0xe err=true writes=0
[trap] num=294 (0x126) pc=0x18011a2f8 args=[0x27fed28,0x27fedf8,0x27fedf8,0x27fee24,0x73,0x69,0x0,0x80]
[trap] num=-14 (0xfffffffffffffff2) pc=0x1801155b8 args=[0x203,0x1ec444000,0x24000,0x0,0x3,0x0,0x0,0x5c0]
[trap] num=427 (0x1ab) pc=0x18011a5b8 args=[0x27fee90,0x400,0x27fee14,0x748e8,0x3,0x0,0x0,0x5c0]
[trap] num=92 (0x5c) pc=0x1801180d8 args=[0x8,0x32,0x27fee90,0x1ec445272,0xfffffffe163b9c30,0x20,0x0,0x5c0]
[trap] num=6 (0x6) pc=0x180116750 args=[0x8,0x1801b6a74,0x4,0x180115e30,0x1,0x20,0x0,0x5c0]
[trap] num=6 (0x6) pc=0x180116750 args=[0x7,0x1801b6a98,0x4,0x180115e30,0x1,0x20,0x0,0x5c0]
[trap] num=338 (0x152) pc=0x180116c48 args=[0x1ec445210,0x27fe9b0,0x1ec445210,0x27feaa8,0x27fead0,0x27feab0,0x0,0x27fead8]
[trap] num=5 (0x5) pc=0x180119f50 args=[0x1ec445210,0x0,0x0,0x27feaa8,0x27fead0,0x27feab0,0x0,0x27fead8]
[trap] num=197 (0xc5) pc=0x180119190 args=[0x0,0x388830,0x1,0x40002,0x3,0x0,0x0,0x27fead8]
[trap] num=92 (0x5c) pc=0x1801180d8 args=[0x3,0x32,0x27fead8,0x40002,0x3,0x0,0x0,0x27fead8]
[trap] num=73 (0x49) pc=0x18011823c args=[0xa00000000,0x388830,0x388830,0x0,0x27feab0,0x27fead8,0x3,0x27fead8]
[trap] num=6 (0x6) pc=0x180116750 args=[0x3,0x388830,0x388830,0x0,0x27feab0,0x27fead8,0x3,0x27fead8]
[trap] num=338 (0x152) pc=0x180116c48 args=[0x1ec445210,0x27fef30,0x27feff0,0x0,0x27feab0,0x27fead8,0x3,0x27fead8]
[trap] num=338 (0x152) pc=0x180116c48 args=[0x1000006b8,0x27fde30,0x27fdf30,0x27fdf18,0x1000006c2,0x1801ac864,0x73,0x900]
[M28 BANDSHRINK] syscall 338 band past ipa 0x1000006b8 len 65536 shrunk 64 -> 0 by an overlapping window of the same call
[trap] num=-10 (0xfffffffffffffff6) pc=0x180115588 args=[0x203,0x27fddf0,0x4000,0x3c000001,0x1000006c2,0x1801ac864,0x73,0x900]
[trap] num=338 (0x152) pc=0x180116c48 args=[0x27fe420,0x27fddb0,0x27fdeb0,0x27fde98,0x27fe44e,0x1801ac864,0x0,0x7c0]
[trap] num=-12 (0xfffffffffffffff4) pc=0x1801155a0 args=[0x203,0xa0038c000,0x4000,0x1a0500,0x0,0x0,0x0,0x140]
[trap] num=338 (0x152) pc=0x180116c48 args=[0x100000720,0x27fde30,0x27fdf30,0x27fdf18,0x75,0x41,0x27fe678,0x7c0]
[trap] num=-10 (0xfffffffffffffff6) pc=0x180115588 args=[0x203,0x27fddf0,0x4000,0x3c000001,0x75,0x41,0x27fe678,0x7c0]
[trap] num=338 (0x152) pc=0x180116c48 args=[0x27fe450,0x27fdde0,0x27fdee0,0x27fdec8,0x27fe464,0x1ec4452e4,0x0,0x7c0]
[trap] num=-12 (0xfffffffffffffff4) pc=0x1801155a0 args=[0x203,0xa00390000,0x4000,0x1a0500,0x0,0x0,0x0,0xbc0]
[trap] num=338 (0x152) pc=0x180116c48 args=[0x100000750,0x27fde30,0x27fdf30,0x27fdf18,0x75,0x41,0x27fe678,0x7c0]
[trap] num=-10 (0xfffffffffffffff6) pc=0x180115588 args=[0x203,0x27fddf0,0x4000,0x3c000001,0x75,0x41,0x27fe678,0x7c0]
[trap] num=338 (0x152) pc=0x180116c48 args=[0x27fe450,0x27fdde0,0x27fdee0,0x27fdec8,0x27fe464,0x1ec4452e4,0x0,0x7c0]
[trap] num=-12 (0xfffffffffffffff4) pc=0x1801155a0 args=[0x203,0xa00394000,0x4000,0x1a0500,0x0,0x0,0x0,0xbc0]
[trap] num=338 (0x152) pc=0x180116c48 args=[0x100000788,0x27fde30,0x27fdf30,0x27fdf18,0x100000792,0x1801ac864,0x27fe678,0x900]
[M28 BANDSHRINK] syscall 338 band past ipa 0x100000788 len 65536 shrunk 64 -> 0 by an overlapping window of the same call
[trap] num=-10 (0xfffffffffffffff6) pc=0x180115588 args=[0x203,0x27fddf0,0x4000,0x3c000001,0x100000792,0x1801ac864,0x27fe678,0x900]
[trap] num=338 (0x152) pc=0x180116c48 args=[0x27fe450,0x27fdde0,0x27fdee0,0x27fdec8,0x27fe47e,0x1801ac864,0x0,0x7c0]
[trap] num=-12 (0xfffffffffffffff4) pc=0x1801155a0 args=[0x203,0xa00398000,0x4000,0x1a0500,0x0,0x0,0x0,0xbc0]
[trap] num=338 (0x152) pc=0x180116c48 args=[0x1000007c0,0x27fde30,0x27fdf30,0x27fdf18,0x1000007ca,0x1801ac864,0x6e,0x7c0]
[M28 BANDSHRINK] syscall 338 band past ipa 0x1000007c0 len 65536 shrunk 64 -> 0 by an overlapping window of the same call
[trap] num=-10 (0xfffffffffffffff6) pc=0x180115588 args=[0x203,0x27fddf0,0x4000,0x3c000001,0x1000007ca,0x1801ac864,0x6e,0x7c0]
[trap] num=338 (0x152) pc=0x180116c48 args=[0x27fe420,0x27fddb0,0x27fdeb0,0x27fde98,0x27fe44e,0x1801ac864,0x0,0x7c0]
[trap] num=-12 (0xfffffffffffffff4) pc=0x1801155a0 args=[0x203,0xa0039c000,0x4000,0x1a0500,0x0,0x0,0x0,0xbc0]
[trap] num=5 (0x5) pc=0x180119f50 args=[0x1ec447838,0x0,0x0,0x0,0x0,0x27fcb58,0x1,0x27fcab8]
[trap] num=381 (0x17d) pc=0x180119ecc args=[0x1801b7eb4,0x2,0x27fbdb0,0xa,0x73,0x69,0x1,0x27fcab8]
[m47] num=381 args=[0x1801b7eb4,0x2,0x27fbdb0] policy="Sandbox" op="syscall-unix" ret=0xe err=true writes=0
[trap] num=550 (0x226) pc=0x180119ef8 args=[0x27fb4c0,0x2,0x27fb510,0x858,0x1778,0x18,0x0,0x27fcb58]
[trap] num=6 (0x6) pc=0x180116750 args=[0x3,0x3,0x27fb562,0x3,0x1,0x18,0x0,0x27fcb58]
[trap] num=74 (0x4a) pc=0x180119f24 args=[0x1002ec000,0x10000,0x1,0x1,0x8,0x18,0x0,0x27fcb58]
[trap] num=-14 (0xfffffffffffffff2) pc=0x1801155b8 args=[0x203,0x1e5908000,0x2324000,0x0,0x13,0x13,0x4,0x4000]
[trap] num=-14 (0xfffffffffffffff2) pc=0x1801155b8 args=[0x203,0x1edc84000,0x7b90000,0x0,0x13,0x13,0x5,0x6380000]
[trap] num=-14 (0xfffffffffffffff2) pc=0x1801155b8 args=[0x203,0x28f64c000,0x2c2c000,0x0,0x13,0x13,0x4,0x4000]
[trap] num=-14 (0xfffffffffffffff2) pc=0x1801155b8 args=[0x203,0x29a1cc000,0x5678000,0x0,0x13,0x13,0x5,0x8b84000]
[trap] num=-14 (0xfffffffffffffff2) pc=0x1801155b8 args=[0x203,0x2d0bac000,0x2a4000,0x0,0x13,0x13,0x4,0x4000]
[trap] num=-14 (0xfffffffffffffff2) pc=0x1801155b8 args=[0x203,0x2d361c000,0xac8000,0x0,0x13,0x13,0x5,0xa74000]
[trap] num=-14 (0xfffffffffffffff2) pc=0x1801155b8 args=[0x203,0x1e5908000,0x2324000,0x0,0x1,0x1,0x4,0x4000]
[trap] num=-14 (0xfffffffffffffff2) pc=0x1801155b8 args=[0x203,0x1edc84000,0x7b90000,0x0,0x1,0x1,0x5,0x6380000]
[trap] num=-14 (0xfffffffffffffff2) pc=0x1801155b8 args=[0x203,0x28f64c000,0x2c2c000,0x0,0x1,0x1,0x4,0x4000]
[trap] num=-14 (0xfffffffffffffff2) pc=0x1801155b8 args=[0x203,0x29a1cc000,0x5678000,0x0,0x1,0x1,0x5,0x8b84000]
[trap] num=-14 (0xfffffffffffffff2) pc=0x1801155b8 args=[0x203,0x2d0bac000,0x2a4000,0x0,0x1,0x1,0x4,0x4000]
[trap] num=-14 (0xfffffffffffffff2) pc=0x1801155b8 args=[0x203,0x2d361c000,0xac8000,0x0,0x1,0x1,0x5,0xa74000]
[trap] num=-15 (0xfffffffffffffff1) pc=0x1801155c4 args=[0x203,0x27f7ef0,0x20000,0x3fff,0x3c000001,0x3,0x0,0x0]
[trap] num=347 (0x15b) pc=0x18011a6ec args=[0x0,0x0,0x2,0x2,0x1,0x27f7a80,0xa0,0x0]
[trap] num=-15 (0xfffffffffffffff1) pc=0x1801155c4 args=[0x203,0x27f7510,0x20000,0x3fff,0x3c000001,0x3,0x0,0x0]
[trap] num=347 (0x15b) pc=0x18011a6ec args=[0x1003e0060,0xb1d8,0x2,0x2,0x1,0x1003e0000,0x20000,0x0]
[M28 BANDSHRINK] syscall 347 band past ipa 0x1003e0000 len 65536 shrunk 64 -> 0 by an overlapping window of the same call
[trap] num=220 (0xdc) pc=0x180116e90 args=[0x1003e00b8,0x27f79f8,0x27f7b40,0x40,0x0,0x0,0x20000,0x0]
[trap] num=-12 (0xfffffffffffffff4) pc=0x1801155a0 args=[0x203,0x1003e0000,0x20000,0x87,0x2,0x1000038,0xffffffffffffffff,0x0]
[trap] num=-12 (0xfffffffffffffff4) pc=0x1801155a0 args=[0x203,0x1003c0000,0x20000,0x0,0x0,0x0,0x0,0x0]
[trap] num=5 (0x5) pc=0x180119f50 args=[0x1801ab41a,0x2,0x0,0xa,0x0,0x0,0x0,0x0]
[trap] num=54 (0x36) pc=0x180116724 args=[0x3,0x80086804,0x27f4bc8,0xa,0x0,0x0,0x0,0x0]
[trap] num=6 (0x6) pc=0x180116750 args=[0x3,0xffffffffffffffff,0x27f4bc8,0xa,0x0,0x0,0x0,0x0]
[trap] num=294 (0x126) pc=0x18011a2f8 args=[0xffffffffffffffff,0x1f070030,0x0,0x0,0x0,0x0,0x0,0x0]
[trap] num=-14 (0xfffffffffffffff2) pc=0x1801155b8 args=[0x203,0x1ec444000,0x24000,0x0,0x1,0x0,0x0,0x0]
[trap] num=-28 (0xffffffffffffffe4) pc=0x1804adb5c args=[0x0,0x1804e2db8,0x27ffe48,0x1ec445388,0x1ec445388,0x0,0x0,0x0]
[trap] num=-26 (0xffffffffffffffe6) pc=0x1804adb44 args=[0x203,0x1804e2db8,0x27ffe48,0x1ec445388,0x1ec445388,0x0,0x0,0x0]
[trap] num=33 (0x21) pc=0x1804ae668 args=[0x1804e2dda,0x0,0x27ffe48,0x1ec445388,0x1ec445388,0x0,0x0,0x0]
[trap] num=-15 (0xfffffffffffffff1) pc=0x1804adacc args=[0x203,0x27fb698,0x8000,0x0,0x49000001,0x3,0x0,0x0]
[trap] num=-29 (0xffffffffffffffe3) pc=0x1804adb68 args=[0x1eec6fd98,0x27ffe40,0x27ffe48,0x1ec445388,0x49000001,0x3,0x0,0x0]
[trap] num=-24 (0xffffffffffffffe8) pc=0x1804adb2c args=[0x203,0x27fb540,0x0,0x27fb55c,0x49000001,0x3,0x0,0x0]
[trap] num=-47 (0xffffffffffffffd1) pc=0x1804adc34 args=[0x27fb580,0x200000003,0x2800001513,0x110300001d03,0xc800000000,0x110300000000,0x140,0x0]
[mach_msg2] msgh_id=200 dest=0x1d03 reply=0x1103 options=0x200000003 bits=0x1513 send_size=40 rcv_size=320
  send+000: 13 15 00 00 28 00 00 00 03 1d 00 00 03 11 00 00
  send+010: 00 00 00 00 c8 00 00 00 00 00 00 00 01 00 00 00
  send+020: 05 00 00 00 08 00 00 00
[retrace] forwarding mach_msg2 host_info (msgh_id 200) to host (decided allowlist)
[mach_msg2] host ret=0x0 err=false
  reply@0x27fb580+000: 00 12 00 00 48 00 00 00 00 00 00 00 03 11 00 00
  reply@0x27fb580+010: 00 00 00 00 2c 01 00 00 00 00 00 00 01 00 00 00
  reply@0x27fb580+020: 00 00 00 00 08 00 00 00 50 00 00 00 50 00 00 00
  reply@0x27fb580+030: 40 00 00 00 1f 00 00 00 00 00 00 00 00 00 00 00
  reply@0x27fb580+040: 00 00 00 00 4f 00 00 00 00 00 00 00 08 00 00 00
  reply@0x27fb580+050: 00 00 00 00 00 00 00 00 00 00 00 00 00 00 00 00
  reply@0x27fb580+060: 00 00 00 00 00 00 00 00 00 00 00 00 00 00 00 00
  reply@0x27fb580+070: 00 00 00 00 00 00 00 00 00 00 00 00 00 00 00 00
  reply@0x27fb580+080: 00 00 00 00 00 00 00 00 00 00 00 00 00 00 00 00
  reply@0x27fb580+090: 00 00 00 00 00 00 00 00 00 00 00 00 00 00 00 00
  reply@0x27fb580+0a0: 00 00 00 00 00 00 00 00 00 00 00 00 00 00 00 00
  reply@0x27fb580+0b0: 00 00 00 00 00 00 00 00 00 00 00 00 00 00 00 00
  reply@0x27fb580+0c0: 00 00 00 00 00 00 00 00 00 00 00 00 00 00 00 00
  reply@0x27fb580+0d0: 00 00 00 00 00 00 00 00 00 00 00 00 00 00 00 00
  reply@0x27fb580+0e0: 00 00 00 00 00 00 00 00 00 00 00 00 00 00 00 00
  reply@0x27fb580+0f0: 00 00 00 00 00 00 00 00 00 00 00 00 00 00 00 00
[trap] num=-18 (0xffffffffffffffee) pc=0x1804adae4 args=[0x203,0x1d03,0x0,0x27fb770,0xc800000000,0x110300000000,0x4f00000000,0x0]
[trap] num=202 (0xca) pc=0x1804af460 args=[0x27fb778,0x2,0x27fb748,0x27fb710,0x0,0x0,0x4f00000000,0x0]
[trap] num=-27 (0xffffffffffffffe5) pc=0x1804adb50 args=[0x2ff20,0x0,0x0,0x1804f8a01,0x0,0x0,0x4f00000000,0x0]
[trap] num=-24 (0xffffffffffffffe8) pc=0x1804adb2c args=[0x203,0x27fb6c0,0x0,0x27fb6dc,0x0,0x0,0x4f00000000,0x0]
[trap] num=366 (0x16e) pc=0x1804b3d2c args=[0x1804ecc14,0x1804ecc08,0x4000,0x27fb710,0x38,0xa0,0x4f00000000,0x0]
[trap] num=-29 (0xffffffffffffffe3) pc=0x1804adb68 args=[0x10030,0x103,0x1804f8cd8,0x103,0x38,0xa0,0x4f00000000,0x0]
[trap] num=-47 (0xffffffffffffffd1) pc=0x1804adc34 args=[0x27fb750,0x200000003,0x2400001513,0x120300001d03,0xce00000000,0x120300000000,0x30,0x0]
[mach_msg2] msgh_id=206 dest=0x1d03 reply=0x1203 options=0x200000003 bits=0x1513 send_size=36 rcv_size=48
  send+000: 13 15 00 00 24 00 00 00 03 1d 00 00 03 12 00 00
  send+010: 00 00 00 00 ce 00 00 00 00 00 00 00 01 00 00 00
  send+020: 00 00 00 00
[retrace] forwarding mach_msg2 host_get_clock_service (msgh_id 206) to host (decided allowlist)
[mach_msg2] host ret=0x0 err=false
  reply@0x27fb750+000: 00 12 00 80 28 00 00 00 00 00 00 00 03 12 00 00
  reply@0x27fb750+010: 00 00 00 00 32 01 00 00 01 00 00 00 03 09 00 00
  reply@0x27fb750+020: 00 00 00 00 00 00 11 00 00 00 00 00 08 00 00 00
  reply@0x27fb750+030: b8 fd c6 ee 01 00 00 00 03 1d 00 00 00 00 00 00
  reply@0x27fb750+040: b0 b7 7f 02 00 00 00 00 14 e8 39 80 01 00 00 00
  reply@0x27fb750+050: b8 fd c6 ee 01 00 00 00 48 fe 7f 02 00 00 00 00
  reply@0x27fb750+060: d0 b7 7f 02 00 00 00 00 a0 e6 39 80 01 00 00 00
  reply@0x27fb750+070: 88 53 44 ec 01 00 00 00 48 fe 7f 02 00 00 00 00
  reply@0x27fb750+080: 40 b8 7f 02 00 00 00 00 04 13 34 90 01 00 00 00
  reply@0x27fb750+090: 48 02 34 90 01 00 00 00 a0 00 00 00 00 00 00 00
  reply@0x27fb750+0a0: 06 00 00 00 00 00 00 00 18 01 34 90 01 00 00 00
  reply@0x27fb750+0b0: c0 1b 34 90 01 00 00 00 10 53 44 ec 01 00 00 00
  reply@0x27fb750+0c0: 5c 12 34 90 01 00 00 00 60 b8 7f 02 00 00 00 00
  reply@0x27fb750+0d0: c0 1b 34 90 01 00 00 00 10 53 44 ec 01 00 00 00
  reply@0x27fb750+0e0: 5c 12 34 90 01 00 00 00 68 bd 7f 02 00 00 00 00
  reply@0x27fb750+0f0: f0 b8 7f 02 00 00 00 00 30 0e 16 80 01 00 00 00
[trap] num=-47 (0xffffffffffffffd1) pc=0x1804adc34 args=[0x27fb750,0x200000003,0x2800001513,0x120300000203,0xd5a00000000,0x120300000000,0x30,0x0]
[mach_msg2] msgh_id=3418 dest=0x203 reply=0x1203 options=0x200000003 bits=0x1513 send_size=40 rcv_size=48
  send+000: 13 15 00 00 28 00 00 00 03 02 00 00 03 12 00 00
  send+010: 00 00 00 00 5a 0d 00 00 00 00 00 00 01 00 00 00
  send+020: 00 00 00 00 00 00 00 00
[retrace] forwarding mach_msg2 semaphore_create (msgh_id 3418) to host (decided allowlist)
[mach_msg2] host ret=0x0 err=false
  reply@0x27fb750+000: 00 12 00 80 28 00 00 00 00 00 00 00 03 12 00 00
  reply@0x27fb750+010: 00 00 00 00 be 0d 00 00 01 00 00 00 03 13 00 00
  reply@0x27fb750+020: 00 00 00 00 00 00 11 00 00 00 00 00 08 00 00 00
  reply@0x27fb750+030: d8 5d 70 ec 01 00 00 00 03 1d 00 00 00 00 00 00
  reply@0x27fb750+040: b0 b7 7f 02 00 00 00 00 38 e8 39 80 01 00 00 00
  reply@0x27fb750+050: b8 fd c6 ee 01 00 00 00 48 fe 7f 02 00 00 00 00
  reply@0x27fb750+060: d0 b7 7f 02 00 00 00 00 a0 e6 39 80 01 00 00 00
  reply@0x27fb750+070: 88 53 44 ec 01 00 00 00 48 fe 7f 02 00 00 00 00
  reply@0x27fb750+080: 40 b8 7f 02 00 00 00 00 04 13 34 90 01 00 00 00
  reply@0x27fb750+090: 48 02 34 90 01 00 00 00 a0 00 00 00 00 00 00 00
  reply@0x27fb750+0a0: 06 00 00 00 00 00 00 00 18 01 34 90 01 00 00 00
  reply@0x27fb750+0b0: c0 1b 34 90 01 00 00 00 10 53 44 ec 01 00 00 00
  reply@0x27fb750+0c0: 5c 12 34 90 01 00 00 00 60 b8 7f 02 00 00 00 00
  reply@0x27fb750+0d0: c0 1b 34 90 01 00 00 00 10 53 44 ec 01 00 00 00
  reply@0x27fb750+0e0: 5c 12 34 90 01 00 00 00 68 bd 7f 02 00 00 00 00
  reply@0x27fb750+0f0: f0 b8 7f 02 00 00 00 00 30 0e 16 80 01 00 00 00
[trap] num=-18 (0xffffffffffffffee) pc=0x1804adae4 args=[0x203,0x1d03,0x2800001513,0x120300000203,0xd5a00000000,0x120300000000,0x30,0x0]
[trap] num=20 (0x14) pc=0x1804ae198 args=[0x0,0x0,0xfffffffffffffff0,0x27fb630,0x27fb2c0,0x64,0x0,0xc80]
[trap] num=266 (0x10a) pc=0x1804af558 args=[0x18037ff36,0x0,0x18ce3a000,0x103,0x27fb2c0,0x64,0x0,0xc80]
[trap] num=339 (0x153) pc=0x1804bc288 args=[0x3,0x27fb0c0,0x18ce3a000,0x103,0x27fb2c0,0x64,0x0,0xc80]
[trap] num=197 (0xc5) pc=0x1804aea18 args=[0x0,0x8000,0x1,0x40001,0x3,0x0,0x0,0xc80]
[trap] num=6 (0x6) pc=0x1804ae8f0 args=[0x3,0x8000,0x1,0x40001,0x3,0x0,0x0,0xc80]
[trap] num=169 (0xa9) pc=0x1804af8dc args=[0xf637,0x0,0x27fb21c,0x4,0x3,0x0,0x0,0xc80]
[trap] num=500 (0x1f4) pc=0x1804ae144 args=[0x1ec6fd858,0x10,0x4,0x1804f8a0c,0x75,0x61,0x38,0x830]
[trap] num=54 (0x36) pc=0x1804b2338 args=[0x2,0x4004667a,0x27fb18c,0x103,0x75,0x61,0x38,0x830]
[trap] num=54 (0x36) pc=0x1804b2338 args=[0x2,0x40487413,0x27fb190,0x103,0x75,0x61,0x38,0x830]
[trap] num=116 (0x74) pc=0x1804b1b60 args=[0x27faf00,0x0,0x0,0xfffffc088,0x67,0x6d,0x38,0x420]
[trap] num=500 (0x1f4) pc=0x1804ae144 args=[0x27fb038,0x20,0x27fb038,0x1c725a0a,0x180267bdc,0x6d,0x38,0x420]
[trap] num=116 (0x74) pc=0x1804b1b60 args=[0x27faf20,0x0,0x0,0xfffffc088,0x180267bdc,0x6d,0x38,0x420]
[trap] num=116 (0x74) pc=0x1804b1b60 args=[0x27faf40,0x0,0x0,0xfffffc088,0x1ec6fcf70,0x1ec6fcfa8,0x1000,0x20]
[trap] num=116 (0x74) pc=0x1804b1b60 args=[0x27faf40,0x0,0x0,0xfffffc088,0x27faec0,0x1802361b0,0x4411f54544f0674b,0x27faf60]
[trap] num=116 (0x74) pc=0x1804b1b60 args=[0x27faf40,0x0,0x0,0xfffffc088,0x27faec0,0x1802361b0,0x375bc57efb35c153,0x27faf60]
[trap] num=116 (0x74) pc=0x1804b1b60 args=[0x27faf40,0x0,0x0,0xfffffc088,0x27faec0,0x1802361b0,0xbe7813f3a8a3646c,0x27faf60]
[trap] num=116 (0x74) pc=0x1804b1b60 args=[0x27faf40,0x0,0x0,0xfffffc088,0x27faec0,0x1802361b0,0xafc3a959b7560b88,0x27faf60]
[trap] num=-47 (0xffffffffffffffd1) pc=0x1804adc34 args=[0x27fb0d8,0x200000003,0x6480001513,0x120300000203,0x12cb00000000,0x120300000001,0x34,0x0]
[mach_msg2] msgh_id=4811 dest=0x203 reply=0x1203 options=0x200000003 bits=0x80001513 send_size=100 rcv_size=52
  send+000: 13 15 00 80 64 00 00 00 03 02 00 00 03 12 00 00
  send+010: 00 00 00 00 cb 12 00 00 01 00 00 00 00 00 00 00
  send+020: 00 00 00 00 00 00 13 00 00 00 00 00 01 00 00 00
  send+030: 00 00 00 00 00 00 00 00 00 00 42 00 00 00 00 00
  send+040: 00 00 00 00 00 00 00 00 01 00 00 01 00 00 00 00
  send+050: 00 00 00 00 00 00 00 00 00 00 00 00 00 00 00 00
  send+060: 01 00 00 00
[trap] num=-12 (0xfffffffffffffff4) pc=0x1804adaa8 args=[0x203,0xa004fc000,0x100000,0x120300000203,0x12cb00000000,0x120300000001,0x34,0x0]
[trap] num=116 (0x74) pc=0x1804b1b60 args=[0x27fac20,0x0,0x0,0xfffffc088,0x12cb00000000,0x120300000001,0x34,0x0]
[trap] num=-15 (0xfffffffffffffff1) pc=0x1804adacc args=[0x203,0x27face8,0x408000,0x0,0x1000001,0x3,0x0,0x0]
[trap] num=74 (0x4a) pc=0x1804b1b04 args=[0x4c000,0x4000,0x0,0x40000000,0x0,0x3,0x0,0x0]
[trap] num=74 (0x4a) pc=0x1804b1b04 args=[0x450000,0x4000,0x0,0x40000000,0x0,0x3,0x0,0x0]
[trap] num=-15 (0xfffffffffffffff1) pc=0x1804adacc args=[0x203,0x27fad68,0x400000,0x0,0x7004000,0x3,0x0,0x0]
[trap] num=-89 (0xffffffffffffffa7) pc=0x1804add00 args=[0x1ec705d78,0x180327210,0x0,0x1804f8a08,0x7004000,0x3,0x0,0x0]
[trap] num=-15 (0xfffffffffffffff1) pc=0x1804adacc args=[0x203,0x27fad58,0x3e000,0x0,0x1000001,0x3,0x0,0x0]
[trap] num=-47 (0xffffffffffffffd1) pc=0x1804adc34 args=[0x27facb0,0x200000003,0x2800001513,0x120300000203,0x12d600000000,0x120300000000,0x3c,0x0]
[mach_msg2] msgh_id=4822 dest=0x203 reply=0x1203 options=0x200000003 bits=0x1513 send_size=40 rcv_size=60
  send+000: 13 15 00 00 28 00 00 00 03 02 00 00 03 12 00 00
  send+010: 00 00 00 00 d6 12 00 00 00 00 00 00 01 00 00 00
  send+020: f8 03 00 00 f8 03 40 00
[trap] num=-10 (0xfffffffffffffff6) pc=0x1804ada90 args=[0x203,0x27fa6a8,0x4000,0x1,0x180327599,0x27fad60,0x3c,0x0]
[trap] num=336 (0x150) pc=0x1804af110 args=[0x2,0xf637,0x11,0x0,0x27fa688,0x38,0x180327461,0xa007c8028]
[trap] num=97 (0x61) pc=0x1804b1fa0 args=[0x1,0x2,0x0,0x103,0x27fa688,0x38,0x0,0xa007c8028]
[trap] num=92 (0x5c) pc=0x1804ae8c4 args=[0x3,0x2,0x1,0x103,0x27fa688,0x38,0x0,0xa007c8028]
[trap] num=98 (0x62) pc=0x1804b2364 args=[0x3,0x27f9cb6,0x6a,0x27f9cc8,0x27fa688,0x38,0x676f6c7379732f,0xa007c8028]
[trap] num=133 (0x85) pc=0x1804b2390 args=[0x3,0x27f9dc0,0xfa,0x0,0x0,0x0,0x0,0xa007c8028]
[trap] num=-12 (0xfffffffffffffff4) pc=0x1804adaa8 args=[0x203,0xa007c8000,0x4000,0x0,0x0,0x0,0x0,0xa007c8028]
[trap] num=-47 (0xffffffffffffffd1) pc=0x1804adc34 args=[0x27fac48,0x200000003,0x6480001513,0x120300000203,0x12cb00000000,0x120300000001,0x34,0x0]
[mach_msg2] msgh_id=4811 dest=0x203 reply=0x1203 options=0x200000003 bits=0x80001513 send_size=100 rcv_size=52
  send+000: 13 15 00 80 64 00 00 00 03 02 00 00 03 12 00 00
  send+010: 00 00 00 00 cb 12 00 00 01 00 00 00 00 00 00 00
  send+020: 00 00 00 00 00 00 13 00 00 00 00 00 01 00 00 00
  send+030: 00 00 00 00 04 00 00 00 00 00 00 00 06 00 00 00
  send+040: 00 00 00 00 00 00 00 00 00 00 00 00 00 00 00 00
  send+050: 00 00 00 00 00 00 00 00 00 00 00 00 00 00 00 00
  send+060: 01 00 00 00
[trap] num=116 (0x74) pc=0x1804b1b60 args=[0x27fab30,0x0,0x0,0xfffffc088,0x0,0x700,0xa00527378,0x0]
[trap] num=-15 (0xfffffffffffffff1) pc=0x1804adacc args=[0x203,0x27fb188,0x4000,0x0,0x1000001,0x3,0x0,0x0]
[trap] num=74 (0x4a) pc=0x1804b1b04 args=[0xa0053c000,0x4000,0x1,0xa0053c008,0x1000001,0x3,0x0,0x0]
[trap] num=-14 (0xfffffffffffffff2) pc=0x1801155b8 args=[0x203,0x1ec444000,0x24000,0x0,0x3,0x3,0x0,0x0]
[trap] num=-14 (0xfffffffffffffff2) pc=0x1801155b8 args=[0x203,0x1ec444000,0x24000,0x0,0x1,0x3,0x0,0x0]
[trap] num=327 (0x147) pc=0x1804ad92c args=[0xf637,0x3,0x103,0x103,0x1,0x3,0x0,0x0]
[trap] num=-47 (0xffffffffffffffd1) pc=0x1804adc34 args=[0x27fb28c,0x200000003,0x7400001513,0x120300000203,0x1f4000000000,0x120300000000,0x2c,0x0]
[mach_msg2] msgh_id=8000 dest=0x203 reply=0x1203 options=0x200000003 bits=0x1513 send_size=116 rcv_size=44
  send+000: 13 15 00 00 74 00 00 00 03 02 00 00 03 12 00 00
  send+010: 00 00 00 00 40 1f 00 00 00 00 00 00 01 00 00 00
  send+020: 05 00 00 00 88 5c 09 80 01 00 00 00 78 00 78 00
  send+030: 00 00 00 00 20 58 09 80 01 00 00 00 5c 00 5c 00
  send+040: 00 00 00 00 38 5a 09 80 01 00 00 00 5c 00 5c 00
  send+050: 00 00 00 00 00 59 09 80 01 00 00 00 78 00 78 00
  send+060: 00 00 00 00 b8 5a 09 80 01 00 00 00 78 00 78 00
  send+070: 00 00 00 00
[trap] num=-47 (0xffffffffffffffd1) pc=0x1804adc34 args=[0x27fb690,0x200000003,0x1800001513,0x120300000203,0x1f4100000000,0x120300000000,0x2c,0x0]
[mach_msg2] msgh_id=8001 dest=0x203 reply=0x1203 options=0x200000003 bits=0x1513 send_size=24 rcv_size=44
  send+000: 13 15 00 00 18 00 00 00 03 02 00 00 03 12 00 00
  send+010: 00 00 00 00 41 1f 00 00
[trap] num=-14 (0xfffffffffffffff2) pc=0x1801155b8 args=[0x203,0x1ec444000,0x24000,0x0,0x3,0x53,0x2c,0x0]
[trap] num=-15 (0xfffffffffffffff1) pc=0x1804adacc args=[0x203,0x27f4fc8,0x8000,0x0,0x1000001,0x3,0x0,0x0]
[trap] num=-15 (0xfffffffffffffff1) pc=0x1804adacc args=[0x203,0x27f5028,0x8000,0x0,0xb004000,0x3,0x0,0x0]
[trap] num=116 (0x74) pc=0x1804b1b60 args=[0x27f4f10,0x0,0x0,0xfffffc088,0x8,0x41,0x0,0xb40]
[trap] num=116 (0x74) pc=0x1804b1b60 args=[0x27f4e60,0x0,0x0,0xfffffc088,0x8,0x41,0xecc18b3097b0907c,0xb40]
[trap] num=116 (0x74) pc=0x1804b1b60 args=[0x27f4e60,0x0,0x0,0xfffffc088,0x8,0x41,0xcc1f3a15a88bff50,0xb40]
[trap] num=116 (0x74) pc=0x1804b1b60 args=[0x27f4e60,0x0,0x0,0xfffffc088,0x8,0x41,0x461cd8bd7168f43b,0xb40]
[trap] num=116 (0x74) pc=0x1804b1b60 args=[0x27f4e60,0x0,0x0,0xfffffc088,0x8,0x41,0x1aa53d989237f546,0xb40]
[trap] num=116 (0x74) pc=0x1804b1b60 args=[0x27f4e60,0x0,0x0,0xfffffc088,0x8,0x41,0x40d1ebe83fd82b52,0xb40]
[trap] num=116 (0x74) pc=0x1804b1b60 args=[0x27f4e60,0x0,0x0,0xfffffc088,0x8,0x41,0xa1cfa955c8e045c5,0xb40]
[trap] num=116 (0x74) pc=0x1804b1b60 args=[0x27f4e60,0x0,0x0,0xfffffc088,0x8,0x41,0xee52576290c16d55,0xb40]
[trap] num=116 (0x74) pc=0x1804b1b60 args=[0x27f4e60,0x0,0x0,0xfffffc088,0x8,0x41,0x674cb0341429a9a8,0xb40]
[trap] num=116 (0x74) pc=0x1804b1b60 args=[0x27f4e60,0x0,0x0,0xfffffc088,0x8,0x41,0x5f8a655cb643733d,0xb40]
[trap] num=116 (0x74) pc=0x1804b1b60 args=[0x27f4e60,0x0,0x0,0xfffffc088,0x8,0x41,0x9daa1fdf72876ec7,0xb40]
[trap] num=116 (0x74) pc=0x1804b1b60 args=[0x27f4e60,0x0,0x0,0xfffffc088,0x8,0x41,0x7d116354fcb91b2d,0xb40]
[trap] num=-15 (0xfffffffffffffff1) pc=0x1804adacc args=[0x203,0x27f4e78,0x400000,0x0,0x2004000,0x3,0x0,0x0]
[trap] num=-15 (0xfffffffffffffff1) pc=0x1804adacc args=[0x203,0x27f4dc8,0x80000,0x3fff,0x1000001,0x3,0x0,0x0]
[trap] num=-14 (0xfffffffffffffff2) pc=0x1801155b8 args=[0x203,0x1ec444000,0x24000,0x0,0x1,0x0,0xffffffffbfc007ff,0xfffff0003ffff800]
[trap] num=202 (0xca) pc=0x1804af460 args=[0x27fb680,0x2,0x27fb648,0x27fb640,0x180205f3c,0x15,0xffffffffbfc007ff,0xfffff0003ffff800]
[trap] num=202 (0xca) pc=0x1804af460 args=[0x27fb648,0x2,0x27fb700,0x27fb6f0,0x0,0x0,0xffffffffbfc007ff,0xfffff0003ffff800]
[trap] num=202 (0xca) pc=0x1804af460 args=[0x27fb680,0x2,0x27fb648,0x27fb640,0x180205f9b,0x16,0xffffffffbfc007ff,0xfffff0003ffff800]
[trap] num=202 (0xca) pc=0x1804af460 args=[0x27fb648,0x2,0x27fb700,0x27fb6f0,0x0,0x0,0xffffffffbfc007ff,0xfffff0003ffff800]
[trap] num=202 (0xca) pc=0x1804af460 args=[0x27fb680,0x2,0x27fb648,0x27fb640,0x180205f3c,0x15,0xffffffffbfc007ff,0xfffff0003ffff800]
[trap] num=202 (0xca) pc=0x1804af460 args=[0x27fb648,0x2,0x27fb700,0x27fb6f0,0x0,0x0,0xffffffffbfc007ff,0xfffff0003ffff800]
[trap] num=-47 (0xffffffffffffffd1) pc=0x1804adc34 args=[0x27fb720,0x200000003,0x2400001513,0x120300000203,0xd5100000000,0x120300000000,0x30,0x0]
[mach_msg2] msgh_id=3409 dest=0x203 reply=0x1203 options=0x200000003 bits=0x1513 send_size=36 rcv_size=48
  send+000: 13 15 00 00 24 00 00 00 03 02 00 00 03 12 00 00
  send+010: 00 00 00 00 51 0d 00 00 00 00 00 00 01 00 00 00
  send+020: 04 00 00 00
[trap] num=-19 (0xffffffffffffffed) pc=0x1804adaf0 args=[0x203,0x1503,0x0,0x1,0xd5100000000,0x120300000000,0x30,0x0]
[trap] num=-19 (0xffffffffffffffed) pc=0x1804adaf0 args=[0x203,0x1503,0x0,0x1,0xd5100000000,0x120300000000,0x30,0x0]
[trap] num=-19 (0xffffffffffffffed) pc=0x1804adaf0 args=[0x203,0x1503,0x0,0x1,0x0,0x120300000000,0x30,0x0]
[trap] num=-15 (0xfffffffffffffff1) pc=0x1804adacc args=[0x203,0x27f9bd8,0x400000,0x0,0x2004000,0x3,0x0,0x0]
[trap] num=-14 (0xfffffffffffffff2) pc=0x1801155b8 args=[0x203,0x1ec444000,0x24000,0x0,0x3,0x27fb54f,0xffffffffbfc007ff,0xa0]
[trap] num=-14 (0xfffffffffffffff2) pc=0x1801155b8 args=[0x203,0x1ec444000,0x24000,0x0,0x1,0x27fb54f,0xffffffffbfc007ff,0xa0]
[trap] num=5 (0x5) pc=0x180119f50 args=[0x63aa0,0x0,0x0,0x63aa0,0x0,0x27fb54f,0x0,0xa0]
[trap] num=92 (0x5c) pc=0x1801180d8 args=[0x4,0x32,0x27fb018,0x63aa0,0x0,0x27fb54f,0x0,0xa0]
[trap] num=6 (0x6) pc=0x180116750 args=[0x4,0x32,0x27fb018,0x63aa0,0x0,0x27fb54f,0x0,0xa0]
[trap] num=220 (0xdc) pc=0x1804ae63c args=[0x63aa0,0x27fb040,0x27fb05c,0x40c,0x0,0x27fb54f,0x0,0xa0]
[trap] num=33 (0x21) pc=0x1804ae668 args=[0x63b20,0x4,0x639b0,0x63a40,0x0,0x56,0x0,0x470]
[M28 BANDSHRINK] syscall 33 band past ipa 0x639b0 len 65536 shrunk 64 -> 0 by an overlapping window of the same call
[M28 BANDSHRINK] syscall 33 band past ipa 0x63a40 len 65536 shrunk 64 -> 0 by an overlapping window of the same call
[trap] num=5 (0x5) pc=0x1804ae694 args=[0x63b20,0x0,0x0,0x63a40,0x0,0x56,0x0,0x470]
[M28 BANDSHRINK] syscall 5 band past ipa 0x63a40 len 65536 shrunk 64 -> 0 by an overlapping window of the same call
[trap] num=339 (0x153) pc=0x1804bc288 args=[0x4,0x639b0,0x0,0x63a40,0x0,0x56,0x0,0x470]
[M28 BANDSHRINK] syscall 339 band past ipa 0x639b0 len 65536 shrunk 64 -> 0 by an overlapping window of the same call
[trap] num=483 (0x1e3) pc=0x1804ae6f0 args=[0x0,0x27fb26c,0x4,0x63a40,0x0,0x56,0x0,0x470]
[trap] num=228 (0xe4) pc=0x1804b1694 args=[0x4,0x27fb330,0x27fb290,0x28,0x0,0x56,0x0,0x470]
[trap] num=381 (0x17d) pc=0x1804af730 args=[0x18df1ac55,0x2,0x27fb290,0x28,0x0,0x56,0x0,0x470]
[m47] num=381 args=[0x18df1ac55,0x2,0x27fb290] policy="Sandbox" op="file-write-data" ret=0x16 err=true writes=0
[trap] num=92 (0x5c) pc=0x1804ae8c4 args=[0x4,0x32,0x27faf88,0x27fb348,0x27fb000,0x56,0x0,0x470]
[trap] num=6 (0x6) pc=0x1804ae8f0 args=[0x4,0x27fafbb,0x0,0x63b93,0x0,0x56,0x0,0x470]
[trap] num=5 (0x5) pc=0x1804ae694 args=[0x63ba0,0x0,0x0,0x63bdd,0x18020b535,0x27fb450,0x74,0x470]
[M28 BANDSHRINK] syscall 5 band past ipa 0x63ba0 len 65536 shrunk 64 -> 0 by an overlapping window of the same call
[trap] num=336 (0x150) pc=0x1804af110 args=[0x2,0xf637,0xd,0x1,0x27fb6c0,0x40,0x74,0x470]
[trap] num=-24 (0xffffffffffffffe8) pc=0x1804adb2c args=[0x203,0x27fb780,0x71b75ace,0x27fb77c,0x0,0x5,0x0,0x0]
[trap] num=-47 (0xffffffffffffffd1) pc=0x1804adc34 args=[0x27fb718,0x200000003,0x3480001513,0x120300000203,0xd5200000000,0x120300000001,0x2c,0x0]
[mach_msg2] msgh_id=3410 dest=0x203 reply=0x1203 options=0x200000003 bits=0x80001513 send_size=52 rcv_size=44
  send+000: 13 15 00 80 34 00 00 00 03 02 00 00 03 12 00 00
  send+010: 00 00 00 00 52 0d 00 00 01 00 00 00 03 14 00 00
  send+020: 00 00 00 00 00 00 13 00 00 00 00 00 01 00 00 00
  send+030: 0a 00 00 00
[trap] num=-47 (0xffffffffffffffd1) pc=0x1804adc34 args=[0x27fb498,0x200000003,0x2800001513,0x120300000203,0xd4d00000000,0x120300000000,0x1a8,0x0]
[mach_msg2] msgh_id=3405 dest=0x203 reply=0x1203 options=0x200000003 bits=0x1513 send_size=40 rcv_size=424
  send+000: 13 15 00 00 28 00 00 00 03 02 00 00 03 12 00 00
  send+010: 00 00 00 00 4d 0d 00 00 00 00 00 00 01 00 00 00
  send+020: 0f 00 00 00 08 00 00 00
[retrace] forwarding mach_msg2 task_info (msgh_id 3405) to host (decided allowlist)
[mach_msg2] host ret=0x0 err=false
  reply@0x27fb498+000: 00 12 00 00 48 00 00 00 00 00 00 00 03 12 00 00
  reply@0x27fb498+010: 00 00 00 00 b1 0d 00 00 00 00 00 00 01 00 00 00
  reply@0x27fb498+020: 00 00 00 00 08 00 00 00 f5 01 00 00 f5 01 00 00
  reply@0x27fb498+030: 14 00 00 00 f5 01 00 00 14 00 00 00 37 f6 00 00
  reply@0x27fb498+040: b9 86 01 00 89 bf 48 00 00 00 00 00 08 00 00 00
  reply@0x27fb498+050: 00 00 00 00 00 00 00 00 00 00 00 00 00 00 00 00
  reply@0x27fb498+060: 00 00 00 00 00 00 00 00 00 00 00 00 00 00 00 00
  reply@0x27fb498+070: 00 00 00 00 00 00 00 00 00 00 00 00 00 00 00 00
  reply@0x27fb498+080: 00 00 00 00 00 00 00 00 00 00 00 00 00 00 00 00
  reply@0x27fb498+090: 00 00 00 00 00 00 00 00 00 00 00 00 00 00 00 00
  reply@0x27fb498+0a0: 00 00 00 00 00 00 00 00 00 00 00 00 00 00 00 00
  reply@0x27fb498+0b0: 00 00 00 00 00 00 00 00 00 00 00 00 00 00 00 00
  reply@0x27fb498+0c0: 00 00 00 00 00 00 00 00 00 00 00 00 00 00 00 00
  reply@0x27fb498+0d0: 00 00 00 00 00 00 00 00 00 00 00 00 00 00 00 00
  reply@0x27fb498+0e0: 00 00 00 00 00 00 00 00 00 00 00 00 00 00 00 00
  reply@0x27fb498+0f0: 00 00 00 00 00 00 00 00 00 00 00 00 00 00 00 00
[trap] num=170 (0xaa) pc=0x1804ae5d0 args=[0xf637,0x10,0x27fb2b0,0x408,0x10478,0x120300000000,0x48bf89000186b9,0x0]
[trap] num=202 (0xca) pc=0x1804af460 args=[0x27fb6b0,0x2,0x27fb678,0x27fb670,0x1844cfba7,0x15,0x72,0x400]
[trap] num=202 (0xca) pc=0x1804af460 args=[0x27fb678,0x2,0x27fb708,0x27fb700,0x0,0x0,0x72,0x400]
[trap] num=-14 (0xfffffffffffffff2) pc=0x1801155b8 args=[0x203,0x1ec444000,0x24000,0x0,0x3,0x0,0x0,0x0]
[trap] num=-15 (0xfffffffffffffff1) pc=0x1801155c4 args=[0x203,0x27fb360,0x20000,0x3fff,0x3c000001,0x3,0x0,0x0]
[trap] num=-12 (0xfffffffffffffff4) pc=0x1801155a0 args=[0x203,0x1003c0000,0x20000,0x103,0xffffffff13f7dfd0,0x10,0x63,0x0]
[trap] num=-14 (0xfffffffffffffff2) pc=0x1801155b8 args=[0x203,0x1ec444000,0x24000,0x0,0x1,0x0,0x0,0x0]
[trap] num=-14 (0xfffffffffffffff2) pc=0x1801155b8 args=[0x203,0x1ec444000,0x24000,0x0,0x3,0x0,0x0,0x0]
[trap] num=-14 (0xfffffffffffffff2) pc=0x1801155b8 args=[0x203,0x1ec444000,0x24000,0x0,0x1,0x0,0x0,0x0]
[trap] num=-14 (0xfffffffffffffff2) pc=0x1801155b8 args=[0x203,0x1ec444000,0x24000,0x0,0x3,0x0,0x0,0x0]
[trap] num=-14 (0xfffffffffffffff2) pc=0x1801155b8 args=[0x203,0x1ec444000,0x24000,0x0,0x1,0x0,0x0,0x0]
[trap] num=-14 (0xfffffffffffffff2) pc=0x1801155b8 args=[0x203,0x1ec444000,0x24000,0x0,0x3,0x0,0x0,0x0]
[trap] num=-14 (0xfffffffffffffff2) pc=0x1801155b8 args=[0x203,0x1ec444000,0x24000,0x0,0x1,0x0,0x0,0x0]
[trap] num=-14 (0xfffffffffffffff2) pc=0x1801155b8 args=[0x203,0x1ec444000,0x24000,0x0,0x3,0x0,0x0,0x0]
[trap] num=-14 (0xfffffffffffffff2) pc=0x1801155b8 args=[0x203,0x1ec444000,0x24000,0x0,0x1,0x0,0x0,0x0]
[trap] num=-14 (0xfffffffffffffff2) pc=0x1801155b8 args=[0x203,0x1ec444000,0x24000,0x0,0x3,0x0,0x0,0x0]
[trap] num=25 (0x19) pc=0x1804af050 args=[0x1edd8d978,0x180533098,0x180533098,0x103,0x1ec445388,0x0,0x0,0x0]
[trap] num=24 (0x18) pc=0x1804af858 args=[0x1f5,0x180533098,0x180533098,0x103,0x1ec445388,0x0,0x0,0x0]
[trap] num=202 (0xca) pc=0x1804af460 args=[0x27fa520,0x4,0x27fa530,0x27fa518,0x0,0x0,0x0,0x0]
[trap] num=286 (0x11e) pc=0x1804af884 args=[0x27fa7d0,0x27fa7d4,0x1805331c8,0x27fa518,0x0,0x0,0x0,0x0]
[trap] num=25 (0x19) pc=0x1804af050 args=[0xffffffffffffffff,0xffffffffffffffff,0x1805331c8,0x27fa518,0x0,0x0,0x0,0x0]
[trap] num=43 (0x2b) pc=0x1804af8b0 args=[0x1f5,0xffffffffffffffff,0x1805331c8,0x27fa518,0x0,0x0,0x0,0x0]
[trap] num=169 (0xa9) pc=0x1804af8dc args=[0xf637,0x10,0x27f9d50,0x408,0x408,0x0,0x0,0x3f0]
[trap] num=169 (0xa9) pc=0x1804af8dc args=[0xf637,0x10,0x27f9e70,0x408,0x408,0x73,0x72,0x400]
[trap] num=-19 (0xffffffffffffffed) pc=0x1804adaf0 args=[0x203,0x1503,0x0,0x1,0x0,0x58,0x65,0x400]
[trap] num=-50 (0xffffffffffffffce) pc=0x1804adc58 args=[0x1ec6fbd20,0x103,0x103,0x0,0x6,0x0,0x73,0x400]
[trap] num=-29 (0xffffffffffffffe3) pc=0x1804adb68 args=[0x0,0x18035aad8,0x18035aad8,0x66268,0x0,0x13,0x0,0x400]
[trap] num=-47 (0xffffffffffffffd1) pc=0x1804adc34 args=[0x27f9e50,0x200000003,0x2800001513,0x120300001d03,0x19c00000000,0x120300000000,0x30,0x0]
[mach_msg2] msgh_id=412 dest=0x1d03 reply=0x1203 options=0x200000003 bits=0x1513 send_size=40 rcv_size=48
  send+000: 13 15 00 00 28 00 00 00 03 1d 00 00 03 12 00 00
  send+010: 00 00 00 00 9c 01 00 00 00 00 00 00 01 00 00 00
  send+020: ff ff ff ff 01 00 00 00
[retrace] forwarding mach_msg2 host_get_special_port (msgh_id 412) to host (decided allowlist)
[mach_msg2] host ret=0x0 err=false
  reply@0x27f9e50+000: 00 12 00 00 24 00 00 00 00 00 00 00 03 12 00 00
  reply@0x27f9e50+010: 00 00 00 00 00 02 00 00 00 00 00 00 01 00 00 00
  reply@0x27f9e50+020: 04 00 00 00 00 00 00 00 08 00 00 00 00 00 00 00
  reply@0x27f9e50+030: 20 19 06 00 00 00 00 00 03 1d 00 00 00 00 00 00
  reply@0x27f9e50+040: c0 9e 7f 02 00 00 00 00 08 ab 35 80 01 00 00 00
  reply@0x27f9e50+050: 03 15 00 00 00 00 00 00 60 3a 06 00 00 00 00 00
  reply@0x27f9e50+060: 20 19 06 00 00 00 00 00 f0 fa 6f ec 01 00 00 00
  reply@0x27f9e50+070: d0 9e 7f 02 00 00 00 00 b0 04 35 80 01 00 00 00
  reply@0x27f9e50+080: f0 9e 7f 02 00 00 00 00 30 96 33 80 01 00 00 00
  reply@0x27f9e50+090: 20 19 06 00 00 00 00 00 28 f9 6f ec 01 00 00 00
  reply@0x27f9e50+0a0: 00 9f 7f 02 00 00 00 00 cc aa 35 80 01 00 00 00
  reply@0x27f9e50+0b0: 20 9f 7f 02 00 00 00 00 34 c5 35 80 01 00 00 00
  reply@0x27f9e50+0c0: 2e 00 00 00 00 00 00 00 6e 0a 2f a6 00 00 00 00
  reply@0x27f9e50+0d0: 30 9f 7f 02 00 00 00 00 b0 04 35 80 01 00 00 00
  reply@0x27f9e50+0e0: 50 9f 7f 02 00 00 00 00 30 96 33 80 01 00 00 00
  reply@0x27f9e50+0f0: 20 19 06 00 00 00 00 00 68 62 06 00 00 00 00 00
[trap] num=-70 (0xffffffffffffffba) pc=0x1804adcc4 args=[0x1d03,0x180373fb0,0x10,0x27f9f1c,0x19c00000000,0x120300000000,0x30,0x0]
[trap] num=-47 (0xffffffffffffffd1) pc=0x1804adc34 args=[0x66268,0x403114207,0xf880131513,0x200300001503,0x400000cf00001c03,0x200300000001,0xf8,0x0]
[mach_msg2] msgh_id=1073742031 dest=0x1503 reply=0x2003 options=0x403114207 bits=0x80131513 send_size=248 rcv_size=248
  send+000: 13 15 13 80 f8 00 00 00 03 15 00 00 03 20 00 00
  send+010: 03 1c 00 00 cf 00 00 40 01 00 00 00 03 15 00 00
  send+020: 00 00 00 00 00 00 13 00 43 50 58 40 05 00 00 00
  send+030: 00 f0 00 00 c0 00 00 00 07 00 00 00 68 61 6e 64
  send+040: 6c 65 00 00 00 40 00 00 00 00 00 00 00 00 00 00
  send+050: 69 6e 73 74 61 6e 63 65 00 00 00 00 00 a0 00 00
  send+060: 00 00 00 00 00 00 00 00 00 00 00 00 00 00 00 00
  send+070: 66 6c 61 67 73 00 00 00 00 40 00 00 08 00 00 00
  send+080: 00 00 00 00 6e 61 6d 65 00 00 00 00 00 90 00 00
  send+090: 25 00 00 00 63 6f 6d 2e 61 70 70 6c 65 2e 73 79
  send+0a0: 73 74 65 6d 2e 6e 6f 74 69 66 69 63 61 74 69 6f
  send+0b0: 6e 5f 63 65 6e 74 65 72 00 00 00 00 74 79 70 65
  send+0c0: 00 00 00 00 00 40 00 00 07 00 00 00 00 00 00 00
  send+0d0: 74 61 72 67 65 74 70 69 64 00 00 00 00 30 00 00
  send+0e0: 00 00 00 00 00 00 00 00 64 6f 6d 61 69 6e 2d 70
  send+0f0: 6f 72 74 00 00 d0 00 00
[retrace] refusing mach_msg2 message-queue send (msgh_id 0x400000cf dest 0x1503 send_size 248): the box hosts no message-queue receivers
[trap] num=-18 (0xffffffffffffffee) pc=0x1804adae4 args=[0x203,0x1503,0x1801c8220,0x66090,0x66100,0x200300000001,0xf8,0x0]
[M28 BANDSHRINK] syscall -18 band past ipa 0x66090 len 65536 shrunk 64 -> 0 by an overlapping window of the same call
[trap] num=327 (0x147) pc=0x1804ad92c args=[0x0,0x103,0x103,0x103,0x0,0x0,0x0,0x0]
[trap] num=327 (0x147) pc=0x1804ad92c args=[0x0,0x103,0x103,0x103,0x2,0x63,0x0,0x0]
[trap] num=327 (0x147) pc=0x1804ad92c args=[0x0,0x0,0x0,0x103,0x2,0x63,0x0,0x0]
[trap] num=25 (0x19) pc=0x1804af050 args=[0x1ec7182a0,0x0,0x1f5,0x2,0x66000,0x0,0x65,0x400]
[trap] num=194 (0xc2) pc=0x1804b00c8 args=[0x1008,0x27fa608,0x1804edb6c,0x2,0x66000,0x0,0x65,0x400]
[trap] num=398 (0x18e) pc=0x1804ae948 args=[0x18052cc13,0x0,0x0,0x2,0x66000,0x0,0x65,0x400]
[trap] num=339 (0x153) pc=0x1804bc288 args=[0x4,0x27fa610,0x120a8,0x1ec7035c0,0x27fa788,0x27fa780,0x65,0x400]
[trap] num=339 (0x153) pc=0x1804bc288 args=[0x4,0x27f9500,0x27f95c4,0x1ec7035c0,0x27fa788,0x27fa780,0x65,0x400]
[trap] num=396 (0x18c) pc=0x1804afcac args=[0x4,0x65fb0,0x1000,0x100,0x0,0x27fa780,0x65,0x400]
[trap] num=396 (0x18c) pc=0x1804afcac args=[0x4,0x65fb0,0x1000,0x27f96a5,0x70100c080,0x0,0x65,0xfffff0003ffff800]
[trap] num=396 (0x18c) pc=0x1804afcac args=[0x4,0x65fb0,0x1000,0x27f969a,0x70100c080,0x27fa487,0x61,0xfffff0007ffff800]
[trap] num=396 (0x18c) pc=0x1804afcac args=[0x4,0x65fb0,0x1000,0xa,0x701008080,0x27fa487,0x0,0xfffff0007ffff800]
[trap] num=399 (0x18f) pc=0x1804af584 args=[0x4,0x0,0x1804edb6c,0xa,0x701008080,0x27fa487,0x0,0xfffff0007ffff800]
[trap] num=169 (0xa9) pc=0x1804af8dc args=[0xf637,0x0,0x27fb564,0x4,0x700c01ea0,0x0,0xffffffffbfc007ff,0xfffff0003ffff800]
[trap] num=327 (0x147) pc=0x1804ad92c args=[0x0,0x1edd85ee8,0x180503ca0,0x1f5,0x2,0x0,0x0,0xfffff0007ffff800]
[trap] num=25 (0x19) pc=0x1804af050 args=[0x1ec7182a0,0x0,0x1f5,0x2,0x66200,0x0,0x65,0xfffff0003ffff800]
[trap] num=194 (0xc2) pc=0x1804b00c8 args=[0x1008,0x27fa5d8,0x1804edb6c,0x2,0x66200,0x0,0x65,0xfffff0003ffff800]
[trap] num=398 (0x18e) pc=0x1804ae948 args=[0x18052cc13,0x0,0x0,0x2,0x66200,0x0,0x65,0xfffff0003ffff800]
[trap] num=339 (0x153) pc=0x1804bc288 args=[0x4,0x27fa5e0,0x120a8,0x1ec7035c0,0x27fa758,0x27fa750,0x65,0xfffff0003ffff800]
[trap] num=339 (0x153) pc=0x1804bc288 args=[0x4,0x27f94d0,0x27f9594,0x1ec7035c0,0x27fa758,0x27fa750,0x65,0xfffff0003ffff800]
[trap] num=396 (0x18c) pc=0x1804afcac args=[0x4,0x701014000,0x1000,0x1,0x0,0x1,0x0,0x0]
[trap] num=396 (0x18c) pc=0x1804afcac args=[0x4,0x701014000,0x1000,0x27f9675,0x70100c080,0x27fa457,0x65,0xfffff0007ffff800]
[M28 BANDSHRINK] syscall 396 band past ipa 0x70100c080 len 65536 shrunk 64 -> 0 by an overlapping window of the same call
[trap] num=396 (0x18c) pc=0x1804afcac args=[0x4,0x701014000,0x1000,0x27f966a,0x70100c080,0x27fa457,0x61,0xfffff0007ffff800]
[M28 BANDSHRINK] syscall 396 band past ipa 0x70100c080 len 65536 shrunk 64 -> 0 by an overlapping window of the same call
[trap] num=396 (0x18c) pc=0x1804afcac args=[0x4,0x701014000,0x1000,0xfffff0007fc00000,0x7010080c0,0x27fa457,0x0,0xfffff0007ffff800]
[M28 BANDSHRINK] syscall 396 band past ipa 0x7010080c0 len 65536 shrunk 64 -> 0 by an overlapping window of the same call
[trap] num=399 (0x18f) pc=0x1804af584 args=[0x4,0x0,0x1804edb6c,0xfffff0007fc00000,0x7010080c0,0x27fa457,0x0,0xfffff0007ffff800]
[trap] num=327 (0x147) pc=0x1804ad92c args=[0x0,0x100,0x193c16a30,0x27ffe48,0x1ec445388,0x0,0x0,0x0]
[trap] num=169 (0xa9) pc=0x1804af8dc args=[0xf637,0x0,0x27fb488,0x4,0x1ec445388,0x0,0x0,0x0]
[trap] num=327 (0x147) pc=0x1804ad92c args=[0x1,0x194057bf0,0xf,0x1804f8a01,0x1ec445388,0x0,0x0,0x0]
[trap] num=169 (0xa9) pc=0x1804af8dc args=[0xf637,0x0,0x27fb48c,0x4,0x1ec445388,0x0,0x0,0x0]
[trap] num=54 (0x36) pc=0x1804b2338 args=[0x1,0x4004667a,0x27fb40c,0x4,0x1ec445388,0x0,0x0,0x0]
[trap] num=54 (0x36) pc=0x1804b2338 args=[0x1,0x40487413,0x27fb410,0x4,0x1ec445388,0x0,0x0,0x0]
[trap] num=54 (0x36) pc=0x1804b2338 args=[0x1,0x4004667a,0x27fb40c,0x4,0x1ec445388,0x0,0x0,0x0]
[trap] num=54 (0x36) pc=0x1804b2338 args=[0x1,0x40487413,0x27fb410,0x4,0x1ec445388,0x0,0x0,0x0]
[trap] num=116 (0x74) pc=0x1804b1b60 args=[0x27fb2e0,0x0,0x0,0xfffffc088,0x1ec445388,0x0,0x0,0x0]
[trap] num=116 (0x74) pc=0x1804b1b60 args=[0x27fb2e0,0x0,0x0,0xfffffc088,0x1ec445388,0x0,0x8f698be363bf5878,0x0]
[trap] num=483 (0x1e3) pc=0x1804ae6f0 args=[0x0,0x27fb53c,0x4,0x27ffe48,0x1ec445388,0x0,0x0,0x0]
[trap] num=-15 (0xfffffffffffffff1) pc=0x1801155c4 args=[0x203,0x27fb3e0,0x20000,0x3fff,0x3c000001,0x3,0x0,0x0]
[trap] num=-12 (0xfffffffffffffff4) pc=0x1801155a0 args=[0x203,0x1003c0000,0x20000,0x103,0xffffffff13f7dfd0,0x10,0x63,0x0]
[trap] num=-14 (0xfffffffffffffff2) pc=0x1801155b8 args=[0x203,0x1ec444000,0x24000,0x0,0x1,0x10,0x63,0x0]
[trap] num=116 (0x74) pc=0x1804b1b60 args=[0x27ff6b0,0x0,0x0,0xfffffc088,0x1,0x10,0x63,0x0]
[trap] num=5 (0x5) pc=0x1804ae694 args=[0x1002878e6,0x2,0x0,0xfffffc088,0x1,0x10,0x63,0x0]
[trap] num=6 (0x6) pc=0x1804ae8f0 args=[0x4,0x2,0x0,0xfffffc088,0x1,0x10,0x63,0x0]
[trap] num=48 (0x30) pc=0x1804b13d8 args=[0x2,0x27ff71c,0x0,0xfffffc088,0x1,0x10,0x63,0x0]
[trap] num=46 (0x2e) pc=0x1804b4478 args=[0xd,0x27ff6a8,0x27ff6d0,0xfffffc088,0x1,0x10,0x63,0x0]
[trap] num=33 (0x21) pc=0x1804ae668 args=[0x701002080,0x4,0x0,0x7010020c7,0x10027b3f7,0x27ff540,0x6769666e6f637469,0xfffff0003ffff800]
[M28 BANDSHRINK] syscall 33 band past ipa 0x701002080 len 65536 shrunk 64 -> 0 by an overlapping window of the same call
[trap] num=194 (0xc2) pc=0x1804b00c8 args=[0x1008,0x27ff3c8,0x1804edb6c,0x7,0x0,0x27ff540,0x6769666e6f637469,0xfffff0003ffff800]
[trap] num=398 (0x18e) pc=0x1804ae948 args=[0x701002080,0x0,0x0,0x7,0x0,0x27ff540,0x6769666e6f637469,0xfffff0003ffff800]
[trap] num=339 (0x153) pc=0x1804bc288 args=[0x4,0x27ff490,0x120a8,0x7,0x0,0x27ff540,0x6769666e6f637469,0xfffff0003ffff800]
[trap] num=339 (0x153) pc=0x1804bc288 args=[0x4,0x27ff230,0x27ff2f4,0x70101837f,0xfffffffffffe9d08,0x8,0xffffffffbfc007ff,0xfffff0003ffff800]
[trap] num=396 (0x18c) pc=0x1804afcac args=[0x4,0x701014000,0x1000,0xa0054c150,0x0,0x27ff287,0x3ff800,0xfffff0007ffff800]
[trap] num=396 (0x18c) pc=0x1804afcac args=[0x4,0x701014000,0x1000,0xfffffffffffffff2,0x69,0x63,0x3ff800,0x370]
[trap] num=399 (0x18f) pc=0x1804af584 args=[0x4,0x0,0x1804edb6c,0xa0,0x6bc40,0x63,0x3ff800,0x370]
[trap] num=33 (0x21) pc=0x1804ae668 args=[0x678f0,0x4,0x1,0x103,0x6bc40,0x63,0x3ff800,0x370]
[M28 BANDSHRINK] syscall 33 band past ipa 0x678f0 len 65536 shrunk 64 -> 0 by an overlapping window of the same call
[trap] num=398 (0x18e) pc=0x1804ae948 args=[0x1803fd5e6,0x1000000,0x0,0xa00502340,0x700c05b80,0x0,0xffffffffbfc007ff,0xfffff0003ffff800]
[trap] num=339 (0x153) pc=0x1804bc288 args=[0x4,0x27ff4d0,0x0,0xa00502340,0x700c05b80,0x0,0xffffffffbfc007ff,0xfffff0003ffff800]
[trap] num=406 (0x196) pc=0x1804b2174 args=[0x4,0x32,0x27ff040,0x27ff400,0x27ff0c0,0x0,0xffffffffbfc007ff,0xfffff0003ffff800]
[trap] num=399 (0x18f) pc=0x1804af584 args=[0x4,0x32,0x27ff040,0x27ff400,0x27ff0c0,0x0,0xffffffffbfc007ff,0xfffff0003ffff800]
[trap] num=338 (0x152) pc=0x1804b988c args=[0x27ff040,0x27ff440,0x27ff040,0x27ff400,0x27ff0c0,0x0,0xffffffffbfc007ff,0xfffff0003ffff800]
[trap] num=12 (0xc) pc=0x1804af75c args=[0x27fff9c,0x10027a22e,0x0,0x16,0x43,0x2d,0xffffffffbfc007ff,0xfffff0003ffff800]
[trap] num=398 (0x18e) pc=0x1804ae948 args=[0x1803fd5e6,0x1000000,0x0,0xa00502340,0x700c05c20,0x0,0xffffffffbfc007ff,0xfffff0003ffff800]
[trap] num=339 (0x153) pc=0x1804bc288 args=[0x4,0x27ff050,0x0,0xa00502340,0x700c05c20,0x0,0xffffffffbfc007ff,0xfffff0003ffff800]
[trap] num=406 (0x196) pc=0x1804b2174 args=[0x4,0x32,0x27febc0,0x27fef80,0x27fec40,0x0,0xffffffffbfc007ff,0xfffff0003ffff800]
[trap] num=399 (0x18f) pc=0x1804af584 args=[0x4,0x32,0x27febc0,0x27fef80,0x27fec40,0x0,0xffffffffbfc007ff,0xfffff0003ffff800]
[trap] num=338 (0x152) pc=0x1804b988c args=[0x27febc0,0x27fefc0,0x27febc0,0x27fef80,0x27fec40,0x0,0xffffffffbfc007ff,0xfffff0003ffff800]
[trap] num=338 (0x152) pc=0x1804b988c args=[0x700c14000,0x27ff120,0x103,0x103,0x0,0x27ff1b7,0x31,0xfffff0007ffff800]
[trap] num=338 (0x152) pc=0x1804b988c args=[0x6b800,0x27ff100,0x0,0x6b82e,0x0,0x27ff1b7,0x74,0xfffff0007ffff800]
[M28 BANDSHRINK] syscall 338 band past ipa 0x6b800 len 65536 shrunk 64 -> 0 by an overlapping window of the same call
[trap] num=340 (0x154) pc=0x1804b9860 args=[0x6b860,0x27fefd0,0x0,0x6b893,0x0,0x0,0x44,0xfffff0003ffff800]
[M28 BANDSHRINK] syscall 340 band past ipa 0x6b860 len 65536 shrunk 64 -> 0 by an overlapping window of the same call
[trap] num=5 (0x5) pc=0x1804ae694 args=[0x6b860,0x0,0x0,0x6b893,0x0,0x0,0x44,0xfffff0003ffff800]
[M28 BANDSHRINK] syscall 5 band past ipa 0x6b860 len 65536 shrunk 64 -> 0 by an overlapping window of the same call
[trap] num=3 (0x3) pc=0x1804ae91c args=[0x4,0x27ff088,0xff,0x6b893,0x0,0x0,0x44,0xfffff0003ffff800]
[trap] num=3 (0x3) pc=0x1804ae91c args=[0x4,0x27ff09d,0xea,0x6b893,0x0,0x0,0x44,0xfffff0003ffff800]
[trap] num=6 (0x6) pc=0x1804ae8f0 args=[0x4,0x27ff09d,0xea,0x6b893,0x0,0x0,0x44,0xfffff0003ffff800]
[trap] num=340 (0x154) pc=0x1804b9860 args=[0x6b8c0,0x27feea0,0x0,0x6b8f8,0x1002adcb8,0x27fef40,0x72,0xfffff0003ffff800]
[M28 BANDSHRINK] syscall 340 band past ipa 0x6b8c0 len 65536 shrunk 64 -> 0 by an overlapping window of the same call
[trap] num=33 (0x21) pc=0x1804ae668 args=[0x6b860,0x1,0x0,0x6b896,0x6b940,0x27fef40,0x737463656a626f2f,0xfffff0003ffff800]
[M28 BANDSHRINK] syscall 33 band past ipa 0x6b860 len 65536 shrunk 64 -> 0 by an overlapping window of the same call
[M28 BANDSHRINK] syscall 33 band past ipa 0x6b896 len 65536 shrunk 64 -> 0 by an overlapping window of the same call
[trap] num=33 (0x21) pc=0x1804ae668 args=[0x6b860,0x1,0x0,0x6b893,0x6b940,0x27fef40,0x73,0xfffff0003ffff800]
[M28 BANDSHRINK] syscall 33 band past ipa 0x6b860 len 65536 shrunk 64 -> 0 by an overlapping window of the same call
[M28 BANDSHRINK] syscall 33 band past ipa 0x6b893 len 65536 shrunk 64 -> 0 by an overlapping window of the same call
[trap] num=340 (0x154) pc=0x1804b9860 args=[0x6b800,0x27ff108,0x103,0x103,0x0,0x27fef40,0x0,0xfffff0003ffff800]
[trap] num=25 (0x19) pc=0x1804af050 args=[0x0,0x27ff108,0x103,0x103,0x0,0x27fef40,0x0,0xfffff0003ffff800]
[trap] num=340 (0x154) pc=0x1804b9860 args=[0x6b860,0x27ff108,0x103,0x103,0x0,0x27fef40,0x0,0xfffff0003ffff800]
[trap] num=25 (0x19) pc=0x1804af050 args=[0x0,0x27ff108,0x103,0x103,0x0,0x27fef40,0x0,0xfffff0003ffff800]
[trap] num=340 (0x154) pc=0x1804b9860 args=[0x6b860,0x27ff0f0,0x0,0x6b86e,0x1002adcb8,0x27ff190,0x72,0xfffff0003ffff800]
[M28 BANDSHRINK] syscall 340 band past ipa 0x6b860 len 65536 shrunk 64 -> 0 by an overlapping window of the same call
[trap] num=194 (0xc2) pc=0x1804b00c8 args=[0x1008,0x27ff008,0x1804edb6c,0x0,0x0,0x0,0x67,0xfffff0003ffff800]
[trap] num=398 (0x18e) pc=0x1804ae948 args=[0x700c02de0,0x0,0x0,0x0,0x0,0x0,0x67,0xfffff0003ffff800]
[trap] num=339 (0x153) pc=0x1804bc288 args=[0x4,0x27ff0d0,0x120a8,0x0,0x0,0x0,0x67,0xfffff0003ffff800]
[trap] num=339 (0x153) pc=0x1804bc288 args=[0x4,0x27fee70,0x27fef34,0x6bd83,0x0,0x27ff2b0,0x67,0x0]
[trap] num=396 (0x18c) pc=0x1804afcac args=[0x4,0x701014000,0x1000,0xa0054c150,0x0,0x27feec7,0x3ff800,0xfffff0007ffff800]
[trap] num=396 (0x18c) pc=0x1804afcac args=[0x4,0x701014000,0x1000,0xfffffffffffffff5,0x70,0x77,0x3ff800,0x3f0]
[trap] num=399 (0x18f) pc=0x1804af584 args=[0x4,0x0,0x1804edb6c,0x50,0x6c340,0x77,0x3ff800,0x3f0]
[trap] num=398 (0x18e) pc=0x1804ae948 args=[0x1803fd5e6,0x1000000,0x0,0xfffff0007fc00000,0x700c05cc0,0x0,0x0,0xfffff0003ffff800]
[trap] num=339 (0x153) pc=0x1804bc288 args=[0x4,0x27fee70,0x0,0xfffff0007fc00000,0x700c05cc0,0x0,0x0,0xfffff0003ffff800]
[trap] num=406 (0x196) pc=0x1804b2174 args=[0x4,0x32,0x27fe9e0,0x27feda0,0x27fea40,0x0,0x0,0xfffff0003ffff800]
[trap] num=399 (0x18f) pc=0x1804af584 args=[0x4,0x32,0x27fe9e0,0x27feda0,0x27fea40,0x0,0x0,0xfffff0003ffff800]
[trap] num=338 (0x152) pc=0x1804b988c args=[0x27fe9e0,0x27fede0,0x27fe9e0,0x27feda0,0x27fea40,0x0,0x0,0xfffff0003ffff800]
[trap] num=338 (0x152) pc=0x1804b988c args=[0x100283d67,0x27ff0f0,0x27ff230,0x103,0x0,0x0,0x2e,0x290]
[trap] num=340 (0x154) pc=0x1804b9860 args=[0x6bda0,0x27ff0b0,0x0,0x6bdae,0x1002adcb8,0x27ff150,0x72,0x290]
[M28 BANDSHRINK] syscall 340 band past ipa 0x6bda0 len 65536 shrunk 64 -> 0 by an overlapping window of the same call
[trap] num=340 (0x154) pc=0x1804b9860 args=[0x700c02da0,0x27ff110,0x0,0x700c02da6,0x5,0x20,0x73,0xfffff0003ffff800]
[M28 BANDSHRINK] syscall 340 band past ipa 0x700c02da0 len 65536 shrunk 64 -> 0 by an overlapping window of the same call
[trap] num=340 (0x154) pc=0x1804b9860 args=[0x700c02da0,0x27ff110,0x0,0x700c02db2,0x0,0x20,0x6d,0xfffff0003ffff800]
[M28 BANDSHRINK] syscall 340 band past ipa 0x700c02da0 len 65536 shrunk 64 -> 0 by an overlapping window of the same call
[trap] num=340 (0x154) pc=0x1804b9860 args=[0x7010040c0,0x27ff110,0x0,0x7010040dc,0x7010040c0,0x0,0x73,0xfffff0003ffff800]
[M28 BANDSHRINK] syscall 340 band past ipa 0x7010040c0 len 65536 shrunk 64 -> 0 by an overlapping window of the same call
[M28 BANDSHRINK] syscall 340 band past ipa 0x7010040c0 len 65536 shrunk 64 -> 0 by an overlapping window of the same call
[trap] num=340 (0x154) pc=0x1804b9860 args=[0x7010040c0,0x27ff110,0x0,0x7010040e3,0x0,0x0,0x62,0xfffff0003ffff800]
[M28 BANDSHRINK] syscall 340 band past ipa 0x7010040c0 len 65536 shrunk 64 -> 0 by an overlapping window of the same call
[trap] num=340 (0x154) pc=0x1804b9860 args=[0x7010040c0,0x27ff110,0x0,0x7010040eb,0x0,0x0,0x65,0xfffff0003ffff800]
[M28 BANDSHRINK] syscall 340 band past ipa 0x7010040c0 len 65536 shrunk 64 -> 0 by an overlapping window of the same call
[trap] num=340 (0x154) pc=0x1804b9860 args=[0x7010040c0,0x27ff110,0x0,0x7010040f3,0x0,0x0,0x65,0xfffff0003ffff800]
[M28 BANDSHRINK] syscall 340 band past ipa 0x7010040c0 len 65536 shrunk 64 -> 0 by an overlapping window of the same call
[trap] num=340 (0x154) pc=0x1804b9860 args=[0x701002100,0x27ff110,0x0,0x70100213d,0x701004140,0x20,0x73,0xfffff0003ffff800]
[M28 BANDSHRINK] syscall 340 band past ipa 0x701002100 len 65536 shrunk 64 -> 0 by an overlapping window of the same call
[M28 BANDSHRINK] syscall 340 band past ipa 0x70100213d len 65536 shrunk 64 -> 0 by an overlapping window of the same call
[trap] num=340 (0x154) pc=0x1804b9860 args=[0x701002100,0x27ff110,0x0,0x70100214a,0x0,0x20,0x65,0xfffff0003ffff800]
[M28 BANDSHRINK] syscall 340 band past ipa 0x701002100 len 65536 shrunk 64 -> 0 by an overlapping window of the same call
[trap] num=33 (0x21) pc=0x1804ae668 args=[0x701002080,0x4,0x0,0x103,0x1002ade74,0x27ff270,0x656572746b726f77,0xfffff0003ffff800]
[trap] num=194 (0xc2) pc=0x1804b00c8 args=[0x1008,0x27ff098,0x1804edb6c,0x7,0x0,0x27ff270,0x656572746b726f77,0xfffff0003ffff800]
[trap] num=398 (0x18e) pc=0x1804ae948 args=[0x701002080,0x0,0x0,0x7,0x0,0x27ff270,0x656572746b726f77,0xfffff0003ffff800]
[trap] num=339 (0x153) pc=0x1804bc288 args=[0x4,0x27ff160,0x120a8,0x7,0x0,0x27ff270,0x656572746b726f77,0xfffff0003ffff800]
[trap] num=339 (0x153) pc=0x1804bc288 args=[0x4,0x27fef00,0x27fefc4,0xff,0x7010183af,0x7010020b7,0x7,0x0]
[trap] num=396 (0x18c) pc=0x1804afcac args=[0x4,0x701014000,0x1000,0xa0054c150,0x0,0x27fef57,0x3ff800,0xfffff0007ffff800]
[trap] num=396 (0x18c) pc=0x1804afcac args=[0x4,0x701014000,0x1000,0xfffffffffffffff2,0x69,0x63,0x3ff800,0x370]
[trap] num=399 (0x18f) pc=0x1804af584 args=[0x4,0x0,0x1804edb6c,0xa0,0x6c840,0x63,0x3ff800,0x370]
[trap] num=33 (0x21) pc=0x1804ae668 args=[0x6bea0,0x4,0x0,0x103,0x6c840,0x63,0x3ff800,0x370]
[M28 BANDSHRINK] syscall 33 band past ipa 0x6bea0 len 65536 shrunk 64 -> 0 by an overlapping window of the same call
[trap] num=33 (0x21) pc=0x1804ae668 args=[0x6beb0,0x4,0x0,0x103,0x6c840,0x63,0x3ff800,0x370]
[M28 BANDSHRINK] syscall 33 band past ipa 0x6beb0 len 65536 shrunk 64 -> 0 by an overlapping window of the same call
[trap] num=194 (0xc2) pc=0x1804b00c8 args=[0x1008,0x27ff098,0x1804edb6c,0x3,0x0,0x63,0x3ff800,0x370]
[trap] num=398 (0x18e) pc=0x1804ae948 args=[0x6beb0,0x0,0x0,0x3,0x0,0x63,0x3ff800,0x370]
[trap] num=339 (0x153) pc=0x1804bc288 args=[0x4,0x27ff160,0x120a8,0x3,0x0,0x63,0x3ff800,0x370]
[trap] num=339 (0x153) pc=0x1804bc288 args=[0x4,0x27fef00,0x27fefc4,0x0,0x67,0x67,0xffffffffbfc007ff,0xfffff0003ffff800]
[trap] num=396 (0x18c) pc=0x1804afcac args=[0x4,0x701014000,0x1000,0xa00503160,0x701014000,0x0,0xffffffffbfc007ff,0xfffff0003ffff800]
[trap] num=396 (0x18c) pc=0x1804afcac args=[0x4,0x701014000,0x1000,0xfffffffffffffff0,0x63,0x69,0xffffffffbfc007ff,0x370]
[trap] num=399 (0x18f) pc=0x1804af584 args=[0x4,0x0,0x1804edb6c,0xa,0x63,0x69,0xffffffffbfc007ff,0x370]
[trap] num=398 (0x18e) pc=0x1804ae948 args=[0x1803fd5e6,0x1000000,0x0,0xa00502340,0x700c05b80,0x0,0xffffffffbfc007ff,0xfffff0003ffff800]
[trap] num=339 (0x153) pc=0x1804bc288 args=[0x4,0x27ff170,0x0,0xa00502340,0x700c05b80,0x0,0xffffffffbfc007ff,0xfffff0003ffff800]
[trap] num=406 (0x196) pc=0x1804b2174 args=[0x4,0x32,0x27fece0,0x27ff0a0,0x27fed40,0x0,0xffffffffbfc007ff,0xfffff0003ffff800]
[trap] num=399 (0x18f) pc=0x1804af584 args=[0x4,0x32,0x27fece0,0x27ff0a0,0x27fed40,0x0,0xffffffffbfc007ff,0xfffff0003ffff800]
[trap] num=338 (0x152) pc=0x1804b988c args=[0x27fece0,0x27ff0e0,0x27fece0,0x27ff0a0,0x27fed40,0x0,0xffffffffbfc007ff,0xfffff0003ffff800]
[trap] num=12 (0xc) pc=0x1804af75c args=[0x700c05cc0,0x700c05ba0,0x9,0x1804f8a10,0x27fed40,0x0,0x0,0xfffff0003ffff800]
[M28 BANDSHRINK] syscall 12 band past ipa 0x700c05ba0 len 65536 shrunk 64 -> 0 by an overlapping window of the same call
[trap] num=33 (0x21) pc=0x1804ae668 args=[0x701002080,0x4,0x0,0x103,0x1002ade74,0x27fe390,0x656572746b726f77,0xfffff0003ffff800]
[trap] num=194 (0xc2) pc=0x1804b00c8 args=[0x1008,0x27fe1b8,0x1804edb6c,0x7,0x0,0x27fe390,0x656572746b726f77,0xfffff0003ffff800]
[trap] num=398 (0x18e) pc=0x1804ae948 args=[0x701002080,0x0,0x0,0x7,0x0,0x27fe390,0x656572746b726f77,0xfffff0003ffff800]
[trap] num=339 (0x153) pc=0x1804bc288 args=[0x4,0x27fe280,0x120a8,0x7,0x0,0x27fe390,0x656572746b726f77,0xfffff0003ffff800]
[trap] num=339 (0x153) pc=0x1804bc288 args=[0x4,0x27fe020,0x27fe0e4,0xff,0x7010183af,0x7010020b7,0xffffffffbfc007ff,0xfffff0003ffff800]
[trap] num=396 (0x18c) pc=0x1804afcac args=[0x4,0x701014000,0x1000,0xa00503160,0x701014000,0x0,0xffffffffbfc007ff,0xfffff0003ffff800]
[trap] num=396 (0x18c) pc=0x1804afcac args=[0x4,0x701014000,0x1000,0xfffffffffffffff2,0x69,0x63,0x0,0x370]
[trap] num=399 (0x18f) pc=0x1804af584 args=[0x4,0x0,0x1804edb6c,0xfffff0007fc00000,0x69,0x63,0x0,0x370]
[trap] num=33 (0x21) pc=0x1804ae668 args=[0x6c0a0,0x4,0x0,0x103,0x69,0x63,0x0,0x370]
[trap] num=33 (0x21) pc=0x1804ae668 args=[0x6b800,0x4,0x0,0x103,0x69,0x63,0x0,0x370]
[trap] num=194 (0xc2) pc=0x1804b00c8 args=[0x1008,0x27fe1b8,0x1804edb6c,0x3,0x0,0x63,0x0,0x370]
[trap] num=398 (0x18e) pc=0x1804ae948 args=[0x6b800,0x0,0x0,0x3,0x0,0x63,0x0,0x370]
[trap] num=339 (0x153) pc=0x1804bc288 args=[0x4,0x27fe280,0x120a8,0x3,0x0,0x63,0x0,0x370]
[trap] num=339 (0x153) pc=0x1804bc288 args=[0x4,0x27fe020,0x27fe0e4,0x0,0x67,0x67,0xffffffffbfc007ff,0xfffff0003ffff800]
[trap] num=396 (0x18c) pc=0x1804afcac args=[0x4,0x701014000,0x1000,0xa00503160,0x701014000,0x0,0xffffffffbfc007ff,0xfffff0003ffff800]
[trap] num=396 (0x18c) pc=0x1804afcac args=[0x4,0x701014000,0x1000,0xfffffffffffffff0,0x63,0x69,0x0,0x370]
[trap] num=399 (0x18f) pc=0x1804af584 args=[0x4,0x0,0x1804edb6c,0xfffff0007fc00000,0x63,0x69,0x0,0x370]
[trap] num=340 (0x154) pc=0x1804b9860 args=[0x6b800,0x27fe370,0x0,0x6b80e,0x1002adcb8,0x27fe410,0x72,0xfffff0003ffff800]
[M28 BANDSHRINK] syscall 340 band past ipa 0x6b800 len 65536 shrunk 64 -> 0 by an overlapping window of the same call
[trap] num=340 (0x154) pc=0x1804b9860 args=[0x6d0a0,0x27fe2e0,0x0,0x6d0a9,0x10027b3f7,0x27fe240,0x44,0xfffff0003ffff800]
[M28 BANDSHRINK] syscall 340 band past ipa 0x6d0a0 len 65536 shrunk 64 -> 0 by an overlapping window of the same call
[trap] num=5 (0x5) pc=0x1804ae694 args=[0x6d0a0,0x0,0x0,0x6d0a9,0x10027b3f7,0x27fe240,0x44,0xfffff0003ffff800]
[M28 BANDSHRINK] syscall 5 band past ipa 0x6d0a0 len 65536 shrunk 64 -> 0 by an overlapping window of the same call
[trap] num=3 (0x3) pc=0x1804ae91c args=[0x4,0x6d0f0,0x100,0x0,0x0,0x27fe240,0x44,0xfffff0003ffff800]
[trap] num=3 (0x3) pc=0x1804ae91c args=[0x4,0x6d105,0xeb,0x0,0x0,0x27fe240,0x44,0xfffff0003ffff800]
[trap] num=6 (0x6) pc=0x1804ae8f0 args=[0x4,0x6d105,0xeb,0x0,0x0,0x27fe240,0x44,0xfffff0003ffff800]
[trap] num=340 (0x154) pc=0x1804b9860 args=[0x6d0a0,0x27fe2e0,0x0,0x6d0b4,0x10027b3f7,0x27fe240,0x6e,0x8c0]
[M28 BANDSHRINK] syscall 340 band past ipa 0x6d0a0 len 65536 shrunk 64 -> 0 by an overlapping window of the same call
[trap] num=5 (0x5) pc=0x1804ae694 args=[0x6b800,0x0,0x0,0xa00501fa0,0x7010083c0,0x0,0xffffffffbfc007ff,0xfffff0003ffff800]
[trap] num=340 (0x154) pc=0x1804b9860 args=[0x700c02e40,0x27fe480,0xb88,0x2,0x0,0x6f,0x44,0xfffff0003ffff800]
[trap] num=340 (0x154) pc=0x1804b9860 args=[0x6d0a0,0x27fe290,0x0,0x6d0b5,0x10027b3f7,0x27fe1f0,0x444145485f4b4349,0xfffff0003ffff800]
[M28 BANDSHRINK] syscall 340 band past ipa 0x6d0a0 len 65536 shrunk 64 -> 0 by an overlapping window of the same call
[trap] num=338 (0x152) pc=0x1804b988c args=[0x6b800,0x27fe050,0x1002d265f,0x100306f98,0x27fe400,0x27fe28c,0x1001af3d4,0xfffff0003ffff800]
[trap] num=340 (0x154) pc=0x1804b9860 args=[0x6d0f0,0x27fe030,0x0,0x6d0f9,0x10027b3f7,0x27fdf90,0x44,0x8c0]
[M28 BANDSHRINK] syscall 340 band past ipa 0x6d0f0 len 65536 shrunk 64 -> 0 by an overlapping window of the same call
[trap] num=5 (0x5) pc=0x1804ae694 args=[0x6d0f0,0x0,0x0,0x6d0f9,0x10027b3f7,0x27fdf90,0x44,0x8c0]
[M28 BANDSHRINK] syscall 5 band past ipa 0x6d0f0 len 65536 shrunk 64 -> 0 by an overlapping window of the same call
[trap] num=3 (0x3) pc=0x1804ae91c args=[0x4,0x6d140,0x100,0x0,0x0,0x27fdf90,0x44,0x8c0]
[trap] num=3 (0x3) pc=0x1804ae91c args=[0x4,0x6d155,0xeb,0x0,0x0,0x27fdf90,0x44,0x8c0]
[trap] num=6 (0x6) pc=0x1804ae8f0 args=[0x4,0x6d155,0xeb,0x0,0x0,0x27fdf90,0x44,0x8c0]
[trap] num=340 (0x154) pc=0x1804b9860 args=[0x700c24000,0x27fe030,0x0,0x700c24014,0x10027b3f7,0x27fdf90,0x6e,0x0]
[M28 BANDSHRINK] syscall 340 band past ipa 0x700c24000 len 65536 shrunk 64 -> 0 by an overlapping window of the same call
[trap] num=338 (0x152) pc=0x1804b988c args=[0x6b800,0x27fddf0,0x1002d265f,0x100306f98,0x27fe1a0,0x27fe02c,0x1001af3d4,0x8c0]
[trap] num=340 (0x154) pc=0x1804b9860 args=[0x700c24000,0x27fe030,0x0,0x700c2400e,0x10027b3f7,0x27fdf90,0x44,0xfffff0007ffff800]
[M28 BANDSHRINK] syscall 340 band past ipa 0x700c24000 len 65536 shrunk 64 -> 0 by an overlapping window of the same call
[trap] num=338 (0x152) pc=0x1804b988c args=[0x6b800,0x27fddf0,0x1002d265f,0x100306f98,0x27fe1a0,0x27fe02c,0x1001af3d4,0x8c0]
[trap] num=340 (0x154) pc=0x1804b9860 args=[0x700c24000,0x27fe030,0x0,0x700c24013,0x10027b3f7,0x27fdf90,0x44,0xfffff0003ffff800]
[M28 BANDSHRINK] syscall 340 band past ipa 0x700c24000 len 65536 shrunk 64 -> 0 by an overlapping window of the same call
[trap] num=338 (0x152) pc=0x1804b988c args=[0x6b800,0x27fddf0,0x1002d265f,0x100306f98,0x27fe1a0,0x27fe02c,0x1001af3d4,0x8c0]
[trap] num=340 (0x154) pc=0x1804b9860 args=[0x700c24000,0x27fe030,0x0,0x700c24014,0x10027b3f7,0x27fdf90,0x44,0xfffff0003ffff800]
[M28 BANDSHRINK] syscall 340 band past ipa 0x700c24000 len 65536 shrunk 64 -> 0 by an overlapping window of the same call
[trap] num=338 (0x152) pc=0x1804b988c args=[0x6b800,0x27fddf0,0x1002d265f,0x100306f98,0x27fe1a0,0x27fe02c,0x1001af3d4,0x8c0]
[trap] num=340 (0x154) pc=0x1804b9860 args=[0x700c24000,0x27fe030,0x0,0x700c24016,0x10027b3f7,0x27fdf90,0x44,0xfffff0003ffff800]
[M28 BANDSHRINK] syscall 340 band past ipa 0x700c24000 len 65536 shrunk 64 -> 0 by an overlapping window of the same call
[trap] num=338 (0x152) pc=0x1804b988c args=[0x6b800,0x27fddf0,0x1002d265f,0x100306f98,0x27fe1a0,0x27fe02c,0x1001af3d4,0x8c0]
[trap] num=340 (0x154) pc=0x1804b9860 args=[0x700c24000,0x27fe030,0x0,0x700c2401b,0x10027b3f7,0x27fdf90,0x44,0xfffff0003ffff800]
[M28 BANDSHRINK] syscall 340 band past ipa 0x700c24000 len 65536 shrunk 64 -> 0 by an overlapping window of the same call
[trap] num=338 (0x152) pc=0x1804b988c args=[0x6b800,0x27fddf0,0x1002d265f,0x100306f98,0x27fe1a0,0x27fe02c,0x1001af3d4,0x8c0]
[trap] num=5 (0x5) pc=0x1804ae694 args=[0x6be40,0x0,0x0,0x1002cf1e9,0x100320cc8,0x10027b987,0x27fde20,0x100285a06]
[M28 BANDSHRINK] syscall 5 band past ipa 0x10027b987 len 65536 shrunk 64 -> 0 by an overlapping window of the same call
[trap] num=339 (0x153) pc=0x1804bc288 args=[0x4,0x27fd370,0x0,0x1002cf1e9,0x100320cc8,0x10027b987,0x27fde20,0x100285a06]
[M28 BANDSHRINK] syscall 339 band past ipa 0x10027b987 len 65536 shrunk 64 -> 0 by an overlapping window of the same call
[trap] num=197 (0xc5) pc=0x1804aea18 args=[0x0,0x68,0x1,0x40002,0x4,0x0,0x27fde20,0x100285a06]
[trap] num=6 (0x6) pc=0x1804ae8f0 args=[0x4,0x68,0x1,0x40002,0x4,0x0,0x27fde20,0x100285a06]
[trap] num=73 (0x49) pc=0x1804b1728 args=[0xa007cc000,0x68,0x1002f5210,0x6d20a,0xa007cc000,0xc,0x0,0xfffff0003ffff800]
[trap] num=58 (0x3a) pc=0x1804b015c args=[0x700c02e80,0x700c14030,0x20,0xa00501ec0,0x700c14030,0x0,0xffffffffbfc007ff,0xfffff0003ffff800]
[trap] num=398 (0x18e) pc=0x1804ae948 args=[0x1803fd5e6,0x1000000,0x0,0xa00502340,0x700c05b80,0x0,0xffffffffbfc007ff,0xfffff0003ffff800]
[trap] num=339 (0x153) pc=0x1804bc288 args=[0x4,0x27fdaf0,0x0,0xa00502340,0x700c05b80,0x0,0xffffffffbfc007ff,0xfffff0003ffff800]
[trap] num=406 (0x196) pc=0x1804b2174 args=[0x4,0x32,0x27fd660,0x27fda20,0x27fd6c0,0x0,0xffffffffbfc007ff,0xfffff0003ffff800]
[trap] num=399 (0x18f) pc=0x1804af584 args=[0x4,0x32,0x27fd660,0x27fda20,0x27fd6c0,0x0,0xffffffffbfc007ff,0xfffff0003ffff800]
[trap] num=338 (0x152) pc=0x1804b988c args=[0x27fd660,0x27fda60,0x27fd660,0x27fda20,0x27fd6c0,0x0,0xffffffffbfc007ff,0xfffff0003ffff800]
[trap] num=5 (0x5) pc=0x1804ae694 args=[0x6d240,0x1000a02,0x1b6,0x6d279,0x700c05c00,0x0,0x6b,0xfffff0003ffff800]
[M28 BANDSHRINK] syscall 5 band past ipa 0x6d240 len 65536 shrunk 64 -> 0 by an overlapping window of the same call
[trap] num=46 (0x2e) pc=0x1804b4478 args=[0x2,0x27fddd8,0x27fde00,0xa00502400,0x700c0c240,0x0,0xffffffffbfc007ff,0xfffff0003ffff800]
[trap] num=46 (0x2e) pc=0x1804b4478 args=[0x1,0x27fddd8,0x27fde00,0xa00502400,0x700c0c300,0x0,0xffffffffbfc007ff,0xfffff0003ffff800]
[trap] num=46 (0x2e) pc=0x1804b4478 args=[0xf,0x27fddd8,0x27fde00,0xa00502400,0x700c0c3c0,0x0,0xffffffffbfc007ff,0xfffff0003ffff800]
[trap] num=46 (0x2e) pc=0x1804b4478 args=[0x3,0x27fddd8,0x27fde00,0xa00502400,0x700c0c480,0x0,0xffffffffbfc007ff,0xfffff0003ffff800]
[trap] num=46 (0x2e) pc=0x1804b4478 args=[0xd,0x27fddf8,0x27fde20,0xa00502400,0x700c0c540,0x0,0xffffffffbfc007ff,0xfffff0003ffff800]
[trap] num=340 (0x154) pc=0x1804b9860 args=[0x6d204,0x27fde20,0x3ff800,0xa00501e00,0x700c02e80,0x0,0xffffffffbfc007ff,0xfffff0003ffff800]
[trap] num=5 (0x5) pc=0x1804ae694 args=[0x6d204,0x1000000,0x0,0x10,0x700c02e80,0x0,0xffffffffbfc007ff,0xfffff0003ffff800]
[trap] num=5 (0x5) pc=0x1804ae694 args=[0x701002100,0x0,0x0,0x70100214b,0x10027b3f7,0x27fda10,0x73,0xfffff0003ffff800]
[M28 BANDSHRINK] syscall 5 band past ipa 0x701002100 len 65536 shrunk 64 -> 0 by an overlapping window of the same call
[trap] num=406 (0x196) pc=0x1804b2174 args=[0x6,0x3,0x0,0x70100214b,0x10027b3f7,0x27fda10,0x73,0xfffff0003ffff800]
[trap] num=194 (0xc2) pc=0x1804b00c8 args=[0x1008,0x27fd888,0x1804edb6c,0x70100214b,0x10027b3f7,0x27fda10,0x73,0xfffff0003ffff800]
[trap] num=339 (0x153) pc=0x1804bc288 args=[0x6,0x27fd970,0x1804edb6c,0x70100214b,0x10027b3f7,0x27fda10,0x73,0xfffff0003ffff800]
[trap] num=339 (0x153) pc=0x1804bc288 args=[0x6,0x27fd770,0x27fd834,0x1ec7035c0,0x0,0x27fda10,0x73,0xfffff0003ffff800]
[trap] num=396 (0x18c) pc=0x1804afcac args=[0x6,0x701014000,0x1000,0xa00503160,0x701014000,0x0,0xffffffffbfc007ff,0xfffff0003ffff800]
[trap] num=396 (0x18c) pc=0x1804afcac args=[0x6,0x701014000,0x1000,0x1ec7035c0,0x66,0x66,0x74,0xfffff0003ffff800]
[trap] num=399 (0x18f) pc=0x1804af584 args=[0x6,0x0,0x1804edb6c,0x1ec7035c0,0x66,0x66,0x74,0xfffff0003ffff800]
[trap] num=5 (0x5) pc=0x1804ae694 args=[0x700c20040,0x0,0x0,0x700c20053,0x700c20040,0x0,0x0,0xfffff0003ffff800]
[M28 BANDSHRINK] syscall 5 band past ipa 0x700c20040 len 65536 shrunk 64 -> 0 by an overlapping window of the same call
[M28 BANDSHRINK] syscall 5 band past ipa 0x700c20040 len 65536 shrunk 64 -> 0 by an overlapping window of the same call
[trap] num=5 (0x5) pc=0x1804ae694 args=[0x1002b1a90,0x100,0x0,0x3,0x700c20040,0x0,0x0,0xfffff0003ffff800]
[trap] num=5 (0x5) pc=0x1804ae694 args=[0x700c02ea0,0x0,0x0,0x1,0x0,0x6f,0x73,0xfffff0003ffff800]
[trap] num=3 (0x3) pc=0x1804ae91c args=[0x5,0x6d780,0x4,0x0,0x0,0x0,0xffffffffbfc007ff,0xfffff0003ffff800]
[trap] num=6 (0x6) pc=0x1804ae8f0 args=[0x5,0xd78,0xd78,0x1,0x0,0x4ae93a60,0x6ab059ff,0xe17555f0]
[trap] num=5 (0x5) pc=0x1804ae694 args=[0x700c24000,0x0,0x0,0x700c2401c,0x1002ca5de,0x27fd930,0x736574616e726574,0xfffff0003ffff800]
[M28 BANDSHRINK] syscall 5 band past ipa 0x700c24000 len 65536 shrunk 64 -> 0 by an overlapping window of the same call
[trap] num=5 (0x5) pc=0x1804ae694 args=[0x700c24000,0x1000000,0x0,0x1,0x1002c7006,0x27fd7e0,0x78,0xfffff0003ffff800]
[trap] num=5 (0x5) pc=0x1804ae694 args=[0x700c24050,0x1000000,0x0,0x700c2408b,0x1002c7026,0x27fd7e0,0x6e,0xfffff0003ffff800]
[M28 BANDSHRINK] syscall 5 band past ipa 0x700c24050 len 65536 shrunk 64 -> 0 by an overlapping window of the same call
[trap] num=398 (0x18e) pc=0x1804ae948 args=[0x700c02ec0,0x1100000,0x0,0x0,0x0,0x0,0xffffffffbfc007ff,0xfffff0003ffff800]
[trap] num=346 (0x15a) pc=0x1804b9980 args=[0x5,0x27fd040,0x0,0x0,0x0,0x0,0xffffffffbfc007ff,0xfffff0003ffff800]
[trap] num=327 (0x147) pc=0x1804ad92c args=[0x1ec7f8110,0x0,0xfffffffffffffff8,0x1ec7f83f8,0x1ec7f8180,0x0,0xffffffffbfc007ff,0xfffff0003ffff800]
[trap] num=-14 (0xfffffffffffffff2) pc=0x1801155b8 args=[0x203,0x1ec444000,0x24000,0x0,0x3,0x27fc54f,0x0,0x100]
[trap] num=338 (0x152) pc=0x180116c48 args=[0x1ec7f8468,0x27fb380,0x27fb480,0x27fb468,0x1ec7f8472,0x1801ac864,0x27fbbc8,0x700]
[trap] num=-10 (0xfffffffffffffff6) pc=0x180115588 args=[0x203,0x27fb340,0x4000,0x3c000001,0x1ec7f8472,0x1801ac864,0x27fbbc8,0x700]
[trap] num=338 (0x152) pc=0x180116c48 args=[0x27fb9a0,0x27fb330,0x27fb430,0x27fb418,0x27fb9ce,0x1801ac864,0x0,0x210]
[trap] num=-12 (0xfffffffffffffff4) pc=0x1801155a0 args=[0x203,0xa007d0000,0x4000,0x1a0500,0x0,0x0,0x0,0xbc0]
[trap] num=-15 (0xfffffffffffffff1) pc=0x1801155c4 args=[0x203,0x27fafd0,0x20000,0x3fff,0x3c000001,0x3,0x0,0x0]
[trap] num=-12 (0xfffffffffffffff4) pc=0x1801155a0 args=[0x203,0x1003c0000,0x20000,0x103,0x0,0x0,0x0,0x0]
[trap] num=-14 (0xfffffffffffffff2) pc=0x1801155b8 args=[0x203,0x1ec444000,0x24000,0x0,0x1,0x0,0x0,0x0]
[trap] num=5 (0x5) pc=0x1804ae694 args=[0x27fba28,0x1000000,0x0,0x27fba4a,0x190380f65,0x27fba10,0x62,0xfffff0003ffff800]
[trap] num=339 (0x153) pc=0x1804bc288 args=[0x6,0x27fb950,0x0,0x27fba4a,0x190380f65,0x27fba10,0x62,0xfffff0003ffff800]
[trap] num=197 (0xc5) pc=0x1804aea18 args=[0x0,0x7810,0x1,0x40002,0x6,0x0,0x62,0xfffff0003ffff800]
[trap] num=6 (0x6) pc=0x1804ae8f0 args=[0x6,0x7810,0x1,0x40002,0x6,0x0,0x62,0xfffff0003ffff800]
[trap] num=73 (0x49) pc=0x1804b1728 args=[0xa007d4000,0x7810,0x0,0x6e310,0x0,0x0,0x0,0xf20]
[trap] num=5 (0x5) pc=0x1804ae694 args=[0x27fba28,0x1000000,0x0,0x27fba48,0x190380f65,0x27fba10,0x62,0xfffff0003ffff800]
[trap] num=339 (0x153) pc=0x1804bc288 args=[0x6,0x27fb950,0x0,0x27fba48,0x190380f65,0x27fba10,0x62,0xfffff0003ffff800]
[trap] num=197 (0xc5) pc=0x1804aea18 args=[0x0,0x3590,0x1,0x40002,0x6,0x0,0x62,0xfffff0003ffff800]
[trap] num=6 (0x6) pc=0x1804ae8f0 args=[0x6,0x3590,0x1,0x40002,0x6,0x0,0x62,0xfffff0003ffff800]
[trap] num=73 (0x49) pc=0x1804b1728 args=[0xa007dc000,0x3590,0x0,0x6e310,0x0,0x27fbe70,0x62,0xf20]
[trap] num=5 (0x5) pc=0x1804ae694 args=[0x27fbf14,0x1000000,0x0,0x27fbf3b,0x190380d90,0x27fbed0,0x62,0xf20]
[trap] num=339 (0x153) pc=0x1804bc288 args=[0x6,0x27fbe10,0x0,0x27fbf3b,0x190380d90,0x27fbed0,0x62,0xf20]
[trap] num=197 (0xc5) pc=0x1804aea18 args=[0x0,0x170,0x1,0x40002,0x6,0x0,0x62,0xf20]
[trap] num=6 (0x6) pc=0x1804ae8f0 args=[0x6,0x170,0x1,0x40002,0x6,0x0,0x62,0xf20]
[trap] num=73 (0x49) pc=0x1804b1728 args=[0xa007e0000,0x170,0xe2f,0x2,0x0,0x305f656d616e7363,0x0,0xf30]
[trap] num=5 (0x5) pc=0x1804ae694 args=[0x27fba28,0x1000000,0x0,0x27fba4a,0x190380f65,0x27fba10,0x62,0xfffff0003ffff800]
[trap] num=339 (0x153) pc=0x1804bc288 args=[0x6,0x27fb950,0x0,0x27fba4a,0x190380f65,0x27fba10,0x62,0xfffff0003ffff800]
[trap] num=197 (0xc5) pc=0x1804aea18 args=[0x0,0x7810,0x1,0x40002,0x6,0x0,0x62,0xfffff0003ffff800]
[trap] num=6 (0x6) pc=0x1804ae8f0 args=[0x6,0x7810,0x1,0x40002,0x6,0x0,0x62,0xfffff0003ffff800]
[trap] num=73 (0x49) pc=0x1804b1728 args=[0xa007e4000,0x7810,0xe2f,0x2,0x0,0x0,0x0,0xf20]
[trap] num=5 (0x5) pc=0x1804ae694 args=[0x27fba28,0x1000000,0x0,0x27fba48,0x190380f65,0x27fba10,0x62,0xfffff0003ffff800]
[trap] num=339 (0x153) pc=0x1804bc288 args=[0x6,0x27fb950,0x0,0x27fba48,0x190380f65,0x27fba10,0x62,0xfffff0003ffff800]
[trap] num=197 (0xc5) pc=0x1804aea18 args=[0x0,0x3590,0x1,0x40002,0x6,0x0,0x62,0xfffff0003ffff800]
[trap] num=6 (0x6) pc=0x1804ae8f0 args=[0x6,0x3590,0x1,0x40002,0x6,0x0,0x62,0xfffff0003ffff800]
[trap] num=73 (0x49) pc=0x1804b1728 args=[0xa007ec000,0x3590,0xe2f,0x2,0x0,0x27fbe70,0x62,0xf20]
[trap] num=5 (0x5) pc=0x1804ae694 args=[0x27fbf14,0x1000000,0x0,0x27fbf37,0x190380d90,0x27fbed0,0x62,0xf20]
[trap] num=339 (0x153) pc=0x1804bc288 args=[0x6,0x27fbe10,0x0,0x27fbf37,0x190380d90,0x27fbed0,0x62,0xf20]
[trap] num=197 (0xc5) pc=0x1804aea18 args=[0x0,0x170,0x1,0x40002,0x6,0x0,0x62,0xf20]
[trap] num=6 (0x6) pc=0x1804ae8f0 args=[0x6,0x170,0x1,0x40002,0x6,0x0,0x62,0xf20]
[trap] num=73 (0x49) pc=0x1804b1728 args=[0xa007f0000,0x170,0xe2f,0x2,0x0,0x305f656d616e7363,0x0,0xf30]
[trap] num=-14 (0xfffffffffffffff2) pc=0x1801155b8 args=[0x203,0x1ec444000,0x24000,0x0,0x3,0x27fc45f,0x0,0xfffff0003ffff800]
[trap] num=338 (0x152) pc=0x180116c48 args=[0x1ec7f8468,0x27fb290,0x27fb390,0x27fb378,0x1ec7f8472,0x1801ac864,0x27fbad8,0x700]
[trap] num=-10 (0xfffffffffffffff6) pc=0x180115588 args=[0x203,0x27fb250,0x4000,0x3c000001,0x1ec7f8472,0x1801ac864,0x27fbad8,0x700]
[trap] num=338 (0x152) pc=0x180116c48 args=[0x27fb8b0,0x27fb240,0x27fb340,0x27fb328,0x27fb8de,0x1801ac864,0x0,0x210]
[trap] num=-12 (0xfffffffffffffff4) pc=0x1801155a0 args=[0x203,0xa007f4000,0x4000,0x1a0500,0x0,0x0,0x0,0xbc0]
[trap] num=-15 (0xfffffffffffffff1) pc=0x1801155c4 args=[0x203,0x27faee0,0x20000,0x3fff,0x3c000001,0x3,0x0,0x0]
[trap] num=-12 (0xfffffffffffffff4) pc=0x1801155a0 args=[0x203,0x1003c0000,0x20000,0x103,0x0,0x0,0x0,0x0]
[trap] num=-14 (0xfffffffffffffff2) pc=0x1801155b8 args=[0x203,0x1ec444000,0x24000,0x0,0x1,0x0,0x0,0x0]
[trap] num=-14 (0xfffffffffffffff2) pc=0x1801155b8 args=[0x203,0x1ec444000,0x24000,0x0,0x3,0x27fc45f,0x0,0xfffff0003ffff800]
[trap] num=338 (0x152) pc=0x180116c48 args=[0x1ec7f8468,0x27fb290,0x27fb390,0x27fb378,0x1ec7f8472,0x1801ac864,0x27fbad8,0x700]
[trap] num=-10 (0xfffffffffffffff6) pc=0x180115588 args=[0x203,0x27fb250,0x4000,0x3c000001,0x1ec7f8472,0x1801ac864,0x27fbad8,0x700]
[trap] num=338 (0x152) pc=0x180116c48 args=[0x27fb8b0,0x27fb240,0x27fb340,0x27fb328,0x27fb8de,0x1801ac864,0x0,0x210]
[trap] num=-12 (0xfffffffffffffff4) pc=0x1801155a0 args=[0x203,0xa007f8000,0x4000,0x1a0500,0x0,0x0,0x0,0xbc0]
[trap] num=-15 (0xfffffffffffffff1) pc=0x1801155c4 args=[0x203,0x27faee0,0x20000,0x3fff,0x3c000001,0x3,0x0,0x0]
[trap] num=-12 (0xfffffffffffffff4) pc=0x1801155a0 args=[0x203,0x1003c0000,0x20000,0x103,0x0,0x0,0x0,0x0]
[trap] num=-14 (0xfffffffffffffff2) pc=0x1801155b8 args=[0x203,0x1ec444000,0x24000,0x0,0x1,0x0,0x0,0x0]
[trap] num=338 (0x152) pc=0x1804b988c args=[0x27fa638,0x27fa5a0,0x0,0x27fa65b,0x190380d90,0x27fa590,0x72,0xfffff0003ffff800]
[trap] num=5 (0x5) pc=0x1804ae694 args=[0x27fa5d8,0x1000000,0x0,0x27fa601,0x190380f65,0x27fa5c0,0x62,0xfffff0003ffff800]
[trap] num=5 (0x5) pc=0x1804ae694 args=[0x190380d69,0x1000000,0x0,0x27fa601,0x190380f65,0x27fa5c0,0x62,0xfffff0003ffff800]
[trap] num=5 (0x5) pc=0x1804ae694 args=[0x27fa5d8,0x1000000,0x0,0x27fa601,0x190380f65,0x27fa5c0,0x62,0xfffff0003ffff800]
[trap] num=5 (0x5) pc=0x1804ae694 args=[0x190380d69,0x1000000,0x0,0x27fa601,0x190380f65,0x27fa5c0,0x62,0xfffff0003ffff800]
[trap] num=-14 (0xfffffffffffffff2) pc=0x1801155b8 args=[0x203,0x1ec444000,0x24000,0x0,0x3,0x27fa30f,0x0,0xfffff0003ffff800]
[trap] num=338 (0x152) pc=0x180116c48 args=[0x1ec7f8468,0x27f9140,0x27f9240,0x27f9228,0x1ec7f8472,0x1801ac864,0x27f9988,0x700]
[trap] num=-10 (0xfffffffffffffff6) pc=0x180115588 args=[0x203,0x27f9100,0x4000,0x3c000001,0x1ec7f8472,0x1801ac864,0x27f9988,0x700]
[trap] num=338 (0x152) pc=0x180116c48 args=[0x27f9760,0x27f90f0,0x27f91f0,0x27f91d8,0x27f978e,0x1801ac864,0x0,0x210]
[trap] num=-12 (0xfffffffffffffff4) pc=0x1801155a0 args=[0x203,0xa007fc000,0x4000,0x1a0500,0x0,0x0,0x0,0xbc0]
[trap] num=-15 (0xfffffffffffffff1) pc=0x1801155c4 args=[0x203,0x27f8d90,0x20000,0x3fff,0x3c000001,0x3,0x0,0x0]
[trap] num=-12 (0xfffffffffffffff4) pc=0x1801155a0 args=[0x203,0x1003c0000,0x20000,0x103,0x0,0x0,0x0,0x0]
[trap] num=-14 (0xfffffffffffffff2) pc=0x1801155b8 args=[0x203,0x1ec444000,0x24000,0x0,0x1,0x0,0x0,0x0]
[trap] num=344 (0x158) pc=0x1804af9c4 args=[0x5,0x6e9c0,0x2000,0x6dae8,0x6db40,0x0,0x0,0xfffff0003ffff800]
[M28 BANDSHRINK] syscall 344 band past ipa 0x6dae8 len 65536 shrunk 64 -> 0 by an overlapping window of the same call
[M28 BANDSHRINK] syscall 344 band past ipa 0x6db40 len 65536 shrunk 64 -> 0 by an overlapping window of the same call
[trap] num=399 (0x18f) pc=0x1804af584 args=[0x5,0x0,0xda5,0x8a,0x6dac0,0x0,0x0,0xfffff0003ffff800]
[trap] num=340 (0x154) pc=0x1804b9860 args=[0x7010040c0,0x27fdb58,0x60,0xfffff0007fc00000,0x7010040c0,0x0,0x0,0xfffff0003ffff800]
[trap] num=33 (0x21) pc=0x1804ae668 args=[0x701004140,0x0,0x60,0xfffff0007fc00000,0x701004140,0x0,0x0,0xfffff0003ffff800]
[trap] num=116 (0x74) pc=0x1804b1b60 args=[0x27fc000,0x0,0x0,0xfffffc088,0x58,0x58,0x58,0xfffff0003ffff800]
[trap] num=5 (0x5) pc=0x1804ae694 args=[0x7010041c0,0xa02,0x124,0x1ec6fd550,0x58,0x58,0xd935585b14665334,0xfffff0003ffff800]
[trap] num=136 (0x88) pc=0x1804af788 args=[0x7010041c0,0x1ff,0x0,0x7010041cf,0x58,0x58,0x30,0xfffff0003ffff800]
[M28 BANDSHRINK] syscall 136 band past ipa 0x7010041c0 len 65536 shrunk 64 -> 0 by an overlapping window of the same call
[trap] num=116 (0x74) pc=0x1804b1b60 args=[0x27fc000,0x0,0x0,0xfffffc088,0x58,0x58,0x58,0xfffff0003ffff800]
[trap] num=5 (0x5) pc=0x1804ae694 args=[0x7010041c0,0xa02,0x124,0x1ec6fd558,0x58,0x58,0x427d9fb19b4146a3,0xfffff0003ffff800]
[trap] num=-15 (0xfffffffffffffff1) pc=0x1804adacc args=[0x203,0x27fc038,0x400000,0x3fffff,0x2000001,0x3,0x0,0x0]
[trap] num=-15 (0xfffffffffffffff1) pc=0x1804adacc args=[0x203,0x27fc078,0x400000,0x0,0x2004000,0x3,0x0,0x0]
[trap] num=4 (0x4) pc=0x1804b1834 args=[0x5,0x27fcd28,0x32,0x27fc40d,0x7b,0xd,0x71,0x29]
[trap] num=75 (0x4b) pc=0x1804b09b0 args=[0x701400000,0x10000,0x7,0x0,0x0,0xd,0x71,0x29]
[probe] madvise(0x701400000, 0x10000, 7) not forwarded (no-op)
[trap] num=75 (0x4b) pc=0x1804b09b0 args=[0xa007e8000,0x10000,0x7,0x0,0x0,0x0,0x0,0x29]
[probe] madvise(0xa007e8000, 0x10000, 7) not forwarded (no-op)
[trap] num=75 (0x4b) pc=0x1804b09b0 args=[0xa007d8000,0x10000,0x7,0x0,0x0,0x0,0x0,0x29]
[probe] madvise(0xa007d8000, 0x10000, 7) not forwarded (no-op)
[trap] num=75 (0x4b) pc=0x1804b09b0 args=[0xa007c8000,0x10000,0x7,0x0,0x0,0x0,0x0,0x29]
[probe] madvise(0xa007c8000, 0x10000, 7) not forwarded (no-op)
[trap] num=6 (0x6) pc=0x1804ae8f0 args=[0x5,0x5,0x7010041c0,0xfff7dfff,0x0,0x1e683665,0x5ad94ded,0x20ff3b19]
[trap] num=9 (0x9) pc=0x1804b26f0 args=[0x7010041c0,0x701004180,0x1,0xfff7dfff,0x0,0x1e683665,0x5ad94ded,0x20ff3b19]
[M28 BANDSHRINK] syscall 9 band past ipa 0x701004180 len 65536 shrunk 64 -> 0 by an overlapping window of the same call
[trap] num=10 (0xa) pc=0x1804b1cac args=[0x7010041c0,0x701004180,0x1,0xfff7dfff,0x0,0x1e683665,0x5ad94ded,0x20ff3b19]
[M28 BANDSHRINK] syscall 10 band past ipa 0x701004180 len 65536 shrunk 64 -> 0 by an overlapping window of the same call
[trap] num=116 (0x74) pc=0x1804b1b60 args=[0x27fdbe0,0x0,0x0,0xfffffc088,0x100320cc8,0x10027b987,0x27fde40,0x20ff3b19]
[trap] num=4 (0x4) pc=0x1804b1834 args=[0x4,0x701400000,0x75,0x6e8e9,0x0,0x2abd65c6,0xaa,0x9be3edcd]
[trap] num=4 (0x4) pc=0x1804b1834 args=[0x4,0x701400000,0x14,0x6b654,0x0,0x8d2bb13,0x91,0x1edc164f]
[trap] num=75 (0x4b) pc=0x1804b09b0 args=[0x701400000,0x20000,0x7,0x0,0x0,0x8d2bb13,0x91,0x1edc164f]
[probe] madvise(0x701400000, 0x20000, 7) not forwarded (no-op)
[trap] num=6 (0x6) pc=0x1804ae8f0 args=[0x4,0x0,0xe88,0xa0,0x6e900,0x0,0x0,0x1edc164f]
[trap] num=338 (0x152) pc=0x1804b988c args=[0x6d240,0x27fdd38,0xe88,0xa0,0x6e900,0x0,0x0,0x1edc164f]
[M28 BANDSHRINK] syscall 338 band past ipa 0x6d240 len 65536 shrunk 64 -> 0 by an overlapping window of the same call
[trap] num=128 (0x80) pc=0x1804b188c args=[0x6d240,0x701004200,0x0,0x0,0x0,0x0,0x6b,0xfffff0003ffff800]
[trap] num=33 (0x21) pc=0x1804ae668 args=[0x701004200,0x1,0xd26,0x4,0x0,0x6f,0x65,0xfffff0003ffff800]
[trap] num=116 (0x74) pc=0x1804b1b60 args=[0x27fe4d0,0x0,0x0,0xfffffc088,0x701004240,0x0,0x0,0xfffff0003ffff800]
[trap] num=33 (0x21) pc=0x1804ae668 args=[0x1803fed70,0x4,0x0,0x27fe00f,0x701020000,0x0,0x0,0xfffff0003ffff800]
[trap] num=398 (0x18e) pc=0x1804ae948 args=[0x1803fed70,0x0,0x0,0x27fe00f,0x701020000,0x0,0x0,0xfffff0003ffff800]
[trap] num=339 (0x153) pc=0x1804bc288 args=[0x4,0x27fdf00,0x0,0x27fe00f,0x701020000,0x0,0x0,0xfffff0003ffff800]
[trap] num=396 (0x18c) pc=0x1804afcac args=[0x4,0xa007e8000,0xa1e8,0x3,0x1,0x0,0x0,0x0]
[trap] num=399 (0x18f) pc=0x1804af584 args=[0x4,0xa007e8000,0xa1e8,0x3,0x1,0x0,0x0,0x0]
[trap] num=327 (0x147) pc=0x1804ad92c args=[0x1803fedf5,0xa007cd000,0x0,0x0,0xa007cd000,0x0,0x3ff800,0xffffffffbfc007ff]
[trap] num=398 (0x18e) pc=0x1804ae948 args=[0x701020000,0x0,0x0,0x0,0x0,0x27fdcb7,0x0,0xfffff0007ffff800]
[trap] num=339 (0x153) pc=0x1804bc288 args=[0x4,0x27fdd30,0x0,0x0,0x0,0x27fdcb7,0x0,0xfffff0007ffff800]
[trap] num=396 (0x18c) pc=0x1804afcac args=[0x4,0xa007f4000,0xa1e8,0x3,0x1,0x0,0x0,0x0]
[trap] num=399 (0x18f) pc=0x1804af584 args=[0x4,0xa007f4000,0xa1e8,0x3,0x1,0x0,0x0,0x0]
[trap] num=75 (0x4b) pc=0x1804b09b0 args=[0xa007f4000,0xc000,0x7,0x0,0x0,0x0,0x1,0x0]
[probe] madvise(0xa007f4000, 0xc000, 7) not forwarded (no-op)
[trap] num=75 (0x4b) pc=0x1804b09b0 args=[0xa007e8000,0xc000,0x7,0x0,0x0,0x0,0x33,0x0]
[probe] madvise(0xa007e8000, 0xc000, 7) not forwarded (no-op)
[trap] num=33 (0x21) pc=0x1804ae668 args=[0x701004200,0x1,0xb6e,0x3,0x0,0x6f,0x74,0xfffff0003ffff800]
[trap] num=194 (0xc2) pc=0x1804b00c8 args=[0x1008,0x27fe468,0x1804edb6c,0x4,0x0,0x6f,0x47,0xfffff0003ffff800]
[trap] num=398 (0x18e) pc=0x1804ae948 args=[0x700c02f00,0x601,0x1b6,0x4,0x0,0x6f,0x47,0xfffff0003ffff800]
[trap] num=339 (0x153) pc=0x1804bc288 args=[0x4,0x27fe350,0x27fe414,0x1ec7035c0,0x0,0x6f,0x47,0xfffff0003ffff800]
[trap] num=340 (0x154) pc=0x1804b9860 args=[0x700c240f0,0x27fe030,0x0,0x700c240f9,0x10027b3f7,0x27fdf90,0x44,0xfffff0003ffff800]
[M28 BANDSHRINK] syscall 340 band past ipa 0x700c240f0 len 65536 shrunk 64 -> 0 by an overlapping window of the same call
[trap] num=5 (0x5) pc=0x1804ae694 args=[0x700c240f0,0x0,0x0,0x700c240f9,0x10027b3f7,0x27fdf90,0x44,0xfffff0003ffff800]
[M28 BANDSHRINK] syscall 5 band past ipa 0x700c240f0 len 65536 shrunk 64 -> 0 by an overlapping window of the same call
[trap] num=3 (0x3) pc=0x1804ae91c args=[0x5,0x6d910,0x100,0x8a,0x0,0x27fdf90,0x44,0xfffff0003ffff800]
[trap] num=3 (0x3) pc=0x1804ae91c args=[0x5,0x6d925,0xeb,0x8a,0x0,0x27fdf90,0x44,0xfffff0003ffff800]
[trap] num=6 (0x6) pc=0x1804ae8f0 args=[0x5,0x6d925,0xeb,0x8a,0x0,0x27fdf90,0x44,0xfffff0003ffff800]
[trap] num=340 (0x154) pc=0x1804b9860 args=[0x700c240f0,0x27fe030,0x0,0x700c24104,0x10027b3f7,0x27fdf90,0x6e,0xfffff0003ffff800]
[M28 BANDSHRINK] syscall 340 band past ipa 0x700c240f0 len 65536 shrunk 64 -> 0 by an overlapping window of the same call
[trap] num=338 (0x152) pc=0x1804b988c args=[0x6b800,0x27fddf0,0x1002d265f,0x100306f98,0x27fe1a0,0x27fe02c,0x1001af3d4,0x8c0]
[trap] num=340 (0x154) pc=0x1804b9860 args=[0x700c240f0,0x27fe030,0x0,0x700c240fe,0x10027b3f7,0x27fdf90,0x44,0xfffff0003ffff800]
[M28 BANDSHRINK] syscall 340 band past ipa 0x700c240f0 len 65536 shrunk 64 -> 0 by an overlapping window of the same call
[trap] num=338 (0x152) pc=0x1804b988c args=[0x6b800,0x27fddf0,0x1002d265f,0x100306f98,0x27fe1a0,0x27fe02c,0x1001af3d4,0x8c0]
[trap] num=340 (0x154) pc=0x1804b9860 args=[0x700c240f0,0x27fe030,0x0,0x700c24103,0x10027b3f7,0x27fdf90,0x44,0xfffff0003ffff800]
[M28 BANDSHRINK] syscall 340 band past ipa 0x700c240f0 len 65536 shrunk 64 -> 0 by an overlapping window of the same call
[trap] num=338 (0x152) pc=0x1804b988c args=[0x6b800,0x27fddf0,0x1002d265f,0x100306f98,0x27fe1a0,0x27fe02c,0x1001af3d4,0x8c0]
[trap] num=340 (0x154) pc=0x1804b9860 args=[0x700c240f0,0x27fe030,0x0,0x700c24104,0x10027b3f7,0x27fdf90,0x44,0xfffff0003ffff800]
[M28 BANDSHRINK] syscall 340 band past ipa 0x700c240f0 len 65536 shrunk 64 -> 0 by an overlapping window of the same call
[trap] num=338 (0x152) pc=0x1804b988c args=[0x6b800,0x27fddf0,0x1002d265f,0x100306f98,0x27fe1a0,0x27fe02c,0x1001af3d4,0x8c0]
[trap] num=340 (0x154) pc=0x1804b9860 args=[0x700c240f0,0x27fe030,0x0,0x700c24106,0x10027b3f7,0x27fdf90,0x44,0xfffff0003ffff800]
[M28 BANDSHRINK] syscall 340 band past ipa 0x700c240f0 len 65536 shrunk 64 -> 0 by an overlapping window of the same call
[trap] num=338 (0x152) pc=0x1804b988c args=[0x6b800,0x27fddf0,0x1002d265f,0x100306f98,0x27fe1a0,0x27fe02c,0x1001af3d4,0x8c0]
[trap] num=340 (0x154) pc=0x1804b9860 args=[0x700c240f0,0x27fe030,0x0,0x700c2410b,0x10027b3f7,0x27fdf90,0x44,0xfffff0003ffff800]
[M28 BANDSHRINK] syscall 340 band past ipa 0x700c240f0 len 65536 shrunk 64 -> 0 by an overlapping window of the same call
[trap] num=338 (0x152) pc=0x1804b988c args=[0x6b800,0x27fddf0,0x1002d265f,0x100306f98,0x27fe1a0,0x27fe02c,0x1001af3d4,0x8c0]
[trap] num=397 (0x18d) pc=0x1804b1be4 args=[0x4,0x701014000,0x6,0xfffff0007fc00000,0x7010043c0,0x27fe02c,0x1001af3d4,0x8c0]
[M28 BANDSHRINK] syscall 397 band past ipa 0x7010043c0 len 65536 shrunk 64 -> 0 by an overlapping window of the same call
[trap] num=399 (0x18f) pc=0x1804af584 args=[0x4,0x701014000,0x6,0xfffff0007fc00000,0x7010043c0,0x27fe02c,0x1001af3d4,0x8c0]
[M28 BANDSHRINK] syscall 399 band past ipa 0x7010043c0 len 65536 shrunk 64 -> 0 by an overlapping window of the same call
[trap] num=340 (0x154) pc=0x1804b9860 args=[0x7010040c0,0x27fe0b8,0x0,0x7010040cc,0x0,0x27fe4ec,0x73,0x8c0]
[M28 BANDSHRINK] syscall 340 band past ipa 0x7010040c0 len 65536 shrunk 64 -> 0 by an overlapping window of the same call
[trap] num=33 (0x21) pc=0x1804ae668 args=[0x701004200,0x1,0xb6f,0x2,0x0,0x6f,0x67,0xfffff0003ffff800]
[trap] num=33 (0x21) pc=0x1804ae668 args=[0x701004200,0x1,0xb6e,0x3,0x0,0x6f,0x67,0xfffff0003ffff800]
[trap] num=5 (0x5) pc=0x1804ae694 args=[0x700c02f00,0x0,0x0,0x103,0x700c0c8c0,0x6f,0x67,0xfffff0003ffff800]
[M28 BANDSHRINK] syscall 5 band past ipa 0x700c02f00 len 65536 shrunk 64 -> 0 by an overlapping window of the same call
[trap] num=3 (0x3) pc=0x1804ae91c args=[0x4,0x700c2c000,0x2000,0xa005482a0,0x0,0x27fe437,0x3ff800,0xfffff0007ffff800]
[trap] num=3 (0x3) pc=0x1804ae91c args=[0x4,0x700c2c006,0x1ffa,0xa005482a0,0x0,0x27fe437,0x3ff800,0xfffff0007ffff800]
[trap] num=6 (0x6) pc=0x1804ae8f0 args=[0x4,0x700c2c006,0x1ffa,0xa005482a0,0x0,0x27fe437,0x3ff800,0xfffff0007ffff800]
[trap] num=398 (0x18e) pc=0x1804ae948 args=[0x700c240a0,0x1100000,0x0,0x6a,0x0,0x0,0xffffffffbfc007ff,0xfffff0003ffff800]
[trap] num=346 (0x15a) pc=0x1804b9980 args=[0x4,0x27fd5c0,0xdcf,0x60,0x0,0x0,0xffffffffbfc007ff,0xfffff0003ffff800]
[trap] num=344 (0x158) pc=0x1804af9c4 args=[0x4,0x700c4c000,0x2000,0x6dce8,0x6e900,0x1,0x0,0x0]
[M28 BANDSHRINK] syscall 344 band past ipa 0x6dce8 len 65536 shrunk 64 -> 0 by an overlapping window of the same call
[trap] num=399 (0x18f) pc=0x1804af584 args=[0x4,0xdc5,0xdc5,0xa,0x6dcc0,0x74,0x2f,0xfffff0003ffff800]
[trap] num=338 (0x152) pc=0x1804b988c args=[0x6b800,0x27fdd50,0x1002d264c,0x1,0x1,0x68,0x1,0xed0]
[trap] num=5 (0x5) pc=0x1804ae694 args=[0x701004340,0x1000000,0x0,0xfffff0007fc00000,0x701004340,0x0,0x0,0xfffff0003ffff800]
[trap] num=339 (0x153) pc=0x1804bc288 args=[0x4,0x27fdf50,0x27fe0e0,0xfffff0007fc00000,0x701004340,0x0,0x0,0xfffff0003ffff800]
[trap] num=197 (0xc5) pc=0x1804aea18 args=[0x0,0x32,0x1,0x40002,0x4,0x0,0x0,0xfffff0003ffff800]
[trap] num=6 (0x6) pc=0x1804ae8f0 args=[0x4,0x32,0x1,0x40002,0x4,0x0,0x0,0xfffff0003ffff800]
[trap] num=73 (0x49) pc=0x1804b1728 args=[0xa00bc8000,0x32,0xe88,0x1c0,0x6e900,0x65,0x3653a1d7582ef7f0,0x19028de90]
[trap] num=33 (0x21) pc=0x1804ae668 args=[0x701004140,0x0,0x0,0x70100414c,0x0,0xa81ced45,0x73,0xe1f4891f]
[M28 BANDSHRINK] syscall 33 band past ipa 0x701004140 len 65536 shrunk 64 -> 0 by an overlapping window of the same call
[trap] num=116 (0x74) pc=0x1804b1b60 args=[0x27fc550,0x0,0x0,0xfffffc088,0x58,0x58,0x58,0x27fe328]
[trap] num=5 (0x5) pc=0x1804ae694 args=[0x7010041c0,0xa02,0x124,0x1ec6fd560,0x58,0x58,0xd46f69e779a1274e,0x27fe328]
[trap] num=136 (0x88) pc=0x1804af788 args=[0x7010041c0,0x1ff,0x0,0x7010041cf,0x58,0x58,0x66,0x27fe328]
[M28 BANDSHRINK] syscall 136 band past ipa 0x7010041c0 len 65536 shrunk 64 -> 0 by an overlapping window of the same call
[trap] num=116 (0x74) pc=0x1804b1b60 args=[0x27fc550,0x0,0x0,0xfffffc088,0x58,0x58,0x58,0x27fe328]
[trap] num=5 (0x5) pc=0x1804ae694 args=[0x7010041c0,0xa02,0x124,0x1ec6fd568,0x58,0x58,0xb4eb0250f80f9791,0x27fe328]
[trap] num=4 (0x4) pc=0x1804b1834 args=[0x4,0x27fd278,0x78,0x27fc96b,0x0,0x3ee0d13d,0xa,0x57e6507a]
[trap] num=75 (0x4b) pc=0x1804b09b0 args=[0x701400000,0x10000,0x7,0x0,0x0,0x3ee0d13d,0xa,0x57e6507a]
[probe] madvise(0x701400000, 0x10000, 7) not forwarded (no-op)
[trap] num=-10 (0xfffffffffffffff6) pc=0x1804ada90 args=[0x203,0x27fc0f8,0x4000,0x1,0x180328e07,0x27fc7b0,0x0,0x57e6507a]
[trap] num=-10 (0xfffffffffffffff6) pc=0x1804ada90 args=[0x203,0x27fc098,0x4000,0x1,0x0,0x0,0x1,0x57e6507a]
[trap] num=-12 (0xfffffffffffffff4) pc=0x1804adaa8 args=[0x203,0x300000000,0x4000,0x1804f8a0b,0x73,0x2e,0x1,0x57e6507a]
[trap] num=48 (0x30) pc=0x1804b13d8 args=[0x3,0x27fc11c,0x0,0x1804f8a0b,0x73,0x2e,0x1,0x57e6507a]
[trap] num=478 (0x1de) pc=0x1804afaa0 args=[0x1000,0x1,0x0,0x0,0x73,0x2e,0x1,0x57e6507a]
[trap] num=329 (0x149) pc=0x1804b54f4 args=[0x3,0x27fc128,0x0,0x0,0x73,0x2e,0x1,0x57e6507a]
[trap] num=328 (0x148) pc=0x1804b65e8 args=[0x103,0x6,0x0,0x0,0x73,0x2e,0x1,0x57e6507a]
[retrace] fall-throughs: 5
guest terminated by signal 6
