[trap] num=-28 (0xffffffffffffffe4) pc=0x140001654 args=[0x27ffaa8,0x8,0x1400e0090,0x27ff54f,0x27ff698,0x7b4a0001400647cc,0x0,0x0]
[trap] num=-26 (0xffffffffffffffe6) pc=0x14000163c args=[0x203,0x8,0x1400e0090,0x27ff54f,0x27ff698,0x7b4a0001400647cc,0x0,0x0]
[trap] num=372 (0x174) pc=0x140004b14 args=[0x0,0x8,0x1400e0090,0x27ff54f,0x27ff698,0x7b4a0001400647cc,0x0,0x0]
[trap] num=2147483648 (0x80000000) pc=0x14008194c args=[0x1400b9ee0,0x8,0x1400e0090,0x2,0x27ff698,0x7b4a0001400647cc,0x0,0x0]
[retrace warn] dyld __mac_syscall(Sandbox) synthesized as success/unsandboxed (not forwarded; host would fault)
[trap] num=38 (0x26) pc=0x1400815a0 args=[0x0,0x0,0x0,0x27ff748,0x0,0x7b4a0001400647cc,0x0,0x0]
[trap] num=-14 (0xfffffffffffffff2) pc=0x1400015b8 args=[0x203,0x1400bc000,0x200f0,0x0,0x3,0x7b4a0001400647cc,0x0,0x0]
[trap] num=483 (0x1e3) pc=0x140004e08 args=[0x0,0x27ff70c,0x4,0x0,0x3,0x7b4a0001400647cc,0x0,0x0]
[trap] num=38 (0x26) pc=0x1400815a0 args=[0x0,0x0,0x0,0x27ff6c8,0x0,0x7b4a0001400647cc,0x0,0x0]
[trap] num=-14 (0xfffffffffffffff2) pc=0x1400015b8 args=[0x203,0x1400bc000,0x200f0,0x0,0x1,0x1400bc0f0,0x20000,0x0]
[trap] num=-14 (0xfffffffffffffff2) pc=0x1400015b8 args=[0x203,0x1400bc000,0x200f0,0x0,0x3,0x1400bc0f0,0x20000,0x0]
[trap] num=-14 (0xfffffffffffffff2) pc=0x1400015b8 args=[0x203,0x1400bc000,0x200f0,0x0,0x1,0x63,0x20000,0xec0]
[trap] num=294 (0x126) pc=0x1400062f8 args=[0x27ffa70,0x27ffa70,0x27ffa60,0x27ffa70,0x27ffb00,0x63,0x20000,0xec0]
[trap] num=-14 (0xfffffffffffffff2) pc=0x1400015b8 args=[0x203,0x1400bc000,0x200f0,0x0,0x3,0x63,0x20000,0xec0]
[trap] num=-15 (0xfffffffffffffff1) pc=0x1400015c4 args=[0x203,0x27feef0,0x20000,0x3fff,0x3c000001,0x3,0x0,0x0]
[trap] num=20 (0x14) pc=0x140004f48 args=[0x0,0x3,0x45df19fc75b,0x2,0x1,0x27ff640,0x65,0x0]
[trap] num=-12 (0xfffffffffffffff4) pc=0x1400015a0 args=[0x203,0x100014000,0x20000,0x0,0x0,0x0,0x0,0x0]
[trap] num=-14 (0xfffffffffffffff2) pc=0x1400015b8 args=[0x203,0x1400bc000,0x200f0,0x0,0x1,0x0,0x0,0x0]
[trap] num=38 (0x26) pc=0x1400815a0 args=[0x0,0x0,0x0,0x27ff858,0x1,0x0,0x0,0x0]
[trap] num=483 (0x1e3) pc=0x140004e08 args=[0x0,0x27ff86c,0x4,0x27ff8d8,0x1,0x0,0x0,0x0]
[trap] num=-14 (0xfffffffffffffff2) pc=0x1400015b8 args=[0x203,0x1400bc000,0x200f0,0x0,0x3,0x0,0x0,0x0]
[trap] num=-15 (0xfffffffffffffff1) pc=0x1400015c4 args=[0x203,0x27feef0,0x20000,0x3fff,0x3c000001,0x3,0x0,0x0]
[trap] num=-12 (0xfffffffffffffff4) pc=0x1400015a0 args=[0x203,0x100014000,0x20000,0x0,0x0,0x0,0x0,0x0]
[trap] num=-14 (0xfffffffffffffff2) pc=0x1400015b8 args=[0x203,0x1400bc000,0x200f0,0x0,0x1,0x0,0x0,0x0]
[trap] num=336 (0x150) pc=0x14000600c args=[0xf,0x2f29,0x0,0x0,0x1ec6f7f80,0x170,0x0,0x0]
[trap] num=-28 (0xffffffffffffffe4) pc=0x180115654 args=[0x1,0x0,0x0,0x0,0x0,0x0,0x0,0x0]
[trap] num=-26 (0xffffffffffffffe6) pc=0x18011563c args=[0x203,0x0,0x0,0x0,0x0,0x0,0x0,0x0]
[trap] num=372 (0x174) pc=0x180118b14 args=[0x0,0x0,0x0,0x0,0x0,0x0,0x0,0x0]
[trap] num=2147483648 (0x80000000) pc=0x18019594c args=[0x1ec6f9e60,0x0,0x0,0x2,0x0,0x0,0x0,0x0]
[retrace warn] dyld __mac_syscall(Sandbox) synthesized as success/unsandboxed (not forwarded; host would fault)
[trap] num=38 (0x26) pc=0x1801955a0 args=[0x0,0x0,0x0,0x27ff748,0x0,0x0,0x0,0x0]
[trap] num=-14 (0xfffffffffffffff2) pc=0x1801155b8 args=[0x203,0x1ec444000,0x24000,0x0,0x13,0x0,0x0,0x0]
[trap] num=483 (0x1e3) pc=0x180118e08 args=[0x0,0x27ff70c,0x4,0x0,0x13,0x0,0x0,0x0]
[trap] num=38 (0x26) pc=0x1801955a0 args=[0x0,0x0,0x0,0x27ff6c8,0x0,0x0,0x0,0x0]
[trap] num=-14 (0xfffffffffffffff2) pc=0x1801155b8 args=[0x203,0x1ec444000,0x24000,0x0,0x1,0x1ec444140,0x20000,0x0]
[trap] num=-14 (0xfffffffffffffff2) pc=0x1801155b8 args=[0x203,0x1ec444000,0x24000,0x0,0x13,0x1ec444140,0x20000,0x0]
[trap] num=-14 (0xfffffffffffffff2) pc=0x1801155b8 args=[0x203,0x1ec444000,0x24000,0x0,0x1,0x63,0x20000,0xec0]
[trap] num=294 (0x126) pc=0x18011a2f8 args=[0x27ffa70,0x27ffa70,0x27ffa60,0x27ffa70,0x27ffb00,0x63,0x20000,0xec0]
[trap] num=-19 (0xffffffffffffffed) pc=0x1801155e8 args=[0x203,0x203,0x0,0xffffffff,0x27ffb00,0x63,0x20000,0xec0]
[trap] num=-14 (0xfffffffffffffff2) pc=0x1801155b8 args=[0x203,0x1ec444000,0x24000,0x0,0x3,0x63,0x20000,0xec0]
[trap] num=-15 (0xfffffffffffffff1) pc=0x1801155c4 args=[0x203,0x27feef0,0x20000,0x3fff,0x3c000001,0x3,0x0,0x0]
[trap] num=20 (0x14) pc=0x180118f48 args=[0x0,0x3,0x45df1a12f5b,0x2,0x1,0x27ff640,0x65,0x0]
[trap] num=-12 (0xfffffffffffffff4) pc=0x1801155a0 args=[0x203,0x100014000,0x20000,0x0,0x0,0x0,0x0,0x0]
[trap] num=-14 (0xfffffffffffffff2) pc=0x1801155b8 args=[0x203,0x1ec444000,0x24000,0x0,0x1,0x0,0x0,0x0]
[trap] num=73 (0x49) pc=0x18011823c args=[0x140000000,0xa8000,0x27ff7cf,0x2,0x8,0x0,0x0,0x0]
[trap] num=73 (0x49) pc=0x18011823c args=[0x1400a8000,0x4000,0x27ff7cf,0x2,0x8,0x0,0x0,0x0]
[trap] num=73 (0x49) pc=0x18011823c args=[0x1400ac000,0x8000,0x27ff7cf,0x2,0x8,0x0,0x0,0x0]
[trap] num=73 (0x49) pc=0x18011823c args=[0x1400b4000,0x4000,0x27ff7cf,0x2,0x8,0x0,0x0,0x0]
[trap] num=73 (0x49) pc=0x18011823c args=[0x1400bc000,0x24000,0x27ff7cf,0x2,0x8,0x0,0x0,0x0]
[trap] num=73 (0x49) pc=0x18011823c args=[0x1400e0000,0x60000,0x27ff7cf,0x2,0x8,0x0,0x0,0x0]
[trap] num=-14 (0xfffffffffffffff2) pc=0x1801155b8 args=[0x203,0x1ec444000,0x24000,0x0,0x3,0x0,0x0,0x0]
[trap] num=38 (0x26) pc=0x1801955a0 args=[0x0,0x0,0x0,0x27ff388,0x1,0x0,0x0,0x0]
[trap] num=5 (0x5) pc=0x180119f50 args=[0x27fffc8,0x0,0x0,0x0,0x1,0x0,0x0,0x0]
[trap] num=92 (0x5c) pc=0x1801180d8 args=[0x3,0x32,0x27fef88,0x0,0x1,0x0,0x0,0x0]
[trap] num=6 (0x6) pc=0x180116750 args=[0x3,0x32,0x27fef88,0x0,0x1,0x0,0x0,0x0]
[trap] num=483 (0x1e3) pc=0x180118e08 args=[0x0,0x27ff39c,0x4,0x14,0x61,0x4d,0x0,0x20]
[trap] num=381 (0x17d) pc=0x180119ecc args=[0x1801b7eb4,0x2,0x27ff2c0,0xa,0x73,0x69,0x0,0x20]
[trap] num=483 (0x1e3) pc=0x180118e08 args=[0x0,0x27ff3ac,0x4,0x20,0x61,0x41,0x0,0x90]
[trap] num=202 (0xca) pc=0x18011a37c args=[0x27ff360,0x2,0x27ff328,0x27ff320,0x1801ab70b,0x20,0x0,0x90]
[trap] num=202 (0xca) pc=0x18011a37c args=[0x27ff328,0x3,0x27ff3bc,0x27ff3b0,0x0,0x0,0x0,0x90]
[trap] num=381 (0x17d) pc=0x180119ecc args=[0x1801b4bf1,0x5a,0x27ff340,0x2,0x8,0x72,0x0,0x90]
[trap] num=202 (0xca) pc=0x18011a37c args=[0x27fe5b0,0x2,0x27fe578,0x27fe570,0x1801b698e,0xd,0x1ec444ee0,0x90]
[trap] num=202 (0xca) pc=0x18011a37c args=[0x27fe578,0x2,0x27fe628,0x27fe620,0x0,0x0,0x1ec444ee0,0x90]
[trap] num=5 (0x5) pc=0x180119f50 args=[0x1801aaaf1,0x20100000,0x0,0xfffffffffffffff0,0x0,0x72,0x0,0x80]
[trap] num=463 (0x1cf) pc=0x180119f7c args=[0x3,0x1801b4c4b,0x100000,0x0,0x0,0x72,0x0,0x80]
[trap] num=41 (0x29) pc=0x18011a484 args=[0x4,0x1801b625c,0x100000,0x0,0x0,0x72,0x0,0x80]
[trap] num=470 (0x1d6) pc=0x18011a5e4 args=[0x4,0x27fe101,0x27fe070,0x0,0x27fe180,0x72,0x0,0x80]
[trap] num=463 (0x1cf) pc=0x180119f7c args=[0x4,0x27fe101,0x100000,0x0,0x27fe180,0x72,0x0,0x80]
[trap] num=92 (0x5c) pc=0x1801180d8 args=[0x6,0x32,0x27fe100,0x0,0x27fe180,0x72,0x0,0x80]
[trap] num=41 (0x29) pc=0x18011a484 args=[0x6,0x1801b6e25,0x27fef90,0x0,0x27fe180,0x72,0x0,0x80]
[trap] num=41 (0x29) pc=0x18011a484 args=[0x5,0x1801b6e25,0x27fef90,0x0,0x27fe180,0x72,0x0,0x80]
[trap] num=6 (0x6) pc=0x180116750 args=[0x3,0x1801b6cb4,0x27fef90,0x0,0x27fe180,0x72,0x0,0x80]
[trap] num=6 (0x6) pc=0x180116750 args=[0x5,0x1801b6cf2,0x27fef90,0x0,0x27fe180,0x72,0x0,0x80]
[trap] num=6 (0x6) pc=0x180116750 args=[0x4,0x1801b6d1f,0x27fef90,0x0,0x27fe180,0x72,0x0,0x80]
[trap] num=6 (0x6) pc=0x180116750 args=[0x6,0x1801b6d4a,0x27fef90,0x0,0x27fe180,0x72,0x0,0x80]
[trap] num=381 (0x17d) pc=0x180119ecc args=[0x1801b7eb4,0x2,0x27fee10,0xa,0x73,0x69,0x0,0x80]
[trap] num=294 (0x126) pc=0x18011a2f8 args=[0x27fee58,0x27fef28,0x27fef28,0x27fef54,0x73,0x69,0x0,0x80]
[trap] num=-14 (0xfffffffffffffff2) pc=0x1801155b8 args=[0x203,0x1ec444000,0x24000,0x0,0x3,0x0,0x0,0x5c0]
[trap] num=427 (0x1ab) pc=0x18011a5b8 args=[0x27fefc0,0x400,0x27fef44,0x748e8,0x3,0x0,0x0,0x5c0]
[trap] num=92 (0x5c) pc=0x1801180d8 args=[0x8,0x32,0x27fefc0,0x1ec445222,0xfffffffe163b9db0,0x10,0x0,0x5c0]
[trap] num=6 (0x6) pc=0x180116750 args=[0x8,0x1801b6a74,0x4,0x180115e30,0x1,0x10,0x0,0x5c0]
[trap] num=6 (0x6) pc=0x180116750 args=[0x7,0x1801b6a98,0x4,0x180115e30,0x1,0x10,0x0,0x5c0]
[trap] num=338 (0x152) pc=0x180116c48 args=[0x1ec4451e0,0x27feae0,0x1ec4451e0,0x27febd8,0x27fec00,0x27febe0,0x0,0x27fec08]
[trap] num=5 (0x5) pc=0x180119f50 args=[0x1ec4451e0,0x0,0x0,0x27febd8,0x27fec00,0x27febe0,0x0,0x27fec08]
[trap] num=197 (0xc5) pc=0x180119190 args=[0x0,0x214e0,0x1,0x40002,0x3,0x0,0x0,0x27fec08]
[trap] num=92 (0x5c) pc=0x1801180d8 args=[0x3,0x32,0x27fec08,0x40002,0x3,0x0,0x0,0x27fec08]
[trap] num=73 (0x49) pc=0x18011823c args=[0xa00000000,0x214e0,0x0,0xff,0x100000030,0xa00010030,0x10000,0x114e0]
[trap] num=6 (0x6) pc=0x180116750 args=[0x3,0x214e0,0x0,0xff,0x100000030,0xa00010030,0x10000,0x114e0]
[trap] num=338 (0x152) pc=0x180116c48 args=[0x1ec4451e0,0x27ff060,0x27ff120,0x0,0x100000030,0xa00010030,0x10000,0x114e0]
[trap] num=338 (0x152) pc=0x180116c48 args=[0x100000708,0x27fdf60,0x27fe060,0x27fe048,0x100000712,0x1801ac864,0x65,0x8b0]
[trap] num=-10 (0xfffffffffffffff6) pc=0x180115588 args=[0x203,0x27fdf20,0x4000,0x3c000001,0x100000712,0x1801ac864,0x65,0x8b0]
[trap] num=338 (0x152) pc=0x180116c48 args=[0x27fe550,0x27fdee0,0x27fdfe0,0x27fdfc8,0x27fe57e,0x1801ac864,0x0,0x160]
[trap] num=-12 (0xfffffffffffffff4) pc=0x1801155a0 args=[0x203,0xa00024000,0x4000,0x1a0500,0x0,0x0,0x0,0x140]
[trap] num=338 (0x152) pc=0x180116c48 args=[0x100000778,0x27fdf60,0x27fe060,0x27fe048,0x100000782,0x1801ac864,0x6e,0x840]
[trap] num=-10 (0xfffffffffffffff6) pc=0x180115588 args=[0x203,0x27fdf20,0x4000,0x3c000001,0x100000782,0x1801ac864,0x6e,0x840]
[trap] num=338 (0x152) pc=0x180116c48 args=[0x27fe550,0x27fdee0,0x27fdfe0,0x27fdfc8,0x27fe57e,0x1801ac864,0x0,0x160]
[trap] num=-12 (0xfffffffffffffff4) pc=0x1801155a0 args=[0x203,0xa00028000,0x4000,0x1a0500,0x0,0x0,0x0,0x140]
[trap] num=338 (0x152) pc=0x180116c48 args=[0x1000007d8,0x27fdf60,0x27fe060,0x27fe048,0x6c,0x62,0x27fe7a8,0x900]
[trap] num=-10 (0xfffffffffffffff6) pc=0x180115588 args=[0x203,0x27fdf20,0x4000,0x3c000001,0x6c,0x62,0x27fe7a8,0x900]
[trap] num=338 (0x152) pc=0x180116c48 args=[0x27fe580,0x27fdf10,0x27fe010,0x27fdff8,0x27fe594,0x1ec445294,0x0,0x160]
[trap] num=-12 (0xfffffffffffffff4) pc=0x1801155a0 args=[0x203,0xa0002c000,0x4000,0x1a0500,0x0,0x0,0x0,0xbc0]
[trap] num=338 (0x152) pc=0x180116c48 args=[0x100000810,0x27fdf60,0x27fe060,0x27fe048,0x10000081a,0x1801ac864,0x27fe7a8,0x160]
[trap] num=-10 (0xfffffffffffffff6) pc=0x180115588 args=[0x203,0x27fdf20,0x4000,0x3c000001,0x10000081a,0x1801ac864,0x27fe7a8,0x160]
[trap] num=338 (0x152) pc=0x180116c48 args=[0x27fe580,0x27fdf10,0x27fe010,0x27fdff8,0x27fe5ae,0x1801ac864,0x0,0x160]
[trap] num=-12 (0xfffffffffffffff4) pc=0x1801155a0 args=[0x203,0xa00030000,0x4000,0x1a0500,0x0,0x0,0x0,0xbc0]
[trap] num=338 (0x152) pc=0x180116c48 args=[0x100000848,0x27fdf60,0x27fe060,0x27fe048,0x100000852,0x1801ac864,0x6e,0x770]
[trap] num=-10 (0xfffffffffffffff6) pc=0x180115588 args=[0x203,0x27fdf20,0x4000,0x3c000001,0x100000852,0x1801ac864,0x6e,0x770]
[trap] num=338 (0x152) pc=0x180116c48 args=[0x27fe550,0x27fdee0,0x27fdfe0,0x27fdfc8,0x27fe57e,0x1801ac864,0x0,0x160]
[trap] num=-12 (0xfffffffffffffff4) pc=0x1801155a0 args=[0x203,0xa00034000,0x4000,0x1a0500,0x0,0x0,0x0,0x140]
[trap] num=338 (0x152) pc=0x180116c48 args=[0x1000008b0,0x27fdf60,0x27fe060,0x27fe048,0x1000008ba,0x1801ac864,0x7974697275636553,0x160]
[trap] num=-10 (0xfffffffffffffff6) pc=0x180115588 args=[0x203,0x27fdf20,0x4000,0x3c000001,0x1000008ba,0x1801ac864,0x7974697275636553,0x160]
[trap] num=338 (0x152) pc=0x180116c48 args=[0x27fe560,0x27fdef0,0x27fdff0,0x27fdfd8,0x27fe58e,0x1801ac864,0x0,0x160]
[trap] num=-12 (0xfffffffffffffff4) pc=0x1801155a0 args=[0x203,0xa00038000,0x4000,0x1a0500,0x0,0x0,0x0,0xbc0]
[trap] num=5 (0x5) pc=0x180119f50 args=[0x1ec447830,0x0,0x0,0x0,0x10000,0x27fcc88,0x1,0x27fcbe8]
[trap] num=381 (0x17d) pc=0x180119ecc args=[0x1801b7eb4,0x2,0x27fbee0,0xa,0x73,0x69,0x1,0x27fcbe8]
[trap] num=550 (0x226) pc=0x180119ef8 args=[0x27fbd30,0x1,0x27fbd60,0x140,0x1088,0x18,0x100000000,0x27fcc88]
[trap] num=6 (0x6) pc=0x180116750 args=[0x3,0x3,0x27fbd90,0x0,0x1,0x18,0x100000000,0x27fcc88]
[trap] num=74 (0x4a) pc=0x180119f24 args=[0x100004000,0x4000,0x1,0x1,0x8,0x18,0x100000000,0x27fcc88]
[trap] num=-14 (0xfffffffffffffff2) pc=0x1801155b8 args=[0x203,0x1e5908000,0x2324000,0x0,0x13,0x13,0x4,0x4000]
[trap] num=-14 (0xfffffffffffffff2) pc=0x1801155b8 args=[0x203,0x1edc84000,0x7b90000,0x0,0x13,0x13,0x5,0x6380000]
[trap] num=-14 (0xfffffffffffffff2) pc=0x1801155b8 args=[0x203,0x28f64c000,0x2c2c000,0x0,0x13,0x13,0x4,0x4000]
[trap] num=-14 (0xfffffffffffffff2) pc=0x1801155b8 args=[0x203,0x29a1cc000,0x5678000,0x0,0x13,0x13,0x5,0x8b84000]
[trap] num=-14 (0xfffffffffffffff2) pc=0x1801155b8 args=[0x203,0x2d0bac000,0x2a4000,0x0,0x13,0x13,0x4,0x4000]
[trap] num=-14 (0xfffffffffffffff2) pc=0x1801155b8 args=[0x203,0x2d361c000,0xac8000,0x0,0x13,0x13,0x5,0xa74000]
[trap] num=-14 (0xfffffffffffffff2) pc=0x1801155b8 args=[0x203,0x1e5908000,0x2324000,0x0,0x1,0x1,0x4,0x4000]
[trap] num=-14 (0xfffffffffffffff2) pc=0x1801155b8 args=[0x203,0x1edc84000,0x7b90000,0x0,0x1,0x1,0x5,0x6380000]
[trap] num=-14 (0xfffffffffffffff2) pc=0x1801155b8 args=[0x203,0x28f64c000,0x2c2c000,0x0,0x1,0x1,0x4,0x4000]
[trap] num=-14 (0xfffffffffffffff2) pc=0x1801155b8 args=[0x203,0x29a1cc000,0x5678000,0x0,0x1,0x1,0x5,0x8b84000]
[trap] num=-14 (0xfffffffffffffff2) pc=0x1801155b8 args=[0x203,0x2d0bac000,0x2a4000,0x0,0x1,0x1,0x4,0x4000]
[trap] num=-14 (0xfffffffffffffff2) pc=0x1801155b8 args=[0x203,0x2d361c000,0xac8000,0x0,0x1,0x1,0x5,0xa74000]
[trap] num=-15 (0xfffffffffffffff1) pc=0x1801155c4 args=[0x203,0x27f7c60,0x20000,0x3fff,0x3c000001,0x3,0x0,0x0]
[trap] num=347 (0x15b) pc=0x18011a6ec args=[0x0,0x0,0x2,0x2,0x1,0x27f77f0,0xa0,0x0]
[trap] num=-15 (0xfffffffffffffff1) pc=0x1801155c4 args=[0x203,0x27f7280,0x20000,0x3fff,0x3c000001,0x3,0x0,0x0]
[trap] num=347 (0x15b) pc=0x18011a6ec args=[0x100034060,0xb1d8,0x2,0x2,0x1,0x100034000,0x20000,0x0]
[M28 BANDSHRINK] syscall 347 band past ipa 0x100034000 len 65536 shrunk 64 -> 0 by an overlapping window of the same call
[trap] num=220 (0xdc) pc=0x180116e90 args=[0x1000340b8,0x27f7768,0x27f78b0,0x40,0x0,0x0,0x20000,0x0]
[trap] num=-12 (0xfffffffffffffff4) pc=0x1801155a0 args=[0x203,0x100034000,0x20000,0x87,0x2,0x1000038,0xffffffffffffffff,0x0]
[trap] num=-12 (0xfffffffffffffff4) pc=0x1801155a0 args=[0x203,0x100014000,0x20000,0x0,0x0,0x0,0x0,0x0]
[trap] num=5 (0x5) pc=0x180119f50 args=[0x1801ab41a,0x2,0x0,0x2,0x8,0x0,0x0,0x0]
[trap] num=54 (0x36) pc=0x180116724 args=[0x3,0x80086804,0x27f4618,0x2,0x8,0x0,0x0,0x0]
[trap] num=6 (0x6) pc=0x180116750 args=[0x3,0xffffffffffffffff,0x27f4618,0x2,0x8,0x0,0x0,0x0]
[trap] num=294 (0x126) pc=0x18011a2f8 args=[0xffffffffffffffff,0x1f070030,0x0,0x0,0x0,0x0,0x0,0x0]
[trap] num=-14 (0xfffffffffffffff2) pc=0x1801155b8 args=[0x203,0x1ec444000,0x24000,0x0,0x1,0x0,0x0,0x0]
[trap] num=-28 (0xffffffffffffffe4) pc=0x1804adb5c args=[0x0,0x1804e2db8,0x27fff18,0x1ec445338,0x1ec445338,0x0,0x0,0x0]
[trap] num=-26 (0xffffffffffffffe6) pc=0x1804adb44 args=[0x203,0x1804e2db8,0x27fff18,0x1ec445338,0x1ec445338,0x0,0x0,0x0]
[trap] num=33 (0x21) pc=0x1804ae668 args=[0x1804e2dda,0x0,0x27fff18,0x1ec445338,0x1ec445338,0x0,0x0,0x0]
[trap] num=-15 (0xfffffffffffffff1) pc=0x1804adacc args=[0x203,0x27fb728,0x8000,0x0,0x49000001,0x3,0x0,0x0]
[trap] num=-29 (0xffffffffffffffe3) pc=0x1804adb68 args=[0x1eec6fd98,0x27fff10,0x27fff18,0x1ec445338,0x49000001,0x3,0x0,0x0]
[trap] num=-24 (0xffffffffffffffe8) pc=0x1804adb2c args=[0x203,0x27fb5d0,0x0,0x27fb5ec,0x49000001,0x3,0x0,0x0]
[trap] num=-47 (0xffffffffffffffd1) pc=0x1804adc34 args=[0x27fb610,0x200000003,0x2800001513,0x190300000d03,0xc800000000,0x190300000000,0x140,0x0]
[mach_msg2] msgh_id=200 dest=0xd03 reply=0x1903 options=0x200000003 bits=0x1513 send_size=40 rcv_size=320
  send+000: 13 15 00 00 28 00 00 00 03 0d 00 00 03 19 00 00
  send+010: 00 00 00 00 c8 00 00 00 00 00 00 00 01 00 00 00
  send+020: 05 00 00 00 08 00 00 00
[retrace] forwarding mach_msg2 host_info (msgh_id 200) to host (decided allowlist)
[mach_msg2] host ret=0x0 err=false
  reply@0x27fb610+000: 00 12 00 00 48 00 00 00 00 00 00 00 03 19 00 00
  reply@0x27fb610+010: 00 00 00 00 2c 01 00 00 00 00 00 00 01 00 00 00
  reply@0x27fb610+020: 00 00 00 00 08 00 00 00 50 00 00 00 50 00 00 00
  reply@0x27fb610+030: 40 00 00 00 1f 00 00 00 00 00 00 00 00 00 00 00
  reply@0x27fb610+040: 00 00 00 00 4f 00 00 00 00 00 00 00 08 00 00 00
  reply@0x27fb610+050: 00 00 00 00 00 00 00 00 00 00 00 00 00 00 00 00
  reply@0x27fb610+060: 00 00 00 00 00 00 00 00 00 00 00 00 00 00 00 00
  reply@0x27fb610+070: 00 00 00 00 00 00 00 00 00 00 00 00 00 00 00 00
  reply@0x27fb610+080: 00 00 00 00 00 00 00 00 00 00 00 00 00 00 00 00
  reply@0x27fb610+090: 00 00 00 00 00 00 00 00 00 00 00 00 00 00 00 00
  reply@0x27fb610+0a0: 00 00 00 00 00 00 00 00 00 00 00 00 00 00 00 00
  reply@0x27fb610+0b0: 00 00 00 00 00 00 00 00 00 00 00 00 00 00 00 00
  reply@0x27fb610+0c0: 00 00 00 00 00 00 00 00 00 00 00 00 00 00 00 00
  reply@0x27fb610+0d0: 00 00 00 00 00 00 00 00 00 00 00 00 00 00 00 00
  reply@0x27fb610+0e0: 00 00 00 00 00 00 00 00 00 00 00 00 00 00 00 00
  reply@0x27fb610+0f0: 00 00 00 00 00 00 00 00 00 00 00 00 00 00 00 00
[trap] num=-18 (0xffffffffffffffee) pc=0x1804adae4 args=[0x203,0xd03,0x0,0x27fb800,0xc800000000,0x190300000000,0x4f00000000,0x0]
[trap] num=202 (0xca) pc=0x1804af460 args=[0x27fb808,0x2,0x27fb7d8,0x27fb7a0,0x0,0x0,0x4f00000000,0x0]
[trap] num=-27 (0xffffffffffffffe5) pc=0x1804adb50 args=[0x2ff20,0x0,0xb,0x1804f8a06,0x0,0x0,0x4f00000000,0x0]
[trap] num=-24 (0xffffffffffffffe8) pc=0x1804adb2c args=[0x203,0x27fb750,0x0,0x27fb76c,0x0,0x0,0x4f00000000,0x0]
[trap] num=366 (0x16e) pc=0x1804b3d2c args=[0x43190001804ecc14,0x55648001804ecc08,0x4000,0x27fb7a0,0x38,0xa0,0x4f00000000,0x0]
[trap] num=-29 (0xffffffffffffffe3) pc=0x1804adb68 args=[0x10030,0x103,0x7f168001804f8cd8,0x103,0x38,0xa0,0x4f00000000,0x0]
[trap] num=-47 (0xffffffffffffffd1) pc=0x1804adc34 args=[0x27fb7e0,0x200000003,0x2400001513,0x150300000d03,0xce00000000,0x150300000000,0x30,0x0]
[mach_msg2] msgh_id=206 dest=0xd03 reply=0x1503 options=0x200000003 bits=0x1513 send_size=36 rcv_size=48
  send+000: 13 15 00 00 24 00 00 00 03 0d 00 00 03 15 00 00
  send+010: 00 00 00 00 ce 00 00 00 00 00 00 00 01 00 00 00
  send+020: 00 00 00 00
[retrace] forwarding mach_msg2 host_get_clock_service (msgh_id 206) to host (decided allowlist)
[mach_msg2] host ret=0x0 err=false
  reply@0x27fb7e0+000: 00 12 00 80 28 00 00 00 00 00 00 00 03 15 00 00
  reply@0x27fb7e0+010: 00 00 00 00 32 01 00 00 01 00 00 00 03 09 00 00
  reply@0x27fb7e0+020: 00 00 00 00 00 00 11 00 00 00 00 00 08 00 00 00
  reply@0x27fb7e0+030: b8 fd c6 ee 01 00 00 00 03 0d 00 00 00 00 00 00
  reply@0x27fb7e0+040: 40 b8 7f 02 00 00 00 00 14 e8 39 80 01 80 19 8c
  reply@0x27fb7e0+050: b8 fd c6 ee 01 00 00 00 18 ff 7f 02 00 00 00 00
  reply@0x27fb7e0+060: 60 b8 7f 02 00 00 00 00 a0 e6 39 80 01 00 6f 2d
  reply@0x27fb7e0+070: 38 53 44 ec 01 00 00 00 18 ff 7f 02 00 00 00 00
  reply@0x27fb7e0+080: d0 b8 7f 02 00 00 00 00 04 13 34 90 01 00 6f 3c
  reply@0x27fb7e0+090: 48 02 34 90 01 00 00 00 a0 00 00 00 00 00 00 00
  reply@0x27fb7e0+0a0: 06 00 00 00 00 00 00 00 18 01 34 90 01 00 00 00
  reply@0x27fb7e0+0b0: c0 1b 34 90 01 00 00 00 c0 52 44 ec 01 00 00 00
  reply@0x27fb7e0+0c0: 5c 12 34 90 01 00 00 00 f0 b8 7f 02 00 00 00 00
  reply@0x27fb7e0+0d0: c0 1b 34 90 01 00 00 00 c0 52 44 ec 01 00 00 00
  reply@0x27fb7e0+0e0: 5c 12 34 90 01 00 00 00 f8 bd 7f 02 00 00 00 00
  reply@0x27fb7e0+0f0: 80 b9 7f 02 00 00 00 00 30 0e 16 80 01 00 38 6c
[trap] num=-47 (0xffffffffffffffd1) pc=0x1804adc34 args=[0x27fb7e0,0x200000003,0x2800001513,0x150300000203,0xd5a00000000,0x150300000000,0x30,0x0]
[mach_msg2] msgh_id=3418 dest=0x203 reply=0x1503 options=0x200000003 bits=0x1513 send_size=40 rcv_size=48
  send+000: 13 15 00 00 28 00 00 00 03 02 00 00 03 15 00 00
  send+010: 00 00 00 00 5a 0d 00 00 00 00 00 00 01 00 00 00
  send+020: 00 00 00 00 00 00 00 00
[retrace] forwarding mach_msg2 semaphore_create (msgh_id 3418) to host (decided allowlist)
[mach_msg2] host ret=0x0 err=false
  reply@0x27fb7e0+000: 00 12 00 80 28 00 00 00 00 00 00 00 03 15 00 00
  reply@0x27fb7e0+010: 00 00 00 00 be 0d 00 00 01 00 00 00 03 16 00 00
  reply@0x27fb7e0+020: 00 00 00 00 00 00 11 00 00 00 00 00 08 00 00 00
  reply@0x27fb7e0+030: d8 5d 70 ec 01 00 00 00 03 0d 00 00 00 00 00 00
  reply@0x27fb7e0+040: 40 b8 7f 02 00 00 00 00 38 e8 39 80 01 00 18 6a
  reply@0x27fb7e0+050: b8 fd c6 ee 01 00 00 00 18 ff 7f 02 00 00 00 00
  reply@0x27fb7e0+060: 60 b8 7f 02 00 00 00 00 a0 e6 39 80 01 00 6f 2d
  reply@0x27fb7e0+070: 38 53 44 ec 01 00 00 00 18 ff 7f 02 00 00 00 00
  reply@0x27fb7e0+080: d0 b8 7f 02 00 00 00 00 04 13 34 90 01 00 6f 3c
  reply@0x27fb7e0+090: 48 02 34 90 01 00 00 00 a0 00 00 00 00 00 00 00
  reply@0x27fb7e0+0a0: 06 00 00 00 00 00 00 00 18 01 34 90 01 00 00 00
  reply@0x27fb7e0+0b0: c0 1b 34 90 01 00 00 00 c0 52 44 ec 01 00 00 00
  reply@0x27fb7e0+0c0: 5c 12 34 90 01 00 00 00 f0 b8 7f 02 00 00 00 00
  reply@0x27fb7e0+0d0: c0 1b 34 90 01 00 00 00 c0 52 44 ec 01 00 00 00
  reply@0x27fb7e0+0e0: 5c 12 34 90 01 00 00 00 f8 bd 7f 02 00 00 00 00
  reply@0x27fb7e0+0f0: 80 b9 7f 02 00 00 00 00 30 0e 16 80 01 00 38 6c
[trap] num=-18 (0xffffffffffffffee) pc=0x1804adae4 args=[0x203,0xd03,0x2800001513,0x150300000203,0xd5a00000000,0x150300000000,0x30,0x0]
[trap] num=20 (0x14) pc=0x1804ae198 args=[0x0,0x0,0x0,0x27fb6c0,0x27fb380,0x63,0x0,0xc80]
[trap] num=266 (0x10a) pc=0x1804af558 args=[0x18037ff36,0x0,0x19aed0000,0x103,0x27fb380,0x63,0x0,0xc80]
[trap] num=339 (0x153) pc=0x1804bc288 args=[0x3,0x27fb150,0x19aed0000,0x103,0x27fb380,0x63,0x0,0xc80]
[trap] num=197 (0xc5) pc=0x1804aea18 args=[0x0,0x8000,0x1,0x40001,0x3,0x0,0x0,0xc80]
[trap] num=6 (0x6) pc=0x1804ae8f0 args=[0x3,0x8000,0x1,0x40001,0x3,0x0,0x0,0xc80]
[trap] num=169 (0xa9) pc=0x1804af8dc args=[0x2f29,0x0,0x27fb2ac,0x4,0x3,0x0,0x0,0xc80]
[trap] num=500 (0x1f4) pc=0x1804ae144 args=[0x1ec6fd858,0x10,0x4,0x1804f8a0c,0x63,0x63,0x38,0x830]
[trap] num=54 (0x36) pc=0x1804b2338 args=[0x2,0x4004667a,0x27fb21c,0x103,0x63,0x63,0x38,0x830]
[trap] num=54 (0x36) pc=0x1804b2338 args=[0x2,0x40487413,0x27fb220,0x103,0x63,0x63,0x38,0x830]
[trap] num=116 (0x74) pc=0x1804b1b60 args=[0x27faf90,0x0,0x0,0xfffffc088,0x61,0x6d,0x38,0x830]
[trap] num=500 (0x1f4) pc=0x1804ae144 args=[0x27fb0c8,0x20,0x27fb0c8,0x1c725a0a,0xd5a800180267bdc,0x6d,0x38,0x830]
[trap] num=116 (0x74) pc=0x1804b1b60 args=[0x27fafb0,0x0,0x0,0xfffffc088,0xd5a800180267bdc,0x6d,0x38,0x830]
[trap] num=116 (0x74) pc=0x1804b1b60 args=[0x27fafd0,0x0,0x0,0xfffffc088,0x1ec6fcf70,0x1ec6fcfa8,0x1000,0x20]
[trap] num=116 (0x74) pc=0x1804b1b60 args=[0x27fafd0,0x0,0x0,0xfffffc088,0x27faf40,0xa03a8001802361b0,0xcc7534775eb8220e,0x27faff0]
[trap] num=-47 (0xffffffffffffffd1) pc=0x1804adc34 args=[0x27fb168,0x200000003,0x6480001513,0x150300000203,0x12cb00000000,0x150300000001,0x34,0x0]
[mach_msg2] msgh_id=4811 dest=0x203 reply=0x1503 options=0x200000003 bits=0x80001513 send_size=100 rcv_size=52
  send+000: 13 15 00 80 64 00 00 00 03 02 00 00 03 15 00 00
  send+010: 00 00 00 00 cb 12 00 00 01 00 00 00 00 00 00 00
  send+020: 00 00 00 00 00 00 13 00 00 00 00 00 01 00 00 00
  send+030: 00 00 00 00 00 00 00 00 00 80 43 00 00 00 00 00
  send+040: 00 00 00 00 00 00 00 00 01 00 00 01 00 00 00 00
  send+050: 00 00 00 00 00 00 00 00 00 00 00 00 00 00 00 00
  send+060: 01 00 00 00
[trap] num=-12 (0xfffffffffffffff4) pc=0x1804adaa8 args=[0x203,0xa001f4000,0x100000,0x150300000203,0x12cb00000000,0x150300000001,0x34,0x0]
[trap] num=116 (0x74) pc=0x1804b1b60 args=[0x27facb0,0x0,0x0,0xfffffc088,0x12cb00000000,0x150300000001,0x34,0x0]
[trap] num=-15 (0xfffffffffffffff1) pc=0x1804adacc args=[0x203,0x27fad78,0x408000,0x0,0x1000001,0x3,0x0,0x0]
[trap] num=74 (0x4a) pc=0x1804b1b04 args=[0x4c000,0x4000,0x0,0x40000000,0x0,0x3,0x0,0x0]
[trap] num=74 (0x4a) pc=0x1804b1b04 args=[0x450000,0x4000,0x0,0x40000000,0x0,0x3,0x0,0x0]
[trap] num=-15 (0xfffffffffffffff1) pc=0x1804adacc args=[0x203,0x27fadf8,0x400000,0x0,0x7004000,0x3,0x0,0x0]
[trap] num=-89 (0xffffffffffffffa7) pc=0x1804add00 args=[0x1ec705d78,0x180327210,0x0,0x1804f8a08,0x7004000,0x3,0x0,0x0]
[trap] num=-15 (0xfffffffffffffff1) pc=0x1804adacc args=[0x203,0x27fade8,0x3e000,0x0,0x1000001,0x3,0x0,0x0]
[trap] num=-47 (0xffffffffffffffd1) pc=0x1804adc34 args=[0x27fad40,0x200000003,0x2800001513,0x150300000203,0x12d600000000,0x150300000000,0x3c,0x0]
[mach_msg2] msgh_id=4822 dest=0x203 reply=0x1503 options=0x200000003 bits=0x1513 send_size=40 rcv_size=60
  send+000: 13 15 00 00 28 00 00 00 03 02 00 00 03 15 00 00
  send+010: 00 00 00 00 d6 12 00 00 00 00 00 00 01 00 00 00
  send+020: f8 03 00 00 f8 03 40 00
[trap] num=-10 (0xfffffffffffffff6) pc=0x1804ada90 args=[0x203,0x27fa738,0x4000,0x1,0x180327599,0x27fadf0,0x3c,0x0]
[trap] num=336 (0x150) pc=0x1804af110 args=[0x2,0x2f29,0x11,0x0,0x27fa718,0x38,0x180327461,0xa0047c028]
[trap] num=97 (0x61) pc=0x1804b1fa0 args=[0x1,0x2,0x0,0x103,0x27fa718,0x38,0x0,0xa0047c028]
[trap] num=92 (0x5c) pc=0x1804ae8c4 args=[0x3,0x2,0x1,0x103,0x27fa718,0x38,0x0,0xa0047c028]
[trap] num=98 (0x62) pc=0x1804b2364 args=[0x3,0x27f9d46,0x6a,0x27f9d58,0x27fa718,0x38,0x676f6c7379732f,0xa0047c028]
[trap] num=133 (0x85) pc=0x1804b2390 args=[0x3,0x27f9e50,0x109,0x0,0x0,0x0,0x0,0xa0047c028]
[trap] num=-12 (0xfffffffffffffff4) pc=0x1804adaa8 args=[0x203,0xa0047c000,0x4000,0x0,0x0,0x0,0x0,0xa0047c028]
[trap] num=-47 (0xffffffffffffffd1) pc=0x1804adc34 args=[0x27facd8,0x200000003,0x6480001513,0x150300000203,0x12cb00000000,0x150300000001,0x34,0x0]
[mach_msg2] msgh_id=4811 dest=0x203 reply=0x1503 options=0x200000003 bits=0x80001513 send_size=100 rcv_size=52
  send+000: 13 15 00 80 64 00 00 00 03 02 00 00 03 15 00 00
  send+010: 00 00 00 00 cb 12 00 00 01 00 00 00 00 00 00 00
  send+020: 00 00 00 00 00 00 13 00 00 00 00 00 01 00 00 00
  send+030: 00 00 00 00 04 00 00 00 00 00 00 00 06 00 00 00
  send+040: 00 00 00 00 00 00 00 00 00 00 00 00 00 00 00 00
  send+050: 00 00 00 00 00 00 00 00 00 00 00 00 00 00 00 00
  send+060: 01 00 00 00
[trap] num=116 (0x74) pc=0x1804b1b60 args=[0x27fabc0,0x0,0x0,0xfffffc088,0x0,0x700,0xa0021f378,0x0]
[trap] num=-15 (0xfffffffffffffff1) pc=0x1804adacc args=[0x203,0x27fb218,0x4000,0x0,0x1000001,0x3,0x0,0x0]
[trap] num=74 (0x4a) pc=0x1804b1b04 args=[0xa00234000,0x4000,0x1,0xa00234008,0x1000001,0x3,0x0,0x0]
[trap] num=-14 (0xfffffffffffffff2) pc=0x1801155b8 args=[0x203,0x1ec444000,0x24000,0x0,0x3,0x3,0x0,0x0]
[trap] num=-14 (0xfffffffffffffff2) pc=0x1801155b8 args=[0x203,0x1ec444000,0x24000,0x0,0x1,0x3,0x0,0x0]
[trap] num=327 (0x147) pc=0x1804ad92c args=[0x2f29,0x3,0x103,0x103,0x1,0x3,0x0,0x0]
[trap] num=-47 (0xffffffffffffffd1) pc=0x1804adc34 args=[0x27fb31c,0x200000003,0x7400001513,0x150300000203,0x1f4000000000,0x150300000000,0x2c,0x0]
[mach_msg2] msgh_id=8000 dest=0x203 reply=0x1503 options=0x200000003 bits=0x1513 send_size=116 rcv_size=44
  send+000: 13 15 00 00 74 00 00 00 03 02 00 00 03 15 00 00
  send+010: 00 00 00 00 40 1f 00 00 00 00 00 00 01 00 00 00
  send+020: 05 00 00 00 88 5c 09 80 01 00 00 00 78 00 78 00
  send+030: 00 00 00 00 20 58 09 80 01 00 00 00 5c 00 5c 00
  send+040: 00 00 00 00 38 5a 09 80 01 00 00 00 5c 00 5c 00
  send+050: 00 00 00 00 00 59 09 80 01 00 00 00 78 00 78 00
  send+060: 00 00 00 00 b8 5a 09 80 01 00 00 00 78 00 78 00
  send+070: 00 00 00 00
[trap] num=-47 (0xffffffffffffffd1) pc=0x1804adc34 args=[0x27fb720,0x200000003,0x1800001513,0x150300000203,0x1f4100000000,0x150300000000,0x2c,0x0]
[mach_msg2] msgh_id=8001 dest=0x203 reply=0x1503 options=0x200000003 bits=0x1513 send_size=24 rcv_size=44
  send+000: 13 15 00 00 18 00 00 00 03 02 00 00 03 15 00 00
  send+010: 00 00 00 00 41 1f 00 00
[trap] num=-14 (0xfffffffffffffff2) pc=0x1801155b8 args=[0x203,0x1ec444000,0x24000,0x0,0x3,0x53,0x2c,0x0]
[trap] num=-15 (0xfffffffffffffff1) pc=0x1804adacc args=[0x203,0x27f4998,0x8000,0x0,0x1000001,0x3,0x0,0x0]
[trap] num=-15 (0xfffffffffffffff1) pc=0x1804adacc args=[0x203,0x27f49f8,0x8000,0x0,0xb004000,0x3,0x0,0x0]
[trap] num=116 (0x74) pc=0x1804b1b60 args=[0x27f48e0,0x0,0x0,0xfffffc088,0xa7358001801248d8,0x41,0x0,0xb40]
[trap] num=116 (0x74) pc=0x1804b1b60 args=[0x27f4830,0x0,0x0,0xfffffc088,0xa7358001801248d8,0x41,0x1460287c54a03e0b,0xb40]
[trap] num=116 (0x74) pc=0x1804b1b60 args=[0x27f4830,0x0,0x0,0xfffffc088,0xa7358001801248d8,0x41,0x833c3e1023af03bd,0xb40]
[trap] num=116 (0x74) pc=0x1804b1b60 args=[0x27f4830,0x0,0x0,0xfffffc088,0xa7358001801248d8,0x41,0xc23f7a2a8f60a3ee,0xb40]
[trap] num=116 (0x74) pc=0x1804b1b60 args=[0x27f4830,0x0,0x0,0xfffffc088,0xa7358001801248d8,0x41,0xf5073ae00e16b018,0xb40]
[trap] num=116 (0x74) pc=0x1804b1b60 args=[0x27f4830,0x0,0x0,0xfffffc088,0xa7358001801248d8,0x41,0xa6dea1900a73436a,0xb40]
[trap] num=116 (0x74) pc=0x1804b1b60 args=[0x27f4830,0x0,0x0,0xfffffc088,0xa7358001801248d8,0x41,0xd426be3114c7b839,0xb40]
[trap] num=116 (0x74) pc=0x1804b1b60 args=[0x27f4830,0x0,0x0,0xfffffc088,0xa7358001801248d8,0x41,0x2340a8d186563337,0xb40]
[trap] num=116 (0x74) pc=0x1804b1b60 args=[0x27f4830,0x0,0x0,0xfffffc088,0xa7358001801248d8,0x41,0xf7cbb3152bc00382,0xb40]
[trap] num=116 (0x74) pc=0x1804b1b60 args=[0x27f4830,0x0,0x0,0xfffffc088,0xa7358001801248d8,0x41,0x719f291a1879bcad,0xb40]
[trap] num=116 (0x74) pc=0x1804b1b60 args=[0x27f4830,0x0,0x0,0xfffffc088,0xa7358001801248d8,0x41,0x939ebd0d2175d669,0xb40]
[trap] num=-15 (0xfffffffffffffff1) pc=0x1804adacc args=[0x203,0x27f4788,0x400000,0x0,0x2004000,0x3,0x0,0x0]
[trap] num=-15 (0xfffffffffffffff1) pc=0x1804adacc args=[0x203,0x27f46d8,0x80000,0x3fff,0x1000001,0x3,0x0,0x0]
[trap] num=-14 (0xfffffffffffffff2) pc=0x1801155b8 args=[0x203,0x1ec444000,0x24000,0x0,0x1,0x0,0xffffffffbfc007ff,0xfffff0003ffff800]
[trap] num=202 (0xca) pc=0x1804af460 args=[0x27fb710,0x2,0x27fb6d8,0x27fb6d0,0x180205f3c,0x15,0xffffffffbfc007ff,0xfffff0003ffff800]
[trap] num=202 (0xca) pc=0x1804af460 args=[0x27fb6d8,0x2,0x27fb790,0x27fb780,0x0,0x0,0xffffffffbfc007ff,0xfffff0003ffff800]
[trap] num=202 (0xca) pc=0x1804af460 args=[0x27fb710,0x2,0x27fb6d8,0x27fb6d0,0x180205f9b,0x16,0xffffffffbfc007ff,0xfffff0003ffff800]
[trap] num=202 (0xca) pc=0x1804af460 args=[0x27fb6d8,0x2,0x27fb790,0x27fb780,0x0,0x0,0xffffffffbfc007ff,0xfffff0003ffff800]
[trap] num=202 (0xca) pc=0x1804af460 args=[0x27fb710,0x2,0x27fb6d8,0x27fb6d0,0x180205f3c,0x15,0xffffffffbfc007ff,0xfffff0003ffff800]
[trap] num=202 (0xca) pc=0x1804af460 args=[0x27fb6d8,0x2,0x27fb790,0x27fb780,0x0,0x0,0xffffffffbfc007ff,0xfffff0003ffff800]
[trap] num=-47 (0xffffffffffffffd1) pc=0x1804adc34 args=[0x27fb7b0,0x200000003,0x2400001513,0x150300000203,0xd5100000000,0x150300000000,0x30,0x0]
[mach_msg2] msgh_id=3409 dest=0x203 reply=0x1503 options=0x200000003 bits=0x1513 send_size=36 rcv_size=48
  send+000: 13 15 00 00 24 00 00 00 03 02 00 00 03 15 00 00
  send+010: 00 00 00 00 51 0d 00 00 00 00 00 00 01 00 00 00
  send+020: 04 00 00 00
[trap] num=-19 (0xffffffffffffffed) pc=0x1804adaf0 args=[0x203,0x1803,0x0,0x1,0xd5100000000,0x150300000000,0x30,0x0]
[trap] num=-19 (0xffffffffffffffed) pc=0x1804adaf0 args=[0x203,0x1803,0x0,0x1,0xd5100000000,0x150300000000,0x30,0x0]
[trap] num=-19 (0xffffffffffffffed) pc=0x1804adaf0 args=[0x203,0x1803,0x0,0x1,0x0,0x150300000000,0x30,0x0]
[trap] num=-15 (0xfffffffffffffff1) pc=0x1804adacc args=[0x203,0x27f9b28,0x400000,0x0,0x2004000,0x3,0x0,0x0]
[trap] num=-14 (0xfffffffffffffff2) pc=0x1801155b8 args=[0x203,0x1ec444000,0x24000,0x0,0x3,0x27fb5df,0xffffffffbfc007ff,0xa0]
[trap] num=-14 (0xfffffffffffffff2) pc=0x1801155b8 args=[0x203,0x1ec444000,0x24000,0x0,0x1,0x27fb5df,0xffffffffbfc007ff,0xa0]
[trap] num=5 (0x5) pc=0x180119f50 args=[0x700c01660,0x0,0x0,0x700c01660,0x700c01660,0x0,0x0,0xfffff0003ffff800]
[trap] num=92 (0x5c) pc=0x1801180d8 args=[0x4,0x32,0x27fb0a8,0x700c01660,0x700c01660,0x0,0x0,0xfffff0003ffff800]
[trap] num=6 (0x6) pc=0x180116750 args=[0x4,0x32,0x27fb0a8,0x700c01660,0x700c01660,0x0,0x0,0xfffff0003ffff800]
[trap] num=220 (0xdc) pc=0x1804ae63c args=[0x700c01660,0x27fb0d0,0x27fb0ec,0x40c,0x0,0x0,0x0,0xfffff0003ffff800]
[trap] num=33 (0x21) pc=0x1804ae668 args=[0x700c016a0,0x4,0x639a0,0x63a30,0x700c016a0,0x0,0x0,0xfffff0003ffff800]
[M28 BANDSHRINK] syscall 33 band past ipa 0x639a0 len 65536 shrunk 64 -> 0 by an overlapping window of the same call
[trap] num=5 (0x5) pc=0x1804ae694 args=[0x700c016a0,0x0,0x0,0x63a30,0x700c016a0,0x0,0x0,0xfffff0003ffff800]
[trap] num=339 (0x153) pc=0x1804bc288 args=[0x4,0x639a0,0x0,0x63a30,0x700c016a0,0x0,0x0,0xfffff0003ffff800]
[M28 BANDSHRINK] syscall 339 band past ipa 0x639a0 len 65536 shrunk 64 -> 0 by an overlapping window of the same call
[trap] num=483 (0x1e3) pc=0x1804ae6f0 args=[0x0,0x27fb2fc,0x4,0x63a30,0x700c016a0,0x0,0x0,0xfffff0003ffff800]
[trap] num=228 (0xe4) pc=0x1804b1694 args=[0x4,0x27fb3c0,0x27fb320,0x28,0x0,0x0,0x0,0xfffff0003ffff800]
[trap] num=228 (0xe4) pc=0x1804b1694 args=[0x4,0x27fb3f0,0x27fb3e0,0xc,0x20,0x0,0x0,0xfffff0003ffff800]
[trap] num=92 (0x5c) pc=0x1804ae8c4 args=[0x4,0x32,0x27fb018,0x27fb3d8,0x27fb080,0x0,0x0,0xfffff0003ffff800]
[trap] num=6 (0x6) pc=0x1804ae8f0 args=[0x4,0x27fb021,0x0,0x606c9,0x0,0x0,0x0,0xfffff0003ffff800]
[trap] num=5 (0x5) pc=0x1804ae694 args=[0x63a90,0x0,0x0,0x63aa3,0x18020b535,0x27fb4e0,0x74,0x470]
[M28 BANDSHRINK] syscall 5 band past ipa 0x63a90 len 65536 shrunk 64 -> 0 by an overlapping window of the same call
[trap] num=336 (0x150) pc=0x1804af110 args=[0x2,0x2f29,0xd,0x1,0x27fb750,0x40,0x74,0x470]
[trap] num=-24 (0xffffffffffffffe8) pc=0x1804adb2c args=[0x203,0x27fb810,0x71b75ace,0x27fb80c,0x0,0x5,0x0,0x0]
[trap] num=-47 (0xffffffffffffffd1) pc=0x1804adc34 args=[0x27fb7a8,0x200000003,0x3480001513,0x150300000203,0xd5200000000,0x150300000001,0x2c,0x0]
[mach_msg2] msgh_id=3410 dest=0x203 reply=0x1503 options=0x200000003 bits=0x80001513 send_size=52 rcv_size=44
  send+000: 13 15 00 80 34 00 00 00 03 02 00 00 03 15 00 00
  send+010: 00 00 00 00 52 0d 00 00 01 00 00 00 03 17 00 00
  send+020: 00 00 00 00 00 00 13 00 00 00 00 00 01 00 00 00
  send+030: 0a 00 00 00
[trap] num=-47 (0xffffffffffffffd1) pc=0x1804adc34 args=[0x27fb528,0x200000003,0x2800001513,0x150300000203,0xd4d00000000,0x150300000000,0x1a8,0x0]
[mach_msg2] msgh_id=3405 dest=0x203 reply=0x1503 options=0x200000003 bits=0x1513 send_size=40 rcv_size=424
  send+000: 13 15 00 00 28 00 00 00 03 02 00 00 03 15 00 00
  send+010: 00 00 00 00 4d 0d 00 00 00 00 00 00 01 00 00 00
  send+020: 0f 00 00 00 08 00 00 00
[retrace] forwarding mach_msg2 task_info (msgh_id 3405) to host (decided allowlist)
[mach_msg2] host ret=0x0 err=false
  reply@0x27fb528+000: 00 12 00 00 48 00 00 00 00 00 00 00 03 15 00 00
  reply@0x27fb528+010: 00 00 00 00 b1 0d 00 00 00 00 00 00 01 00 00 00
  reply@0x27fb528+020: 00 00 00 00 08 00 00 00 f5 01 00 00 f5 01 00 00
  reply@0x27fb528+030: 14 00 00 00 f5 01 00 00 14 00 00 00 29 2f 00 00
  reply@0x27fb528+040: b9 86 01 00 99 08 21 00 00 00 00 00 08 00 00 00
  reply@0x27fb528+050: 00 00 00 00 00 00 00 00 00 00 00 00 00 00 00 00
  reply@0x27fb528+060: 00 00 00 00 00 00 00 00 00 00 00 00 00 00 00 00
  reply@0x27fb528+070: 00 00 00 00 00 00 00 00 00 00 00 00 00 00 00 00
  reply@0x27fb528+080: 00 00 00 00 00 00 00 00 00 00 00 00 00 00 00 00
  reply@0x27fb528+090: 00 00 00 00 00 00 00 00 00 00 00 00 00 00 00 00
  reply@0x27fb528+0a0: 00 00 00 00 00 00 00 00 00 00 00 00 00 00 00 00
  reply@0x27fb528+0b0: 00 00 00 00 00 00 00 00 00 00 00 00 00 00 00 00
  reply@0x27fb528+0c0: 00 00 00 00 00 00 00 00 00 00 00 00 00 00 00 00
  reply@0x27fb528+0d0: 00 00 00 00 00 00 00 00 00 00 00 00 00 00 00 00
  reply@0x27fb528+0e0: 00 00 00 00 00 00 00 00 00 00 00 00 00 00 00 00
  reply@0x27fb528+0f0: 00 00 00 00 00 00 00 00 00 00 00 00 00 00 00 00
[trap] num=170 (0xaa) pc=0x1804ae5d0 args=[0x2f29,0x10,0x27fb340,0x408,0x10478,0x150300000000,0x210899000186b9,0x0]
[trap] num=202 (0xca) pc=0x1804af460 args=[0x27fb740,0x2,0x27fb708,0x27fb700,0x1844cfba7,0x15,0x72,0x400]
[trap] num=202 (0xca) pc=0x1804af460 args=[0x27fb708,0x2,0x27fb798,0x27fb790,0x0,0x0,0x72,0x400]
[trap] num=-14 (0xfffffffffffffff2) pc=0x1801155b8 args=[0x203,0x1ec444000,0x24000,0x0,0x3,0x0,0x0,0x0]
[trap] num=-15 (0xfffffffffffffff1) pc=0x1801155c4 args=[0x203,0x27fb3f0,0x20000,0x3fff,0x3c000001,0x3,0x0,0x0]
[trap] num=-12 (0xfffffffffffffff4) pc=0x1801155a0 args=[0x203,0x100014000,0x20000,0x103,0xffffffff13bd0f30,0x10,0x63,0x0]
[trap] num=-14 (0xfffffffffffffff2) pc=0x1801155b8 args=[0x203,0x1ec444000,0x24000,0x0,0x1,0x0,0x0,0x0]
[trap] num=-14 (0xfffffffffffffff2) pc=0x1801155b8 args=[0x203,0x1ec444000,0x24000,0x0,0x3,0x0,0x0,0x0]
[trap] num=-14 (0xfffffffffffffff2) pc=0x1801155b8 args=[0x203,0x1ec444000,0x24000,0x0,0x1,0x0,0x0,0x0]
[trap] num=-14 (0xfffffffffffffff2) pc=0x1801155b8 args=[0x203,0x1ec444000,0x24000,0x0,0x3,0x0,0x0,0x0]
[trap] num=-14 (0xfffffffffffffff2) pc=0x1801155b8 args=[0x203,0x1ec444000,0x24000,0x0,0x1,0x0,0x0,0x0]
[trap] num=-14 (0xfffffffffffffff2) pc=0x1801155b8 args=[0x203,0x1ec444000,0x24000,0x0,0x3,0x0,0x0,0x0]
[trap] num=-14 (0xfffffffffffffff2) pc=0x1801155b8 args=[0x203,0x1ec444000,0x24000,0x0,0x1,0x0,0x0,0x0]
[trap] num=-14 (0xfffffffffffffff2) pc=0x1801155b8 args=[0x203,0x1ec444000,0x24000,0x0,0x3,0x0,0x0,0x0]
[trap] num=-14 (0xfffffffffffffff2) pc=0x1801155b8 args=[0x203,0x1ec444000,0x24000,0x0,0x1,0x0,0x0,0x0]
[trap] num=-14 (0xfffffffffffffff2) pc=0x1801155b8 args=[0x203,0x1ec444000,0x24000,0x0,0x3,0x0,0x0,0x0]
[trap] num=25 (0x19) pc=0x1804af050 args=[0x1edd8d978,0xe062800180533098,0xe062800180533098,0x103,0x1ec445338,0x0,0x0,0x0]
[trap] num=24 (0x18) pc=0x1804af858 args=[0x1f5,0xe062800180533098,0xe062800180533098,0x103,0x1ec445338,0x0,0x0,0x0]
[trap] num=202 (0xca) pc=0x1804af460 args=[0x27fa5b0,0x4,0x27fa5c0,0x27fa5a8,0x0,0x0,0x0,0x0]
[trap] num=286 (0x11e) pc=0x1804af884 args=[0x27fa860,0x27fa864,0x2a7d8001805331c8,0x27fa5a8,0x0,0x0,0x0,0x0]
[trap] num=25 (0x19) pc=0x1804af050 args=[0xffffffffffffffff,0xffffffffffffffff,0x2a7d8001805331c8,0x27fa5a8,0x0,0x0,0x0,0x0]
[trap] num=43 (0x2b) pc=0x1804af8b0 args=[0x1f5,0xffffffffffffffff,0x2a7d8001805331c8,0x27fa5a8,0x0,0x0,0x0,0x0]
[trap] num=169 (0xa9) pc=0x1804af8dc args=[0x2f29,0x10,0x27f9de0,0x408,0x408,0x0,0x0,0x3f0]
[trap] num=169 (0xa9) pc=0x1804af8dc args=[0x2f29,0x10,0x27f9f00,0x408,0x408,0x73,0x72,0x400]
[trap] num=-19 (0xffffffffffffffed) pc=0x1804adaf0 args=[0x203,0x1803,0x0,0x1,0x0,0x58,0x65,0x400]
[trap] num=-50 (0xffffffffffffffce) pc=0x1804adc58 args=[0x1ec6fbd20,0x103,0x103,0x0,0x6,0x0,0x73,0x400]
[trap] num=-29 (0xffffffffffffffe3) pc=0x1804adb68 args=[0x0,0x7e5700018035aad8,0x7e5700018035aad8,0x66348,0x0,0x13,0x0,0x400]
[trap] num=-47 (0xffffffffffffffd1) pc=0x1804adc34 args=[0x27f9ee0,0x200000003,0x2800001513,0x150300000d03,0x19c00000000,0x150300000000,0x30,0x0]
[mach_msg2] msgh_id=412 dest=0xd03 reply=0x1503 options=0x200000003 bits=0x1513 send_size=40 rcv_size=48
  send+000: 13 15 00 00 28 00 00 00 03 0d 00 00 03 15 00 00
  send+010: 00 00 00 00 9c 01 00 00 00 00 00 00 01 00 00 00
  send+020: ff ff ff ff 01 00 00 00
[retrace] forwarding mach_msg2 host_get_special_port (msgh_id 412) to host (decided allowlist)
[mach_msg2] host ret=0x0 err=false
  reply@0x27f9ee0+000: 00 12 00 00 24 00 00 00 00 00 00 00 03 15 00 00
  reply@0x27f9ee0+010: 00 00 00 00 00 02 00 00 00 00 00 00 01 00 00 00
  reply@0x27f9ee0+020: 04 00 00 00 00 00 00 00 08 00 00 00 00 00 00 00
  reply@0x27f9ee0+030: 10 19 06 00 00 00 00 00 03 0d 00 00 00 00 00 00
  reply@0x27f9ee0+040: 50 9f 7f 02 00 00 00 00 08 ab 35 80 01 00 2d 17
  reply@0x27f9ee0+050: 03 18 00 00 00 00 00 00 c0 5f 06 00 00 00 00 00
  reply@0x27f9ee0+060: 10 19 06 00 00 00 00 00 f0 fa 6f ec 01 00 00 00
  reply@0x27f9ee0+070: 60 9f 7f 02 00 00 00 00 b0 04 35 80 01 80 0f 22
  reply@0x27f9ee0+080: 80 9f 7f 02 00 00 00 00 30 96 33 80 01 00 28 c9
  reply@0x27f9ee0+090: 10 19 06 00 00 00 00 00 28 f9 6f ec 01 00 00 00
  reply@0x27f9ee0+0a0: 90 9f 7f 02 00 00 00 00 cc aa 35 80 01 00 48 46
  reply@0x27f9ee0+0b0: b0 9f 7f 02 00 00 00 00 34 c5 35 80 01 00 20 a6
  reply@0x27f9ee0+0c0: 2e 00 00 00 00 00 00 00 6e 0a 2f a6 00 00 00 00
  reply@0x27f9ee0+0d0: c0 9f 7f 02 00 00 00 00 b0 04 35 80 01 80 1f 40
  reply@0x27f9ee0+0e0: e0 9f 7f 02 00 00 00 00 30 96 33 80 01 80 3d 52
  reply@0x27f9ee0+0f0: 10 19 06 00 00 00 00 00 48 63 06 00 00 00 00 00
[trap] num=-70 (0xffffffffffffffba) pc=0x1804adcc4 args=[0xd03,0x180373fb0,0x10,0x27f9fac,0x19c00000000,0x150300000000,0x30,0x0]
[trap] num=-47 (0xffffffffffffffd1) pc=0x1804adc34 args=[0x66348,0x403114207,0xf880131513,0x200300001803,0x400000cf00001f03,0x200300000001,0xf8,0x0]
[mach_msg2] msgh_id=1073742031 dest=0x1803 reply=0x2003 options=0x403114207 bits=0x80131513 send_size=248 rcv_size=248
  send+000: 13 15 13 80 f8 00 00 00 03 18 00 00 03 20 00 00
  send+010: 03 1f 00 00 cf 00 00 40 01 00 00 00 03 18 00 00
  send+020: 00 00 00 00 00 00 13 00 43 50 58 40 05 00 00 00
  send+030: 00 f0 00 00 c0 00 00 00 07 00 00 00 68 61 6e 64
  send+040: 6c 65 00 00 00 40 00 00 00 00 00 00 00 00 00 00
  send+050: 69 6e 73 74 61 6e 63 65 00 00 00 00 00 a0 00 00
  send+060: 00 00 00 00 00 00 00 00 00 00 00 00 00 00 00 00
  send+070: 66 6c 61 67 73 00 00 00 00 40 00 00 08 00 00 00
  send+080: 00 00 00 00 6e 61 6d 65 00 00 00 00 00 90 00 00
  send+090: 25 00 00 00 63 6f 6d 2e 61 70 70 6c 65 2e 73 79
  send+0a0: 73 74 65 6d 2e 6e 6f 74 69 66 69 63 61 74 69 6f
  send+0b0: 6e 5f 63 65 6e 74 65 72 00 00 00 00 74 79 70 65
  send+0c0: 00 00 00 00 00 40 00 00 07 00 00 00 00 00 00 00
  send+0d0: 74 61 72 67 65 74 70 69 64 00 00 00 00 30 00 00
  send+0e0: 00 00 00 00 00 00 00 00 64 6f 6d 61 69 6e 2d 70
  send+0f0: 6f 72 74 00 00 d0 00 00
[retrace] refusing mach_msg2 message-queue send (msgh_id 0x400000cf dest 0x1803 send_size 248): the box hosts no message-queue receivers
[trap] num=-18 (0xffffffffffffffee) pc=0x1804adae4 args=[0x203,0x1803,0x413a8001801c8220,0x66170,0x661c0,0x200300000001,0xf8,0x0]
[M28 BANDSHRINK] syscall -18 band past ipa 0x66170 len 65536 shrunk 64 -> 0 by an overlapping window of the same call
[trap] num=327 (0x147) pc=0x1804ad92c args=[0x0,0x103,0x103,0x103,0x0,0x0,0x0,0x0]
[trap] num=327 (0x147) pc=0x1804ad92c args=[0x0,0x103,0x103,0x103,0x2,0x63,0x0,0x0]
[trap] num=327 (0x147) pc=0x1804ad92c args=[0x0,0x0,0x0,0x103,0x2,0x63,0x0,0x0]
[trap] num=25 (0x19) pc=0x1804af050 args=[0x1ec7182a0,0x0,0x1f5,0x2,0x66080,0x0,0x65,0x400]
[trap] num=194 (0xc2) pc=0x1804b00c8 args=[0x1008,0x27fa698,0x611c0001804edb6c,0x2,0x66080,0x0,0x65,0x400]
[trap] num=398 (0x18e) pc=0x1804ae948 args=[0x18052cc13,0x0,0x0,0x2,0x66080,0x0,0x65,0x400]
[trap] num=339 (0x153) pc=0x1804bc288 args=[0x4,0x27fa6a0,0x120a8,0x1ec7035c0,0x27fa818,0x27fa810,0x65,0x400]
[trap] num=339 (0x153) pc=0x1804bc288 args=[0x4,0x27f9590,0x27f9654,0x1ec7035c0,0x27fa818,0x27fa810,0x65,0x400]
[trap] num=396 (0x18c) pc=0x1804afcac args=[0x4,0x66140,0x1000,0x100,0x0,0x27fa810,0x65,0x400]
[trap] num=396 (0x18c) pc=0x1804afcac args=[0x4,0x66140,0x1000,0x27f9735,0x70100c080,0x27fa517,0x65,0xfffff0007ffff800]
[trap] num=396 (0x18c) pc=0x1804afcac args=[0x4,0x66140,0x1000,0x27f972a,0x70100c080,0x27fa517,0x61,0xfffff0007ffff800]
[trap] num=396 (0x18c) pc=0x1804afcac args=[0x4,0x66140,0x1000,0xfffff0007fc00000,0x701004340,0x27fa517,0x0,0xfffff0007ffff800]
[trap] num=399 (0x18f) pc=0x1804af584 args=[0x4,0x0,0x611c0001804edb6c,0xfffff0007fc00000,0x701004340,0x27fa517,0x0,0xfffff0007ffff800]
[trap] num=169 (0xa9) pc=0x1804af8dc args=[0x2f29,0x0,0x27fb5f4,0x4,0x700c01ea0,0x0,0xffffffffbfc007ff,0xfffff0003ffff800]
[trap] num=327 (0x147) pc=0x1804ad92c args=[0x0,0x1edd85ee8,0xbb55800180503ca0,0x1f5,0x2,0x0,0x0,0xfffff0003ffff800]
[trap] num=25 (0x19) pc=0x1804af050 args=[0x1ec7182a0,0x0,0x1f5,0x2,0x66340,0x0,0x65,0x400]
[trap] num=194 (0xc2) pc=0x1804b00c8 args=[0x1008,0x27fa668,0x611c0001804edb6c,0x2,0x66340,0x0,0x65,0x400]
[trap] num=398 (0x18e) pc=0x1804ae948 args=[0x18052cc13,0x0,0x0,0x2,0x66340,0x0,0x65,0x400]
[trap] num=339 (0x153) pc=0x1804bc288 args=[0x4,0x27fa670,0x120a8,0x1ec7035c0,0x27fa7e8,0x27fa7e0,0x65,0x400]
[trap] num=339 (0x153) pc=0x1804bc288 args=[0x4,0x27f9560,0x27f9624,0x1ec7035c0,0x27fa7e8,0x27fa7e0,0x65,0x400]
[trap] num=396 (0x18c) pc=0x1804afcac args=[0x4,0x701014000,0x1000,0x1,0x0,0x1,0x0,0x0]
[trap] num=396 (0x18c) pc=0x1804afcac args=[0x4,0x701014000,0x1000,0x27f9705,0x70100c080,0x27fa4e7,0x65,0xfffff0007ffff800]
[M28 BANDSHRINK] syscall 396 band past ipa 0x70100c080 len 65536 shrunk 64 -> 0 by an overlapping window of the same call
[trap] num=396 (0x18c) pc=0x1804afcac args=[0x4,0x701014000,0x1000,0x27f96fa,0x70100c080,0x27fa4e7,0x61,0xfffff0007ffff800]
[M28 BANDSHRINK] syscall 396 band past ipa 0x70100c080 len 65536 shrunk 64 -> 0 by an overlapping window of the same call
[trap] num=396 (0x18c) pc=0x1804afcac args=[0x4,0x701014000,0x1000,0xfffff0007fc00000,0x701004340,0x27fa4e7,0x0,0xfffff0007ffff800]
[M28 BANDSHRINK] syscall 396 band past ipa 0x701004340 len 65536 shrunk 64 -> 0 by an overlapping window of the same call
[trap] num=399 (0x18f) pc=0x1804af584 args=[0x4,0x0,0x611c0001804edb6c,0xfffff0007fc00000,0x701004340,0x27fa4e7,0x0,0xfffff0007ffff800]
[trap] num=327 (0x147) pc=0x1804ad92c args=[0x0,0x100,0xaf7a000193c16a30,0x27fff18,0x1ec445338,0x0,0x0,0x0]
[trap] num=169 (0xa9) pc=0x1804af8dc args=[0x2f29,0x0,0x27fb4b8,0x4,0x1ec445338,0x0,0x0,0x0]
[trap] num=327 (0x147) pc=0x1804ad92c args=[0x1,0x194057bf0,0xf,0x1804f8a01,0x1ec445338,0x0,0x0,0x0]
[trap] num=169 (0xa9) pc=0x1804af8dc args=[0x2f29,0x0,0x27fb4bc,0x4,0x1ec445338,0x0,0x0,0x0]
[trap] num=54 (0x36) pc=0x1804b2338 args=[0x1,0x4004667a,0x27fb43c,0x4,0x1ec445338,0x0,0x0,0x0]
[trap] num=54 (0x36) pc=0x1804b2338 args=[0x1,0x40487413,0x27fb440,0x4,0x1ec445338,0x0,0x0,0x0]
[trap] num=54 (0x36) pc=0x1804b2338 args=[0x1,0x4004667a,0x27fb43c,0x4,0x1ec445338,0x0,0x0,0x0]
[trap] num=54 (0x36) pc=0x1804b2338 args=[0x1,0x40487413,0x27fb440,0x4,0x1ec445338,0x0,0x0,0x0]
[trap] num=116 (0x74) pc=0x1804b1b60 args=[0x27fb310,0x0,0x0,0xfffffc088,0x1ec445338,0x0,0x0,0x0]
[trap] num=116 (0x74) pc=0x1804b1b60 args=[0x27fb310,0x0,0x0,0xfffffc088,0x1ec445338,0x0,0xf614b67527d3bfcd,0x0]
[trap] num=483 (0x1e3) pc=0x1804ae6f0 args=[0x0,0x27fb5cc,0x4,0x27fff18,0x1ec445338,0x0,0x0,0x0]
[trap] num=-15 (0xfffffffffffffff1) pc=0x1801155c4 args=[0x203,0x27fb470,0x20000,0x3fff,0x3c000001,0x3,0x0,0x0]
[trap] num=-12 (0xfffffffffffffff4) pc=0x1801155a0 args=[0x203,0x100014000,0x20000,0x103,0xffffffff13bd0f30,0x10,0x63,0x0]
[trap] num=-14 (0xfffffffffffffff2) pc=0x1801155b8 args=[0x203,0x1ec444000,0x24000,0x0,0x1,0x10,0x63,0x0]
[trap] num=5 (0x5) pc=0x180119f50 args=[0x700c02c60,0x0,0x0,0x700c02c60,0x700c02c60,0x0,0x0,0xfffff0003ffff800]
[trap] num=92 (0x5c) pc=0x1801180d8 args=[0x4,0x32,0x27fec48,0x700c02c60,0x700c02c60,0x0,0x0,0xfffff0003ffff800]
[trap] num=6 (0x6) pc=0x180116750 args=[0x4,0x32,0x27fec48,0x700c02c60,0x700c02c60,0x0,0x0,0xfffff0003ffff800]
[trap] num=220 (0xdc) pc=0x1804ae63c args=[0x700c02c60,0x27fec70,0x27fec8c,0x40c,0x0,0x0,0x0,0xfffff0003ffff800]
[trap] num=33 (0x21) pc=0x1804ae668 args=[0x700c02ca0,0x4,0x6a670,0x6a700,0x700c02ca0,0x0,0x0,0xfffff0003ffff800]
[M28 BANDSHRINK] syscall 33 band past ipa 0x6a670 len 65536 shrunk 64 -> 0 by an overlapping window of the same call
[trap] num=5 (0x5) pc=0x1804ae694 args=[0x700c02ca0,0x0,0x0,0x6a700,0x700c02ca0,0x0,0x0,0xfffff0003ffff800]
[trap] num=339 (0x153) pc=0x1804bc288 args=[0x4,0x6a670,0x0,0x6a700,0x700c02ca0,0x0,0x0,0xfffff0003ffff800]
[M28 BANDSHRINK] syscall 339 band past ipa 0x6a670 len 65536 shrunk 64 -> 0 by an overlapping window of the same call
[trap] num=483 (0x1e3) pc=0x1804ae6f0 args=[0x0,0x27fee9c,0x4,0x6a700,0x700c02ca0,0x0,0x0,0xfffff0003ffff800]
[trap] num=228 (0xe4) pc=0x1804b1694 args=[0x4,0x27fef60,0x27feec0,0x28,0x0,0x0,0x0,0xfffff0003ffff800]
[trap] num=228 (0xe4) pc=0x1804b1694 args=[0x4,0x27fef90,0x27fef80,0xc,0x20,0x0,0x0,0xfffff0003ffff800]
[trap] num=92 (0x5c) pc=0x1804ae8c4 args=[0x4,0x32,0x27febb8,0x27fef78,0x27fec00,0x0,0x0,0xfffff0003ffff800]
[trap] num=6 (0x6) pc=0x1804ae8f0 args=[0x4,0x27febc1,0x0,0x664e9,0x0,0x0,0x0,0xfffff0003ffff800]
[trap] num=5 (0x5) pc=0x1804ae694 args=[0x6a760,0x0,0x0,0x6a773,0x18020b535,0x27ff080,0x74,0x470]
[M28 BANDSHRINK] syscall 5 band past ipa 0x6a760 len 65536 shrunk 64 -> 0 by an overlapping window of the same call
[trap] num=381 (0x17d) pc=0x1804af730 args=[0x180231d05,0x5a,0x27ff2e0,0x6a720,0x6a680,0x27ff080,0x74,0x470]
[M28 BANDSHRINK] syscall 381 band past ipa 0x6a680 len 65536 shrunk 64 -> 0 by an overlapping window of the same call
[trap] num=336 (0x150) pc=0x1804af110 args=[0x2,0x2f29,0x11,0x1,0x27ff2b0,0x38,0x74,0x470]
[trap] num=169 (0xa9) pc=0x1804af8dc args=[0x2f29,0x10,0x27fedc0,0x408,0x408,0x38,0x74,0x470]
[trap] num=-19 (0xffffffffffffffed) pc=0x1804adaf0 args=[0x203,0x1803,0x0,0x1,0x0,0x58,0x65,0x400]
[trap] num=-18 (0xffffffffffffffee) pc=0x1804adae4 args=[0x203,0x1803,0x413a8001801c8220,0x6a7a0,0x6a800,0x0,0x73,0x400]
[M28 BANDSHRINK] syscall -18 band past ipa 0x6a7a0 len 65536 shrunk 64 -> 0 by an overlapping window of the same call
[trap] num=116 (0x74) pc=0x1804b1b60 args=[0x27ff170,0x0,0x0,0xfffffc088,0x6a680,0x0,0x73,0x400]
[trap] num=-14 (0xfffffffffffffff2) pc=0x1801155b8 args=[0x203,0x1ec444000,0x24000,0x0,0x3,0x27ff17f,0xe05fe316e070ffc6,0x400]
[trap] num=-14 (0xfffffffffffffff2) pc=0x1801155b8 args=[0x203,0x1ec444000,0x24000,0x0,0x1,0x27ff17f,0xe05fe316e070ffc6,0x400]
[trap] num=-14 (0xfffffffffffffff2) pc=0x1801155b8 args=[0x203,0x1ec444000,0x24000,0x0,0x3,0x27ff1af,0xe05fe316e070ffc6,0x400]
[trap] num=-14 (0xfffffffffffffff2) pc=0x1801155b8 args=[0x203,0x1ec444000,0x24000,0x0,0x1,0x27ff1af,0xe05fe316e070ffc6,0x400]
[trap] num=202 (0xca) pc=0x1804af460 args=[0x27ff5f8,0x4,0x27ff370,0x27ff368,0x0,0x0,0xe05fe316e070ffc6,0x400]
[trap] num=327 (0x147) pc=0x1804ad92c args=[0x0,0x4,0x27ff370,0x27ff368,0x0,0x0,0xe05fe316e070ffc6,0x400]
[trap] num=-47 (0xffffffffffffffd1) pc=0x1804adc34 args=[0x27ff5f0,0x404000102,0x0,0x0,0x0,0x170300000000,0x6c,0x0]
[mach_msg2] msgh_id=0 dest=0x0 reply=0x0 options=0x404000102 bits=0x0 send_size=0 rcv_size=108
[retrace] refusing mach_msg2 message-queue receive (rcv_name 0x1703 rcv_size 108 options 0x404000102): the box hosts no message-queue senders
[trap] num=463 (0x1cf) pc=0x1804af5b0 args=[0xfffffffe,0x27ff248,0x1000104,0x0,0x180233493,0x27ff1f0,0x74,0x0]
[trap] num=463 (0x1cf) pc=0x1804af5b0 args=[0xfffffffe,0x27ff1e8,0x1000104,0x0,0x180233493,0x27ff1d0,0x74,0x0]
[trap] num=463 (0x1cf) pc=0x1804af5b0 args=[0xfffffffe,0x27ff1c8,0x1000104,0x0,0x180233125,0x27ff160,0x74,0x0]
[trap] num=463 (0x1cf) pc=0x1804af5b0 args=[0xfffffffe,0x27ff1c8,0x1000104,0x0,0x180233125,0x27ff160,0x74,0x0]
[trap] num=463 (0x1cf) pc=0x1804af5b0 args=[0xfffffffe,0x27ff1c8,0x1000104,0x0,0x180233125,0x27ff160,0x74,0x0]
[trap] num=463 (0x1cf) pc=0x1804af5b0 args=[0xfffffffe,0x27ff1c8,0x1000104,0x0,0x180233125,0x27ff1b0,0x74,0x0]
[trap] num=194 (0xc2) pc=0x1804b00c8 args=[0x1003,0x27fdff0,0x27fe2d4,0x0,0x0,0x1,0x0,0x0]
[trap] num=463 (0x1cf) pc=0x1804af5b0 args=[0xfffffffe,0x27ff048,0x1000104,0x0,0x180233125,0x27fefe0,0x74,0x0]
[trap] num=463 (0x1cf) pc=0x1804af5b0 args=[0xfffffffe,0x27ff048,0x1000104,0x0,0x180233125,0x27fefe0,0x74,0x0]
[trap] num=463 (0x1cf) pc=0x1804af5b0 args=[0xfffffffe,0x27ff048,0x1000104,0x0,0x180233125,0x27fefe0,0x74,0x0]
[trap] num=199 (0xc7) pc=0x1804af624 args=[0x4,0x0,0x2,0x0,0x180233125,0x27fefe0,0x74,0x0]
[trap] num=153 (0x99) pc=0x1804af650 args=[0x4,0x6bb80,0x167,0x0,0x0,0x27fefe0,0x74,0x0]
[trap] num=6 (0x6) pc=0x1804ae8f0 args=[0x4,0x6bb80,0x167,0x0,0x0,0x27fefe0,0x74,0x0]
[trap] num=463 (0x1cf) pc=0x1804af5b0 args=[0xfffffffe,0x27ff048,0x1000104,0x0,0x180233125,0x27ff030,0x74,0x400]
[trap] num=202 (0xca) pc=0x1804af460 args=[0x27ff290,0x2,0x27ff418,0x27ff288,0x0,0x0,0x30,0x0]
[trap] num=336 (0x150) pc=0x1804af110 args=[0x2,0x2f29,0x11,0x0,0x27ff1c8,0x38,0x1803fd9df,0x27ff318]
[trap] num=133 (0x85) pc=0x1804b2390 args=[0x3,0x27fe900,0xda,0x0,0x0,0x0,0x0,0x27ff318]
[trap] num=368 (0x170) pc=0x1804af9f0 args=[0x400,0x27ff258,0x18,0x0,0x1,0x0,0x0,0x3]
[trap] num=367 (0x16f) pc=0x1804afa1c args=[0x0,0x27ff258,0x18,0x0,0x1,0x0,0x0,0x3]
[trap] num=374 (0x176) pc=0x1804afa48 args=[0xffffffff,0x27ff348,0x1,0x0,0x0,0x0,0x0,0x21]
[kevent_qos] thread=0 entry=[01, 00, 00, 00, 00, 00, 00, 00, f6, ff, 21, 00, 00, 00, 00, 02, f8, ff, ff, ff, ff, ff, ff, ff, 00, 00, 00, 00, 00, 00, 00, 00, 00, 00, 00, 00, 00, 00, 00, 00, 00, 00, 00, 00, 00, 00, 00, 00, 00, 00, 00, 00, 00, 00, 00, 00, 00, 00, 00, 00, 00, 00, 00, 00, 00, 00, 00, 00, 00, 00, 00, 00]

thread 'main' (7998231) panicked at crates/retrace-arch/src/lib.rs:983:38:
M33: syscall 374 (374) has no arg_kinds row in crates/retrace-arch/src/lib.rs — it cannot be forwarded unclassified (an untranslated guest fd would act on retrace's own descriptor of that number). Classify each argument from the SDK prototype under the rules in ArgKind's docs and add the row; if a guest in the corpora dispatches it, add the number to tests/census.rs too.
note: run with `RUST_BACKTRACE=1` environment variable to display a backtrace
