[trap] num=-28 (0xffffffffffffffe4) pc=0x140001654 args=[0x27ff9d8,0x8,0x1400e0090,0x27ff47f,0x27ff5c8,0x1400647cc,0x0,0x0]
[trap] num=-26 (0xffffffffffffffe6) pc=0x14000163c args=[0x203,0x8,0x1400e0090,0x27ff47f,0x27ff5c8,0x1400647cc,0x0,0x0]
[trap] num=372 (0x174) pc=0x140004b14 args=[0x0,0x8,0x1400e0090,0x27ff47f,0x27ff5c8,0x1400647cc,0x0,0x0]
[trap] num=2147483648 (0x80000000) pc=0x14008194c args=[0x1400b9ee0,0x8,0x1400e0090,0x2,0x27ff5c8,0x1400647cc,0x0,0x0]
[retrace warn] dyld __mac_syscall(Sandbox) synthesized as success/unsandboxed (not forwarded; host would fault)
[trap] num=38 (0x26) pc=0x1400815a0 args=[0x0,0x0,0x0,0x27ff678,0x0,0x1400647cc,0x0,0x0]
[trap] num=-14 (0xfffffffffffffff2) pc=0x1400015b8 args=[0x203,0x1400bc000,0x200f0,0x0,0x3,0x1400647cc,0x0,0x0]
[trap] num=483 (0x1e3) pc=0x140004e08 args=[0x0,0x27ff63c,0x4,0x0,0x3,0x1400647cc,0x0,0x0]
[trap] num=38 (0x26) pc=0x1400815a0 args=[0x0,0x0,0x0,0x27ff5f8,0x0,0x1400647cc,0x0,0x0]
[trap] num=-14 (0xfffffffffffffff2) pc=0x1400015b8 args=[0x203,0x1400bc000,0x200f0,0x0,0x1,0x1400bc0f0,0x20000,0x0]
[trap] num=-14 (0xfffffffffffffff2) pc=0x1400015b8 args=[0x203,0x1400bc000,0x200f0,0x0,0x3,0x1400bc0f0,0x20000,0x0]
[trap] num=-14 (0xfffffffffffffff2) pc=0x1400015b8 args=[0x203,0x1400bc000,0x200f0,0x0,0x1,0x63,0x20000,0xec0]
[trap] num=294 (0x126) pc=0x1400062f8 args=[0x27ff9a0,0x27ff9a0,0x27ff990,0x27ff9a0,0x27ffa00,0x63,0x20000,0xec0]
[trap] num=-14 (0xfffffffffffffff2) pc=0x1400015b8 args=[0x203,0x1400bc000,0x200f0,0x0,0x3,0x63,0x20000,0xec0]
[trap] num=-15 (0xfffffffffffffff1) pc=0x1400015c4 args=[0x203,0x27fee20,0x20000,0x3fff,0x3c000001,0x3,0x0,0x0]
[trap] num=20 (0x14) pc=0x140004f48 args=[0x0,0x3,0x45df19fc75b,0x2,0x1,0x27ff570,0x65,0x0]
[trap] num=-12 (0xfffffffffffffff4) pc=0x1400015a0 args=[0x203,0x10000c000,0x20000,0x0,0x0,0x0,0x0,0x0]
[trap] num=-14 (0xfffffffffffffff2) pc=0x1400015b8 args=[0x203,0x1400bc000,0x200f0,0x0,0x1,0x0,0x0,0x0]
[trap] num=38 (0x26) pc=0x1400815a0 args=[0x0,0x0,0x0,0x27ff788,0x1,0x0,0x0,0x0]
[trap] num=483 (0x1e3) pc=0x140004e08 args=[0x0,0x27ff79c,0x4,0x27ff808,0x1,0x0,0x0,0x0]
[trap] num=-14 (0xfffffffffffffff2) pc=0x1400015b8 args=[0x203,0x1400bc000,0x200f0,0x0,0x3,0x0,0x0,0x0]
[trap] num=-15 (0xfffffffffffffff1) pc=0x1400015c4 args=[0x203,0x27fee20,0x20000,0x3fff,0x3c000001,0x3,0x0,0x0]
[trap] num=-12 (0xfffffffffffffff4) pc=0x1400015a0 args=[0x203,0x10000c000,0x20000,0x0,0x0,0x0,0x0,0x0]
[trap] num=-14 (0xfffffffffffffff2) pc=0x1400015b8 args=[0x203,0x1400bc000,0x200f0,0x0,0x1,0x0,0x0,0x0]
[trap] num=336 (0x150) pc=0x14000600c args=[0xf,0x34dd,0x0,0x0,0x1ec6f7f80,0x170,0x0,0x0]
[trap] num=-28 (0xffffffffffffffe4) pc=0x180115654 args=[0x1,0x0,0x0,0x0,0x0,0x0,0x0,0x0]
[trap] num=-26 (0xffffffffffffffe6) pc=0x18011563c args=[0x203,0x0,0x0,0x0,0x0,0x0,0x0,0x0]
[trap] num=372 (0x174) pc=0x180118b14 args=[0x0,0x0,0x0,0x0,0x0,0x0,0x0,0x0]
[trap] num=2147483648 (0x80000000) pc=0x18019594c args=[0x1ec6f9e60,0x0,0x0,0x2,0x0,0x0,0x0,0x0]
[retrace warn] dyld __mac_syscall(Sandbox) synthesized as success/unsandboxed (not forwarded; host would fault)
[trap] num=38 (0x26) pc=0x1801955a0 args=[0x0,0x0,0x0,0x27ff678,0x0,0x0,0x0,0x0]
[trap] num=-14 (0xfffffffffffffff2) pc=0x1801155b8 args=[0x203,0x1ec444000,0x24000,0x0,0x13,0x0,0x0,0x0]
[trap] num=483 (0x1e3) pc=0x180118e08 args=[0x0,0x27ff63c,0x4,0x0,0x13,0x0,0x0,0x0]
[trap] num=38 (0x26) pc=0x1801955a0 args=[0x0,0x0,0x0,0x27ff5f8,0x0,0x0,0x0,0x0]
[trap] num=-14 (0xfffffffffffffff2) pc=0x1801155b8 args=[0x203,0x1ec444000,0x24000,0x0,0x1,0x1ec444140,0x20000,0x0]
[trap] num=-14 (0xfffffffffffffff2) pc=0x1801155b8 args=[0x203,0x1ec444000,0x24000,0x0,0x13,0x1ec444140,0x20000,0x0]
[trap] num=-14 (0xfffffffffffffff2) pc=0x1801155b8 args=[0x203,0x1ec444000,0x24000,0x0,0x1,0x63,0x20000,0xec0]
[trap] num=294 (0x126) pc=0x18011a2f8 args=[0x27ff9a0,0x27ff9a0,0x27ff990,0x27ff9a0,0x27ffa00,0x63,0x20000,0xec0]
[trap] num=-19 (0xffffffffffffffed) pc=0x1801155e8 args=[0x203,0x203,0x0,0xffffffff,0x27ffa00,0x63,0x20000,0xec0]
[trap] num=-14 (0xfffffffffffffff2) pc=0x1801155b8 args=[0x203,0x1ec444000,0x24000,0x0,0x3,0x63,0x20000,0xec0]
[trap] num=-15 (0xfffffffffffffff1) pc=0x1801155c4 args=[0x203,0x27fee20,0x20000,0x3fff,0x3c000001,0x3,0x0,0x0]
[trap] num=20 (0x14) pc=0x180118f48 args=[0x0,0x3,0x45df1a12f5b,0x2,0x1,0x27ff570,0x65,0x0]
[trap] num=-12 (0xfffffffffffffff4) pc=0x1801155a0 args=[0x203,0x10000c000,0x20000,0x0,0x0,0x0,0x0,0x0]
[trap] num=-14 (0xfffffffffffffff2) pc=0x1801155b8 args=[0x203,0x1ec444000,0x24000,0x0,0x1,0x0,0x0,0x0]
[trap] num=73 (0x49) pc=0x18011823c args=[0x140000000,0xa8000,0x27ff6ff,0x2,0x8,0x0,0x0,0x0]
[trap] num=73 (0x49) pc=0x18011823c args=[0x1400a8000,0x4000,0x27ff6ff,0x2,0x8,0x0,0x0,0x0]
[trap] num=73 (0x49) pc=0x18011823c args=[0x1400ac000,0x8000,0x27ff6ff,0x2,0x8,0x0,0x0,0x0]
[trap] num=73 (0x49) pc=0x18011823c args=[0x1400b4000,0x4000,0x27ff6ff,0x2,0x8,0x0,0x0,0x0]
[trap] num=73 (0x49) pc=0x18011823c args=[0x1400bc000,0x24000,0x27ff6ff,0x2,0x8,0x0,0x0,0x0]
[trap] num=73 (0x49) pc=0x18011823c args=[0x1400e0000,0x60000,0x27ff6ff,0x2,0x8,0x0,0x0,0x0]
[trap] num=-14 (0xfffffffffffffff2) pc=0x1801155b8 args=[0x203,0x1ec444000,0x24000,0x0,0x3,0x0,0x0,0x0]
[trap] num=38 (0x26) pc=0x1801955a0 args=[0x0,0x0,0x0,0x27ff2b8,0x1,0x0,0x0,0x0]
[trap] num=5 (0x5) pc=0x180119f50 args=[0x27ffef8,0x0,0x0,0x0,0x1,0x0,0x0,0x0]
[trap] num=92 (0x5c) pc=0x1801180d8 args=[0x3,0x32,0x27feeb8,0x0,0x1,0x0,0x0,0x0]
[trap] num=6 (0x6) pc=0x180116750 args=[0x3,0x32,0x27feeb8,0x0,0x1,0x0,0x0,0x0]
[trap] num=483 (0x1e3) pc=0x180118e08 args=[0x0,0x27ff2cc,0x4,0x27,0x74,0x4d,0x0,0x0]
[trap] num=381 (0x17d) pc=0x180119ecc args=[0x1801b7eb4,0x2,0x27ff1f0,0xa,0x73,0x69,0x0,0x0]
[trap] num=483 (0x1e3) pc=0x180118e08 args=[0x0,0x27ff2dc,0x4,0x33,0x74,0x41,0x0,0x90]
[trap] num=202 (0xca) pc=0x18011a37c args=[0x27ff290,0x2,0x27ff258,0x27ff250,0x1801ab70b,0x20,0x0,0x90]
[trap] num=202 (0xca) pc=0x18011a37c args=[0x27ff258,0x3,0x27ff2ec,0x27ff2e0,0x0,0x0,0x0,0x90]
[trap] num=381 (0x17d) pc=0x180119ecc args=[0x1801b4bf1,0x5a,0x27ff270,0xa,0x0,0x0,0x0,0x90]
[trap] num=202 (0xca) pc=0x18011a37c args=[0x27fe4e0,0x2,0x27fe4a8,0x27fe4a0,0x1801b698e,0xd,0x1ec444f20,0x90]
[trap] num=202 (0xca) pc=0x18011a37c args=[0x27fe4a8,0x2,0x27fe558,0x27fe550,0x0,0x0,0x1ec444f20,0x90]
[trap] num=5 (0x5) pc=0x180119f50 args=[0x1801aaaf1,0x20100000,0x0,0xfffffffffffffff0,0x0,0x72,0x0,0x80]
[trap] num=463 (0x1cf) pc=0x180119f7c args=[0x3,0x1801b4c4b,0x100000,0x0,0x0,0x72,0x0,0x80]
[trap] num=41 (0x29) pc=0x18011a484 args=[0x4,0x1801b625c,0x100000,0x0,0x0,0x72,0x0,0x80]
[trap] num=470 (0x1d6) pc=0x18011a5e4 args=[0x4,0x27fe031,0x27fdfa0,0x0,0x27fe080,0x72,0x0,0x80]
[trap] num=463 (0x1cf) pc=0x180119f7c args=[0x4,0x27fe031,0x100000,0x0,0x27fe080,0x72,0x0,0x80]
[trap] num=92 (0x5c) pc=0x1801180d8 args=[0x6,0x32,0x27fe030,0x0,0x27fe080,0x72,0x0,0x80]
[trap] num=41 (0x29) pc=0x18011a484 args=[0x6,0x1801b6e25,0x27feec0,0x0,0x27fe080,0x72,0x0,0x80]
[trap] num=41 (0x29) pc=0x18011a484 args=[0x5,0x1801b6e25,0x27feec0,0x0,0x27fe080,0x72,0x0,0x80]
[trap] num=6 (0x6) pc=0x180116750 args=[0x3,0x1801b6cb4,0x27feec0,0x0,0x27fe080,0x72,0x0,0x80]
[trap] num=6 (0x6) pc=0x180116750 args=[0x5,0x1801b6cf2,0x27feec0,0x0,0x27fe080,0x72,0x0,0x80]
[trap] num=6 (0x6) pc=0x180116750 args=[0x4,0x1801b6d1f,0x27feec0,0x0,0x27fe080,0x72,0x0,0x80]
[trap] num=6 (0x6) pc=0x180116750 args=[0x6,0x1801b6d4a,0x27feec0,0x0,0x27fe080,0x72,0x0,0x80]
[trap] num=381 (0x17d) pc=0x180119ecc args=[0x1801b7eb4,0x2,0x27fed40,0xa,0x73,0x69,0x0,0x80]
[trap] num=294 (0x126) pc=0x18011a2f8 args=[0x27fed88,0x27fee58,0x27fee58,0x27fee84,0x73,0x69,0x0,0x80]
[trap] num=-14 (0xfffffffffffffff2) pc=0x1801155b8 args=[0x203,0x1ec444000,0x24000,0x0,0x3,0x0,0x0,0x5c0]
[trap] num=427 (0x1ab) pc=0x18011a5b8 args=[0x27feef0,0x400,0x27fee74,0x748e8,0x3,0x0,0x0,0x5c0]
[trap] num=92 (0x5c) pc=0x1801180d8 args=[0x8,0x32,0x27feef0,0x1ec4452d2,0xfffffffe163b9c30,0x20,0x0,0x5c0]
[trap] num=6 (0x6) pc=0x180116750 args=[0x8,0x1801b6a74,0x4,0x180115e30,0x1,0x20,0x0,0x5c0]
[trap] num=6 (0x6) pc=0x180116750 args=[0x7,0x1801b6a98,0x4,0x180115e30,0x1,0x20,0x0,0x5c0]
[trap] num=338 (0x152) pc=0x180116c48 args=[0x1ec445220,0x27fea10,0x1ec445220,0x27feb08,0x27feb30,0x27feb10,0x0,0x27feb38]
[trap] num=5 (0x5) pc=0x180119f50 args=[0x1ec445220,0x0,0x0,0x27feb08,0x27feb30,0x27feb10,0x0,0x27feb38]
[trap] num=197 (0xc5) pc=0x180119190 args=[0x0,0x8638,0x1,0x40002,0x3,0x0,0x0,0x27feb38]
[trap] num=92 (0x5c) pc=0x1801180d8 args=[0x3,0x32,0x27feb38,0x40002,0x3,0x0,0x0,0x27feb38]
[trap] num=73 (0x49) pc=0x18011823c args=[0xa00000000,0x8638,0x8638,0x0,0x27feb10,0x27feb38,0x3,0x27feb38]
[trap] num=6 (0x6) pc=0x180116750 args=[0x3,0x8638,0x8638,0x0,0x27feb10,0x27feb38,0x3,0x27feb38]
[trap] num=338 (0x152) pc=0x180116c48 args=[0x1ec445220,0x27fef90,0x27ff050,0x0,0x27feb10,0x27feb38,0x3,0x27feb38]
[trap] num=338 (0x152) pc=0x180116c48 args=[0x100000440,0x27fde90,0x27fdf90,0x27fdf78,0x10000044a,0x1801ac864,0x27fe6d8,0x780]
[trap] num=-10 (0xfffffffffffffff6) pc=0x180115588 args=[0x203,0x27fde50,0x4000,0x3c000001,0x10000044a,0x1801ac864,0x27fe6d8,0x780]
[trap] num=338 (0x152) pc=0x180116c48 args=[0x27fe4b0,0x27fde40,0x27fdf40,0x27fdf28,0x27fe4de,0x1801ac864,0x0,0x780]
[trap] num=-12 (0xfffffffffffffff4) pc=0x1801155a0 args=[0x203,0xa0000c000,0x4000,0x1a0500,0x0,0x0,0x0,0xbc0]
[trap] num=5 (0x5) pc=0x180119f50 args=[0x1ec447878,0x0,0x0,0x0,0x0,0x27fcbb8,0x1,0x27fcb18]
[trap] num=381 (0x17d) pc=0x180119ecc args=[0x1801b7eb4,0x2,0x27fbe10,0xa,0x73,0x69,0x1,0x27fcb18]
[trap] num=550 (0x226) pc=0x180119ef8 args=[0x27fbcf0,0x1,0x27fbd20,0xa8,0xff8,0x18,0x100000000,0x27fcbb8]
[trap] num=6 (0x6) pc=0x180116750 args=[0x3,0x3,0x27fbd50,0x0,0x1,0x18,0x100000000,0x27fcbb8]
[trap] num=74 (0x4a) pc=0x180119f24 args=[0x100004000,0x4000,0x1,0x1,0x8,0x18,0x100000000,0x27fcbb8]
[trap] num=-14 (0xfffffffffffffff2) pc=0x1801155b8 args=[0x203,0x1e5908000,0x2324000,0x0,0x13,0x13,0x4,0x4000]
[trap] num=-14 (0xfffffffffffffff2) pc=0x1801155b8 args=[0x203,0x1edc84000,0x7b90000,0x0,0x13,0x13,0x5,0x6380000]
[trap] num=-14 (0xfffffffffffffff2) pc=0x1801155b8 args=[0x203,0x28f64c000,0x2c2c000,0x0,0x13,0x13,0x4,0x4000]
[trap] num=-14 (0xfffffffffffffff2) pc=0x1801155b8 args=[0x203,0x29a1cc000,0x5678000,0x0,0x13,0x13,0x5,0x8b84000]
[trap] num=-14 (0xfffffffffffffff2) pc=0x1801155b8 args=[0x203,0x2d0bac000,0x2a4000,0x0,0x13,0x13,0x4,0x4000]
[trap] num=-14 (0xfffffffffffffff2) pc=0x1801155b8 args=[0x203,0x2d361c000,0xac8000,0x0,0x13,0x13,0x5,0xa74000]
[trap] num=-14 (0xfffffffffffffff2) pc=0x1801155b8 args=[0x203,0x1e5908000,0x2324000,0x0,0x1,0x1,0x4,0x4000]
[trap] num=-14 (0xfffffffffffffff2) pc=0x1801155b8 args=[0x203,0x1edc84000,0x7b90000,0x0,0x1,0x1,0x5,0x6380000]
[trap] num=-14 (0xfffffffffffffff2) pc=0x1801155b8 args=[0x203,0x28f64c000,0x2c2c000,0x0,0x1,0x1,0x4,0x4000]
[trap] num=-14 (0xfffffffffffffff2) pc=0x1801155b8 args=[0x203,0x29a1cc000,0x5678000,0x0,0x1,0x1,0x5,0x8b84000]
[trap] num=-14 (0xfffffffffffffff2) pc=0x1801155b8 args=[0x203,0x2d0bac000,0x2a4000,0x0,0x1,0x1,0x4,0x4000]
[trap] num=-14 (0xfffffffffffffff2) pc=0x1801155b8 args=[0x203,0x2d361c000,0xac8000,0x0,0x1,0x1,0x5,0xa74000]
[trap] num=-15 (0xfffffffffffffff1) pc=0x1801155c4 args=[0x203,0x27fb7f0,0x20000,0x3fff,0x3c000001,0x3,0x0,0x0]
[trap] num=347 (0x15b) pc=0x18011a6ec args=[0x0,0x0,0x2,0x2,0x1,0x27fb380,0xa0,0x0]
[trap] num=-15 (0xfffffffffffffff1) pc=0x1801155c4 args=[0x203,0x27fae10,0x20000,0x3fff,0x3c000001,0x3,0x0,0x0]
[trap] num=347 (0x15b) pc=0x18011a6ec args=[0x10002c060,0xb1d8,0x2,0x2,0x1,0x10002c000,0x20000,0x0]
[M28 BANDSHRINK] syscall 347 band past ipa 0x10002c000 len 65536 shrunk 64 -> 0 by an overlapping window of the same call
[trap] num=220 (0xdc) pc=0x180116e90 args=[0x10002c0b8,0x27fb2f8,0x27fb440,0x40,0x0,0x0,0x20000,0x0]
[trap] num=-12 (0xfffffffffffffff4) pc=0x1801155a0 args=[0x203,0x10002c000,0x20000,0x87,0x2,0x1000038,0xffffffffffffffff,0x0]
[trap] num=-12 (0xfffffffffffffff4) pc=0x1801155a0 args=[0x203,0x10000c000,0x20000,0x0,0x0,0x0,0x0,0x0]
[trap] num=5 (0x5) pc=0x180119f50 args=[0x1801ab41a,0x2,0x0,0x2,0x8,0x0,0x62696c79642e41,0x0]
[trap] num=54 (0x36) pc=0x180116724 args=[0x3,0x80086804,0x27fb3f8,0x2,0x8,0x0,0x62696c79642e41,0x0]
[trap] num=6 (0x6) pc=0x180116750 args=[0x3,0xffffffffffffffff,0x27fb3f8,0x2,0x8,0x0,0x62696c79642e41,0x0]
[trap] num=294 (0x126) pc=0x18011a2f8 args=[0xffffffffffffffff,0x1f070030,0x0,0x0,0x0,0x0,0x0,0x0]
[trap] num=-14 (0xfffffffffffffff2) pc=0x1801155b8 args=[0x203,0x1ec444000,0x24000,0x0,0x1,0x0,0x0,0x0]
[trap] num=-28 (0xffffffffffffffe4) pc=0x1804adb5c args=[0x0,0x1804e2db8,0x27ffe48,0x1ec4453e8,0x1ec4453e8,0x0,0x0,0x0]
[trap] num=-26 (0xffffffffffffffe6) pc=0x1804adb44 args=[0x203,0x1804e2db8,0x27ffe48,0x1ec4453e8,0x1ec4453e8,0x0,0x0,0x0]
[trap] num=33 (0x21) pc=0x1804ae668 args=[0x1804e2dda,0x0,0x27ffe48,0x1ec4453e8,0x1ec4453e8,0x0,0x0,0x0]
[trap] num=-15 (0xfffffffffffffff1) pc=0x1804adacc args=[0x203,0x27fc068,0x8000,0x0,0x49000001,0x3,0x0,0x0]
[trap] num=-29 (0xffffffffffffffe3) pc=0x1804adb68 args=[0x1eec6fd98,0x27ffe40,0x27ffe48,0x1ec4453e8,0x49000001,0x3,0x0,0x0]
[trap] num=-24 (0xffffffffffffffe8) pc=0x1804adb2c args=[0x203,0x27fbf10,0x0,0x27fbf2c,0x49000001,0x3,0x0,0x0]
[trap] num=-47 (0xffffffffffffffd1) pc=0x1804adc34 args=[0x27fbf50,0x200000003,0x2800001513,0x130300001d03,0xc800000000,0x130300000000,0x140,0x0]
[mach_msg2] msgh_id=200 dest=0x1d03 reply=0x1303 options=0x200000003 bits=0x1513 send_size=40 rcv_size=320
  send+000: 13 15 00 00 28 00 00 00 03 1d 00 00 03 13 00 00
  send+010: 00 00 00 00 c8 00 00 00 00 00 00 00 01 00 00 00
  send+020: 05 00 00 00 08 00 00 00
[retrace] forwarding mach_msg2 host_info (msgh_id 200) to host (decided allowlist)
[mach_msg2] host ret=0x0 err=false
  reply@0x27fbf50+000: 00 12 00 00 48 00 00 00 00 00 00 00 03 13 00 00
  reply@0x27fbf50+010: 00 00 00 00 2c 01 00 00 00 00 00 00 01 00 00 00
  reply@0x27fbf50+020: 00 00 00 00 08 00 00 00 50 00 00 00 50 00 00 00
  reply@0x27fbf50+030: 40 00 00 00 1f 00 00 00 00 00 00 00 00 00 00 00
  reply@0x27fbf50+040: 00 00 00 00 4f 00 00 00 00 00 00 00 08 00 00 00
  reply@0x27fbf50+050: 00 00 00 00 00 00 00 00 00 00 00 00 00 00 00 00
  reply@0x27fbf50+060: 00 00 00 00 00 00 00 00 00 00 00 00 00 00 00 00
  reply@0x27fbf50+070: 00 00 00 00 00 00 00 00 00 00 00 00 00 00 00 00
  reply@0x27fbf50+080: 00 00 00 00 00 00 00 00 00 00 00 00 00 00 00 00
  reply@0x27fbf50+090: 00 00 00 00 00 00 00 00 00 00 00 00 00 00 00 00
  reply@0x27fbf50+0a0: 00 00 00 00 00 00 00 00 00 00 00 00 00 00 00 00
  reply@0x27fbf50+0b0: 00 00 00 00 00 00 00 00 00 00 00 00 00 00 00 00
  reply@0x27fbf50+0c0: 00 00 00 00 00 00 00 00 00 00 00 00 00 00 00 00
  reply@0x27fbf50+0d0: 00 00 00 00 00 00 00 00 00 00 00 00 00 00 00 00
  reply@0x27fbf50+0e0: 00 00 00 00 00 00 00 00 00 00 00 00 00 00 00 00
  reply@0x27fbf50+0f0: 00 00 00 00 00 00 00 00 00 00 00 00 00 00 00 00
[trap] num=-18 (0xffffffffffffffee) pc=0x1804adae4 args=[0x203,0x1d03,0x0,0x27fc140,0xc800000000,0x130300000000,0x4f00000000,0x0]
[trap] num=202 (0xca) pc=0x1804af460 args=[0x27fc148,0x2,0x27fc118,0x27fc0e0,0x0,0x0,0x4f00000000,0x0]
[trap] num=-27 (0xffffffffffffffe5) pc=0x1804adb50 args=[0x2ff20,0x0,0xb,0x1804f8a06,0x0,0x0,0x4f00000000,0x0]
[trap] num=-24 (0xffffffffffffffe8) pc=0x1804adb2c args=[0x203,0x27fc090,0x0,0x27fc0ac,0x0,0x0,0x4f00000000,0x0]
[trap] num=366 (0x16e) pc=0x1804b3d2c args=[0x1804ecc14,0x1804ecc08,0x4000,0x27fc0e0,0x38,0xa0,0x4f00000000,0x0]
[trap] num=-29 (0xffffffffffffffe3) pc=0x1804adb68 args=[0x10030,0x103,0x1804f8cd8,0x103,0x38,0xa0,0x4f00000000,0x0]
[trap] num=-47 (0xffffffffffffffd1) pc=0x1804adc34 args=[0x27fc120,0x200000003,0x2400001513,0x1a0300001d03,0xce00000000,0x1a0300000000,0x30,0x0]
[mach_msg2] msgh_id=206 dest=0x1d03 reply=0x1a03 options=0x200000003 bits=0x1513 send_size=36 rcv_size=48
  send+000: 13 15 00 00 24 00 00 00 03 1d 00 00 03 1a 00 00
  send+010: 00 00 00 00 ce 00 00 00 00 00 00 00 01 00 00 00
  send+020: 00 00 00 00
[retrace] forwarding mach_msg2 host_get_clock_service (msgh_id 206) to host (decided allowlist)
[mach_msg2] host ret=0x0 err=false
  reply@0x27fc120+000: 00 12 00 80 28 00 00 00 00 00 00 00 03 1a 00 00
  reply@0x27fc120+010: 00 00 00 00 32 01 00 00 01 00 00 00 03 09 00 00
  reply@0x27fc120+020: 00 00 00 00 00 00 11 00 00 00 00 00 08 00 00 00
  reply@0x27fc120+030: b8 fd c6 ee 01 00 00 00 03 1d 00 00 00 00 00 00
  reply@0x27fc120+040: 80 c1 7f 02 00 00 00 00 14 e8 39 80 01 00 00 00
  reply@0x27fc120+050: b8 fd c6 ee 01 00 00 00 48 fe 7f 02 00 00 00 00
  reply@0x27fc120+060: a0 c1 7f 02 00 00 00 00 a0 e6 39 80 01 00 00 00
  reply@0x27fc120+070: e8 53 44 ec 01 00 00 00 48 fe 7f 02 00 00 00 00
  reply@0x27fc120+080: 10 c2 7f 02 00 00 00 00 04 13 34 90 01 00 00 00
  reply@0x27fc120+090: 48 02 34 90 01 00 00 00 a0 00 00 00 00 00 00 00
  reply@0x27fc120+0a0: 06 00 00 00 00 00 00 00 18 01 34 90 01 00 00 00
  reply@0x27fc120+0b0: c0 1b 34 90 01 00 00 00 70 53 44 ec 01 00 00 00
  reply@0x27fc120+0c0: 5c 12 34 90 01 00 00 00 30 c2 7f 02 00 00 00 00
  reply@0x27fc120+0d0: c0 1b 34 90 01 00 00 00 70 53 44 ec 01 00 00 00
  reply@0x27fc120+0e0: 5c 12 34 90 01 00 00 00 38 c7 7f 02 00 00 00 00
  reply@0x27fc120+0f0: c0 c2 7f 02 00 00 00 00 30 0e 16 80 01 00 00 00
[trap] num=-47 (0xffffffffffffffd1) pc=0x1804adc34 args=[0x27fc120,0x200000003,0x2800001513,0x1a0300000203,0xd5a00000000,0x1a0300000000,0x30,0x0]
[mach_msg2] msgh_id=3418 dest=0x203 reply=0x1a03 options=0x200000003 bits=0x1513 send_size=40 rcv_size=48
  send+000: 13 15 00 00 28 00 00 00 03 02 00 00 03 1a 00 00
  send+010: 00 00 00 00 5a 0d 00 00 00 00 00 00 01 00 00 00
  send+020: 00 00 00 00 00 00 00 00
[retrace] forwarding mach_msg2 semaphore_create (msgh_id 3418) to host (decided allowlist)
[mach_msg2] host ret=0x0 err=false
  reply@0x27fc120+000: 00 12 00 80 28 00 00 00 00 00 00 00 03 1a 00 00
  reply@0x27fc120+010: 00 00 00 00 be 0d 00 00 01 00 00 00 03 19 00 00
  reply@0x27fc120+020: 00 00 00 00 00 00 11 00 00 00 00 00 08 00 00 00
  reply@0x27fc120+030: d8 5d 70 ec 01 00 00 00 03 1d 00 00 00 00 00 00
  reply@0x27fc120+040: 80 c1 7f 02 00 00 00 00 38 e8 39 80 01 00 00 00
  reply@0x27fc120+050: b8 fd c6 ee 01 00 00 00 48 fe 7f 02 00 00 00 00
  reply@0x27fc120+060: a0 c1 7f 02 00 00 00 00 a0 e6 39 80 01 00 00 00
  reply@0x27fc120+070: e8 53 44 ec 01 00 00 00 48 fe 7f 02 00 00 00 00
  reply@0x27fc120+080: 10 c2 7f 02 00 00 00 00 04 13 34 90 01 00 00 00
  reply@0x27fc120+090: 48 02 34 90 01 00 00 00 a0 00 00 00 00 00 00 00
  reply@0x27fc120+0a0: 06 00 00 00 00 00 00 00 18 01 34 90 01 00 00 00
  reply@0x27fc120+0b0: c0 1b 34 90 01 00 00 00 70 53 44 ec 01 00 00 00
  reply@0x27fc120+0c0: 5c 12 34 90 01 00 00 00 30 c2 7f 02 00 00 00 00
  reply@0x27fc120+0d0: c0 1b 34 90 01 00 00 00 70 53 44 ec 01 00 00 00
  reply@0x27fc120+0e0: 5c 12 34 90 01 00 00 00 38 c7 7f 02 00 00 00 00
  reply@0x27fc120+0f0: c0 c2 7f 02 00 00 00 00 30 0e 16 80 01 00 00 00
[trap] num=-18 (0xffffffffffffffee) pc=0x1804adae4 args=[0x203,0x1d03,0x2800001513,0x1a0300000203,0xd5a00000000,0x1a0300000000,0x30,0x0]
[trap] num=20 (0x14) pc=0x1804ae198 args=[0x0,0x0,0x0,0x27fc000,0x27fbcc0,0x63,0x0,0xc80]
[trap] num=266 (0x10a) pc=0x1804af558 args=[0x18037ff36,0x0,0x0,0x103,0x27fbcc0,0x63,0x0,0xc80]
[trap] num=339 (0x153) pc=0x1804bc288 args=[0x3,0x27fba90,0x0,0x103,0x27fbcc0,0x63,0x0,0xc80]
[trap] num=197 (0xc5) pc=0x1804aea18 args=[0x0,0x8000,0x1,0x40001,0x3,0x0,0x0,0xc80]
[trap] num=6 (0x6) pc=0x1804ae8f0 args=[0x3,0x8000,0x1,0x40001,0x3,0x0,0x0,0xc80]
[trap] num=169 (0xa9) pc=0x1804af8dc args=[0x34dd,0x0,0x27fbbec,0x4,0x3,0x0,0x0,0xc80]
[trap] num=500 (0x1f4) pc=0x1804ae144 args=[0x1ec6fd858,0x10,0x4,0x1804f8a0c,0x63,0x63,0x38,0x830]
[trap] num=54 (0x36) pc=0x1804b2338 args=[0x2,0x4004667a,0x27fbb5c,0x103,0x63,0x63,0x38,0x830]
[trap] num=54 (0x36) pc=0x1804b2338 args=[0x2,0x40487413,0x27fbb60,0x103,0x63,0x63,0x38,0x830]
[trap] num=116 (0x74) pc=0x1804b1b60 args=[0x27fb8d0,0x0,0x0,0xfffffc088,0x74,0x6d,0x38,0x830]
[trap] num=500 (0x1f4) pc=0x1804ae144 args=[0x27fba08,0x20,0x27fba08,0x1c725a0a,0x180267bdc,0x6d,0x38,0x830]
[trap] num=116 (0x74) pc=0x1804b1b60 args=[0x27fb8f0,0x0,0x0,0xfffffc088,0x180267bdc,0x6d,0x38,0x830]
[trap] num=116 (0x74) pc=0x1804b1b60 args=[0x27fb910,0x0,0x0,0xfffffc088,0x1ec6fcf70,0x1ec6fcfa8,0x1000,0x20]
[trap] num=116 (0x74) pc=0x1804b1b60 args=[0x27fb910,0x0,0x0,0xfffffc088,0x27fb880,0x1802361b0,0x9639fca9396b41b2,0x27fb930]
[trap] num=-47 (0xffffffffffffffd1) pc=0x1804adc34 args=[0x27fbaa8,0x200000003,0x6480001513,0x1a0300000203,0x12cb00000000,0x1a0300000001,0x34,0x0]
[mach_msg2] msgh_id=4811 dest=0x203 reply=0x1a03 options=0x200000003 bits=0x80001513 send_size=100 rcv_size=52
  send+000: 13 15 00 80 64 00 00 00 03 02 00 00 03 1a 00 00
  send+010: 00 00 00 00 cb 12 00 00 01 00 00 00 00 00 00 00
  send+020: 00 00 00 00 00 00 13 00 00 00 00 00 01 00 00 00
  send+030: 00 00 00 00 00 00 00 00 00 80 4c 00 00 00 00 00
  send+040: 00 00 00 00 00 00 00 00 01 00 00 01 00 00 00 00
  send+050: 00 00 00 00 00 00 00 00 00 00 00 00 00 00 00 00
  send+060: 01 00 00 00
[trap] num=-12 (0xfffffffffffffff4) pc=0x1804adaa8 args=[0x203,0xa00288000,0x100000,0x1a0300000203,0x12cb00000000,0x1a0300000001,0x34,0x0]
[trap] num=116 (0x74) pc=0x1804b1b60 args=[0x27fb5f0,0x0,0x0,0xfffffc088,0x12cb00000000,0x1a0300000001,0x34,0x0]
[trap] num=-15 (0xfffffffffffffff1) pc=0x1804adacc args=[0x203,0x27fb6b8,0x408000,0x0,0x1000001,0x3,0x0,0x0]
[trap] num=74 (0x4a) pc=0x1804b1b04 args=[0x4c000,0x4000,0x0,0x40000000,0x0,0x3,0x0,0x0]
[trap] num=74 (0x4a) pc=0x1804b1b04 args=[0x450000,0x4000,0x0,0x40000000,0x0,0x3,0x0,0x0]
[trap] num=-15 (0xfffffffffffffff1) pc=0x1804adacc args=[0x203,0x27fb738,0x400000,0x0,0x7004000,0x3,0x0,0x0]
[trap] num=-89 (0xffffffffffffffa7) pc=0x1804add00 args=[0x1ec705d78,0x180327210,0x0,0x1804f8a08,0x7004000,0x3,0x0,0x0]
[trap] num=-15 (0xfffffffffffffff1) pc=0x1804adacc args=[0x203,0x27fb728,0x3e000,0x0,0x1000001,0x3,0x0,0x0]
[trap] num=-47 (0xffffffffffffffd1) pc=0x1804adc34 args=[0x27fb680,0x200000003,0x2800001513,0x1a0300000203,0x12d600000000,0x1a0300000000,0x3c,0x0]
[mach_msg2] msgh_id=4822 dest=0x203 reply=0x1a03 options=0x200000003 bits=0x1513 send_size=40 rcv_size=60
  send+000: 13 15 00 00 28 00 00 00 03 02 00 00 03 1a 00 00
  send+010: 00 00 00 00 d6 12 00 00 00 00 00 00 01 00 00 00
  send+020: f8 03 00 00 f8 03 40 00
[trap] num=-10 (0xfffffffffffffff6) pc=0x1804ada90 args=[0x203,0x27fb078,0x4000,0x1,0x180327599,0x27fb730,0x3c,0x0]
[trap] num=336 (0x150) pc=0x1804af110 args=[0x2,0x34dd,0x11,0x0,0x27fb058,0x38,0x180327461,0x300000028]
[trap] num=97 (0x61) pc=0x1804b1fa0 args=[0x1,0x2,0x0,0x103,0x27fb058,0x38,0x0,0x300000028]
[trap] num=92 (0x5c) pc=0x1804ae8c4 args=[0x3,0x2,0x1,0x103,0x27fb058,0x38,0x0,0x300000028]
[trap] num=98 (0x62) pc=0x1804b2364 args=[0x3,0x27fa686,0x6a,0x27fa698,0x27fb058,0x38,0x676f6c7379732f,0x300000028]
[trap] num=133 (0x85) pc=0x1804b2390 args=[0x3,0x27fa790,0xfc,0x0,0x0,0x0,0x0,0x300000028]
[trap] num=-12 (0xfffffffffffffff4) pc=0x1804adaa8 args=[0x203,0x300000000,0x4000,0x0,0x0,0x0,0x0,0x300000028]
[trap] num=-47 (0xffffffffffffffd1) pc=0x1804adc34 args=[0x27fb618,0x200000003,0x6480001513,0x1a0300000203,0x12cb00000000,0x1a0300000001,0x34,0x0]
[mach_msg2] msgh_id=4811 dest=0x203 reply=0x1a03 options=0x200000003 bits=0x80001513 send_size=100 rcv_size=52
  send+000: 13 15 00 80 64 00 00 00 03 02 00 00 03 1a 00 00
  send+010: 00 00 00 00 cb 12 00 00 01 00 00 00 00 00 00 00
  send+020: 00 00 00 00 00 00 13 00 00 00 00 00 01 00 00 00
  send+030: 00 00 00 00 04 00 00 00 00 00 00 00 06 00 00 00
  send+040: 00 00 00 00 00 00 00 00 00 00 00 00 00 00 00 00
  send+050: 00 00 00 00 00 00 00 00 00 00 00 00 00 00 00 00
  send+060: 01 00 00 00
[trap] num=116 (0x74) pc=0x1804b1b60 args=[0x27fb500,0x0,0x0,0xfffffc088,0x0,0x700,0xa002b3378,0x0]
[trap] num=-15 (0xfffffffffffffff1) pc=0x1804adacc args=[0x203,0x27fbb58,0x4000,0x0,0x1000001,0x3,0x0,0x0]
[trap] num=74 (0x4a) pc=0x1804b1b04 args=[0xa002c8000,0x4000,0x1,0xa002c8008,0x1000001,0x3,0x0,0x0]
[trap] num=-14 (0xfffffffffffffff2) pc=0x1801155b8 args=[0x203,0x1ec444000,0x24000,0x0,0x3,0x3,0x0,0x0]
[trap] num=-14 (0xfffffffffffffff2) pc=0x1801155b8 args=[0x203,0x1ec444000,0x24000,0x0,0x1,0x3,0x0,0x0]
[trap] num=327 (0x147) pc=0x1804ad92c args=[0x34dd,0x3,0x103,0x103,0x1,0x3,0x0,0x0]
[trap] num=-47 (0xffffffffffffffd1) pc=0x1804adc34 args=[0x27fbc5c,0x200000003,0x7400001513,0x1a0300000203,0x1f4000000000,0x1a0300000000,0x2c,0x0]
[mach_msg2] msgh_id=8000 dest=0x203 reply=0x1a03 options=0x200000003 bits=0x1513 send_size=116 rcv_size=44
  send+000: 13 15 00 00 74 00 00 00 03 02 00 00 03 1a 00 00
  send+010: 00 00 00 00 40 1f 00 00 00 00 00 00 01 00 00 00
  send+020: 05 00 00 00 88 5c 09 80 01 00 00 00 78 00 78 00
  send+030: 00 00 00 00 20 58 09 80 01 00 00 00 5c 00 5c 00
  send+040: 00 00 00 00 38 5a 09 80 01 00 00 00 5c 00 5c 00
  send+050: 00 00 00 00 00 59 09 80 01 00 00 00 78 00 78 00
  send+060: 00 00 00 00 b8 5a 09 80 01 00 00 00 78 00 78 00
  send+070: 00 00 00 00
[trap] num=-47 (0xffffffffffffffd1) pc=0x1804adc34 args=[0x27fc060,0x200000003,0x1800001513,0x1a0300000203,0x1f4100000000,0x1a0300000000,0x2c,0x0]
[mach_msg2] msgh_id=8001 dest=0x203 reply=0x1a03 options=0x200000003 bits=0x1513 send_size=24 rcv_size=44
  send+000: 13 15 00 00 18 00 00 00 03 02 00 00 03 1a 00 00
  send+010: 00 00 00 00 41 1f 00 00
[trap] num=-14 (0xfffffffffffffff2) pc=0x1801155b8 args=[0x203,0x1ec444000,0x24000,0x0,0x3,0x53,0x2c,0x0]
[trap] num=-15 (0xfffffffffffffff1) pc=0x1804adacc args=[0x203,0x27fb178,0x8000,0x0,0x1000001,0x3,0x0,0x0]
[trap] num=-15 (0xfffffffffffffff1) pc=0x1804adacc args=[0x203,0x27fb1d8,0x8000,0x0,0xb004000,0x3,0x0,0x0]
[trap] num=116 (0x74) pc=0x1804b1b60 args=[0x27fb0c0,0x0,0x0,0xfffffc088,0x8,0x41,0x0,0xb40]
[trap] num=116 (0x74) pc=0x1804b1b60 args=[0x27fb010,0x0,0x0,0xfffffc088,0x8,0x41,0xb2893e040177defc,0xb40]
[trap] num=116 (0x74) pc=0x1804b1b60 args=[0x27fb010,0x0,0x0,0xfffffc088,0x8,0x41,0x2a097b3e228a9bb6,0xb40]
[trap] num=116 (0x74) pc=0x1804b1b60 args=[0x27fb010,0x0,0x0,0xfffffc088,0x8,0x41,0xc27d56a12e3eaa3,0xb40]
[trap] num=116 (0x74) pc=0x1804b1b60 args=[0x27fb010,0x0,0x0,0xfffffc088,0x8,0x41,0xce62be3facbef47c,0xb40]
[trap] num=116 (0x74) pc=0x1804b1b60 args=[0x27fb010,0x0,0x0,0xfffffc088,0x8,0x41,0xe67d14cfaf1277cc,0xb40]
[trap] num=116 (0x74) pc=0x1804b1b60 args=[0x27fb010,0x0,0x0,0xfffffc088,0x8,0x41,0xb8a33ee6acd804ba,0xb40]
[trap] num=116 (0x74) pc=0x1804b1b60 args=[0x27fb010,0x0,0x0,0xfffffc088,0x8,0x41,0x1ba7ffa8cd726757,0xb40]
[trap] num=116 (0x74) pc=0x1804b1b60 args=[0x27fb010,0x0,0x0,0xfffffc088,0x8,0x41,0xc8997b2c0bccb80d,0xb40]
[trap] num=116 (0x74) pc=0x1804b1b60 args=[0x27fb010,0x0,0x0,0xfffffc088,0x8,0x41,0xeb3200fe779e1540,0xb40]
[trap] num=116 (0x74) pc=0x1804b1b60 args=[0x27fb010,0x0,0x0,0xfffffc088,0x8,0x41,0x18729fc076f03623,0xb40]
[trap] num=-15 (0xfffffffffffffff1) pc=0x1804adacc args=[0x203,0x27fb028,0x400000,0x0,0x2004000,0x3,0x0,0x0]
[trap] num=-15 (0xfffffffffffffff1) pc=0x1804adacc args=[0x203,0x27faf78,0x80000,0x3fff,0x1000001,0x3,0x0,0x0]
[trap] num=-14 (0xfffffffffffffff2) pc=0x1801155b8 args=[0x203,0x1ec444000,0x24000,0x0,0x1,0x0,0xffffffffbfc007ff,0xfffff0003ffff800]
[trap] num=202 (0xca) pc=0x1804af460 args=[0x27fc050,0x2,0x27fc018,0x27fc010,0x180205f3c,0x15,0xffffffffbfc007ff,0xfffff0003ffff800]
[trap] num=202 (0xca) pc=0x1804af460 args=[0x27fc018,0x2,0x27fc0d0,0x27fc0c0,0x0,0x0,0xffffffffbfc007ff,0xfffff0003ffff800]
[trap] num=202 (0xca) pc=0x1804af460 args=[0x27fc050,0x2,0x27fc018,0x27fc010,0x180205f9b,0x16,0xffffffffbfc007ff,0xfffff0003ffff800]
[trap] num=202 (0xca) pc=0x1804af460 args=[0x27fc018,0x2,0x27fc0d0,0x27fc0c0,0x0,0x0,0xffffffffbfc007ff,0xfffff0003ffff800]
[trap] num=202 (0xca) pc=0x1804af460 args=[0x27fc050,0x2,0x27fc018,0x27fc010,0x180205f3c,0x15,0xffffffffbfc007ff,0xfffff0003ffff800]
[trap] num=202 (0xca) pc=0x1804af460 args=[0x27fc018,0x2,0x27fc0d0,0x27fc0c0,0x0,0x0,0xffffffffbfc007ff,0xfffff0003ffff800]
[trap] num=-47 (0xffffffffffffffd1) pc=0x1804adc34 args=[0x27fc0f0,0x200000003,0x2400001513,0x1a0300000203,0xd5100000000,0x1a0300000000,0x30,0x0]
[mach_msg2] msgh_id=3409 dest=0x203 reply=0x1a03 options=0x200000003 bits=0x1513 send_size=36 rcv_size=48
  send+000: 13 15 00 00 24 00 00 00 03 02 00 00 03 1a 00 00
  send+010: 00 00 00 00 51 0d 00 00 00 00 00 00 01 00 00 00
  send+020: 04 00 00 00
[trap] num=-19 (0xffffffffffffffed) pc=0x1804adaf0 args=[0x203,0x1803,0x0,0x1,0xd5100000000,0x1a0300000000,0x30,0x0]
[trap] num=-19 (0xffffffffffffffed) pc=0x1804adaf0 args=[0x203,0x1803,0x0,0x1,0xd5100000000,0x1a0300000000,0x30,0x0]
[trap] num=-19 (0xffffffffffffffed) pc=0x1804adaf0 args=[0x203,0x1803,0x0,0x1,0x0,0x1a0300000000,0x30,0x0]
[trap] num=-14 (0xfffffffffffffff2) pc=0x1801155b8 args=[0x203,0x1ec444000,0x24000,0x0,0x3,0x27fbf1f,0x30,0xa0]
[trap] num=-14 (0xfffffffffffffff2) pc=0x1801155b8 args=[0x203,0x1ec444000,0x24000,0x0,0x1,0x27fbf1f,0x30,0xa0]
[trap] num=5 (0x5) pc=0x180119f50 args=[0x61480,0x0,0x0,0x61480,0x279a858,0x20,0x30,0xa0]
[trap] num=92 (0x5c) pc=0x1801180d8 args=[0x4,0x32,0x27fb9e8,0x61480,0x279a858,0x20,0x30,0xa0]
[trap] num=6 (0x6) pc=0x180116750 args=[0x4,0x32,0x27fb9e8,0x61480,0x279a858,0x20,0x30,0xa0]
[trap] num=220 (0xdc) pc=0x1804ae63c args=[0x61480,0x27fba10,0x27fba2c,0x40c,0x0,0x20,0x30,0xa0]
[trap] num=33 (0x21) pc=0x1804ae668 args=[0x615c0,0x4,0x61390,0x61420,0xffffffffffffff60,0x20,0x30,0x470]
[M28 BANDSHRINK] syscall 33 band past ipa 0x61390 len 65536 shrunk 64 -> 0 by an overlapping window of the same call
[M28 BANDSHRINK] syscall 33 band past ipa 0x61420 len 65536 shrunk 64 -> 0 by an overlapping window of the same call
[trap] num=5 (0x5) pc=0x1804ae694 args=[0x615c0,0x0,0x0,0x61420,0xffffffffffffff60,0x20,0x30,0x470]
[M28 BANDSHRINK] syscall 5 band past ipa 0x61420 len 65536 shrunk 64 -> 0 by an overlapping window of the same call
[trap] num=339 (0x153) pc=0x1804bc288 args=[0x4,0x61390,0x0,0x61420,0xffffffffffffff60,0x20,0x30,0x470]
[M28 BANDSHRINK] syscall 339 band past ipa 0x61390 len 65536 shrunk 64 -> 0 by an overlapping window of the same call
[trap] num=483 (0x1e3) pc=0x1804ae6f0 args=[0x0,0x27fbc3c,0x4,0x61420,0xffffffffffffff60,0x20,0x30,0x470]
[trap] num=228 (0xe4) pc=0x1804b1694 args=[0x4,0x27fbd00,0x27fbc60,0x28,0x0,0x20,0x30,0x470]
[trap] num=381 (0x17d) pc=0x1804af730 args=[0x18df1ac55,0x2,0x27fbc60,0x28,0x0,0x20,0x30,0x470]
[trap] num=92 (0x5c) pc=0x1804ae8c4 args=[0x4,0x32,0x27fb958,0x27fbd18,0x27fb9c0,0x20,0x30,0x470]
[trap] num=6 (0x6) pc=0x1804ae8f0 args=[0x4,0x27fb9b6,0xfffffffffffffffe,0x6169e,0x279a2f8,0x20,0x30,0x470]
[trap] num=5 (0x5) pc=0x1804ae694 args=[0x616e0,0x0,0x0,0x61768,0x61640,0x20,0x74,0x470]
[M28 BANDSHRINK] syscall 5 band past ipa 0x616e0 len 65536 shrunk 64 -> 0 by an overlapping window of the same call
[M28 BANDSHRINK] syscall 5 band past ipa 0x61640 len 65536 shrunk 64 -> 0 by an overlapping window of the same call
[trap] num=336 (0x150) pc=0x1804af110 args=[0x2,0x34dd,0xd,0x1,0x27fc090,0x40,0x74,0x470]
[trap] num=-24 (0xffffffffffffffe8) pc=0x1804adb2c args=[0x203,0x27fc150,0x71b75ace,0x27fc14c,0x0,0x5,0x0,0x0]
[trap] num=-47 (0xffffffffffffffd1) pc=0x1804adc34 args=[0x27fc0e8,0x200000003,0x3480001513,0x1a0300000203,0xd5200000000,0x1a0300000001,0x2c,0x0]
[mach_msg2] msgh_id=3410 dest=0x203 reply=0x1a03 options=0x200000003 bits=0x80001513 send_size=52 rcv_size=44
  send+000: 13 15 00 80 34 00 00 00 03 02 00 00 03 1a 00 00
  send+010: 00 00 00 00 52 0d 00 00 01 00 00 00 03 17 00 00
  send+020: 00 00 00 00 00 00 13 00 00 00 00 00 01 00 00 00
  send+030: 0a 00 00 00
[trap] num=-47 (0xffffffffffffffd1) pc=0x1804adc34 args=[0x27fbe68,0x200000003,0x2800001513,0x1a0300000203,0xd4d00000000,0x1a0300000000,0x1a8,0x0]
[mach_msg2] msgh_id=3405 dest=0x203 reply=0x1a03 options=0x200000003 bits=0x1513 send_size=40 rcv_size=424
  send+000: 13 15 00 00 28 00 00 00 03 02 00 00 03 1a 00 00
  send+010: 00 00 00 00 4d 0d 00 00 00 00 00 00 01 00 00 00
  send+020: 0f 00 00 00 08 00 00 00
[retrace] forwarding mach_msg2 task_info (msgh_id 3405) to host (decided allowlist)
[mach_msg2] host ret=0x0 err=false
  reply@0x27fbe68+000: 00 12 00 00 48 00 00 00 00 00 00 00 03 1a 00 00
  reply@0x27fbe68+010: 00 00 00 00 b1 0d 00 00 00 00 00 00 01 00 00 00
  reply@0x27fbe68+020: 00 00 00 00 08 00 00 00 f5 01 00 00 f5 01 00 00
  reply@0x27fbe68+030: 14 00 00 00 f5 01 00 00 14 00 00 00 dd 34 00 00
  reply@0x27fbe68+040: b9 86 01 00 81 15 21 00 00 00 00 00 08 00 00 00
  reply@0x27fbe68+050: 00 00 00 00 00 00 00 00 00 00 00 00 00 00 00 00
  reply@0x27fbe68+060: 00 00 00 00 00 00 00 00 00 00 00 00 00 00 00 00
  reply@0x27fbe68+070: 00 00 00 00 00 00 00 00 00 00 00 00 00 00 00 00
  reply@0x27fbe68+080: 00 00 00 00 00 00 00 00 00 00 00 00 00 00 00 00
  reply@0x27fbe68+090: 00 00 00 00 00 00 00 00 00 00 00 00 00 00 00 00
  reply@0x27fbe68+0a0: 00 00 00 00 00 00 00 00 00 00 00 00 00 00 00 00
  reply@0x27fbe68+0b0: 00 00 00 00 00 00 00 00 00 00 00 00 00 00 00 00
  reply@0x27fbe68+0c0: 00 00 00 00 00 00 00 00 00 00 00 00 00 00 00 00
  reply@0x27fbe68+0d0: 00 00 00 00 00 00 00 00 00 00 00 00 00 00 00 00
  reply@0x27fbe68+0e0: 00 00 00 00 00 00 00 00 00 00 00 00 00 00 00 00
  reply@0x27fbe68+0f0: 00 00 00 00 00 00 00 00 00 00 00 00 00 00 00 00
[trap] num=170 (0xaa) pc=0x1804ae5d0 args=[0x34dd,0x10,0x27fbc80,0x408,0x10478,0x1a0300000000,0x211581000186b9,0x0]
[trap] num=202 (0xca) pc=0x1804af460 args=[0x27fc080,0x2,0x27fc048,0x27fc040,0x1844cfba7,0x15,0x72,0x400]
[trap] num=202 (0xca) pc=0x1804af460 args=[0x27fc048,0x2,0x27fc0d8,0x27fc0d0,0x0,0x0,0x72,0x400]
[trap] num=-14 (0xfffffffffffffff2) pc=0x1801155b8 args=[0x203,0x1ec444000,0x24000,0x0,0x3,0x0,0x0,0x0]
[trap] num=-15 (0xfffffffffffffff1) pc=0x1801155c4 args=[0x203,0x27fbd30,0x20000,0x3fff,0x3c000001,0x3,0x0,0x0]
[trap] num=-12 (0xfffffffffffffff4) pc=0x1801155a0 args=[0x203,0x10000c000,0x20000,0x103,0xffffffff13bcc860,0x10,0x63,0x0]
[trap] num=-14 (0xfffffffffffffff2) pc=0x1801155b8 args=[0x203,0x1ec444000,0x24000,0x0,0x1,0x0,0x0,0x0]
[trap] num=-14 (0xfffffffffffffff2) pc=0x1801155b8 args=[0x203,0x1ec444000,0x24000,0x0,0x3,0x0,0x0,0x0]
[trap] num=-14 (0xfffffffffffffff2) pc=0x1801155b8 args=[0x203,0x1ec444000,0x24000,0x0,0x1,0x0,0x0,0x0]
[trap] num=-14 (0xfffffffffffffff2) pc=0x1801155b8 args=[0x203,0x1ec444000,0x24000,0x0,0x3,0x0,0x0,0x0]
[trap] num=-14 (0xfffffffffffffff2) pc=0x1801155b8 args=[0x203,0x1ec444000,0x24000,0x0,0x1,0x0,0x0,0x0]
[trap] num=-14 (0xfffffffffffffff2) pc=0x1801155b8 args=[0x203,0x1ec444000,0x24000,0x0,0x3,0x0,0x0,0x0]
[trap] num=-14 (0xfffffffffffffff2) pc=0x1801155b8 args=[0x203,0x1ec444000,0x24000,0x0,0x1,0x0,0x0,0x0]
[trap] num=-14 (0xfffffffffffffff2) pc=0x1801155b8 args=[0x203,0x1ec444000,0x24000,0x0,0x3,0x0,0x0,0x0]
[trap] num=-14 (0xfffffffffffffff2) pc=0x1801155b8 args=[0x203,0x1ec444000,0x24000,0x0,0x1,0x0,0x0,0x0]
[trap] num=-14 (0xfffffffffffffff2) pc=0x1801155b8 args=[0x203,0x1ec444000,0x24000,0x0,0x3,0x0,0x0,0x0]
[trap] num=-15 (0xfffffffffffffff1) pc=0x1801155c4 args=[0x203,0x27fbdb0,0x20000,0x3fff,0x3c000001,0x3,0x0,0x0]
[trap] num=-12 (0xfffffffffffffff4) pc=0x1801155a0 args=[0x203,0x10000c000,0x20000,0x103,0xffffffff13bcc860,0x10,0x63,0x0]
[trap] num=-14 (0xfffffffffffffff2) pc=0x1801155b8 args=[0x203,0x1ec444000,0x24000,0x0,0x1,0x10,0x63,0x0]
[trap] num=368 (0x170) pc=0x1804af9f0 args=[0x400,0x27fefe8,0x18,0x0,0x10,0x0,0x0,0x3]
[trap] num=367 (0x16f) pc=0x1804afa1c args=[0x0,0x27fefe8,0x18,0x0,0x10,0x0,0x0,0x3]
[trap] num=374 (0x176) pc=0x1804afa48 args=[0xffffffff,0x27ff0d8,0x1,0x0,0x0,0x0,0x0,0x21]
[kevent_qos] thread=0 entry=[01, 00, 00, 00, 00, 00, 00, 00, f6, ff, 21, 00, 00, 00, 00, 02, f8, ff, ff, ff, ff, ff, ff, ff, 00, 00, 00, 00, 00, 00, 00, 00, 00, 00, 00, 00, 00, 00, 00, 00, 00, 00, 00, 00, 00, 00, 00, 00, 00, 00, 00, 00, 00, 00, 00, 00, 00, 00, 00, 00, 00, 00, 00, 00, 00, 00, 00, 00, 00, 00, 00, 00]

thread 'main' (8006916) panicked at crates/retrace-arch/src/lib.rs:983:38:
M33: syscall 374 (374) has no arg_kinds row in crates/retrace-arch/src/lib.rs — it cannot be forwarded unclassified (an untranslated guest fd would act on retrace's own descriptor of that number). Classify each argument from the SDK prototype under the rules in ArgKind's docs and add the row; if a guest in the corpora dispatches it, add the number to tests/census.rs too.
note: run with `RUST_BACKTRACE=1` environment variable to display a backtrace
