[retrace warn] dyld __mac_syscall(Sandbox) synthesized as success/unsandboxed (not forwarded; host would fault)
[vmlog] trap -15 hint 0x100000000 size 0x20000 mask 0x3fff flags 0x3c000001 prot 0x3 -> 0x1003c0000
[vmlog] trap -15 hint 0x100000000 size 0x20000 mask 0x3fff flags 0x3c000001 prot 0x3 -> 0x1003c0000
[retrace warn] dyld __mac_syscall(Sandbox) synthesized as success/unsandboxed (not forwarded; host would fault)
[vmlog] trap -15 hint 0x100000000 size 0x20000 mask 0x3fff flags 0x3c000001 prot 0x3 -> 0x1003c0000
[vmlog] trap -10 hint 0x0 size 0x4000 mask 0x0 flags 0x3c000001 prot 0x3 -> 0xa0038c000
[vmlog] trap -10 hint 0x0 size 0x4000 mask 0x0 flags 0x3c000001 prot 0x3 -> 0xa00390000
[vmlog] trap -10 hint 0x0 size 0x4000 mask 0x0 flags 0x3c000001 prot 0x3 -> 0xa00394000
[vmlog] trap -10 hint 0x0 size 0x4000 mask 0x0 flags 0x3c000001 prot 0x3 -> 0xa00398000
[vmlog] trap -10 hint 0x0 size 0x4000 mask 0x0 flags 0x3c000001 prot 0x3 -> 0xa0039c000
[vmlog] trap -15 hint 0x100000000 size 0x20000 mask 0x3fff flags 0x3c000001 prot 0x3 -> 0x1003c0000
[vmlog] trap -15 hint 0x100000000 size 0x20000 mask 0x3fff flags 0x3c000001 prot 0x3 -> 0x1003e0000
[vmlog] trap -15 hint 0x4000 size 0x8000 mask 0x0 flags 0x49000001 prot 0x3 -> 0x10000
[retrace] forwarding mach_msg2 host_info (msgh_id 200) to host (decided allowlist)
[retrace] forwarding mach_msg2 host_get_clock_service (msgh_id 206) to host (decided allowlist)
[retrace] forwarding mach_msg2 semaphore_create (msgh_id 3418) to host (decided allowlist)
[vmlog] getentropy len 0x10 pinned to seed 8
[vmlog] getentropy len 0x20 pinned to seed 8
[vmlog] 4811 hint 0x0 size 0x460000 mask 0x0 flags 0x1000001 prot 0x0 -> 0xa003a8000
[vmlog] trap -15 hint 0x4000 size 0x408000 mask 0x0 flags 0x1000001 prot 0x3 -> 0x4c000
[vmlog] trap -15 hint 0x50000 size 0x400000 mask 0x0 flags 0x7004000 prot 0x3 -> 0x50000
[vmlog] trap -15 hint 0xa003a8000 size 0x3e000 mask 0x0 flags 0x1000001 prot 0x3 -> 0xa005b0000
[vmlog] trap -10 hint 0x0 size 0x4000 mask 0x0 flags 0x1 prot 0x3 -> 0xa00808000
[vmlog] 4811 hint 0x400000000 size 0x600000000 mask 0x0 flags 0x0 prot 0x0 -> 0x400000000
[vmlog] trap -15 hint 0xa003a8000 size 0x4000 mask 0x0 flags 0x1000001 prot 0x3 -> 0xa005f0000
[vmlog] trap -15 hint 0xa003a8000 size 0x8000 mask 0x0 flags 0x1000001 prot 0x3 -> 0xa005f4000
[vmlog] trap -15 hint 0xa005f4000 size 0x8000 mask 0x0 flags 0xb004000 prot 0x3 -> 0xa005f4000
[vmlog] trap -15 hint 0x701000000 size 0x400000 mask 0x0 flags 0x2004000 prot 0x3 -> 0x701000000
[vmlog] trap -15 hint 0xa003a8000 size 0x80000 mask 0x3fff flags 0x1000001 prot 0x3 -> 0xa005fc000
[vmlog] trap -15 hint 0x700c00000 size 0x400000 mask 0x0 flags 0x2004000 prot 0x3 -> 0x700c00000
[retrace] forwarding mach_msg2 task_info (msgh_id 3405) to host (decided allowlist)
[vmlog] trap -15 hint 0x100000000 size 0x20000 mask 0x3fff flags 0x3c000001 prot 0x3 -> 0x1003c0000
[retrace] forwarding mach_msg2 host_get_special_port (msgh_id 412) to host (decided allowlist)
[retrace] refusing mach_msg2 message-queue send (msgh_id 0x400000cf dest 0x1303 send_size 248): the box hosts no message-queue receivers
[vmlog] trap -15 hint 0x100000000 size 0x20000 mask 0x3fff flags 0x3c000001 prot 0x3 -> 0x1003c0000
[vmlog] trap -10 hint 0x0 size 0x4000 mask 0x0 flags 0x3c000001 prot 0x3 -> 0xa0080c000
[vmlog] trap -15 hint 0x100000000 size 0x20000 mask 0x3fff flags 0x3c000001 prot 0x3 -> 0x1003c0000
[vmlog] trap -10 hint 0x0 size 0x4000 mask 0x0 flags 0x3c000001 prot 0x3 -> 0xa00830000
[vmlog] trap -15 hint 0x100000000 size 0x20000 mask 0x3fff flags 0x3c000001 prot 0x3 -> 0x1003c0000
[vmlog] trap -10 hint 0x0 size 0x4000 mask 0x0 flags 0x3c000001 prot 0x3 -> 0xa00834000
[vmlog] trap -15 hint 0x100000000 size 0x20000 mask 0x3fff flags 0x3c000001 prot 0x3 -> 0x1003c0000
[vmlog] trap -10 hint 0x0 size 0x4000 mask 0x0 flags 0x3c000001 prot 0x3 -> 0xa00838000
[vmlog] trap -15 hint 0x100000000 size 0x20000 mask 0x3fff flags 0x3c000001 prot 0x3 -> 0x1003c0000
[vmlog] trap -15 hint 0xa00000000 size 0x400000 mask 0x3fffff flags 0x2000001 prot 0x3 -> 0xa00840000 MISALIGNED
[vmlog] trap -15 hint 0x700800000 size 0x400000 mask 0x0 flags 0x2004000 prot 0x3 -> 0x700800000
[retrace] fall-throughs: 5
